<meta http-equiv="content-type" content="text/html	-1		
<title>OSM3S Response</title>	-1		
charset=utf-8" lang="en"/>	-1		
<!DOCTYPE html PUBLIC "-//W3C//DTD XHTML 1.0 Strict//EN	-1		
</body>	-1		
</head>	-1		
</html>	-1		
<?xml version="1.0" encoding="UTF-8"?>	-1		
<body>	-1		
<head>	-1		
<html xmlns="http://www.w3.org/1999/xhtml" xml:lang="en" lang="en">	-1		
<p><strong style="color:#FF0000">Error</strong>: runtime error: open64: 0 Success /osm3s_osm_base Dispatcher_Client::request_read_and_idx::timeout. The server is probably too busy to handle your request. </p>	-1		
<p>The data included in this document is from www.openstreetmap.org. The data is made available under ODbL.</p>	-1		
http://www.w3.org/TR/xhtml1/DTD/xhtml1-strict.dtd">	0	400	
http://casadiripososomero.jimdo.com/	0	404	
http://www.ceramichecacciagrano.it/home.html	0	200	
http://www.campinglaplaya.it/	0	302	http://www.campinglaplaya.it/italy
http://www.filippone.it	0	301	http://www.hotelristorantefilippone.com
http://www.gssi.it/	0	302	http://www.gssi.it/
http://www.cantinacrecchio.it/contattaci/	0	200	
http://www.ristoranteriparidigiobbe.it/	0	200	
http://www.siconte.it/it/punti-vendita/si-supermercati/loreto-aprutino-via-della-fornace	0	301	https://www.siconte.it/it/punti-vendita/si-supermercati/loreto-aprutino-via-della-fornace
http://www.siconte.it/it/punti-vendita/si-superstore/pescara-via-bologna	0	301	https://www.siconte.it/it/punti-vendita/si-superstore/pescara-via-bologna
https://aca.pescara.it	0	302	https://aca.pescara.it/index
https://ambiente.comune.pescara.it/?page_id=4258	0	301	https://www.comune.pescara.it:443/approfondimenti/ambiente/
https://avezzano.ubiklibri.it/	0	301	https://www.ubiklibri.it/librerie/ubik-avezzano
https://castrumtruentinum-antiquarium.blogspot.com/	0	200	
https://borghidelgransasso.it/	0	200	
https://autoricambitritella.it	0	103	
https://ilgiuggioloverde.it/contatti/	0	500	
https://cultura.gov.it/luogo/polo-museale-santo-spirito-museo-archeologico	0	200	
https://centrorossetti.it	0	200	
https://leonellomacchine.it/	0	200	
https://linktr.ee/fishbonesfishsushi	0	200	
https://hotelilcasale.it/	0	200	
https://maielletta.it/	0	200	
https://www.abruzzihotel.it/	6		
https://www.ball.com/na/about-ball/contact-us	0	403	
https://www.basilikum.it/menu	0	404	
https://ristoranterever.it	0	200	
https://www.bnbcasapetrarca.com	0	200	
https://www.agriturismocolmorino.it	0	200	
https://www.blockhausclimbing.it	0	200	
https://www.campingarcobalenoroseto.it/	0	200	
https://www.campagnamica.it/la-nostra-rete/mercato/mercato-di-campagna-amica-di-pescara/	0	404	
https://www.campinglequite.eu/	0	200	
https://www.campingsurabaja.it/	0	301	https://campingsurabaja.it/
https://www.campingvillaelena.it/	0	200	
https://nauticagabbiano.it/contatti/	0	200	
https://www.casalecenturioneabruzzo.it/	0	200	
https://www.cascatedelverde.info/	0	200	
https://www.campingcarouan.it/	0	200	
https://www.clubdelsole.com/it/destinazioni/abruzzo-costa-teramana/roseto-degli-abruzzi-easy-camping-village	0	200	
https://www.comune.pietranico.pe.it/zf/index.php/trasparenza/index/index/categoria/81	0	301	https://www.halleyweb.com/c068032/hh/index.php
https://www.decathlon.it/	0	103	
https://www.comune.scontrone.aq.it/i-borghi/musei/centro-di-documentazione-paleontologico/	0	200	
https://www.facebook.com/pizzerialozio/	0	200	
https://www.comune.lanciano.ch.it/	0	200	
https://www.comune.lanciano.ch.it/Vivere-il-comune/Luoghi/Lanciano-sotterranea	0	200	
https://www.hotelitalia.org	0	200	
https://www.gildacamping.it/	0	200	
https://www.hotelrojan.it/	0	200	
https://www.ilbosso.com/centro-visita-del-lupo/	0	200	
https://www.hotellenazioni.com	0	200	
https://www.gelaterieduomo.com/	0	200	
https://www.lafarmacia.it/trova-farmacia/del-principe-martinsicuro	0	200	
https://www.kzrkart.it/	0	200	
https://www.pasquarelliautosrl.it	6		
https://www.pedrinitappezzeria.it	6		
https://www.museoetnograficobomba.it/	0	200	
https://www.parcomajella.it/uomo-e-territorio/eremi-e-luoghi-di-culto-rupestri/s-onofrio-al-morrone/	0	403	
https://www.molinolattanzio.it/	0	200	
https://www.poseidonresort.it/	0	200	
https://www.polomusealeteramo.it/sedi/sito-archeologico-di-largo-sant-anna/14-10.html	0	405	
https://www.prenotauncampo.it/centri-sportivi/pescara/pescara/padelmaniapescara/	0	200	
https://www.ristoranteresilienza.it	0	200	
https://www.robertogrillo.it	0	200	
https://www.rifugiosilone.it/	0	200	
https://www.sbnoleggiobici.it/	0	200	
https://www.storkcampingvillage.com/	0	301	https://www.clubdelsole.com/it/destinazioni/abruzzo-costa-teramana/stork-family-camping-village
https://www.telespazio.com/it/business/space-centres-teleports/fucino-space-centre	0	200	
www.caipenne.it	-1		
https://www.rondinellacamping.it/	0	200	
https://www.ristoranteclemente.it	28		
https://www.ristoranteilpicchio.it	28		
