http://bivaccolucareboulaz.weebly.com/	0	200	
http://atelierbalan.com/	0	200	
http://ciclilucchini.com/	0	301	https://www.ciclilucchini.it
http://dondeynazgamba.com/home.html	6		
http://geodesie.ign.fr/fiches/index.php?module=e&action=fichepdf&source=carte&sit_no=73054C	0	301	https://geodesie.ign.fr/fiches/index.php?module=e&action=fichepdf&source=carte&sit_no=73054C
http://geodesie.ign.fr/fiches/index.php?module=e&action=fichepdf&source=carte&sit_no=7323202	0	301	https://geodesie.ign.fr/fiches/index.php?module=e&action=fichepdf&source=carte&sit_no=7323202
http://aosta.caivda.it	0	200	
http://geodesie.ign.fr/fiches/index.php?module=e&action=fichepdf&source=carte&sit_no=7323206	0	301	https://geodesie.ign.fr/fiches/index.php?module=e&action=fichepdf&source=carte&sit_no=7323206
http://geodesie.ign.fr/fiches/index.php?module=e&action=fichepdf&source=carte&sit_no=7323209	0	301	https://geodesie.ign.fr/fiches/index.php?module=e&action=fichepdf&source=carte&sit_no=7323209
http://geodesie.ign.fr/fiches/index.php?module=e&action=fichepdf&source=carte&sit_no=7323212	0	301	https://geodesie.ign.fr/fiches/index.php?module=e&action=fichepdf&source=carte&sit_no=7323212
http://geodesie.ign.fr/fiches/index.php?module=e&action=fichepdf&source=carte&sit_no=73232B	0	301	https://geodesie.ign.fr/fiches/index.php?module=e&action=fichepdf&source=carte&sit_no=73232B
http://geodesie.ign.fr/fiches/index.php?module=e&action=fichepdf&source=carte&sit_no=73232C	0	301	https://geodesie.ign.fr/fiches/index.php?module=e&action=fichepdf&source=carte&sit_no=73232C
http://geodesie.ign.fr/fiches/index.php?module=e&action=fichepdf&source=carte&sit_no=73285AB	0	301	https://geodesie.ign.fr/fiches/index.php?module=e&action=fichepdf&source=carte&sit_no=73285AB
http://geodesie.ign.fr/fiches/index.php?module=e&action=fichepdf&source=carte&sit_no=73285AA	0	301	https://geodesie.ign.fr/fiches/index.php?module=e&action=fichepdf&source=carte&sit_no=73285AA
http://geodesie.ign.fr/fiches/index.php?module=e&action=fichepdf&source=carte&sit_no=73285AC	0	301	https://geodesie.ign.fr/fiches/index.php?module=e&action=fichepdf&source=carte&sit_no=73285AC
http://geodesie.ign.fr/fiches/index.php?module=e&action=fichepdf&source=carte&sit_no=73285AD	0	301	https://geodesie.ign.fr/fiches/index.php?module=e&action=fichepdf&source=carte&sit_no=73285AD
http://geodesie.ign.fr/fiches/index.php?module=e&action=fichepdf&source=carte&sit_no=73285AE	0	301	https://geodesie.ign.fr/fiches/index.php?module=e&action=fichepdf&source=carte&sit_no=73285AE
http://campingmonterosa.altervista.org	0	403	
http://geodesie.ign.fr/fiches/index.php?module=e&action=fichepdf&source=carte&sit_no=73285AF	0	301	https://geodesie.ign.fr/fiches/index.php?module=e&action=fichepdf&source=carte&sit_no=73285AF
http://geodesie.ign.fr/fiches/index.php?module=e&action=fichepdf&source=carte&sit_no=73285AG	0	301	https://geodesie.ign.fr/fiches/index.php?module=e&action=fichepdf&source=carte&sit_no=73285AG
http://geodesie.ign.fr/fiches/index.php?module=e&action=fichepdf&source=carte&sit_no=73285F	0	301	https://geodesie.ign.fr/fiches/index.php?module=e&action=fichepdf&source=carte&sit_no=73285F
http://geodesie.ign.fr/fiches/index.php?module=e&action=fichepdf&source=carte&sit_no=73285G	0	301	https://geodesie.ign.fr/fiches/index.php?module=e&action=fichepdf&source=carte&sit_no=73285G
http://geodesie.ign.fr/fiches/index.php?module=e&action=fichepdf&source=carte&sit_no=73285I	0	301	https://geodesie.ign.fr/fiches/index.php?module=e&action=fichepdf&source=carte&sit_no=73285I
http://geodesie.ign.fr/fiches/index.php?module=e&action=fichepdf&source=carte&sit_no=73285H	0	301	https://geodesie.ign.fr/fiches/index.php?module=e&action=fichepdf&source=carte&sit_no=73285H
http://geodesie.ign.fr/fiches/index.php?module=e&action=fichepdf&source=carte&sit_no=73285J	0	301	https://geodesie.ign.fr/fiches/index.php?module=e&action=fichepdf&source=carte&sit_no=73285J
http://geodesie.ign.fr/fiches/index.php?module=e&action=fichepdf&source=carte&sit_no=73285N	0	301	https://geodesie.ign.fr/fiches/index.php?module=e&action=fichepdf&source=carte&sit_no=73285N
http://geodesie.ign.fr/fiches/index.php?module=e&action=fichepdf&source=carte&sit_no=73285M	0	301	https://geodesie.ign.fr/fiches/index.php?module=e&action=fichepdf&source=carte&sit_no=73285M
http://geodesie.ign.fr/fiches/index.php?module=e&action=fichepdf&source=carte&sit_no=73285P	0	301	https://geodesie.ign.fr/fiches/index.php?module=e&action=fichepdf&source=carte&sit_no=73285P
http://geodesie.ign.fr/fiches/index.php?module=e&action=fichepdf&source=carte&sit_no=73285O	0	301	https://geodesie.ign.fr/fiches/index.php?module=e&action=fichepdf&source=carte&sit_no=73285O
http://geodesie.ign.fr/fiches/index.php?module=e&action=fichepdf&source=carte&sit_no=73285L	0	301	https://geodesie.ign.fr/fiches/index.php?module=e&action=fichepdf&source=carte&sit_no=73285L
http://geodesie.ign.fr/fiches/index.php?module=e&action=fichepdf&source=carte&sit_no=73285R	0	301	https://geodesie.ign.fr/fiches/index.php?module=e&action=fichepdf&source=carte&sit_no=73285R
http://geodesie.ign.fr/fiches/index.php?module=e&action=fichepdf&source=carte&sit_no=73285S	0	301	https://geodesie.ign.fr/fiches/index.php?module=e&action=fichepdf&source=carte&sit_no=73285S
http://geodesie.ign.fr/fiches/index.php?module=e&action=fichepdf&source=carte&sit_no=73285V	0	301	https://geodesie.ign.fr/fiches/index.php?module=e&action=fichepdf&source=carte&sit_no=73285V
http://geodesie.ign.fr/fiches/index.php?module=e&action=fichepdf&source=carte&sit_no=73285U	0	301	https://geodesie.ign.fr/fiches/index.php?module=e&action=fichepdf&source=carte&sit_no=73285U
http://geodesie.ign.fr/fiches/index.php?module=e&action=fichepdf&source=carte&sit_no=73285T	0	301	https://geodesie.ign.fr/fiches/index.php?module=e&action=fichepdf&source=carte&sit_no=73285T
http://geodesie.ign.fr/fiches/index.php?module=e&action=fichepdf&source=carte&sit_no=73285W	0	301	https://geodesie.ign.fr/fiches/index.php?module=e&action=fichepdf&source=carte&sit_no=73285W
http://geodesie.ign.fr/fiches/index.php?module=e&action=fichepdf&source=carte&sit_no=73285Y	0	301	https://geodesie.ign.fr/fiches/index.php?module=e&action=fichepdf&source=carte&sit_no=73285Y
http://geodesie.ign.fr/fiches/index.php?module=e&action=fichepdf&source=carte&sit_no=73285X	0	301	https://geodesie.ign.fr/fiches/index.php?module=e&action=fichepdf&source=carte&sit_no=73285X
http://geodesie.ign.fr/fiches/index.php?module=e&action=fichepdf&source=carte&sit_no=73285Z	0	301	https://geodesie.ign.fr/fiches/index.php?module=e&action=fichepdf&source=carte&sit_no=73285Z
http://geodesie.ign.fr/fiches/index.php?module=e&action=fichepdf&source=carte&sit_no=7329608	0	301	https://geodesie.ign.fr/fiches/index.php?module=e&action=fichepdf&source=carte&sit_no=7329608
http://guidechampoluc.com/il-rifugio/	52		
http://hotelsaintnicolas.it/	0	301	https://hotelsaintnicolas.it/
http://maisonlasaxe.it	0	301	http://www.maisonlasaxe.it/
http://maisondunoyer.com/	0	301	http://www.maisondunoyer.com/
http://officine.puntopro.it/officina-laurent	0	301	https://officine.puntopro.it/officina-laurent
http://Www.helimontblanc.it	0	301	https://www.helimontblanc.it/
http://old.via-alpina.org/en/stage/298	0	200	
http://old.via-alpina.org/en/stage/297	0	200	
http://sostatschaval.altervista.org	0	302	/joomla/
http://thewishingwellaosta.com/	0	404	
http://rafting.it/	0	301	/it/
http://old.via-alpina.org/en/stage/299	0	200	
http://www.albergocarla.it/	0	200	
http://www.alpenzu.com/	0	301	https://www.alpenzu.com/
http://www.alptrekking.ch	0	301	https://www.valrando.ch/fr/ewalc?id=2451&key=315e22e62801a402462ea04092f5ade7
http://www.alpifortificate.com/fortificazioni.html	0	200	
http://www.ambientegrumei.it	0	301	https://www.ambientegrumei.it/
http://www.aquolinae.com/site/	0	404	
http://www.antichisaporihone.it/	6		
http://www.bachamp1826.com/	6		
http://www.autoservices-val-veny.com	0	301	https://www.autoservices-val-veny.com/
http://www.bb-montmars.com	0	200	
http://www.birrificio63.it	0	301	https://www.birrificio63.it/
http://www.bistrotramet.it/	6		
http://www.bnboutdoor.com/	6		
http://golfaostabrissogne.com/contatti-golf-club-aosta-brissogne/	0	200	
http://www.alsolitopostocervinia.it/	0	200	
http://www.bivaccomorion.com	0	200	
http://www.caitorino.it/	0	301	https://www.caitorino.it/
http://www.campeggiolapineta.it/	0	403	
http://www.casacountryarnad.it/	6		
http://www.campingarvier.com/	0	301	https://www.campingarvier.com/
http://www.caichatillon.it	0	302	./sito/homepage.asp
http://www.chaletremondet.com	0	403	
http://www.chambresdamis.eu	0	301	https://www.chambresdamis.eu/
http://www.caiivrea.it/	0	200	
http://www.cogne.com/	0	301	https://www.cogne.com/
http://www.comune-challandsaintanselme.it	0	302	http://www.comune-challandsaintanselme.it/it-it/home
http://www.comune.brusson.ao.it/	0	302	http://www.comune.brusson.ao.it/it-it/home
http://www.courmayeur-hotelmiravalle.it/	0	301	https://www.courmayeur-hotelmiravalle.it/
http://www.cva-ao.it	0	503	
http://www.coopindaco.it/	0	200	
http://www.dortoirlavyiyeehcoula.it/	6		
http://www.fioriepiantepaolaebruna.it	6		
http://www.fortedimachaby.it/	0	200	
http://www.fortedimachaby.it/index.php	0	200	
http://www.chamousira.net/home.html	28		
http://www.cittadelladeigiovani.ao.it/cdg/	28		
http://www.granbalconatacervino.it/	6		
http://www.groscidac.com/	0	301	https://www.groscidac.eu/
http://www.grandcombin.com	0	200	
http://www.hotel-chardoney.com/	52		
http://www.hibouprojet.it	0	200	
http://www.giasson.it/	0	200	
http://www.hotelarmanac.it/	0	301	https://www.larmanac.it/
http://www.etoiledeneige.com/	28		
http://www.hotelcentralecourmayeur.com/en/	0	200	
http://www.hoteldufoyer.it	6		
http://www.hoteldufoyer.it/	6		
http://www.hotelgenzianella.it/	0	301	https://www.hotelgenzianella.it/
http://www.hotelnotremaison.com	0	301	https://www.hotelnotremaison.it
http://www.hotel-gressoney.it/	28		
http://www.ilborgoantico.eu/	0	301	https://www.ilborgoantico.eu/
http://www.hotelpetitfoyer.it	0	301	https://www.hotelpetitfoyer.it/
http://www.ilcaselloverres.com/	0	301	https://thebest100hotels.com/il-casello-verre/?redireccion=1&ts=1764649577
http://www.labaraka.it/	6		
http://www.labreny.it/	6		
http://www.lagrottalathuile.com/	0	301	https://www.lagrottalathuile.com/
http://www.hotelleriedemascognaz.com/	0	301	https://www.hotelleriedemascognaz.com/
http://www.lafermedugrandparadis.com	0	301	http://www.lafermedugrandparadis.it
http://www.hotelcroux.it/	28		
http://www.lavineria-aosta.it/	0	200	
http://www.lareina.it/	0	301	http://www.lareina.it/index.php?lang=it
http://www.lecoindesmelezes.it	52		
http://www.lerascard.com/	6		
http://www.lepetitabri.com	0	301	https://www.lepetitabri.com/
http://www.lerevecharmant.com/	0	301	https://www.lerevecharmant.com/
http://www.lesfleursgignod.it/	6		
http://www.letoileduberger.it/	6		
http://www.lesrefuges.it/it/rifugi/fond.html	52		
http://www.lecadransolaire.it	0	200	
http://www.locanda-lacplacemoulin.it/	0	403	
http://www.lovevda.it/it/banca-dati/22/bed-breakfast/antey-saint-andre/outdoor/9004315	0	301	https://www.lovevda.it:443/it/banca-dati/22/bed-breakfast/antey-saint-andre/outdoor/9004315
http://www.lovevda.it/it/banca-dati/22/agriturismo/valsavarenche/lo-mayen/9000701	0	301	https://www.lovevda.it:443/it/banca-dati/22/agriturismo/valsavarenche/lo-mayen/9000701
http://www.maisongaudenzio.com/	0	301	https://www.maisongaudenzio.com/
http://www.mamajapaneserestaurant.com/	6		
http://www.lovevda.it/it/banca-dati/22/bed-breakfast/gignod/clemaison/9005221	0	301	https://www.lovevda.it:443/it/banca-dati/22/bed-breakfast/gignod/clemaison/9005221
http://www.marianivis.com/	6		
http://www.mandoue.it/	0	200	
http://www.miravidi.com	0	404	
http://www.marmoval.it/default.asp	0	301	https://www.marmoval.it/default.asp
http://www.montagneinvalledaosta.com/SITO/pagina_559_rif_biv_bivacco_pelissier/pagina_559.html	0	301	https://www.montagneinvalledaosta.com/SITO/pagina_559_rif_biv_bivacco_pelissier/pagina_559.html
http://www.msmountain.it/aroundw/rifugi/bivacco_gastaldi.html	6		
http://www.ostellolacrestadellupo.it/	6		
http://www.montmars.it/	0	301	https://www.montmars.it/
http://www.osterianando.com/	0	301	http://sites.google.com/view/osteriadanando/home
http://www.parcofaunisticomontavic.it/	6		
http://www.lamaisondugout.it	28		
http://www.partitodemocraticodellavalledaosta.it/	0	307	https://www.pdvda.it/
http://www.pizzeriaetoile.com/	0	301	https://www.pizzeriaetoile.com/
http://www.maisonlazier.it/	6		
http://www.paysageamanger.it/	0	301	https://www.paysageamanger.it/
http://www.refugevieuxcrest.com/	52		
http://www.refuges.info/point/2339/refuge-garde/Alpes-Pennines-Haut-Valais/	0	200	
http://www.residencecervino2.com	0	200	
http://www.pinetdelio.it/	0	301	https://pinetdelio.it/
http://www.rifugimonterosa.it/de/web/gnifetti-h%C3%BCtte-95	0	200	
http://www.residencedelapierre.it/	0	200	
http://www.rifugio-prarayer.it/	0	403	
http://www.rifugiobelvedere.net/	0	301	https://www.rifugiobelvedere.net/
http://www.rifugioaosta.it/	0	301	https://www.rifugioaosta.it/
http://www.rifugiobonatti.it/	0	301	https://www.rifugiobonatti.it/
http://www.rifugiobertone.it/wp/it/home/	0	301	http://www.rifugiobertone.it/wp/fr/home/
http://www.rifugiodalmazzi.com/	0	302	http://ww25.rifugiodalmazzi.com/?subid1=20251202-1526-38fb-aff3-be80e0f41b50
http://www.rifugiocuney.it/	0	403	
http://www.rifugiodellemarmotte.it	0	301	https://www.rifugiodellemarmotte.it/
http://www.rifugioelena.it	0	301	https://www.rifugioelena.it:443/
http://www.rifugioermitage.com/	0	200	
http://www.rifugiofrassati.it/de/	0	200	
http://www.rifugiodeffeyes.it/	0	200	
http://www.rifugiogonella.com/	0	301	https://www.rifugiogonella.com/
http://www.rifugiomontebianco.com/	52		
http://www.rifugiomontfallere.it/	0	301	https://www.rifugiomontfallere.it/
http://www.rifugiomagia.it	0	200	
http://www.rifugiosavoia.com/	0	301	https://www.rifugiosavoia.com/
http://www.ponteromano.it/	28		
http://www.rifugioteodulo.it	0	302	https://www.caitorino.it/rifugi/teodulo/
http://www.rifugiosella.com/	0	200	
http://www.ristorantelafordze.com/	6		
http://www.rifugiomonzino.com/	0	200	
http://www.ristoranteosteriadelloca.com/	0	200	
http://www.rifugioalpenzu.it/	28		
http://www.rus-arlaz-herbal.it/	6		
http://www.ristorantelaterrazza.com/courmayeur/sito-it-8.html	0	301	http://ristorantelaterrazza.com/courmayeur/sito-it-8.html
http://www.ristorantecaesar.it/	0	200	
http://www.samsuffy.it/	0	301	https://www.samsuffy.it/
http://www.sucai.it/bivaccogervasutti/index.html	0	200	
http://www.topopazzoclimbinghouse.com/	6		
http://www.studioantey.com	0	301	https://www.studioantey.com/
http://www.termedisaintvincent.it/	7		
http://www.tourdescombins.ch/fr/l-itineraire/cabane-chanrion-cabane-letey-a-champillon/	0	404	
http://www.tourdescombins.ch/fr/l-itineraire/cabane-letey-a-champillon-saint-rhemy/	0	404	
http://www.tourdescombins.ch/fr/l-itineraire/saint-rhemy-col-du-grand-st-bernard/	0	404	
http://www.trattoriaomens.com	0	301	https://hydraulicservice.net/
http://www.tourdusaintbernard.com	0	301	https://www.tourdusaintbernard.com/
http://www.trailvsb.com	0	301	https://verbier.utmb.world
http://www.vallee-sport.com/	0	301	https://www.vallee-sport.com/
http://www.tuodi.it/	0	302	https://www.doreca.it
http://www.tronchey.com/	0	301	https://www.tronchey.com/
http://www.villagiuditta.eu	0	200	
http://www.valverdehotel.it/	0	301	https://www.hotelresidencevalverde.it/
https://aldentetrattoriaaosta.com/	0	302	http://survey-smiles.com
https://alimentari-da-cindy-a-donnas-vda.business.site/?utm_source=gmb&utm_medium=referral	0	404	
https://albergo-edelweiss.it/wordpress/	0	200	
https://alpaninoaosta.com/	0	200	
https://aostabikecenter.com/	0	200	
https://aosta.arriva.it/	0	200	
https://areacampercervinia.com/	0	200	
http://www.saint-vout.com/it/saint-vout-cafe-oenotheque-fromagerie-produits-du-terroir/	28		
https://biblio.regione.vda.it/biblioteche-sbv/Ch-tillon/	0	403	
https://berthodsport.it	0	301	https://www.berthodsport.it/wordpress/
https://biblio.regione.vda.it/biblioteche-sbv/Donnas/	0	403	
https://bivacco-valpelline.nl/en/index.php	0	404	
https://biblio.regione.vda.it/biblioteche-sbv/courmayeur/	0	403	
https://breakhouse.it/	0	200	
https://cafequinson.it/	0	301	https://www.cafequinson.it/
https://cabaneducombal.com/	0	200	
https://cabernetvoltaire.wine/	0	200	
https://campeggio-soleil-et-neige.webnode.it/	0	200	
https://campingarcenciel.it	0	302	https://campingarcenciel.it/it/home/
https://campzero.com	60		
https://carburanti.esso.it/it-it/find-station/esso-chatillon-essochatillon-100106437	0	400	
http://www.webdiocesi.chiesacattolica.it/pls/cci_dioc_new/v3_s2ew_consultazione.mostra_pagina?id_pagina=1173	28		
https://carpediemverres.it/	0	200	
https://cf.regione.vda.it/lista_stazioni.php	0	404	
https://cattedraleaosta.it/it/	0	404	
https://chateaufeuillet.it/	0	200	
https://climbingaway.fr/fr/site-escalade/tetto-di-sarre	0	200	
https://coripet.it/	60		
https://cofruits.it	0	200	
https://coppapanledahu.it/	0	200	
https://eniplenitude.com/mobilita-elettrica	0	200	
https://ebike.bikesquare.eu/ita/valle-aosta	0	200	
https://essepiu-soluzioni.com	60		
https://dufercoenergia.com/	0	200	
https://farmacia-di-arvier-della-dottssa-luisa-alimentato.business.site/	0	404	
https://excelsiorplanet.com/it/home	0	200	
https://caffedellaposta.it/	28		
https://fiches-geodesie.ign.fr/fiches/index.php?module=e&action=fichepdf&source=carte&sit_no=73285AA	0	302	https://fiches-geodesie.ign.fr/fiches/pdf/73285AA.pdf
https://fiches-geodesie.ign.fr/fiches/index.php?module=e&action=fichepdf&source=carte&sit_no=73285AC	0	302	https://fiches-geodesie.ign.fr/fiches/pdf/73285AC.pdf
https://fiches-geodesie.ign.fr/fiches/index.php?module=e&action=fichepdf&source=carte&sit_no=73176A	0	502	
https://fiches-geodesie.ign.fr/fiches/index.php?module=e&action=fichepdf&source=carte&sit_no=73285AB	0	302	https://fiches-geodesie.ign.fr/fiches/pdf/73285AB.pdf
https://fiches-geodesie.ign.fr/fiches/index.php?module=e&action=fichepdf&source=carte&sit_no=73285AD	0	302	https://fiches-geodesie.ign.fr/fiches/pdf/73285AD.pdf
https://fiches-geodesie.ign.fr/fiches/index.php?module=e&action=fichepdf&source=carte&sit_no=73285AE	0	302	https://fiches-geodesie.ign.fr/fiches/pdf/73285AE.pdf
https://fiches-geodesie.ign.fr/fiches/index.php?module=e&action=fichepdf&source=carte&sit_no=73285AG	0	302	https://fiches-geodesie.ign.fr/fiches/pdf/73285AG.pdf
https://eriktognan.it	0	200	
https://fiches-geodesie.ign.fr/fiches/index.php?module=e&action=fichepdf&source=carte&sit_no=73285F	0	302	https://fiches-geodesie.ign.fr/fiches/pdf/73285F.pdf
https://fiches-geodesie.ign.fr/fiches/index.php?module=e&action=fichepdf&source=carte&sit_no=73285G	0	302	https://fiches-geodesie.ign.fr/fiches/pdf/73285G.pdf
https://fiches-geodesie.ign.fr/fiches/index.php?module=e&action=fichepdf&source=carte&sit_no=73285H	0	302	https://fiches-geodesie.ign.fr/fiches/pdf/73285H.pdf
https://fiches-geodesie.ign.fr/fiches/index.php?module=e&action=fichepdf&source=carte&sit_no=73285I	0	302	https://fiches-geodesie.ign.fr/fiches/pdf/73285I.pdf
https://fiches-geodesie.ign.fr/fiches/index.php?module=e&action=fichepdf&source=carte&sit_no=73285J	0	302	https://fiches-geodesie.ign.fr/fiches/pdf/73285J.pdf
https://fiches-geodesie.ign.fr/fiches/index.php?module=e&action=fichepdf&source=carte&sit_no=73285L	0	302	https://fiches-geodesie.ign.fr/fiches/pdf/73285L.pdf
https://fiches-geodesie.ign.fr/fiches/index.php?module=e&action=fichepdf&source=carte&sit_no=73285M	0	302	https://fiches-geodesie.ign.fr/fiches/pdf/73285M.pdf
https://fiches-geodesie.ign.fr/fiches/index.php?module=e&action=fichepdf&source=carte&sit_no=73285O	0	502	
https://fiches-geodesie.ign.fr/fiches/index.php?module=e&action=fichepdf&source=carte&sit_no=73285N	0	302	https://fiches-geodesie.ign.fr/fiches/pdf/73285N.pdf
https://fiches-geodesie.ign.fr/fiches/index.php?module=e&action=fichepdf&source=carte&sit_no=73285P	0	302	https://fiches-geodesie.ign.fr/fiches/pdf/73285P.pdf
https://fiches-geodesie.ign.fr/fiches/index.php?module=e&action=fichepdf&source=carte&sit_no=73285R	0	302	https://fiches-geodesie.ign.fr/fiches/pdf/73285R.pdf
https://fiches-geodesie.ign.fr/fiches/index.php?module=e&action=fichepdf&source=carte&sit_no=73285S	0	502	
https://fiches-geodesie.ign.fr/fiches/index.php?module=e&action=fichepdf&source=carte&sit_no=73285T	0	302	https://fiches-geodesie.ign.fr/fiches/pdf/73285T.pdf
https://fiches-geodesie.ign.fr/fiches/index.php?module=e&action=fichepdf&source=carte&sit_no=73285U	0	302	https://fiches-geodesie.ign.fr/fiches/pdf/73285U.pdf
https://fiches-geodesie.ign.fr/fiches/index.php?module=e&action=fichepdf&source=carte&sit_no=73285V	0	302	https://fiches-geodesie.ign.fr/fiches/pdf/73285V.pdf
https://fiches-geodesie.ign.fr/fiches/index.php?module=e&action=fichepdf&source=carte&sit_no=73285W	0	302	https://fiches-geodesie.ign.fr/fiches/pdf/73285W.pdf
https://fiches-geodesie.ign.fr/fiches/index.php?module=e&action=fichepdf&source=carte&sit_no=73285Y	0	502	
https://fiches-geodesie.ign.fr/fiches/index.php?module=e&action=fichepdf&source=carte&sit_no=73285X	0	302	https://fiches-geodesie.ign.fr/fiches/pdf/73285X.pdf
https://fiches-geodesie.ign.fr/fiches/index.php?module=e&action=fichepdf&source=carte&sit_no=73285Z	0	302	https://fiches-geodesie.ign.fr/fiches/pdf/73285Z.pdf
https://heroebike.com/	6		
https://histoiredebornes.ch	0	200	
https://gekoo.plateform.app/menu/	0	307	https://gekoo.plateform.app/menu
https://hautesavoie.fr/	0	200	
https://gerolina.it	0	103	
https://hotelastoriacourmayeur.com/	0	200	
https://hotelcristallocourmayeur.com/	0	200	
https://hoteldelviale.com/	0	200	
https://hotelfurggen.com/	0	200	
https://hotelhermitage.com/en/	0	200	
https://hotelbucaneve.it/	0	200	
https://hoteljumeaux.it/	0	200	
https://ionity.eu/	0	301	https://www.ionity.eu/
https://ih-hotels.com/it/i-nostri-aberghi/ih-hotels-courmayeur-mont-blanc-resort.html	0	404	
https://ianua.it/	0	200	
https://it.m.wikipedia.org/wiki/Villaggio_dei_Salassi_della_Cime_noire	0	301	https://it.wikipedia.org/wiki/Villaggio_dei_Salassi_della_Cime_noire
https://jouretnuit.it/	0	403	
https://langolinodibonny.it/	0	200	
https://laquercia58.com/	0	200	
https://latteriadelmonterosa.com/shop.php	6		
https://ivies.cogeis.it/	0	200	
https://lastazionedellacqua.it/	0	200	
https://locanda-cervino.business.site/	0	404	
https://lefoyerdegrandmere.com/	0	200	
https://locandalabrenva.it/	0	200	
https://levieuxpommier.it/courmayeur/sito-it-8.html	0	301	https://www.levieuxpommier.com/courmayeur/sito-it-8.html
https://lofleye.it/	0	301	https://www.lofleye.it/
https://maisonguyonvda.com/	0	200	
https://loumayendelene.wixsite.com/dortoir	0	200	
https://lonampio.com/	0	302	https://lonampio.com/blog
https://matteo-giglio.blogspot.com/2012/05/pilier-rhodo-nuovo-spot-trad-in-valle.html	0	200	
https://negozi.vodafone.it/aosta/vodafone-store-porta-pretoria	0	200	
https://mlabvda.it	0	200	
https://pizzalabarma.business.site/	0	404	
https://museoscienze.vda.it/	0	200	
https://ostellodiarpy.com/	0	200	
https://presidi2.regione.vda.it/str_dataview_station/1040	0	200	
https://presidi2.regione.vda.it/str_dataview_station/1080	0	200	
https://pizzeria-avalon.it/	0	200	
https://presidi2.regione.vda.it/str_dataview_station/3600	0	200	
https://imanzetti.scuole.vda.it/	28		
https://rifugioarp.com/	0	200	
https://rifugioalpebonze.com/	0	200	
https://ristorantelagrange.beepworld.it/	0	301	https://beepworld.it/
https://ristorantevecchioristoro.it/	0	301	https://www.vecchioristoro.com/
https://ristoranteilgirasoleaosta.it/	0	200	
https://ristorantemorgenrot.it/	0	301	https://www.ristorantemorgenrot.it/
https://sciclubvaldignemb.altervista.org	6		
https://royaldrivingexperience.com	0	200	
https://sketchfab.com/models/2c86a2c99925485f9416bb4cb2512495/embed?autospin=0.2&autostart=1	0	200	
https://salesianirebaudengo.it/casa-per-ferie/	0	301	https://salesianirebaudengo.it/informazioni/casa-per-ferie-cesare-frassy/
https://sketchfab.com/models/305748fdaf834a3ea36c6e1a72378e96/embed?autospin=0.2&autostart=1	0	200	
https://sketchfab.com/models/79c2547fa3964d72802c2815624fc5db/embed?autospin=0.2&autostart=1	0	200	
https://sketchfab.com/models/942a965bc4a94f0281f4db1e5e423ebd/embed?autospin=0.2&autostart=1	0	200	
https://sketchfab.com/models/7c59d140eed94ac6b55b527c8c7a431e/embed?autospin=0.2&autostart=1	0	200	
https://sketchfab.com/models/c839ced2aeca4767b36b1d6d4b208473/embed?autospin=0.2&autostart=1	0	200	
https://shatushmontblanc.com	0	200	
https://tanadellavolpe.nl/	0	200	
https://trattorialalanterna.com/	6		
https://totemadventure.com/	0	200	
https://tourdumontfallere.it/	0	200	
https://villanovecento.it/	0	200	
https://stefenellidesk.com/	0	200	
https://www.abitarelestremo.it/la-casermetta-eng/	0	200	
https://www.adforum-enoteca.com/	0	200	
https://www.airbnb.it/rooms/5611772?s=xfKY	0	200	
https://www.adm.gov.it/portale/-/ufficio-delle-dogane-di-aosta	0	200	
https://www.airbnb.it/rooms/51124758	0	200	
https://www.albergoalpenrose.it/	0	200	
https://www.alcaminettosemon.it/	0	200	
https://valledaostaheritage.com/chateau-sarriod-de-la-tour/	0	200	
https://www.alpegorza.it/	92		
https://www.alperebelle.com	0	200	
https://www.alchimiemediali.it/	0	301	https://alchimiemediali.it/
https://www.alpissima.it/gran-baita-courmayeur/	92		
https://www.albergodelponte.com	0	200	
https://www.anciensremedesjovencan.it/	0	403	
https://www.aostafarmacie.it/farmacia-via-c-alberto-dalla-chiesa/	60		
https://www.alpinerooms.com/	0	200	
https://www.aostavalleybiking.com/ciclovia-cervino/	0	200	
https://www.aostavalleybiking.com/ciclovia-becca-daver/	0	200	
https://www.apicolturaglarey.it/	0	200	
https://www.archistico.com/	0	200	
https://www.associazioneartistivaldostani.it/	0	200	
https://www.arrampicatainvalledaosta.it/4_alessio-garofalo-e-laurent-bosonetto-con-la-falesia-di-ivery/	0	404	
https://www.arrampicatainvalledaosta.it/2021/09/28/corno-di-machaby/	0	200	
https://www.astoriacervinia.com/	92		
https://www.aubergemaison.it	92		
https://www.ausl.vda.it	0	200	
https://www.armand.it	0	200	
https://www.auvergnerhonealpes.fr/	0	200	
https://www.bec.energy/	0	301	https://eniplenitude.com/mobilita-elettrica
https://www.baitacourmayeur.it	0	301	https://www.airbnb.com/rooms/43886747
https://www.biancospinointrod.com/	6		
https://www.auxpiedsduroi.com/	0	200	
https://www.biobottega.com/	0	200	
https://www.bblaluna.it/	0	200	
https://www.bivaccoedoardocamardella.it	0	200	
https://www.biscottisenzaglutine-aosta.it	0	200	
https://www.bertolin.com/	0	200	
https://www.booking.com/hotel/it/da-lina-gressan.it.html	0	202	
https://www.brasseriedentreves.it/	0	200	
https://www.blumental.it/	0	200	
https://www.cafferuitor2aosta.it/	60		
https://www.bucanevehotel.it/it/	0	200	
https://www.caichivasso.it/RifugioCittaDiChivasso/	0	200	
https://www.caiseregno.it/	0	200	
https://www.caitorino.it/rifugi/balzola/	0	200	
https://www.caimondovi.it/bivacco-comino/	0	301	https://www.caimondovi.it/rifugi/bivacco-comino/
https://www.caipiacenza.it/la-sezione/bivacchi/	0	200	
https://www.caitorino.it/rifugi/nacamuli/	0	200	
https://www.caitorino.it/rifugi/leonessa/	0	200	
https://www.caitorino.it/rifugi/quintino-sella/	0	200	
https://www.calzedonia.com/	0	302	https://www.calzedonia.com/us/
https://www.caivarallo.com/rifugi-cai-piemonte-valsesia/bivacco-giordano/	0	200	
https://www.caiverres.it/	0	200	
https://www.campeggioduparc.com/	0	200	
https://www.camperonline.it/area-di-sosta/Area-sosta-Fenis_3542	0	302	https://www.camperonline.it/redirect.php?Nome=IDAREA_3542
https://www.camperonline.it/cogne.htm	0	200	
https://www.campeggiolostambecco.it/	0	200	
https://www.campingcervino.com/	0	200	
https://www.campingglair.it/	0	200	
https://www.campingbarpineta.it	0	200	
https://www.campinglesiles.com/campeggio/index.cfm/ristorante-pizzeria.html	0	404	
https://www.campingalsole.com/	0	200	
https://www.campingmargherita.com/	0	200	
https://www.campinghobo.com	0	200	
https://www.campingtunnel.it/	0	200	
https://www.campingmontebianco.it	0	200	
https://www.campingtouring.com/	0	200	
https://www.campingvaldirhemes.com/	0	200	
https://www.caseificioevancon.it/	0	200	
https://www.carrefour.it/punti-vendita/carrefour-express-charvensod-frazione-pont-suaz-53-4426.html	0	200	
https://www.carrefour.it/punti-vendita/carrefour-express-courmayeur-strada-larzey-entreves-2931.html	0	200	
https://www.castorepolluce.com/	0	200	
https://www.cavemontblanc.com/	0	200	
https://www.cc-valleedechamonixmontblanc.fr/	0	200	
https://www.ccpmb.fr/	60		
https://www.castellogamba.vda.it/	0	200	
https://www.cervinia.it/	0	200	
https://www.cerviniaski.com/	0	200	
https://www.chaletproment.it/	0	200	
https://www.chaletdelapoya.com/	0	200	
https://www.chaletvaldotain.it/	0	301	/it
https://www.chaligne.com	0	200	
https://www.chamonix.com/	0	200	
https://www.chezduclos.com/	0	301	https://www.chezduclos.com/it/
https://www.chezannie.it/	0	200	
https://www.chocolat-collomb.it/	0	200	
https://www.chocolataosta.com/	0	200	
https://www.chezisabel.it/	0	200	
https://www.carabinieri.it/in-vostro-aiuto/informazioni/dove-siamo	28		
https://www.clubalpinoaccademico.it/index.php/bivacchi/item/147-bivacco-cesare-fiorio	0	200	
https://www.clubalpinoaccademico.it/index.php/bivacchi/item/138-bivacco-umberto-balestrieri	0	200	
https://www.clubalpinoaccademico.it/index.php/chi-siamo-2/bivacchi-2/item/137-bivacco-antoldi-malvezzi	0	200	
https://www.clubalpinoaccademico.it/index.php/chi-siamo-2/bivacchi-2/item/139-bivacco-lorenzo-borelli	0	200	
https://www.clubalpinoaccademico.it/index.php/chi-siamo-2/bivacchi-2/item/151-bivacco-lampugnani-grassi	0	200	
https://www.clubalpinoaccademico.it/index.php/chi-siamo-2/bivacchi-2/item/145-bivacco-de-la-sassa-ceresa	0	200	
https://www.clubalpinoaccademico.it/index.php/chi-siamo-2/bivacchi-2/item/154-bivacco-alessandro-martinotti	0	200	
https://www.clubalpinoaccademico.it/index.php/chi-siamo-2/bivacchi-2/item/140-bivacco-alberico-borgna	0	200	
https://www.clubalpinoaccademico.it/index.php/chi-siamo-2/bivacchi-2/item/155-bivacco-tete-del-roeses	0	200	
https://www.cogne.com/	0	200	
https://www.clubalpinoaccademico.it/?attachment_id=601	0	200	
https://www.clubesse.it/strutture/hotel-pila-2000-vacanza-neve-val-d-aosta/	0	200	
https://www.clubalpinoaccademico.it/index.php/news-2/item/275-nuovo-look-per-il-bivacco-canzio-al-colle-delle-grandes-jurasses	0	200	
https://www.cogneturismo.it/ospitalita.asp?id=17&cat=15&l=1&n=68&p=2	0	301	https://www.visitcogne.it/ospitalita.asp?id=17&cat=15&l=1&n=68&p=2
https://www.cogneturismo.it/ospitalita.asp?id=18&cat=11&l=1&n=66&p=1	0	301	https://www.visitcogne.it/ospitalita.asp?id=18&cat=11&l=1&n=66&p=1
https://www.comune.arnad.ao.it/	0	302	https://www.comune.arnad.ao.it/it-it/home
https://www.comune.brusson.ao.it/it-it/vivere-il-comune/dove-dormire/area-di-sosta-camper-brusson-54015-1-48314a0aa0301359cb15541c67d4dfa7	0	200	
https://www.comune.aymavilles.ao.it/turismo/territorio/castelli-e-dintorni/castello-di-aymavilles	28		
https://www.comune.brissogne.ao.it/vivere-il-territorio/informazioni-utili/bivacco-menabreaz	28		
https://www.comune.fenis.ao.it/cfe/index.cfm/il-bivacco-egidio-borroz.html	28		
https://www.comune.hone.ao.it/it-it/vivere-il-comune/dove-dormire/area-attrezzata-sosta-camper-le-raffor-30770-1-48acd55013d833c7879b062fb54b0d21	0	200	
https://www.comune.lasalle.ao.it/	0	302	https://www.comune.lasalle.ao.it/it-it/home
https://www.comune.fenis.ao.it/it/magic-hicking-il-sentiero-magico/	28		
https://www.comune.morgex.ao.it/	28		
https://www.comune.pontey.ao.it/pubblicazione-comune/cappella/	28		
https://www.comune.saintdenis.ao.it/turismo/territorio/il-castello-di-cly	28		
https://www.comune.sarre.ao.it/vivere-il-comune/luoghi/biblioteca/	28		
https://www.comune.sarre.ao.it/vivere-il-comune/luoghi/luogo/	28		
https://www.comune.valtournenche.ao.it/	28		
https://www.comune.verrayes.ao.it/	28		
https://www.conad.it/ricerca-negozi/negozio.001338.html	0	301	https://www.conad.it/ricerca-negozi/conad-via-circonvallazione-126-11029-verres--001338
https://www.comune.villeneuve.ao.it/	28		
https://www.conad.it/ricerca-negozi/negozio.005820.html	0	301	https://www.conad.it/ricerca-negozi/conad-frazione-condemine-84-11010-sarre--005820
https://www.conad.it/ricerca-negozi/negozio.008258.html	0	404	
https://www.conad.it/ricerca-negozi/negozio.008291.html	0	301	https://www.conad.it/ricerca-negozi/conad-localita-perolle-21-11024-chatillon--008291
https://www.conad.it/ricerca-negozi/negozio.009611.html	0	301	https://www.conad.it/ricerca-negozi/conad-via-nazionale-6-11026-pont-saint-martin--009611
https://www.confreriedumoyenage.com/	0	301	https://www.confreriedumoyenage.com/it/
https://www.courmayeur-apartments.com/	0	200	
https://www.courmayeur-montblanc.com/	0	200	
https://www.crampon.it/	92		
https://www.croixblanche.it/	0	200	
https://www.dandelionlapalud.com/	6		
https://www.courmayeurmontblanc.it/en/services/rentals/club-des-sports-courmayeur-val-ferret/	0	200	
https://www.delbrallo.it/	0	200	
https://www.d-piu.com/punti-vendita-dpiu/g825-courmayeur/	0	200	
https://www.crevacol.it	0	200	
https://www.dentedelgigante.com/	0	200	
https://www.edildueci.com/	0	200	
https://www.diocese-annecy.fr/le-diocese/les-paroisses/paroisse-saint-bernard-du-mont-blanc	0	403	
https://www.diocese-annecy.fr/	0	403	
https://www.eliografiaberard.it/	0	200	
https://www.facebook.com/AuPotagerNicoletta/	0	200	
https://www.etoiledunord.it/	0	301	https://www.etoiledunord.info/
https://www.facebook.com/Corpo-Valdostano-Vigili-del-Fuoco-Volontari-di-Pont-Saint-Martin-371874182125/	0	302	https://www.facebook.com/login/?next=https%3A%2F%2Fwww.facebook.com%2FCorpo-Valdostano-Vigili-del-Fuoco-Volontari-di-Pont-Saint-Martin-371874182125%2F
https://www.facebook.com/Pro-Loco-Saint-Pierre-182808561853153/	0	302	https://www.facebook.com/login/?next=https%3A%2F%2Fwww.facebook.com%2FPro-Loco-Saint-Pierre-182808561853153%2F
https://www.facebook.com/coumarial/	0	200	
https://www.facebook.com/laclotze/	0	200	
https://www.facebook.com/ostemarcel	0	200	
https://www.facebook.com/pages/Appartamenti-Valley-Vacanze-Brusson-Valle-dAosta	0	404	
https://www.facebook.com/pages/category/Italian-Restaurant/Retr%C3%B3-Gusto-236123860675095/	0	200	
https://www.fenat.net/	6		
https://www.facebook.com/pasticceriasable/	0	200	
https://www.esteticacourmayeur.it/	0	200	
https://www.fernandell.com/	0	200	
https://www.ferrate365.it/vie-ferrate/ferrata-covarey/	0	200	
https://www.fondazionemontagnasicura.org/	0	200	
https://www.fontina-valledaosta.it/	0	200	
https://www.fisio-sfm.com/	0	200	
https://www.fortedibard.it/musei/museo-delle-alpi/	92		
https://www.fortedibard.it	92		
https://www.eurocamping.it/	0	200	
https://www.ghcervino.it/	0	301	https://vretreats.com/cervino/
https://www.giannettistore.it/it/	0	200	
https://www.gdf.gov.it/it/reparti-del-corpo/valle-daosta/valle-daosta/stazione-sagf-entreves	0	200	
https://www.geatcaitorino.it/bivacco-franco-nebbia-2740-m/	0	200	
https://www.giovanemontagna.org/rifugio.asp?n=Bivacco%20Gino%20Rainetto&id=10	0	200	
https://www.gal.vda.it/magic-hicking-il-sentiero-magico/	0	200	
https://www.golfcervino.it/	0	301	/it/home
https://www.ginantonic.com/	0	200	
https://www.golfcourmayeur.it/	0	200	
https://www.grandesjorasses.com/	0	200	
https://www.gruppoapi.com/ricerca-stazioni-servizio/station/42087	0	301	https://ip.gruppoapi.com/ricerca-stazioni-servizio/station/42087
https://www.gulliver.it/itinerari/biel-placche-di/	0	403	
https://www.gulliver.it/itinerari/ponte-romano-falesia-del/	0	403	
https://www.hbaostahotel.com/	92		
https://www.gumtree.com/p/holiday-rentals/mountain-cabin-apartment-sleeps-46-self-catered-italian-alps/1492315843	0	301	/flats-houses/holiday-rentals/uk/richmond#adexpired
https://www.guidedelcervino.com/capanna-carrel/	0	200	
https://www.hcdc.it/	0	301	https://www.hotelcomtesdechallant.com
https://www.hirondelle.host/	0	302	http://www.hirondelle.host/it/home
https://www.heliskicervinia.com/	0	200	
https://www.hostariadelcalvino.it/	0	200	
https://www.hotel-florian.it/	0	200	
https://www.hotel-la-thuile-resort-spa.com/	0	200	
https://www.hotel-larocca.com/	0	200	
https://www.helimontblanc.it/	0	200	
https://www.hotelaiguillenoire.com	0	200	
https://www.hotelberthod.com/	92		
https://www.hotelboutondor.com	0	301	https://www.hotelboutondor.com/en/
https://www.hotelaigle.it/	0	200	
https://www.hotelboutondor.it/	92		
https://www.hotelbellepoqueaosta.it/	0	200	
https://www.hotelcecchin.com/	0	200	
https://www.hoteldeicamosci.com/	0	200	
https://www.hotelcourmayeur.com/	0	200	
https://www.grandcombin.vda.it	28		
https://www.hoteldacompagnoni.com	0	200	
https://www.hoteldianaaosta.com/index.php/it/	92		
https://www.hoteldellanouva.it/	0	200	
https://www.hoteleuropacervinia.com/	0	301	https://www.themlegacy.com/hotel-europa?utm_source=hoteleuropacervinia.com&utm_medium=redirect&utm_content=
https://www.hotelexpressaosta.it/	0	200	
https://www.hoteldufour.it/	0	200	
https://www.hotelgparadiso.com	92		
https://www.hotelfunivia.com/	0	200	
https://www.hotellaghetto.it/	0	200	
https://www.hotellachancepila.it/	0	301	https://hotellachancepila.it/
https://www.hotelmiravidi.com/chambres-m-cervin/	0	200	
https://www.hotelmiage.it/	0	200	
https://www.hotelmiravidi.com/formula-hotel/	0	200	
https://www.hotelmonteemilius.com/	92		
https://www.hotelmontvelan.com/	92		
https://www.hotelmontagnards.com/	0	200	
https://www.hotelrendezvous.it/	92		
https://www.hotelroyalegolf.com/en/5-star-hotel-courmayeur	0	200	
https://www.hotelsvizzero.com/	0	200	
https://www.hotelvalleeblanche.com/	0	200	
https://www.hotelshatush.it	0	200	
https://www.iaraosta.it/	92		
https://www.ilcervino.com/	0	200	
https://www.innaosta.com/fr/appartements-de-vacances-au-centre-daoste/appartement-dune-piece-dans-le-centre-daoste/	92		
https://www.inalto.org/it/schede/vette/monte_miracolo	0	404	
https://www.la-grenette.it/	0	200	
https://www.labottegadegliantichisapori.com/	0	404	
https://www.inail.it/	0	302	https://www.inail.it/portale/
https://www.lafeniceaosta.it/	6		
https://www.laboitecourmayeur.com/	0	200	
https://www.labridesamis.it/	0	200	
https://www.lagrottaristorantecervinia.com/	0	200	
https://www.lagranbeccacervinia.it/	0	403	
https://www.lamaisondedolphe.com/	0	200	
https://www.laborettaz.it	0	200	
https://www.lapadella.info/	0	200	
https://www.lamaisondeamelie.com/	0	403	
https://www.lapalud.it/	0	200	
https://www.larosiere.ski/	0	302	https://www.larosiere.ski/fr/
https://www.lamaisondefranco.it/	0	200	
https://www.lasapiniere.it/	0	302	https://www.alpissima.it/brasserie-la-sapiniere-courmayeur/
https://www.lathuile.it/	92		
https://www.lathuile.it/en/point-of-interest/en_area-camper-grand-assaly	92		
https://www.lartisana.vda.it/aosta	0	301	/punto-vendita/aosta/
https://www.lartisana.vda.it/	0	301	https://lartisana.vda.it/
https://www.lebaravin.it/	0	200	
https://www.laviadelleterme.it/	0	301	https://laviadelleterme.it/
https://www.lazybee.it/	0	403	
https://www.lavachey.com/	0	200	
https://www.lebouquetaosta.it/	0	200	
https://www.lesplaisirsdantan.com	92		
https://www.lesamisdubois.com/	0	302	http://www.lesamisdubois.com/www/it/
https://www.lesplaisirsdantan.com/restaurant/	92		
https://www.lemassifcourmayeur.com	0	200	
https://www.levieuxpommier.com/	0	200	
https://www.lobarba.it/	0	200	
https://www.locandadelleminiere.it/	0	200	
https://www.locandabellevue.com/	0	200	
https://www.lesgourmetsaosta.it/	0	200	
https://www.locandaurbana.it	6		
https://www.lievre.it/	0	200	
https://www.loriondet.it/	92		
https://www.lopanner.it/	0	200	
https://www.lovevda.it/en/database/22/where-to-sleep/cogne/area-attrezzata-camper-lillaz/9000998	0	200	
https://www.lovevda.it/en/database/4/uffici-turistici/la-thuile/tourist-office-la-thuile/1780	0	200	
https://www.lovevda.it/it/banca-dati/11/servizi/la-thuile/parco-giochi-per-bambini-in-frazione-buic/313	0	200	
https://www.lovevda.it/it/banca-dati/13/mercati-settimanali/gressoney-saint-jean/mercato-di-gressoney-saint-jean-giovedi/126	0	200	
https://www.lovevda.it/it/banca-dati/22/aree-di-sosta/fenis/area-attrezzata-camper-clavalite/9000951	0	404	
https://www.lovevda.it/it/banca-dati/16/ristoranti/courmayeur/chalet-joli/2035	0	200	
https://www.lovevda.it/it/banca-dati/22/posti-tappa-dortoir/pontboset/retempio/9005836	0	404	
https://www.lovevda.it/it/banca-dati/4/aziende-formaggi/morgex/caseificio-cooperativa-valdigne-mont-blanc/1402	0	200	
https://www.lovevda.it/it/banca-dati/7/altas-vias/valle-de-aosta/gressoney-saint-jean-crest/2983	0	200	
https://www.lovevda.it/it/banca-dati/7/alte-vie/-valle-d-aosta-/courmayeur-rifugio-elisabetta-soldini/2976	0	200	
https://www.lofoo.it/	28		
https://www.lovevda.it/it/banca-dati/7/alte-vie/-valle-d-aosta-/crest-rifugio-grand-tournalin/2969	0	200	
https://www.lovevda.it/it/banca-dati/7/alte-vie/-valle-d-aosta-/eaux-rousses-rifugio-vittorio-sella/2973	0	200	
https://www.lovevda.it/it/banca-dati/7/alte-vie/-valle-d-aosta-/la-thuile-rifugio-alberto-deffeyes/2984	0	200	
https://www.lovevda.it/it/banca-dati/7/alte-vie/-valle-d-aosta-/planaval-rifugio-chalet-de-l-ep%C3%A9e/2995	0	200	
https://www.lovevda.it/it/banca-dati/7/alte-vie/-valle-d-aosta-/rifugio-cun%C3%A9y-oyace/2987	0	200	
https://www.lovevda.it/it/banca-dati/7/alte-vie/-valle-d-aosta-/rifugio-della-barma-niel/2981	0	200	
https://www.lovevda.it/it/banca-dati/7/alte-vie/-valle-d-aosta-/saint-rh%C3%A9my-en-bosses-rifugio-frassati/2994	0	200	
https://www.lovevda.it/it/banca-dati/7/alte-vie/valle-d-aosta/champorcher-crest/2990	0	200	
https://www.lovevda.it/it/banca-dati/7/alte-vie/valle-d-aosta/cogne-rifugio-sogno-di-berdze/2974	0	200	
https://www.lovevda.it/it/banca-dati/7/alte-vie/valle-d-aosta/crest-donnas/2978	0	200	
https://www.lovevda.it/it/banca-dati/7/alte-vie/valle-d-aosta/donnas-sassa/2977	0	200	
https://www.lovevda.it/it/banca-dati/7/alte-vie/valle-d-aosta/niel-gressoney-saint-jean/2982	0	200	
https://www.lovevda.it/it/banca-dati/7/alte-vie/valle-d-aosta/oyace-rey-ollomont/2989	0	200	
https://www.lovevda.it/it/banca-dati/7/alte-vie/valle-d-aosta/rey-ollomont-rifugio-letey-champillon/2988	0	200	
https://www.lovevda.it/it/banca-dati/7/alte-vie/valle-d-aosta/rhemes-notre-dame-eaux-rousses/2996	0	200	
https://www.lovevda.it/it/banca-dati/7/alte-vie/valle-d-aosta/rifugio-alberto-deffeyes-planaval/2967	0	200	
https://www.lovevda.it/it/banca-dati/7/alte-vie/valle-d-aosta/rifugio-chalet-de-l-epee-rhemes-notre-dame/2992	0	200	
https://www.lovevda.it/it/banca-dati/7/alte-vie/valle-d-aosta/rifugio-barmasse-rifugio-cuney/3000	0	200	
https://www.lovevda.it/it/banca-dati/7/alte-vie/valle-d-aosta/rifugio-coda-rifugio-della-barma/2980	0	200	
https://www.lovevda.it/it/banca-dati/7/alte-vie/valle-d-aosta/rifugio-elisabetta-soldini-la-thuile/2985	0	200	
https://www.lovevda.it/it/banca-dati/7/alte-vie/valle-d-aosta/rifugio-frassati-rifugio-walter-bonatti/2993	0	200	
https://www.lovevda.it/it/banca-dati/7/alte-vie/valle-d-aosta/rifugio-dondena-champorcher/2971	0	200	
https://www.lovevda.it/it/banca-dati/7/alte-vie/valle-d-aosta/rifugio-grand-tournalin-valtournenche/2968	0	200	
https://www.lovevda.it/it/banca-dati/7/alte-vie/valle-d-aosta/rifugio-sogno-di-berze-rifugio-dondena/2970	0	404	
https://www.lovevda.it/it/banca-dati/7/alte-vie/valle-d-aosta/rifugio-letey-champillon-saint-rhemy-en-bosses/2979	0	200	
https://www.lovevda.it/it/banca-dati/7/alte-vie/valle-d-aosta/rifugio-vittorio-sella-cogne/2972	0	200	
https://www.lovevda.it/it/banca-dati/7/alte-vie/valle-d-aosta/rifugio-walter-bonatti-courmayeur/2975	0	200	
https://www.lovevda.it/it/banca-dati/7/alte-vie/valle-d-aosta/sassa-rifugio-coda/2986	0	200	
https://www.lovevda.it/it/banca-dati/7/alte-vie/valle-d-aosta/valtournenche-rifugio-barmasse/2997	0	200	
https://www.lovevda.it/it/banca-dati/7/bivacchi/la-salle/bivacco-cosimo-zappelli/3138	0	200	
https://www.lovevda.it/it/banca-dati/7/bivacchi/oyace/bivacco-la-lliee/2503	0	200	
https://www.lovevda.it/it/banca-dati/7/bivacchi/quart/bivacco-rosaire-clermont/3251	0	200	
https://www.lovevda.it/it/banca-dati/7/bivacchi/sarre/bivacco-alessandro-pansa/3252	0	200	
https://www.lovevda.it/it/banca-dati/7/bivacchi/valpelline/bivacco-penne-nere/2523	0	200	
https://www.lovevda.it/it/banca-dati/7/cammino-balteo/aosta-valley/introd-villeneuve/3016	0	200	
https://www.lovevda.it/it/banca-dati/7/cammino-balteo/valle-d-aosta/aosta-fenis/3019	0	200	
https://www.lovevda.it/it/banca-dati/7/cammino-balteo/valle-d-aosta/arpuilles-vetan/3009	0	200	
https://www.lovevda.it/it/banca-dati/7/cammino-balteo/valle-d-aosta/arnad-challand-saint-victor/2952	0	200	
https://www.lovevda.it/it/banca-dati/7/cammino-balteo/valle-d-aosta/avise-introd/3012	0	200	
https://www.lovevda.it/it/banca-dati/7/cammino-balteo/valle-d-aosta/chatillon-verres/3021	0	200	
https://www.lovevda.it/it/banca-dati/7/cammino-balteo/valle-d-aosta/aymavilles-aosta/3018	0	200	
https://www.lovevda.it/it/banca-dati/7/cammino-balteo/valle-d-aosta/challand-saint-victor-%E2%80%93-saint-vincent/3001	0	200	
https://www.lovevda.it/it/banca-dati/7/cammino-balteo/valle-d-aosta/donnas-arnad/2951	0	200	
https://www.lovevda.it/it/banca-dati/7/cammino-balteo/valle-d-aosta/la-salle-avise/3011	0	200	
https://www.lovevda.it/it/banca-dati/7/cammino-balteo/valle-d-aosta/fenis-chatillon/3020	0	200	
https://www.lovevda.it/it/banca-dati/7/cammino-balteo/valle-d-aosta/nus-roisan/3006	0	200	
https://www.lovevda.it/it/banca-dati/7/cammino-balteo/valle-d-aosta/pont-saint-martin-lillianes/2948	0	200	
https://www.lovevda.it/it/banca-dati/7/cammino-balteo/valle-d-aosta/pont-saint-martin-lillianes/2949	0	200	
https://www.lovevda.it/it/banca-dati/7/cammino-balteo/valle-d-aosta/pont-saint-martin-lillianes/2950	0	200	
https://www.lovevda.it/it/banca-dati/7/cammino-balteo/valle-d-aosta/pontboset-pont-saint-martin/2946	0	200	
https://www.lovevda.it/it/banca-dati/7/cammino-balteo/valle-d-aosta/roisan-arpuilles/3007	0	200	
https://www.lovevda.it/it/banca-dati/7/cammino-balteo/valle-d-aosta/saint-vincent-la-magdeleine/3003	0	200	
https://www.lovevda.it/it/banca-dati/7/cammino-balteo/valle-d-aosta/saint-vincent-la-magdeleine/3004	0	200	
https://www.lovevda.it/it/banca-dati/7/cammino-balteo/valle-d-aosta/verrayes-nus/3005	0	200	
https://www.lovevda.it/it/banca-dati/7/cammino-balteo/valle-d-aosta/verres-pontboset/2945	0	200	
https://www.lovevda.it/it/banca-dati/7/cammino-balteo/valle-d-aosta/vetan-la-salle/3010	0	200	
https://www.lovevda.it/it/banca-dati/7/cammino-balteo/valle-d-aosta/villeneuve-aymavilles/3017	0	200	
https://www.lovevda.it/it/banca-dati/7/ciclismo/gressan/ciclotour-pista-ciclo-pedonale-sarre-pontey/2849	0	200	
https://www.lovevda.it/it/banca-dati/7/itinerari-dello-spirito/nus/porliod-santuario-di-cuney/2869	0	200	
https://www.lovevda.it/it/banca-dati/8/archeologia/aosta/area-megalitica-di-saint-martin-de-corleans-museo-e-parco-archeologico/751	0	200	
https://www.lovevda.it/it/banca-dati/8/archeologia/aosta/area-funeraria-fuori-porta-decumana/1349	0	200	
https://www.lovevda.it/it/banca-dati/8/architettura-romana/aosta/criptoportico-forense/1259	0	200	
https://www.lovevda.it/it/banca-dati/8/architettura-romana/aosta/teatro-romano/736	0	200	
https://www.lovevda.it/it/banca-dati/8/architettura-romana/aosta/villa-della-consolata/752	0	200	
https://www.lovevda.it/it/banca-dati/8/castelli-e-torri/chatillon/castello-di-ussel/809	0	200	
https://www.lovevda.it/it/banca-dati/8/architettura-romana/aymavilles/il-ponte-acquedotto-romano-di-pont-d-ael/852	0	200	
https://www.lovevda.it/it/banca-dati/8/castelli-e-torri/fenis/castello-di-fenis/979	0	200	
https://www.lovevda.it/it/banca-dati/8/castelli-e-torri/introd/castello-di-introd/895	0	200	
https://www.lovevda.it/it/banca-dati/8/castelli-e-torri/gressoney-saint-jean/castello-savoia/873	0	200	
https://www.lovevda.it/it/banca-dati/8/castelli-e-torri/issogne/castello-di-issogne/980	0	200	
https://www.lovevda.it/it/banca-dati/8/castelli-e-torri/oyace/la-tornalla/779	0	200	
https://www.lovevda.it/it/banca-dati/8/castelli-e-torri/saint-oyen/chateau-verdun/767	0	200	
https://www.lovevda.it/it/banca-dati/8/castelli-e-torri/sarre/castello-reale-di-sarre/1131	0	200	
https://www.lovevda.it/it/banca-dati/8/castelli-e-torri/verres/castello-di-verres/864	0	200	
https://www.lovevda.it/it/banca-dati/8/chiese-e-santuari/courmayeur/chiesa-parrocchiale-dei-santi-pantaleone-e-valentino/930	0	200	
https://www.lovevda.it/it/banca-dati/8/chiese-e-santuari/courmayeur/santuario-di-notre-dame-de-guerison/931	0	200	
https://www.lovevda.it/it/banca-dati/8/musei/donnas/museo-della-vite-e-del-vino/1279	0	200	
https://www.lovevda.it/it/banca-dati/8/chiese-e-santuari/etroubles/chiesa-parrocchiale-di-santa-maria-assunta/771	0	200	
https://www.lovevda.it/it/sport/escursionismo/altri-trekking/intervallivo-102	0	200	
https://www.luvaeunquarto.it/	0	200	
https://www.maisoncly.it/it/baita-fontana-freida-cucina-tipica-chamois	0	301	/ristorante-la-baita
https://www.maisonaltea.it	0	200	
https://www.lovevda.it/it/sport/escursionismo/altri-trekking/intervallivo-105	0	200	
https://www.lovevda.it/turismo/proposte/sport/sport_acqua/schede_pesca_i.asp?tipo=scheda&pk=3303&nomesch=sch_Sport&ts=sport	0	404	
https://www.maisonconstance.eu	0	200	
https://www.maisondubonmegnadzo.com	0	200	
https://www.maisonvieille.com/	0	200	
https://www.monbijoudonnas.it/	6		
https://www.mitohotel.it	0	200	
https://www.matterhornparadise.ch	0	301	https://www.matterhornparadise.ch/de
https://www.miserinespritlibre.it/	0	200	
https://www.montazalpinehome.com/	92		
https://www.montebianco.com	0	301	/it
https://www.montebianco.com/it	0	200	
https://www.montfretypub.com/	0	200	
https://www.muscato.it/	0	200	
https://www.msj.it/	0	200	
https://www.montecervinohotel.com/	0	200	
https://www.oavda.it/	92		
https://www.naturalys.it/	0	200	
https://www.orientalbambu.com/	6		
https://www.ovs.it/	0	301	https://www.ovs.it/it/it/
https://www.onlyski.eu/	0	200	
https://www.onlyski.eu/winter/onlyski-express/	0	200	
https://www.onlyski.eu/winter/onlyski-planibel/	0	200	
https://www.paepdesign.com	0	200	
https://www.parrocchiachatillon.com/conventocappuccini	0	404	
https://www.parcoavventurafontainemore.it/	0	200	
https://www.pasticceriacroquembouche.it/	0	200	
https://www.parcodellalettura.eu/	0	200	
https://www.parc-animalier-introd.it/	0	200	
https://www.pavillon.it/it/hotel-pavillon/	0	403	
https://www.parrocchiasantamargheritaentreves.it	0	200	
https://www.pellissiersport.it/	0	200	
https://www.pensionemontecervino.it/	0	200	
https://www.pila.it	0	301	https://pila.it/
https://www.pilierdangle.it/	0	200	
https://www.pitstopcervinia.it	0	200	
https://www.planetmountain.com/rock/falesie/falesia.html?idfalesia=353	0	301	/it/falesie/rochers-de-saint-germain.html
https://www.pizzeriadutunnel.it/	0	200	
https://www.planetmountain.com/rock/falesie/falesia.html?idfalesia=81	0	301	/it/falesie/mont-ross.html
https://www.pngp.it/	0	200	
https://www.predepascal.com/	0	301	https://www.predepascal.com/it/
https://www.poste.it	0	200	
https://www.poste.it/	0	200	
https://www.qcterme.com/destinations/pre-saint-didier/qc-spa-pre-saint-didier	0	403	
https://www.qcterme.com/it/pre-saint-didier/qc-terme-pre-saint-didier	0	403	
https://www.puburger.it/	0	200	
https://www.quendozaosta.it/	0	200	
https://www.puntazerbion.com/	0	200	
https://www.randonneurmb.com/	0	200	
https://www.prosciuttificiodebosses-aosta.it/	0	301	https://debosses.it/
https://www.randonneurmb.com/ristorante	0	200	
https://www.rcollectionhotels.it/en/grand-hotel-courmayeur/hotel-courmayeur	0	200	
https://www.ravspa.it/index.php?option=com_content&view=article&id=5&Itemid=13	0	307	http://www.ravspa.it/?option=com_content&view=article&id=5&Itemid=13
https://www.regione.vda.it/cultura/mostre_musei/musei/mar_aosta/default_i.aspx	0	200	
https://www.regione.vda.it/cultura/mostre_musei/musei/museo_beck_peccoz/default_i.asp	0	301	http://www.regione.vda.it/territorio/ambiente/museo_beck_peccoz/default_i.asp
https://www.regione.vda.it/cultura/patrimonio/siti_archeologici/news/eteley_2019_i.aspx	0	404	
https://www.redfox.ski	0	200	
https://www.regione.vda.it/notizieansa/details_i.asp?id=53930	0	404	
https://www.regione.vda.it/gestione/riviweb/templates/aspx/environnement.aspx?pkArt=1406	0	200	
https://www.regione.vda.it/risorsenaturali/faunaselvatica/CRAS/default_i.aspx	0	404	
https://www.rebelpark.it	0	200	
https://www.repower.com/dina/	0	301	/dina
https://www.repower.com/dina	0	301	/it/e-mobility/strumenti-di-ricarica/dina
https://www.relaisdufoyer.it/	0	200	
https://www.repower.com/it/dina/	0	301	/it/dina
https://www.repower.com/it/la-mobilita-elettrica/	0	301	/it/la-mobilita-elettrica
https://www.residencecastelli.com	0	200	
https://www.rifugio-champillon.it/	0	200	
https://www.rifugioaosta.com/	0	200	
https://www.residenceoberteil.it/	0	301	https://residenceoberteil.it/
https://www.rifugioarbolle.it/	0	200	
https://www.rifugiobezzi.com/	60		
https://www.rifugiobonatti.it/	92		
https://www.rifugiochabod.com/	92		
https://www.rifugiobenevolo.com/	0	301	https://rifugiobenevolo.com/
https://www.rifugiobarma.it/	0	200	
https://www.rifugiocreteseche.eu/	92		
https://www.rifugiocuney.it/it/il-rifugio-barmasse/	0	403	
https://www.residencelesfleurs.it/	0	200	
https://www.rifugioelisabetta.com/	0	200	
https://www.rifugioepee.com/	0	200	
https://www.rifugiograndtournalin.com/en/	0	403	
https://www.rifugiograuson.it/starsbox/	0	200	
https://www.rifugiograuson.it/	0	200	
https://www.rifugiomantova.it/	0	200	
https://www.rifugioguidedelcervino.com/	0	200	
https://www.rifugioferraro.com/	0	200	
https://www.rifugiosella.com/	35		
https://www.rifugiomontfallere.it/	0	200	
https://www.rifugioquintinosella.com/index_d.asp	0	200	
https://www.rifugiotorino.com/	0	200	
https://www.rifugiotetraslyre.it/	0	200	
https://www.ristopizzasottosopra.com/	0	200	
https://www.rifugiovittorioemanuele.com	0	200	
https://www.ristorantecinese-panda.it/	0	200	
https://www.ristopizzasottosopra.com/contatti.aspx	0	404	
https://www.rifugiolilla.it/	0	200	
https://www.ristorantesociete.it/	0	200	
https://www.samovarcervinia.com	0	302	sito/home.asp?Lingua=1
https://www.scuolascichamois.it/	6		
https://www.roteskalb.it/	0	200	
https://www.shop.lespeziali.com	0	403	
https://www.soccorsoalpinovaldostano.com/	0	403	
https://www.sitten.it/	0	301	/it
https://www.saussurea.it/	0	200	
https://www.scuolascilathuile.it/	0	200	
https://www.tally-weijl.com/it_IT/	0	200	
https://www.stradeanas.it/	0	301	https://www.stradeanas.it/it
https://www.sushifanaosta.it/	0	404	
https://www.tesla.com/findus/location/supercharger/aostasupercharger	0	403	
https://www.thefork.it/ristorante/osteria-mansio-1695-r579361	0	403	
https://www.tegoleria.com/	0	200	
https://www.thun.com/it_it/pointofsale/ao/aosta/via-s-anselmo-8	0	404	
https://www.thcourmayeur.it	0	200	
https://www.tipografiapesando.com/	0	200	
https://www.trattoriadicampagna.it/	92		
https://www.tivet.it/	0	200	
https://www.tunnelmb.net/	0	403	
https://www.trattoriapraetoria.it/	0	200	
https://www.trattoriailboccio.com/	0	200	
https://www.unicredit.it/it/contatti-e-agenzie/lista-agenzie/ao/breuil-cervinia-valtournenche/valtournenche-breuil-cervinia-ag00821.html	92		
https://www.valdotain.it/	0	200	
https://www.univda.it/servizi/biblioteca/	0	200	
https://www.verres.polito.it/	6		
https://www.viefrancigene.org	0	200	
https://www.viefrancigene.org/	0	200	
https://www.visitcogne.it	92		
https://www.vielunghevalledaosta.com/montjovet-via-forza-vecchio-cuore-granata/	0	301	https://www.vielunghe.com/montjovet-via-forza-vecchio-cuore-granata/
https://www.visitmonterosa.com/	0	301	https://visitmonterosa.com/
https://www.valgrisencheski.it/	0	200	
https://www.sognodiberze.it/fr/	28		
https://www.vogliadicinema.it/	0	403	
https://www.walserhotel.com/	0	301	https://walserhotel.com/
https://www.weejay.com	0	200	
https://www.yetipila.it	0	301	https://yetipila.it/
https://www.yetipila.it/#piscina	0	301	https://yetipila.it/
www.acqualifesnc.com	-1		
www.albergolesclochettes.it	-1		
www.appartamenti-valledaosta.it	-1		
www.comune.bard.ao.it	-1		
www.fontinacoop.it	-1		
www.gervasoni.it	-1		
www.guidecourmayeur.com	-1		
www.hotelarolla.it	-1		
www.hoteldechampoluc.it	-1		
www.hotelmochettaz.it	-1		
www.hotelvalleedecogne.it	-1		
www.ilfieniledellanonna.it	-1		
www.ilnoceelastrega.it	-1		
www.lavecchiaposta.altervista.org	-1		
www.lescupoles.com	-1		
www.leverger.it	-1		
www.oldwildwest.it	-1		
www.pattalibra.it	-1		
www.pizzeriaristoranteavalon.it	-1		
www.residenceplanpincieux.it	-1		
www.rifugiochabod.com	-1		
www.rifugioguidefrachey.it	-1		
www.rifugiorionde.it	-1		
www.rifugiovittorioemanuele.com	-1		
www.stadelsoussun.com	-1		
https://www1.agenziaentrate.gov.it/indirizzi/agenzia/uffici_locali/lista.htm?m=2&pr=AO	0	301	https://www.agenziaentrate.gov.it/portale/web/guest/siti-web-regionali?m=2&pr=AO
https://www.zenzero.rest/	0	200	
https://www.vivavda.it/aree/area_i.aspx?area=6&n=Riserva%20naturale%20%20%20%20C%C3%B4te%20de%20Gargantua	28		
