@type	@id	website
node	353049715	https://www.miserinespritlibre.it/
node	353049771	http://www.rifugioalpenzu.it/
node	353049786	https://www.rifugio-lambronecca.com/
node	353049798	http://www.refugevieuxcrest.com/
node	353049800	https://www.rifugioferraro.com/
node	353049808	https://www.rifugiograndtournalin.com/en/
node	353049817	https://www.rifugiocuney.it/it/il-rifugio-barmasse/
node	353049828	https://www.caitorino.it/rifugi/nacamuli/
node	353081755	https://rifugio-champillon.it/
node	353082192	https://www.chaligne.com/
node	355336801	https://www.clubalpinoaccademico.it/index.php/bivacchi/item/138-bivacco-umberto-balestrieri
node	355336802	https://www.caitorino.it/rifugi/balzola/
node	355336810	https://www.clubalpinoaccademico.it/index.php/chi-siamo-2/bivacchi-2/item/139-bivacco-lorenzo-borelli
node	355336815	https://www.clubalpinoaccademico.it/index.php/news-2/item/275-nuovo-look-per-il-bivacco-canzio-al-colle-delle-grandes-jurasses
node	355336825	https://www.clubalpinoaccademico.it/index.php/chi-siamo-2/bivacchi-2/item/151-bivacco-lampugnani-grassi
node	355336830	https://www.clubalpinoaccademico.it/index.php/chi-siamo-2/bivacchi-2/item/140-bivacco-alberico-borgna
node	355336844	http://www.msmountain.it/aroundw/rifugi/bivacco_gastaldi.html
node	355336909	https://www.clubalpinoaccademico.it/index.php/chi-siamo-2/bivacchi-2/item/155-bivacco-tete-del-roeses
node	355336922	https://www.clubalpinoaccademico.it/index.php/chi-siamo-2/bivacchi-2/item/145-bivacco-de-la-sassa-ceresa
node	376506096	https://www.castorepolluce.com/
node	462097194	https://www.hotelmiage.it/
node	473203577	https://www.hcdc.it/
node	563311749	https://www.cavemontblanc.com/
node	666335350	http://www.hoteldufoyer.it/
node	846715830	https://www.lovevda.it/en/database/4/uffici-turistici/la-thuile/tourist-office-la-thuile/1780
node	847296482	http://www.museoscienze.it/
node	910361198	https://www.croixblanche.it/
node	925960688	http://www.hotelarmanac.it/
node	928209323	https://www.valdotain.it/
node	928228356	www.pizzeriaristoranteavalon.it
node	1019436474	https://www.albergodelponte.com
node	1194448827	https://www.fortedibard.it/musei/museo-delle-alpi/
node	1302104285	http://www.comune.brusson.ao.it/
node	1302202773	http://www.etoiledeneige.com/
node	1316237658	https://www.lovevda.it/it/banca-dati/8/castelli-e-torri/issogne/castello-di-issogne/980
node	1318720350	https://www.puntazerbion.com/
node	1326399991	http://www.fortedimachaby.it/index.php
node	1333701141	http://www.miravidi.com
node	1347556526	http://www.labaraka.it/
node	1374069421	https://bivacco-valpelline.nl/en/index.php
node	1407251340	https://www.rifugiofrassati.it/
node	1458864995	https://www.hotel-florian.it/
node	1494476032	www.lavecchiaposta.altervista.org
node	1496293138	https://www.relaisdufoyer.it/
node	1502683557	https://www.rifugiobarma.it/
node	1577018410	https://www.lovevda.it/it/banca-dati/8/castelli-e-torri/saint-oyen/chateau-verdun/767
node	1647213374	http://www.ristorantelafordze.com/
node	1647213412	http://www.lerascard.com/
node	1647213422	https://www.loriondet.it/
node	1666029174	http://www.rifugiosella.com/
node	1667631934	http://ciclilucchini.com/
node	1684761182	http://www.fioriepiantepaolaebruna.it
node	1710462750	https://presidi2.regione.vda.it/str_dataview_station/3600
node	1726970032	https://www.conad.it/ricerca-negozi/negozio.001338.html
node	1732839046	https://www.verres.polito.it/
node	1738582095	https://www.caseificioevancon.it/
node	1745155647	https://www.bertolin.com/
node	1745704319	https://www.clubalpinoaccademico.it/index.php/chi-siamo-2/bivacchi-2/item/154-bivacco-alessandro-martinotti
node	1746633413	https://www.fortedibard.it
node	1746633415	www.comune.bard.ao.it
node	1761440608	https://www.repower.com/it/dina/
node	1780403912	https://www.camperonline.it/area-di-sosta/Area-sosta-Fenis_3542
node	1842637090	https://www.hotelboutondor.it/
node	1874172884	https://www.lavachey.com/
node	1909898979	https://www.rifugiosella.com/
node	1917441244	https://www.rifugiosella.com/
node	1930450197	https://www.lovevda.it/it/banca-dati/22/posti-tappa-dortoir/pontboset/retempio/9005836
node	1988134627	https://www.hotelrendezvous.it/
node	1988134632	https://www.orientalbambu.com/
node	2009476687	http://www.montagneinvalledaosta.com/SITO/pagina_559_rif_biv_bivacco_pelissier/pagina_559.html
node	2035292433	http://www.albergocarla.it/
node	2133107010	https://www.trattoriadicampagna.it/
node	2138833321	https://farmacia-di-arvier-della-dottssa-luisa-alimentato.business.site/
node	2262972141	http://www.lamaisondugout.it
node	2349121564	https://www.ausl.vda.it
node	2349325258	https://presidi2.regione.vda.it/str_dataview_station/1040
node	2385643175	https://www.hotelmontvelan.com/
node	2387376837	https://www.vogliadicinema.it/
node	2422654083	https://www.poste.it
node	2435150140	https://ristorantelagrange.beepworld.it/
node	2497205569	http://www.cva-ao.it
node	2532408998	https://www.tivet.it/
node	2532532164	https://www.residencelesfleurs.it/
node	2537597478	https://www.eurocamping.it/
node	2538299307	https://www.monbijoudonnas.it/
node	2541651245	https://www.ristopizzasottosopra.com/contatti.aspx
node	2544568500	https://www.camperonline.it/area-di-sosta/C-o-Albergo-Conte-di-Challand_3543
node	2552144468	https://www.hotelcecchin.com/
node	2555409135	http://www.ristorantecaesar.it/
node	2556757331	https://www.muscato.it/
node	2556762450	www.fontinacoop.it
node	2556776805	http://www.ristoranteosteriadelloca.com/
node	2564261857	http://www.aquolinae.com/site/
node	2564279291	http://www.lareina.it/
node	2564532004	https://www.hotelexpressaosta.it/
node	2578588313	https://www1.agenziaentrate.gov.it/indirizzi/agenzia/uffici_locali/lista.htm?m=2&pr=AO
node	2681280865	https://www.lagrottaristorantecervinia.com/
node	2851956810	https://www.lobarba.it/
node	2893731434	https://www.albergoalpenrose.it/
node	2893773298	https://www.regione.vda.it/cultura/mostre_musei/musei/museo_beck_peccoz/default_i.asp
node	2900583662	https://www.anciensremedesjovencan.it/
node	2929942157	https://ianua.it/
node	3045389370	https://www.conad.it/ricerca-negozi/negozio.008258.html
node	3047007767	https://www.inail.it/
node	3047007768	https://www.inail.it/
node	3089037834	https://www.lievre.it/
node	3118298315	https://locanda-cervino.business.site/
node	3182559846	http://www.maisonlazier.it/
node	3264562216	http://www.comune.brusson.ao.it/
node	3264573191	https://www.lamaisondedolphe.com/
node	3264580264	http://www.labreny.it/
node	3290454779	https://www.rifugiochabod.com/
node	3342860813	https://www.ovs.it/
node	3342860814	https://www.ovs.it/
node	3350279489	https://www.alchimiemediali.it/
node	3377650402	www.hotelvalleedecogne.it
node	3398012736	https://www.chocolat-collomb.it/
node	3398012739	https://coppapanledahu.it/
node	3559296810	https://www.gruppoapi.com/ricerca-stazioni-servizio/station/42087
node	3583832842	https://www.comune.arnad.ao.it/
node	3644015515	www.residenceplanpincieux.it
node	3671946584	https://www.laviadelleterme.it/
node	3676280519	www.ilfieniledellanonna.it
node	3676281156	www.appartamenti-valledaosta.it
node	3696653187	www.guidecourmayeur.com
node	3696655630	https://www.lapadella.info/
node	3696664892	http://www.lagrottalathuile.com/
node	3773602216	https://alimentari-da-cindy-a-donnas-vda.business.site/?utm_source=gmb&utm_medium=referral
node	3865477959	https://www.hotellaghetto.it/
node	3914012330	https://www.inalto.org/it/schede/vette/monte_miracolo
node	3934389432	https://www.montecervinohotel.com/
node	4177869337	http://www.hotel-gressoney.it/
node	4193735406	https://www.residenceoberteil.it/
node	4197441958	https://www.hoteldufour.it/
node	4277997934	https://www.tesla.com/findus/location/supercharger/aostasupercharger
node	4365450437	http://www.lafermedugrandparadis.com
node	4373181405	http://www.hotelnotremaison.com
node	4377384691	https://biblio.regione.vda.it/biblioteche-sbv/Ch-tillon/
node	4377469956	https://carburanti.esso.it/it-it/find-station/esso-chatillon-essochatillon-100106437
node	4397541169	https://www.lamaisondefranco.it/
node	4467326863	https://www.stradeanas.it/
node	4508599147	https://www.vielunghevalledaosta.com/montjovet-via-forza-vecchio-cuore-granata/
node	4548989643	https://www.regione.vda.it/cultura/mostre_musei/musei/mar_aosta/default_i.aspx
node	4551098194	http://www.hotel-chardoney.com/
node	4655268889	https://www.facebook.com/pasticceriasable/
node	4655280799	https://www.facebook.com/Pro-Loco-Saint-Pierre-182808561853153/
node	4739990603	https://lonampio.com/
node	4774100601	https://www.hotellachancepila.it/
node	4787621984	https://www.weejay.com
node	4881923636	www.hotel-larocca.com
node	4921843722	https://mlabvda.it
node	4931460893	https://www.confreriedumoyenage.com/
node	4937462921	https://lonampio.com/
node	4937970021	https://cafequinson.it/
node	4970519067	https://cf.regione.vda.it/lista_stazioni.php
node	4970519068	https://cf.regione.vda.it/lista_stazioni.php
node	5004497338	https://www.facebook.com/ostemarcel
node	5034579663	https://www.carrefour.it/punti-vendita/carrefour-express-charvensod-frazione-pont-suaz-53-4426.html
node	5048502927	https://www.clubesse.it/strutture/hotel-pila-2000-vacanza-neve-val-d-aosta/
node	5048502949	https://www.hoteldellanouva.it/
node	5111206399	https://www.puburger.it/
node	5111206405	https://www.lartisana.vda.it/aosta
node	5111206410	http://atelierbalan.com/
node	5111206414	https://www.ristorantesociete.it/
node	5111206419	http://www.osterianando.com/
node	5111206425	https://www.labottegadegliantichisapori.com/
node	5111206427	https://www.adforum-enoteca.com/
node	5111206430	https://breakhouse.it/
node	5111206432	http://www.ilborgoantico.eu/
node	5111206434	http://www.saint-vout.com/it/saint-vout-cafe-oenotheque-fromagerie-produits-du-terroir/
node	5111206444	https://www.chocolataosta.com/
node	5143203606	http://thewishingwellaosta.com/
node	5143336345	https://www.trattoriapraetoria.it/
node	5143336352	https://www.giannettistore.it/it/
node	5145342887	https://ristoranteilgirasoleaosta.it/
node	5150041467	https://www.associazioneartistivaldostani.it/
node	5150041486	https://aldentetrattoriaaosta.com/
node	5200624321	http://www.ristorantelaterrazza.com/courmayeur/sito-it-8.html
node	5202056194	https://www.lebaravin.it/
node	5270785222	https://www.astoriacervinia.com/
node	5307971623	https://www.alperebelle.com
node	5344574738	https://www.lafeniceaosta.it/
node	5351240120	http://www.chambresdamis.eu
node	5459687621	https://www.luvaeunquarto.it/
node	5459687821	http://www.lavineria-aosta.it/
node	5469217426	http://www.coopindaco.it/
node	5495602922	https://levieuxpommier.it/courmayeur/sito-it-8.html
node	5523734363	https://www.comune.valtournenche.ao.it/
node	5525725624	http://www.letoileduberger.it/
node	5564658154	http://www.mandoue.it/
node	5660716857	www.pattalibra.it
node	5661487345	www.pattalibra.it
node	5738235577	https://www.aostafarmacie.it/farmacia-via-c-alberto-dalla-chiesa/
node	6034013574	https://www.ilcervino.com/
node	6048531360	http://www.bivaccomorion.com
node	6056705566	https://www.adm.gov.it/portale/-/ufficio-delle-dogane-di-aosta
node	6293634783	www.leverger.it
node	6435894786	https://aosta.arriva.it/
node	6511268366	www.ilnoceelastrega.it
node	6551074134	https://www.lovevda.it/it/banca-dati/8/archeologia/aosta/area-funeraria-fuori-porta-decumana/1349
node	6565047377	https://www.dandelionlapalud.com/
node	6682978740	https://www.poste.it/
node	6699595829	https://aosta.arriva.it/
node	6699628417	https://www.unicredit.it/it/contatti-e-agenzie/lista-agenzie/ao/breuil-cervinia-valtournenche/valtournenche-breuil-cervinia-ag00821.html
node	6707523516	https://www.lagranbeccacervinia.it/
node	6715607019	https://www.comune.morgex.ao.it/
node	6722818391	https://chateaufeuillet.it/
node	6780744588	http://www.lecadransolaire.it
node	6803006964	https://www1.agenziaentrate.gov.it/indirizzi/agenzia/uffici_locali/lista.htm?m=2&pr=AO
node	6893283210	https://campzero.com
node	6936026990	https://www.hotelbellepoqueaosta.it/
node	7055451285	https://www.maisonconstance.eu
node	7288825830	https://lofleye.it/
node	7404634041	https://www.prosciuttificiodebosses-aosta.it/
node	7409076765	https://www.facebook.com/pages/category/Italian-Restaurant/Retr%C3%B3-Gusto-236123860675095/
node	7409720604	http://www.antichisaporihone.it/
node	7416548654	https://www.fenat.net/
node	7742091647	https://www.cogneturismo.it/ospitalita.asp?id=17&cat=15&l=1&n=68&p=2
node	7784835490	https://www.bblaluna.it/
node	7840706450	https://www.rifugiograuson.it/
node	7900639885	https://www.cogneturismo.it/ospitalita.asp?id=18&cat=11&l=1&n=66&p=1
node	8108975517	https://www.lazybee.it/
node	8118527814	https://gerolina.it
node	8235617510	http://www.caichatillon.it
node	8235734591	http://aosta.caivda.it
node	8659272207	https://essepiu-soluzioni.com
node	8741993556	https://www.comune.brissogne.ao.it/vivere-il-territorio/informazioni-utili/bivacco-menabreaz
node	8948251439	https://www.lovevda.it/it/banca-dati/4/aziende-formaggi/morgex/caseificio-cooperativa-valdigne-mont-blanc/1402
node	8948251450	https://www.hotelmontagnards.com/
node	8948251473	https://sciclubvaldignemb.altervista.org
node	8955169068	http://www.pizzeriaetoile.com/
node	8960825303	https://www.alpinerooms.com/
node	9014410293	https://www.locandadelleminiere.it/
node	9019013823	https://www.locandadelleminiere.it/it/
node	9019900260	https://www.onlyski.eu/
node	9035495717	https://www.lopanner.it/
node	9039023768	http://www.giasson.it/
node	9039023769	https://pizzalabarma.business.site/
node	9043773118	http://maisonlasaxe.it
node	9142558876	https://tanadellavolpe.nl/
node	9193709471	https://www.scuolascichamois.it/
node	9205360734	https://ivies.cogeis.it/
node	9241324442	https://www.chezannie.it/
node	9261538511	https://www.hotelaigle.it/
node	9343584916	https://www.cafferuitor2aosta.it/
node	9371240100	http://www.partitodemocraticodellavalledaosta.it/
node	9391437343	https://www.quendozaosta.it/
node	9392953101	https://www.castellogamba.vda.it/
node	9399286093	https://www.lapalud.it/
node	9428301575	https://aostabikecenter.com/
node	9462572536	https://ionity.eu/
node	9500979301	https://www.laborettaz.it
node	9524715961	https://www.bec.energy/
node	9573037565	http://www.lerevecharmant.com/
node	9575021583	https://it.m.wikipedia.org/wiki/Villaggio_dei_Salassi_della_Cime_noire
node	9585487949	https://www.thun.com/it_it/pointofsale/ao/aosta/via-s-anselmo-8
node	9587630270	https://www.ginantonic.com/
node	9588041290	https://www.la-grenette.it/
node	9588069622	https://www.hostariadelcalvino.it/
node	9605022512	https://www.lesgourmetsaosta.it/
node	9605236343	https://stefenellidesk.com/
node	9605272588	https://ristorantevecchioristoro.it/
node	9638366052	https://www.hbaostahotel.com/
node	9661750840	https://www.repower.com/it/dina/
node	9661750841	https://www.repower.com/it/dina/
node	9729678304	https://www.lovevda.it/it/banca-dati/7/bivacchi/la-salle/bivacco-cosimo-zappelli/3138
node	9897665465	https://www.univda.it/servizi/biblioteca/
node	9920764453	http://rafting.it/
node	9931726128	https://www.lasapiniere.it/
node	9968472200	https://www.repower.com/it/dina/
node	9970850964	https://www.repower.com/it/dina/
node	9970895099	https://www.repower.com/it/dina/
node	9970898910	https://www.repower.com/it/dina/
node	10006149532	https://langolinodibonny.it/
node	10009106270	https://histoiredebornes.ch
node	10009106271	https://histoiredebornes.ch
node	10009128933	https://www.randonneurmb.com/ristorante
node	10013781046	https://www.grandcombin.vda.it
node	10076371041	https://www.cogne.com/
node	10229318541	https://www.airbnb.it/rooms/51124758
node	10230965814	https://www.facebook.com/AuPotagerNicoletta/
node	10230983538	https://www.biscottisenzaglutine-aosta.it
node	10231002528	https://eriktognan.it
node	10231002616	http://www.ambientegrumei.it
node	10571434281	https://ionity.eu/
node	10571434282	https://ionity.eu/
node	10571434283	https://ionity.eu/
node	10571434284	https://ionity.eu/
node	10571434285	https://ionity.eu/
node	10665298576	https://presidi2.regione.vda.it/str_dataview_station/1080
node	10704457716	https://www.caiverres.it/
node	10709257851	https://www.cerviniaski.com/
node	10709279050	https://www.ivodelbrallo.it/
node	10709279051	https://www.heliskicervinia.com/
node	10709294814	http://www.alsolitopostocervinia.it/
node	10721254665	https://www.rifugiolilla.it/
node	10726017734	https://www.onlyski.eu/winter/onlyski-express/
node	10726017735	https://www.onlyski.eu/winter/onlyski-planibel/
node	10726017736	https://berthodsport.it
node	10875502005	https://www.helimontblanc.it/
node	10992018505	https://www.innaosta.com/fr/appartements-de-vacances-au-centre-daoste/appartement-dune-piece-dans-le-centre-daoste/
node	10994949531	https://www.repower.com/it/dina/
node	10996620494	https://www.repower.com/it/dina/
node	11006230735	http://www.comune.brusson.ao.it/
node	11013741832	https://www.repower.com/it/la-mobilita-elettrica/
node	11020154248	https://theplace.bike
node	11076667605	https://www.labridesamis.it/
node	11097141736	https://cofruits.it
node	11107427505	https://www.rifugiomontfallere.it/2023/
node	11107564552	https://www.trattoriailboccio.com/
node	11185779787	https://trattorialalanterna.com/
node	11196283938	https://cofruits.it
node	11196283940	https://www.fontina-valledaosta.it/
node	11202298421	https://www.repower.com/it/dina/
node	11227977959	https://www.hotelmonteemilius.com/
node	11247696490	https://www.campeggioduparc.com/
node	11253391257	http://maisondunoyer.com/
node	11333524652	https://www.lebouquetaosta.it/
node	11350961345	https://www.repower.com/it/dina/
node	11350982873	https://www.repower.com/it/dina/
node	11374126360	http://www.bb-montmars.com
node	11381226128	https://fondoambiente.it/luoghi/frazione-cretaz?ldc
node	11405487051	https://www.pitstopcervinia.it
node	11457611069	http://Www.helimontblanc.it
node	11466345381	https://www.tally-weijl.com/it_IT/
node	11466369682	https://www.calzedonia.com/
node	11542461094	https://www.weejay.com
node	11577647730	https://www.lesplaisirsdantan.com
node	12041288969	https://heroebike.com/
node	12068341636	https://ebike.bikesquare.eu/ita/valle-aosta
node	12082310091	https://www.sushifanaosta.it/
node	12082835251	https://lastazionedellacqua.it/
node	12084950055	https://cabernetvoltaire.wine/
node	12084950058	https://alpaninoaosta.com/
node	12084950066	https://www.zenzero.rest/
node	12098866558	https://histoiredebornes.ch
node	12103096774	https://www.pellissiersport.it/
node	12104714341	https://www.naturalys.it/
node	12144588288	https://www.regione.vda.it/cultura/patrimonio/siti_archeologici/news/eteley_2019_i.aspx
node	12169889645	https://www.biobottega.com/
node	12216256084	https://www.repower.com/it/la-mobilita-elettrica/
node	12216274093	https://www.repower.com/it/dina/
way	27264184	https://www.ravspa.it/index.php?option=com_content&view=article&id=5&Itemid=13
way	27264185	https://www.ravspa.it/index.php?option=com_content&view=article&id=5&Itemid=13
way	27264187	https://www.ravspa.it/index.php?option=com_content&view=article&id=5&Itemid=13
way	27264188	https://www.ravspa.it/index.php?option=com_content&view=article&id=5&Itemid=13
way	27264189	https://www.ravspa.it/index.php?option=com_content&view=article&id=5&Itemid=13
way	27264190	https://www.ravspa.it/index.php?option=com_content&view=article&id=5&Itemid=13
way	27264192	https://www.ravspa.it/index.php?option=com_content&view=article&id=5&Itemid=13
way	27264193	https://www.ravspa.it/index.php?option=com_content&view=article&id=5&Itemid=13
way	27264196	https://www.ravspa.it/index.php?option=com_content&view=article&id=5&Itemid=13
way	27264197	https://www.ravspa.it/index.php?option=com_content&view=article&id=5&Itemid=13
way	27264198	https://www.ravspa.it/index.php?option=com_content&view=article&id=5&Itemid=13
way	27264201	https://www.ravspa.it/index.php?option=com_content&view=article&id=5&Itemid=13
way	27264202	https://www.ravspa.it/index.php?option=com_content&view=article&id=5&Itemid=13
way	27264203	https://www.ravspa.it/index.php?option=com_content&view=article&id=5&Itemid=13
way	27264204	https://www.ravspa.it/index.php?option=com_content&view=article&id=5&Itemid=13
way	27264205	https://www.ravspa.it/index.php?option=com_content&view=article&id=5&Itemid=13
way	27264207	https://www.ravspa.it/index.php?option=com_content&view=article&id=5&Itemid=13
way	27264208	https://www.ravspa.it/index.php?option=com_content&view=article&id=5&Itemid=13
way	27264209	https://www.ravspa.it/index.php?option=com_content&view=article&id=5&Itemid=13
way	27264210	https://www.ravspa.it/index.php?option=com_content&view=article&id=5&Itemid=13
way	27264212	https://www.ravspa.it/index.php?option=com_content&view=article&id=5&Itemid=13
way	27264214	https://www.ravspa.it/index.php?option=com_content&view=article&id=5&Itemid=13
way	27264216	https://www.ravspa.it/index.php?option=com_content&view=article&id=5&Itemid=13
way	27264217	https://www.ravspa.it/index.php?option=com_content&view=article&id=5&Itemid=13
way	27264218	https://www.ravspa.it/index.php?option=com_content&view=article&id=5&Itemid=13
way	27264219	https://www.ravspa.it/index.php?option=com_content&view=article&id=5&Itemid=13
way	27264220	https://www.ravspa.it/index.php?option=com_content&view=article&id=5&Itemid=13
way	27264221	https://www.ravspa.it/index.php?option=com_content&view=article&id=5&Itemid=13
way	27264245	https://www.ravspa.it/index.php?option=com_content&view=article&id=5&Itemid=13
way	27511365	https://www.ravspa.it/index.php?option=com_content&view=article&id=5&Itemid=13
way	27511378	https://www.ravspa.it/index.php?option=com_content&view=article&id=5&Itemid=13
way	27511389	https://www.ravspa.it/index.php?option=com_content&view=article&id=5&Itemid=13
way	27518978	https://www.ravspa.it/index.php?option=com_content&view=article&id=5&Itemid=13
way	27519018	https://www.ravspa.it/index.php?option=com_content&view=article&id=5&Itemid=13
way	27519069	https://www.ravspa.it/index.php?option=com_content&view=article&id=5&Itemid=13
way	27519264	https://www.ravspa.it/index.php?option=com_content&view=article&id=5&Itemid=13
way	27835594	https://www.ravspa.it/index.php?option=com_content&view=article&id=5&Itemid=13
way	27840049	https://www.ravspa.it/index.php?option=com_content&view=article&id=5&Itemid=13
way	27840053	https://www.ravspa.it/index.php?option=com_content&view=article&id=5&Itemid=13
way	27840058	https://www.ravspa.it/index.php?option=com_content&view=article&id=5&Itemid=13
way	27840062	https://www.ravspa.it/index.php?option=com_content&view=article&id=5&Itemid=13
way	45147901	https://www.pila.it
way	45409595	https://www.visitmonterosa.com/
way	45409596	https://www.visitmonterosa.com/
way	58526794	https://www.rifugiovittorioemanuele.com
way	59047975	https://www.ravspa.it/index.php?option=com_content&view=article&id=5&Itemid=13
way	59047976	https://www.ravspa.it/index.php?option=com_content&view=article&id=5&Itemid=13
way	59047980	https://www.ravspa.it/index.php?option=com_content&view=article&id=5&Itemid=13
way	59047982	https://www.ravspa.it/index.php?option=com_content&view=article&id=5&Itemid=13
way	60360487	http://www.valverdehotel.it/
way	60798744	https://www.rifugioelisabetta.com/
way	65177722	https://www.camperonline.it/cogne.htm
way	71170701	https://www.lovevda.it/it/banca-dati/8/architettura-romana/aymavilles/il-ponte-acquedotto-romano-di-pont-d-ael/852
way	73024728	http://www.azzurra-camper.com/
way	77455428	http://www.rifugiogonella.com/
way	77697399	https://www.campinghobo.com
way	79808464	https://www.camperonline.it/area-di-sosta/Area-sosta-Saint-Denis_6449
way	80035142	https://www.camperonline.it/area_di_sosta_dettaglio.asp?ID
way	80039108	https://www.camperonline.it/area_di_sosta_dettaglio.asp?ID=6704
way	82298005	https://www.lovevda.it/it/banca-dati/8/archeologia/aosta/area-megalitica-di-saint-martin-de-corleans-museo-e-parco-archeologico/751
way	83107080	https://www.ravspa.it/index.php?option=com_content&view=article&id=5&Itemid=13
way	83107082	https://www.ravspa.it/index.php?option=com_content&view=article&id=5&Itemid=13
way	83107085	https://www.ravspa.it/index.php?option=com_content&view=article&id=5&Itemid=13
way	83107086	https://www.ravspa.it/index.php?option=com_content&view=article&id=5&Itemid=13
way	83107090	https://www.ravspa.it/index.php?option=com_content&view=article&id=5&Itemid=13
way	83107097	https://www.ravspa.it/index.php?option=com_content&view=article&id=5&Itemid=13
way	83107098	https://www.ravspa.it/index.php?option=com_content&view=article&id=5&Itemid=13
way	83107100	https://www.ravspa.it/index.php?option=com_content&view=article&id=5&Itemid=13
way	84837578	https://www.ravspa.it/index.php?option=com_content&view=article&id=5&Itemid=13
way	84837580	https://www.ravspa.it/index.php?option=com_content&view=article&id=5&Itemid=13
way	84837595	https://www.ravspa.it/index.php?option=com_content&view=article&id=5&Itemid=13
way	84837597	https://www.ravspa.it/index.php?option=com_content&view=article&id=5&Itemid=13
way	84837634	https://www.ravspa.it/index.php?option=com_content&view=article&id=5&Itemid=13
way	84867027	https://www.camperonline.it/tschaval.htm
way	84959285	https://www.ravspa.it/index.php?option=com_content&view=article&id=5&Itemid=13
way	84959286	https://www.ravspa.it/index.php?option=com_content&view=article&id=5&Itemid=13
way	84959287	https://www.ravspa.it/index.php?option=com_content&view=article&id=5&Itemid=13
way	84959288	https://www.ravspa.it/index.php?option=com_content&view=article&id=5&Itemid=13
way	84959289	https://www.ravspa.it/index.php?option=com_content&view=article&id=5&Itemid=13
way	84959290	https://www.ravspa.it/index.php?option=com_content&view=article&id=5&Itemid=13
way	84959291	https://www.ravspa.it/index.php?option=com_content&view=article&id=5&Itemid=13
way	84959292	https://www.ravspa.it/index.php?option=com_content&view=article&id=5&Itemid=13
way	84959293	https://www.ravspa.it/index.php?option=com_content&view=article&id=5&Itemid=13
way	84959294	https://www.ravspa.it/index.php?option=com_content&view=article&id=5&Itemid=13
way	84959298	https://www.ravspa.it/index.php?option=com_content&view=article&id=5&Itemid=13
way	84959299	https://www.ravspa.it/index.php?option=com_content&view=article&id=5&Itemid=13
way	84959300	https://www.ravspa.it/index.php?option=com_content&view=article&id=5&Itemid=13
way	84959301	https://www.ravspa.it/index.php?option=com_content&view=article&id=5&Itemid=13
way	84959302	https://www.ravspa.it/index.php?option=com_content&view=article&id=5&Itemid=13
way	84959303	https://www.ravspa.it/index.php?option=com_content&view=article&id=5&Itemid=13
way	84959304	https://www.ravspa.it/index.php?option=com_content&view=article&id=5&Itemid=13
way	84959309	https://www.ravspa.it/index.php?option=com_content&view=article&id=5&Itemid=13
way	84959311	https://www.ravspa.it/index.php?option=com_content&view=article&id=5&Itemid=13
way	84959313	https://www.ravspa.it/index.php?option=com_content&view=article&id=5&Itemid=13
way	84959315	https://www.ravspa.it/index.php?option=com_content&view=article&id=5&Itemid=13
way	84959316	https://www.ravspa.it/index.php?option=com_content&view=article&id=5&Itemid=13
way	84959317	https://www.ravspa.it/index.php?option=com_content&view=article&id=5&Itemid=13
way	84959321	https://www.ravspa.it/index.php?option=com_content&view=article&id=5&Itemid=13
way	84959322	https://www.ravspa.it/index.php?option=com_content&view=article&id=5&Itemid=13
way	84959324	https://www.ravspa.it/index.php?option=com_content&view=article&id=5&Itemid=13
way	84959325	https://www.ravspa.it/index.php?option=com_content&view=article&id=5&Itemid=13
way	84959328	https://www.ravspa.it/index.php?option=com_content&view=article&id=5&Itemid=13
way	84959331	https://www.ravspa.it/index.php?option=com_content&view=article&id=5&Itemid=13
way	84959333	https://www.ravspa.it/index.php?option=com_content&view=article&id=5&Itemid=13
way	84959335	https://www.ravspa.it/index.php?option=com_content&view=article&id=5&Itemid=13
way	84959339	https://www.ravspa.it/index.php?option=com_content&view=article&id=5&Itemid=13
way	84959341	https://www.ravspa.it/index.php?option=com_content&view=article&id=5&Itemid=13
way	84959342	https://www.ravspa.it/index.php?option=com_content&view=article&id=5&Itemid=13
way	84959346	https://www.ravspa.it/index.php?option=com_content&view=article&id=5&Itemid=13
way	84959355	https://www.ravspa.it/index.php?option=com_content&view=article&id=5&Itemid=13
way	84960928	https://www.ravspa.it/index.php?option=com_content&view=article&id=5&Itemid=13
way	84960930	https://www.ravspa.it/index.php?option=com_content&view=article&id=5&Itemid=13
way	84960931	https://www.ravspa.it/index.php?option=com_content&view=article&id=5&Itemid=13
way	84960936	https://www.ravspa.it/index.php?option=com_content&view=article&id=5&Itemid=13
way	84960938	https://www.ravspa.it/index.php?option=com_content&view=article&id=5&Itemid=13
way	84960945	https://www.ravspa.it/index.php?option=com_content&view=article&id=5&Itemid=13
way	84960946	https://www.ravspa.it/index.php?option=com_content&view=article&id=5&Itemid=13
way	84960959	https://www.ravspa.it/index.php?option=com_content&view=article&id=5&Itemid=13
way	84960960	https://www.ravspa.it/index.php?option=com_content&view=article&id=5&Itemid=13
way	84960963	https://www.ravspa.it/index.php?option=com_content&view=article&id=5&Itemid=13
way	84962842	https://www.ravspa.it/index.php?option=com_content&view=article&id=5&Itemid=13
way	84962843	https://www.ravspa.it/index.php?option=com_content&view=article&id=5&Itemid=13
way	84962845	https://www.ravspa.it/index.php?option=com_content&view=article&id=5&Itemid=13
way	84962846	https://www.ravspa.it/index.php?option=com_content&view=article&id=5&Itemid=13
way	84962847	https://www.ravspa.it/index.php?option=com_content&view=article&id=5&Itemid=13
way	84962848	https://www.ravspa.it/index.php?option=com_content&view=article&id=5&Itemid=13
way	84962850	https://www.ravspa.it/index.php?option=com_content&view=article&id=5&Itemid=13
way	84962851	https://www.ravspa.it/index.php?option=com_content&view=article&id=5&Itemid=13
way	84962852	https://www.ravspa.it/index.php?option=com_content&view=article&id=5&Itemid=13
way	84962855	https://www.ravspa.it/index.php?option=com_content&view=article&id=5&Itemid=13
way	84962856	https://www.ravspa.it/index.php?option=com_content&view=article&id=5&Itemid=13
way	84962857	https://www.ravspa.it/index.php?option=com_content&view=article&id=5&Itemid=13
way	84962859	https://www.ravspa.it/index.php?option=com_content&view=article&id=5&Itemid=13
way	84962861	https://www.ravspa.it/index.php?option=com_content&view=article&id=5&Itemid=13
way	84962862	https://www.ravspa.it/index.php?option=com_content&view=article&id=5&Itemid=13
way	84962864	https://www.ravspa.it/index.php?option=com_content&view=article&id=5&Itemid=13
way	84962866	https://www.ravspa.it/index.php?option=com_content&view=article&id=5&Itemid=13
way	84962868	https://www.ravspa.it/index.php?option=com_content&view=article&id=5&Itemid=13
way	84962869	https://www.ravspa.it/index.php?option=com_content&view=article&id=5&Itemid=13
way	84962870	https://www.ravspa.it/index.php?option=com_content&view=article&id=5&Itemid=13
way	84962872	https://www.ravspa.it/index.php?option=com_content&view=article&id=5&Itemid=13
way	84962873	https://www.ravspa.it/index.php?option=com_content&view=article&id=5&Itemid=13
way	84962883	https://www.ravspa.it/index.php?option=com_content&view=article&id=5&Itemid=13
way	84962886	https://www.ravspa.it/index.php?option=com_content&view=article&id=5&Itemid=13
way	84962888	https://www.ravspa.it/index.php?option=com_content&view=article&id=5&Itemid=13
way	84962889	https://www.ravspa.it/index.php?option=com_content&view=article&id=5&Itemid=13
way	84962890	https://www.ravspa.it/index.php?option=com_content&view=article&id=5&Itemid=13
way	84962891	https://www.ravspa.it/index.php?option=com_content&view=article&id=5&Itemid=13
way	84962892	https://www.ravspa.it/index.php?option=com_content&view=article&id=5&Itemid=13
way	84962893	https://www.ravspa.it/index.php?option=com_content&view=article&id=5&Itemid=13
way	84962894	https://www.ravspa.it/index.php?option=com_content&view=article&id=5&Itemid=13
way	84962895	https://www.ravspa.it/index.php?option=com_content&view=article&id=5&Itemid=13
way	84962896	https://www.ravspa.it/index.php?option=com_content&view=article&id=5&Itemid=13
way	84963120	https://www.ravspa.it/index.php?option=com_content&view=article&id=5&Itemid=13
way	95633775	https://www.ravspa.it/index.php?option=com_content&view=article&id=5&Itemid=13
way	95633776	https://www.ravspa.it/index.php?option=com_content&view=article&id=5&Itemid=13
way	95633778	https://www.ravspa.it/index.php?option=com_content&view=article&id=5&Itemid=13
way	95633783	https://www.ravspa.it/index.php?option=com_content&view=article&id=5&Itemid=13
way	96733881	https://www.ravspa.it/index.php?option=com_content&view=article&id=5&Itemid=13
way	96734008	https://www.ravspa.it/index.php?option=com_content&view=article&id=5&Itemid=13
way	96734101	https://www.ravspa.it/index.php?option=com_content&view=article&id=5&Itemid=13
way	96734503	https://www.ravspa.it/index.php?option=com_content&view=article&id=5&Itemid=13
way	96753408	https://www.ravspa.it/index.php?option=com_content&view=article&id=5&Itemid=13
way	96753411	https://www.ravspa.it/index.php?option=com_content&view=article&id=5&Itemid=13
way	96753417	https://www.ravspa.it/index.php?option=com_content&view=article&id=5&Itemid=13
way	96753424	https://www.ravspa.it/index.php?option=com_content&view=article&id=5&Itemid=13
way	96753425	https://www.ravspa.it/index.php?option=com_content&view=article&id=5&Itemid=13
way	96753426	https://www.ravspa.it/index.php?option=com_content&view=article&id=5&Itemid=13
way	96754431	https://www.ravspa.it/index.php?option=com_content&view=article&id=5&Itemid=13
way	96754434	https://www.ravspa.it/index.php?option=com_content&view=article&id=5&Itemid=13
way	96754436	https://www.ravspa.it/index.php?option=com_content&view=article&id=5&Itemid=13
way	96754440	https://www.ravspa.it/index.php?option=com_content&view=article&id=5&Itemid=13
way	96754442	https://www.ravspa.it/index.php?option=com_content&view=article&id=5&Itemid=13
way	96754443	https://www.ravspa.it/index.php?option=com_content&view=article&id=5&Itemid=13
way	96754444	https://www.ravspa.it/index.php?option=com_content&view=article&id=5&Itemid=13
way	96754445	https://www.ravspa.it/index.php?option=com_content&view=article&id=5&Itemid=13
way	96757214	https://www.ravspa.it/index.php?option=com_content&view=article&id=5&Itemid=13
way	96757216	https://www.ravspa.it/index.php?option=com_content&view=article&id=5&Itemid=13
way	97469704	https://www.ravspa.it/index.php?option=com_content&view=article&id=5&Itemid=13
way	97469747	https://www.ravspa.it/index.php?option=com_content&view=article&id=5&Itemid=13
way	112655886	https://www.lovevda.it/it/banca-dati/7/itinerari-dello-spirito/nus/porliod-santuario-di-cuney/2869
way	112844113	http://www.lesrefuges.it/it/rifugi/fond.html
way	113803178	https://www.maisoncly.it/it/baita-fontana-freida-cucina-tipica-chamois
way	114380401	https://www.planetmountain.com/rock/falesie/falesia.html?idfalesia=81
way	115873554	https://www.oavda.it/
way	116870192	https://www.ravspa.it/index.php?option=com_content&view=article&id=5&Itemid=13
way	116870194	https://www.ravspa.it/index.php?option=com_content&view=article&id=5&Itemid=13
way	117702395	http://campingmonterosa.altervista.org
way	118079558	https://www.lovevda.it/it/banca-dati/8/castelli-e-torri/verres/castello-di-verres/864
way	119555456	https://www.lovevda.it/it/banca-dati/8/architettura-romana/aosta/teatro-romano/736
way	120556374	https://www.lovevda.it/it/banca-dati/8/castelli-e-torri/chatillon/castello-di-ussel/809
way	120778625	https://www.campingmargherita.com/
way	125499916	https://www.ravspa.it/index.php?option=com_content&view=article&id=5&Itemid=13
way	125499917	https://www.ravspa.it/index.php?option=com_content&view=article&id=5&Itemid=13
way	125499918	https://www.ravspa.it/index.php?option=com_content&view=article&id=5&Itemid=13
way	125499919	https://www.ravspa.it/index.php?option=com_content&view=article&id=5&Itemid=13
way	128083903	https://www.ravspa.it/index.php?option=com_content&view=article&id=5&Itemid=13
way	129790073	https://loumayendelene.wixsite.com/dortoir
way	130763339	https://www.sognodiberze.it/fr/
way	130854538	http://www.giasson.it/
way	130879230	https://www.clubalpinoaccademico.it/index.php/chi-siamo-2/bivacchi-2/item/137-bivacco-antoldi-malvezzi
way	131413425	http://www.rifugiodellemarmotte.it
way	131601693	https://www.comune.fenis.ao.it/cfe/index.cfm/il-bivacco-egidio-borroz.html
way	131643328	https://www.biancospinointrod.com/
way	131662229	https://www.rifugiobezzi.com/
way	131721336	https://www.rifugioepee.com/
way	134128367	https://www.ravspa.it/index.php?option=com_content&view=article&id=5&Itemid=13
way	134128368	https://www.ravspa.it/index.php?option=com_content&view=article&id=5&Itemid=13
way	134128370	https://www.ravspa.it/index.php?option=com_content&view=article&id=5&Itemid=13
way	134128372	https://www.ravspa.it/index.php?option=com_content&view=article&id=5&Itemid=13
way	134128374	https://www.ravspa.it/index.php?option=com_content&view=article&id=5&Itemid=13
way	134128377	https://www.ravspa.it/index.php?option=com_content&view=article&id=5&Itemid=13
way	134128380	https://www.ravspa.it/index.php?option=com_content&view=article&id=5&Itemid=13
way	134128383	https://www.ravspa.it/index.php?option=com_content&view=article&id=5&Itemid=13
way	136187621	http://www.rifugiodeffeyes.it/
way	136209069	https://www.scuolascilathuile.it/
way	136209109	https://www.facebook.com/laclotze/
way	136403177	https://www.relaisdufoyer.it/
way	136405945	https://www.ravspa.it/index.php?option=com_content&view=article&id=5&Itemid=13
way	137043082	https://www.rifugioarbolle.it/
way	137043135	https://www.regione.vda.it/notizieansa/details_i.asp?id=53930
way	137085118	https://www.geatcaitorino.it/bivacco-franco-nebbia-2740-m/
way	143213679	https://www.maisondubonmegnadzo.com
way	145518348	https://www.lovevda.it/it/banca-dati/8/chiese-e-santuari/etroubles/chiesa-parrocchiale-di-santa-maria-assunta/771
way	146851840	https://www.chezduclos.com/
way	147172024	https://www.rifugiobenevolo.com/
way	147187152	http://bivaccolucareboulaz.weebly.com/
way	147428209	https://www.caimondovi.it/bivacco-comino/
way	147548048	http://www.hibouprojet.it
way	147709782	http://www.tronchey.com/
way	147709783	https://www.grandesjorasses.com/
way	147947893	https://www.areasostaitalia.it/index.php?IdAreaS=438
way	147963958	https://www.baitacourmayeur.it
way	147963963	http://www.rifugiobertone.it/wp/it/home/
way	148212583	https://www.rifugiotorino.com/
way	148214318	https://www.lovevda.it/it/banca-dati/8/chiese-e-santuari/courmayeur/santuario-di-notre-dame-de-guerison/931
way	148457255	https://www.caitorino.it/rifugi/quintino-sella/
way	148457258	https://www.giovanemontagna.org/rifugio.asp?n=Bivacco%20Gino%20Rainetto&id=10
way	148853663	https://www.comune.lasalle.ao.it/
way	149862628	http://www.rifugimonterosa.it/
way	151275029	https://www.lartisana.vda.it/
way	153360856	https://www.scuolascilathuile.it/
way	156139764	https://www.caitorino.it/rifugi/leonessa/
way	156568141	https://www.ravspa.it/index.php?option=com_content&view=article&id=5&Itemid=13
way	158823486	https://www.campingalsole.com/
way	160581760	https://carpediemverres.it/
way	160843182	https://www.walserhotel.com/
way	160843200	https://www.lovevda.it/it/banca-dati/8/chiese-e-santuari/courmayeur/chiesa-parrocchiale-dei-santi-pantaleone-e-valentino/930
way	160843214	http://www.hotelcentralecourmayeur.com/en/
way	160843228	http://www.hotelcroux.it/
way	160891040	https://www.lemassifcourmayeur.com
way	160891082	pizzeriadutunnel.it
way	160977653	https://ih-hotels.com/it/i-nostri-aberghi/ih-hotels-courmayeur-mont-blanc-resort.html
way	160998408	https://www.hotelsvizzero.com/
way	161265126	https://www.edildueci.com/
way	161265133	https://www.comune.villeneuve.ao.it/
way	161265167	https://cofruits.it/
way	161438620	https://www.ravspa.it/index.php?option=com_content&view=article&id=5&Itemid=13
way	161482858	https://www.pilierdangle.it/
way	161490602	https://www.golfcourmayeur.it/
way	161659703	https://www.poste.it
way	161681506	https://www.lovevda.it/it/banca-dati/8/castelli-e-torri/sarre/castello-reale-di-sarre/1131
way	162024412	https://www.ristorantecinese-panda.it/
way	162181883	http://www.webdiocesi.chiesacattolica.it/pls/cci_dioc_new/v3_s2ew_consultazione.mostra_pagina?id_pagina=1173
way	162205785	http://www.groscidac.com/
way	162219039	http://www.birrificio63.it
way	162259412	https://cattedraleaosta.it/it/
way	162259957	http://www.mamajapaneserestaurant.com/
way	162621698	https://www.tegoleria.com/
way	163034014	www.hotelmochettaz.it
way	163316242	https://www.ristopizzasottosopra.com/
way	163316294	https://www.hoteldianaaosta.com/index.php/it/
way	163316311	https://www.campinglesiles.com/campeggio/index.cfm/ristorante-pizzeria.html
way	164765085	https://www.comune.saintdenis.ao.it/turismo/territorio/il-castello-di-cly
way	165261857	https://www.castellogamba.vda.it/
way	165276195	https://www.arrampicatainvalledaosta.it/4_alessio-garofalo-e-laurent-bosonetto-con-la-falesia-di-ivery/
way	165354919	http://www.cva-ao.it
way	165355030	https://www.conad.it/ricerca-negozi/negozio.008291.html
way	166369985	https://hotelfurggen.com/
way	166437959	https://hotelhermitage.com/en/
way	166509032	https://www.etoiledunord.it/
way	167067121	https://www.ghcervino.it/
way	167067130	https://www.chaletvaldotain.it/
way	167073447	https://salesianirebaudengo.it/casa-per-ferie/
way	168533327	https://www.montazalpinehome.com/
way	169148154	https://www.campingglair.it/
way	169200567	https://www.campingcervino.com/
way	170151448	https://www.ravspa.it/index.php?option=com_content&view=article&id=5&Itemid=13
way	171671149	https://www.ravspa.it/index.php?option=com_content&view=article&id=5&Itemid=13
way	171671151	https://www.ravspa.it/index.php?option=com_content&view=article&id=5&Itemid=13
way	171671153	https://www.ravspa.it/index.php?option=com_content&view=article&id=5&Itemid=13
way	171671158	https://www.ravspa.it/index.php?option=com_content&view=article&id=5&Itemid=13
way	171671159	https://www.ravspa.it/index.php?option=com_content&view=article&id=5&Itemid=13
way	171671160	https://www.ravspa.it/index.php?option=com_content&view=article&id=5&Itemid=13
way	171671161	https://www.ravspa.it/index.php?option=com_content&view=article&id=5&Itemid=13
way	171671162	https://www.ravspa.it/index.php?option=com_content&view=article&id=5&Itemid=13
way	171671163	https://www.ravspa.it/index.php?option=com_content&view=article&id=5&Itemid=13
way	171671165	https://www.ravspa.it/index.php?option=com_content&view=article&id=5&Itemid=13
way	171671166	https://www.ravspa.it/index.php?option=com_content&view=article&id=5&Itemid=13
way	171671167	https://www.ravspa.it/index.php?option=com_content&view=article&id=5&Itemid=13
way	171671168	https://www.ravspa.it/index.php?option=com_content&view=article&id=5&Itemid=13
way	180531934	https://www.ravspa.it/index.php?option=com_content&view=article&id=5&Itemid=13
way	180736202	https://www.comune.aymavilles.ao.it/turismo/territorio/castelli-e-dintorni/castello-di-aymavilles
way	181558199	http://www.campeggiolapineta.it/
way	185036928	https://www.hotelboutondor.com
way	186255789	https://campingarcenciel.it
way	187761348	https://www.ravspa.it/index.php?option=com_content&view=article&id=5&Itemid=13
way	187761357	https://www.ravspa.it/index.php?option=com_content&view=article&id=5&Itemid=13
way	187761362	https://www.ravspa.it/index.php?option=com_content&view=article&id=5&Itemid=13
way	187761365	https://www.ravspa.it/index.php?option=com_content&view=article&id=5&Itemid=13
way	187761366	https://www.ravspa.it/index.php?option=com_content&view=article&id=5&Itemid=13
way	187776488	https://www.ravspa.it/index.php?option=com_content&view=article&id=5&Itemid=13
way	189565687	https://www.ravspa.it/index.php?option=com_content&view=article&id=5&Itemid=13
way	194247919	https://www.lovevda.it/it/banca-dati/8/castelli-e-torri/introd/castello-di-introd/895
way	194247920	https://valledaostaheritage.com/chateau-sarriod-de-la-tour/
way	194286728	https://www.archistico.com/
way	194489387	https://www.gulliver.it/itinerari/ponte-romano-falesia-del/
way	204182351	https://www.camperonline.it/area_di_sosta_dettaglio.asp?ID=3530
way	205544536	https://www.ravspa.it/index.php?option=com_content&view=article&id=5&Itemid=13
way	205544546	https://www.tunnelmb.net/
way	227410286	https://www.iaraosta.it
way	229567128	https://www.rifugiomontfallere.it/
way	235480778	https://www.caipiacenza.it/la-sezione/bivacchi/
way	239195398	https://www.predepascal.com/
way	242863924	https://www.ravspa.it/index.php?option=com_content&view=article&id=5&Itemid=13
way	242863925	https://www.ravspa.it/index.php?option=com_content&view=article&id=5&Itemid=13
way	242863926	https://www.ravspa.it/index.php?option=com_content&view=article&id=5&Itemid=13
way	246169127	https://campeggio-soleil-et-neige.webnode.it/
way	246274769	https://www.lovevda.it/turismo/proposte/sport/sport_acqua/schede_pesca_i.asp?tipo=scheda&pk=3303&nomesch=sch_Sport&ts=sport
way	246275093	https://www.campingtouring.com/
way	246847034	https://biblio.regione.vda.it/biblioteche-sbv/Donnas/
way	247396113	https://www.regione.vda.it/gestione/riviweb/templates/aspx/environnement.aspx?pkArt=1406
way	247427942	https://www.regione.vda.it/gestione/riviweb/templates/aspx/environnement.aspx?pkArt=1406
way	247455838	https://www.regione.vda.it/gestione/riviweb/templates/aspx/environnement.aspx?pkArt=1406
way	247461444	http://www.cittadelladeigiovani.ao.it/cdg/
way	247461811	https://www.regione.vda.it/gestione/riviweb/templates/aspx/environnement.aspx?pkArt=1406
way	247463125	https://www.regione.vda.it/gestione/riviweb/templates/aspx/environnement.aspx?pkArt=1406
way	247465151	https://www.regione.vda.it/gestione/riviweb/templates/aspx/environnement.aspx?pkArt=1406
way	247562749	https://www.regione.vda.it/gestione/riviweb/templates/aspx/environnement.aspx?pkArt=1406
way	248261967	https://www.oavda.it/
way	252266069	https://www.ravspa.it/index.php?option=com_content&view=article&id=5&Itemid=13
way	252266071	https://www.ravspa.it/index.php?option=com_content&view=article&id=5&Itemid=13
way	254529621	https://www.guidedelcervino.com/capanna-carrel/
way	259262715	https://maisonguyonvda.com/
way	267842003	https://www.ravspa.it/index.php?option=com_content&view=article&id=5&Itemid=13
way	267842004	https://www.ravspa.it/index.php?option=com_content&view=article&id=5&Itemid=13
way	284449666	https://www.caivarallo.com/rifugi-cai-piemonte-valsesia/bivacco-giordano/
way	286994654	https://www.ravspa.it/index.php?option=com_content&view=article&id=5&Itemid=13
way	286994655	https://www.ravspa.it/index.php?option=com_content&view=article&id=5&Itemid=13
way	286994656	https://www.ravspa.it/index.php?option=com_content&view=article&id=5&Itemid=13
way	286994657	https://www.ravspa.it/index.php?option=com_content&view=article&id=5&Itemid=13
way	287802514	https://www.ravspa.it/index.php?option=com_content&view=article&id=5&Itemid=13
way	287802515	https://www.ravspa.it/index.php?option=com_content&view=article&id=5&Itemid=13
way	292943206	https://www.ristorantesociete.it/
way	302523703	https://www.ravspa.it/index.php?option=com_content&view=article&id=5&Itemid=13
way	302523704	https://www.ravspa.it/index.php?option=com_content&view=article&id=5&Itemid=13
way	302523705	https://www.ravspa.it/index.php?option=com_content&view=article&id=5&Itemid=13
way	302523706	https://www.ravspa.it/index.php?option=com_content&view=article&id=5&Itemid=13
way	303518020	https://www.rifugioquintinosella.com/
way	303711819	https://www.ravspa.it/index.php?option=com_content&view=article&id=5&Itemid=13
way	303711820	https://www.ravspa.it/index.php?option=com_content&view=article&id=5&Itemid=13
way	303711821	https://www.ravspa.it/index.php?option=com_content&view=article&id=5&Itemid=13
way	303711822	https://www.ravspa.it/index.php?option=com_content&view=article&id=5&Itemid=13
way	306428679	https://www.ravspa.it/index.php?option=com_content&view=article&id=5&Itemid=13
way	306428680	https://www.ravspa.it/index.php?option=com_content&view=article&id=5&Itemid=13
way	306428681	https://www.ravspa.it/index.php?option=com_content&view=article&id=5&Itemid=13
way	306428682	https://www.ravspa.it/index.php?option=com_content&view=article&id=5&Itemid=13
way	319835037	https://www.soccorsoalpinovaldostano.com/
way	322272031	https://www.rifugiotetraslyre.it/
way	327243760	https://www.ravspa.it/index.php?option=com_content&view=article&id=5&Itemid=13
way	327243764	https://www.ravspa.it/index.php?option=com_content&view=article&id=5&Itemid=13
way	327243765	https://www.ravspa.it/index.php?option=com_content&view=article&id=5&Itemid=13
way	327243766	https://www.ravspa.it/index.php?option=com_content&view=article&id=5&Itemid=13
way	327243767	https://www.ravspa.it/index.php?option=com_content&view=article&id=5&Itemid=13
way	327243768	https://www.ravspa.it/index.php?option=com_content&view=article&id=5&Itemid=13
way	327243770	https://www.ravspa.it/index.php?option=com_content&view=article&id=5&Itemid=13
way	327243773	https://www.ravspa.it/index.php?option=com_content&view=article&id=5&Itemid=13
way	327243778	https://www.ravspa.it/index.php?option=com_content&view=article&id=5&Itemid=13
way	327243784	https://www.ravspa.it/index.php?option=com_content&view=article&id=5&Itemid=13
way	327245279	https://www.ravspa.it/index.php?option=com_content&view=article&id=5&Itemid=13
way	327247731	https://www.ravspa.it/index.php?option=com_content&view=article&id=5&Itemid=13
way	327251924	https://www.ravspa.it/index.php?option=com_content&view=article&id=5&Itemid=13
way	327251926	https://www.ravspa.it/index.php?option=com_content&view=article&id=5&Itemid=13
way	327259564	https://www.ravspa.it/index.php?option=com_content&view=article&id=5&Itemid=13
way	327267988	https://www.ravspa.it/index.php?option=com_content&view=article&id=5&Itemid=13
way	328913070	https://www.ravspa.it/index.php?option=com_content&view=article&id=5&Itemid=13
way	328916100	https://www.ravspa.it/index.php?option=com_content&view=article&id=5&Itemid=13
way	328916101	https://www.ravspa.it/index.php?option=com_content&view=article&id=5&Itemid=13
way	333323287	https://www.ravspa.it/index.php?option=com_content&view=article&id=5&Itemid=13
way	333323290	https://www.ravspa.it/index.php?option=com_content&view=article&id=5&Itemid=13
way	333332927	https://www.ravspa.it/index.php?option=com_content&view=article&id=5&Itemid=13
way	333332928	https://www.ravspa.it/index.php?option=com_content&view=article&id=5&Itemid=13
way	333452330	https://www.ravspa.it/index.php?option=com_content&view=article&id=5&Itemid=13
way	333499272	https://www.ravspa.it/index.php?option=com_content&view=article&id=5&Itemid=13
way	333499278	https://www.ravspa.it/index.php?option=com_content&view=article&id=5&Itemid=13
way	336365643	https://www.lovevda.it/it/banca-dati/22/aree-di-sosta/fenis/area-attrezzata-camper-clavalite/9000951
way	338168700	https://www.lovevda.it/it/banca-dati/8/castelli-e-torri/gressoney-saint-jean/castello-savoia/873
way	348561914	https://www.facebook.com/coumarial/
way	348970505	https://www.ravspa.it/index.php?option=com_content&view=article&id=5&Itemid=13
way	348970517	https://www.ravspa.it/index.php?option=com_content&view=article&id=5&Itemid=13
way	348982215	https://www.ravspa.it/index.php?option=com_content&view=article&id=5&Itemid=13
way	348982219	https://www.ravspa.it/index.php?option=com_content&view=article&id=5&Itemid=13
way	348982220	https://www.ravspa.it/index.php?option=com_content&view=article&id=5&Itemid=13
way	348982221	https://www.ravspa.it/index.php?option=com_content&view=article&id=5&Itemid=13
way	355799446	https://www.lovevda.it/it/banca-dati/8/castelli-e-torri/oyace/la-tornalla/779
way	360770683	https://www.clubalpinoaccademico.it/?attachment_id=601
way	364625132	https://www.saussurea.it/
way	371630541	https://www.ravspa.it/index.php?option=com_content&view=article&id=5&Itemid=13
way	371630544	https://www.ravspa.it/index.php?option=com_content&view=article&id=5&Itemid=13
way	373618450	http://www.sucai.it/bivaccogervasutti/index.html
way	382247505	https://www.shop.lespeziali.com
way	401733377	http://www.bnboutdoor.com/
way	407195591	https://www.ravspa.it/index.php?option=com_content&view=article&id=5&Itemid=13
way	407195592	https://www.ravspa.it/index.php?option=com_content&view=article&id=5&Itemid=13
way	407195593	https://www.ravspa.it/index.php?option=com_content&view=article&id=5&Itemid=13
way	407195594	https://www.ravspa.it/index.php?option=com_content&view=article&id=5&Itemid=13
way	407195597	https://www.ravspa.it/index.php?option=com_content&view=article&id=5&Itemid=13
way	407195599	https://www.ravspa.it/index.php?option=com_content&view=article&id=5&Itemid=13
way	441997368	http://www.grandcombin.com
way	442985301	https://www.ravspa.it/index.php?option=com_content&view=article&id=5&Itemid=13
way	442985302	https://www.ravspa.it/index.php?option=com_content&view=article&id=5&Itemid=13
way	442985303	https://www.ravspa.it/index.php?option=com_content&view=article&id=5&Itemid=13
way	442985304	https://www.ravspa.it/index.php?option=com_content&view=article&id=5&Itemid=13
way	442985305	https://www.ravspa.it/index.php?option=com_content&view=article&id=5&Itemid=13
way	442985306	https://www.ravspa.it/index.php?option=com_content&view=article&id=5&Itemid=13
way	442985307	https://www.ravspa.it/index.php?option=com_content&view=article&id=5&Itemid=13
way	442985308	https://www.ravspa.it/index.php?option=com_content&view=article&id=5&Itemid=13
way	443374456	https://www.camperonline.it/area_di_sosta_dettaglio.asp?ID=3519
way	447819146	https://www.courmayeur-montblanc.com/
way	449223234	http://www.paysageamanger.it/
way	462903251	http://www.lesfleursgignod.it/
way	491897355	https://www.regione.vda.it/risorsenaturali/faunaselvatica/CRAS/default_i.aspx
way	509535787	https://www.conad.it/ricerca-negozi/negozio.005820.html
way	529715015	https://www.lovevda.it/it/banca-dati/8/architettura-romana/aosta/criptoportico-forense/1259
way	534200060	https://www.ravspa.it/index.php?option=com_content&view=article&id=5&Itemid=13
way	534200061	https://www.ravspa.it/index.php?option=com_content&view=article&id=5&Itemid=13
way	534200062	https://www.ravspa.it/index.php?option=com_content&view=article&id=5&Itemid=13
way	534200063	https://www.ravspa.it/index.php?option=com_content&view=article&id=5&Itemid=13
way	534200064	https://www.ravspa.it/index.php?option=com_content&view=article&id=5&Itemid=13
way	534200065	https://www.ravspa.it/index.php?option=com_content&view=article&id=5&Itemid=13
way	534200066	https://www.ravspa.it/index.php?option=com_content&view=article&id=5&Itemid=13
way	540681046	https://www.matterhornparadise.ch
way	542214330	https://www.larosiere.ski/
way	542214331	https://www.lathuile.it/
way	542222459	https://www.visitmonterosa.com/
way	542222461	https://www.visitmonterosa.com/
way	547261183	https://www.ravspa.it/index.php?option=com_content&view=article&id=5&Itemid=13
way	547261184	https://www.ravspa.it/index.php?option=com_content&view=article&id=5&Itemid=13
way	556114102	https://www.crevacol.it
way	569057706	https://www.ravspa.it/index.php?option=com_content&view=article&id=5&Itemid=13
way	569057717	https://www.ravspa.it/index.php?option=com_content&view=article&id=5&Itemid=13
way	569057726	https://www.ravspa.it/index.php?option=com_content&view=article&id=5&Itemid=13
way	569057743	https://www.ravspa.it/index.php?option=com_content&view=article&id=5&Itemid=13
way	569057753	https://www.ravspa.it/index.php?option=com_content&view=article&id=5&Itemid=13
way	569057763	https://www.ravspa.it/index.php?option=com_content&view=article&id=5&Itemid=13
way	569057772	https://www.ravspa.it/index.php?option=com_content&view=article&id=5&Itemid=13
way	569057785	https://www.ravspa.it/index.php?option=com_content&view=article&id=5&Itemid=13
way	642259707	https://www.chamonix.com/
way	653815063	https://www.ravspa.it/index.php?option=com_content&view=article&id=5&Itemid=13
way	668139695	https://www.ravspa.it/index.php?option=com_content&view=article&id=5&Itemid=13
way	668139696	https://www.ravspa.it/index.php?option=com_content&view=article&id=5&Itemid=13
way	668139697	https://www.ravspa.it/index.php?option=com_content&view=article&id=5&Itemid=13
way	668139699	https://www.ravspa.it/index.php?option=com_content&view=article&id=5&Itemid=13
way	668139729	https://www.ravspa.it/index.php?option=com_content&view=article&id=5&Itemid=13
way	668139733	https://www.ravspa.it/index.php?option=com_content&view=article&id=5&Itemid=13
way	668139738	https://www.ravspa.it/index.php?option=com_content&view=article&id=5&Itemid=13
way	670954093	https://www.lovevda.it/it/banca-dati/8/architettura-romana/aosta/villa-della-consolata/752
way	674113586	https://www.ravspa.it/index.php?option=com_content&view=article&id=5&Itemid=13
way	674113587	https://www.ravspa.it/index.php?option=com_content&view=article&id=5&Itemid=13
way	674113589	https://www.ravspa.it/index.php?option=com_content&view=article&id=5&Itemid=13
way	674113590	https://www.ravspa.it/index.php?option=com_content&view=article&id=5&Itemid=13
way	676271581	https://www.ravspa.it/index.php?option=com_content&view=article&id=5&Itemid=13
way	676271582	https://www.ravspa.it/index.php?option=com_content&view=article&id=5&Itemid=13
way	690431998	https://www.chaletdelapoya.com/
way	738719190	https://www.comune.verrayes.ao.it/
way	781163853	https://www.oavda.it/
way	781503671	https://www.ravspa.it/index.php?option=com_content&view=article&id=5&Itemid=13
way	781503672	https://www.ravspa.it/index.php?option=com_content&view=article&id=5&Itemid=13
way	781503673	https://www.ravspa.it/index.php?option=com_content&view=article&id=5&Itemid=13
way	781503674	https://www.ravspa.it/index.php?option=com_content&view=article&id=5&Itemid=13
way	792170007	http://www.alpifortificate.com/fortificazioni.html
way	792170382	http://www.alpifortificate.com/fortificazioni.html
way	792170989	http://www.alpifortificate.com/fortificazioni.html
way	799295138	https://www.conad.it/ricerca-negozi/negozio.009611.html
way	804875523	https://www.ravspa.it/index.php?option=com_content&view=article&id=5&Itemid=13
way	804875524	https://www.ravspa.it/index.php?option=com_content&view=article&id=5&Itemid=13
way	804875525	https://www.ravspa.it/index.php?option=com_content&view=article&id=5&Itemid=13
way	804875526	https://www.ravspa.it/index.php?option=com_content&view=article&id=5&Itemid=13
way	810794662	https://www.rifugiograuson.it/
way	831406068	https://www.campingmontebianco.it
way	867519043	https://www.gulliver.it/itinerari/biel-placche-di/
way	969276143	https://www.pngp.it/
way	1064354980	https://imanzetti.scuole.vda.it/
way	1077628701	https://www.ravspa.it/index.php?option=com_content&view=article&id=5&Itemid=13
way	1077628702	https://www.ravspa.it/index.php?option=com_content&view=article&id=5&Itemid=13
way	1096333248	https://www.arrampicatainvalledaosta.it/2021/09/28/corno-di-machaby/
way	1116939649	https://www.planetmountain.com/rock/falesie/falesia.html?idfalesia=353
way	1118748353	https://www.qcterme.com/it/pre-saint-didier/qc-terme-pre-saint-didier
way	1148974860	https://ostellodiarpy.com/
way	1154606513	https://www.ravspa.it/index.php?option=com_content&view=article&id=5&Itemid=13
way	1154606514	https://www.ravspa.it/index.php?option=com_content&view=article&id=5&Itemid=13
way	1197121607	https://www.bivaccoedoardocamardella.it
way	1204931540	https://www.lovevda.it/it/banca-dati/7/bivacchi/sarre/bivacco-alessandro-pansa/3252
way	1317457820	https://www.rebelpark.it
way	1319297812	https://www.tunnelmb.net/
relation	162371	https://www.lovevda.it/it/banca-dati/7/alte-vie/valle-d-aosta/cogne-rifugio-sogno-di-berdze/2974
relation	372502	http://www.alptrekking.ch
relation	1004348	https://www.ravspa.it/index.php?option=com_content&view=article&id=5&Itemid=13
relation	1471008	https://www.viefrancigene.org
relation	1596159	http://www.trailvsb.com
relation	2044885	https://www.lovevda.it/it/banca-dati/8/castelli-e-torri/fenis/castello-di-fenis/979
relation	2202531	https://www.comune.valtournenche.ao.it/
relation	2227144	https://www.lovevda.it/it/banca-dati/7/ciclismo/gressan/ciclotour-pista-ciclo-pedonale-sarre-pontey/2849
relation	2385342	http://www.via-alpina.org/en/stage/297
relation	2458709	https://www.viefrancigene.org
relation	3087290	http://www.tourdusaintbernard.com
relation	3159528	https://www.golfcervino.it/
relation	3332979	https://www.cc-valleedechamonixmontblanc.fr/
relation	4099116	http://www.via-alpina.org/en/stage/298
relation	4099117	http://www.via-alpina.org/en/stage/299
relation	5505656	https://www.lovevda.it/it/sport/escursionismo/altri-trekking/intervallivo-105
relation	5639229	https://www.montebianco.com
relation	6108822	https://www.lovevda.it/it/sport/escursionismo/altri-trekking/intervallivo-102
relation	7007938	http://www.caiivrea.it/
relation	7036043	https://www.iaraosta.it/
relation	7111457	http://www.caiivrea.it/
relation	7645867	http://www.caiivrea.it/
relation	7646240	http://www.caiivrea.it/
relation	7689967	http://www.caiivrea.it/
relation	9630568	https://www.lovevda.it/it/banca-dati/7/alte-vie/valle-d-aosta/sassa-rifugio-coda/2986
relation	9630569	https://www.lovevda.it/it/banca-dati/7/alte-vie/valle-d-aosta/donnas-sassa/2977
relation	9632720	https://www.lovevda.it/it/banca-dati/7/alte-vie/valle-d-aosta/rifugio-coda-rifugio-della-barma/2980
relation	9659900	https://www.lovevda.it/it/banca-dati/7/altas-vias/valle-de-aosta/gressoney-saint-jean-crest/2983
relation	9659901	https://www.lovevda.it/it/banca-dati/7/alte-vie/valle-d-aosta/niel-gressoney-saint-jean/2982
relation	9659902	https://www.lovevda.it/it/banca-dati/7/alte-vie/-valle-d-aosta-/rifugio-della-barma-niel/2981
relation	9675681	https://www.lovevda.it/it/banca-dati/7/alte-vie/valle-d-aosta/valtournenche-rifugio-barmasse/2997
relation	9675682	https://www.lovevda.it/it/banca-dati/7/alte-vie/valle-d-aosta/rifugio-grand-tournalin-valtournenche/2968
relation	9675683	https://www.lovevda.it/it/banca-dati/7/alte-vie/-valle-d-aosta-/crest-rifugio-grand-tournalin/2969
relation	9675684	https://www.lovevda.it/it/banca-dati/7/alte-vie/valle-d-aosta/rifugio-barmasse-rifugio-cuney/3000
relation	9678910	https://www.lovevda.it/it/banca-dati/7/alte-vie/valle-d-aosta/rifugio-letey-champillon-saint-rhemy-en-bosses/2979
relation	9678911	https://www.lovevda.it/it/banca-dati/7/alte-vie/valle-d-aosta/rey-ollomont-rifugio-letey-champillon/2988
relation	9678912	https://www.lovevda.it/it/banca-dati/7/alte-vie/valle-d-aosta/oyace-rey-ollomont/2989
relation	9678913	https://www.lovevda.it/it/banca-dati/7/alte-vie/-valle-d-aosta-/rifugio-cun%C3%A9y-oyace/2987
relation	9678938	https://www.lovevda.it/it/banca-dati/7/alte-vie/valle-d-aosta/rifugio-walter-bonatti-courmayeur/2975
relation	9678939	https://www.lovevda.it/it/banca-dati/7/alte-vie/valle-d-aosta/rifugio-frassati-rifugio-walter-bonatti/2993
relation	9678940	https://www.lovevda.it/it/banca-dati/7/alte-vie/-valle-d-aosta-/saint-rh%C3%A9my-en-bosses-rifugio-frassati/2994
relation	9814583	https://www.lovevda.it/it/banca-dati/7/alte-vie/-valle-d-aosta-/courmayeur-rifugio-elisabetta-soldini/2976
relation	9814772	https://www.lovevda.it/it/banca-dati/7/alte-vie/valle-d-aosta/rifugio-elisabetta-soldini-la-thuile/2985
relation	9865087	https://www.lovevda.it/it/banca-dati/7/alte-vie/-valle-d-aosta-/la-thuile-rifugio-alberto-deffeyes/2984
relation	9865106	https://www.lovevda.it/it/banca-dati/7/alte-vie/valle-d-aosta/rifugio-alberto-deffeyes-planaval/2967
relation	9893325	https://www.lovevda.it/it/banca-dati/7/alte-vie/-valle-d-aosta-/planaval-rifugio-chalet-de-l-ep%C3%A9e/2995
relation	9893411	https://www.lovevda.it/it/banca-dati/7/alte-vie/valle-d-aosta/rhemes-notre-dame-eaux-rousses/2996
relation	9893412	https://www.lovevda.it/it/banca-dati/7/alte-vie/valle-d-aosta/rifugio-chalet-de-l-epee-rhemes-notre-dame/2992
relation	9898857	https://www.lovevda.it/it/banca-dati/7/alte-vie/valle-d-aosta/rifugio-vittorio-sella-cogne/2972
relation	9898858	https://www.lovevda.it/it/banca-dati/7/alte-vie/-valle-d-aosta-/eaux-rousses-rifugio-vittorio-sella/2973
relation	9898947	https://www.lovevda.it/it/banca-dati/7/alte-vie/valle-d-aosta/rifugio-sogno-di-berze-rifugio-dondena/2970
relation	9899069	https://www.lovevda.it/it/banca-dati/7/alte-vie/valle-d-aosta/crest-donnas/2978
relation	9899070	https://www.lovevda.it/it/banca-dati/7/alte-vie/valle-d-aosta/champorcher-crest/2990
relation	9899071	https://www.lovevda.it/it/banca-dati/7/alte-vie/valle-d-aosta/rifugio-dondena-champorcher/2971
relation	11976193	https://www.lovevda.it/it/banca-dati/8/castelli-e-torri/fenis/castello-di-fenis/979
relation	12039476	http://www.parc-animalier-introd.it/
relation	12100736	https://www.campingvaldirhemes.com/
relation	12324326	https://tourdumontfallere.it/
relation	12324327	https://tourdumontfallere.it/
relation	12324328	https://tourdumontfallere.it/
relation	12362501	http://www.tourdescombins.ch/fr/l-itineraire/cabane-letey-a-champillon-saint-rhemy/
relation	12362502	http://www.tourdescombins.ch/fr/l-itineraire/cabane-chanrion-cabane-letey-a-champillon/
relation	12362583	http://www.tourdescombins.ch/fr/l-itineraire/saint-rhemy-col-du-grand-st-bernard/
relation	12367904	http://www.granbalconatacervino.it/
relation	12368042	http://www.granbalconatacervino.it/
relation	12368043	http://www.granbalconatacervino.it/
relation	12369141	http://www.granbalconatacervino.it/
relation	12369142	http://www.granbalconatacervino.it/
relation	12369248	http://www.granbalconatacervino.it/
relation	12571791	https://www.lovevda.it/it/banca-dati/7/cammino-balteo/valle-d-aosta/pont-saint-martin-lillianes/2948
relation	12571921	https://www.lovevda.it/it/banca-dati/7/cammino-balteo/valle-d-aosta/pont-saint-martin-lillianes/2949
relation	12574561	https://www.lovevda.it/it/banca-dati/7/cammino-balteo/valle-d-aosta/donnas-arnad/2951
relation	12574562	https://www.lovevda.it/it/banca-dati/7/cammino-balteo/valle-d-aosta/pont-saint-martin-lillianes/2950
relation	12579595	https://www.lovevda.it/it/banca-dati/7/cammino-balteo/valle-d-aosta/arnad-challand-saint-victor/2952
relation	12579615	https://www.lovevda.it/it/banca-dati/7/cammino-balteo/valle-d-aosta/challand-saint-victor-%E2%80%93-saint-vincent/3001
relation	12580419	https://www.lovevda.it/it/banca-dati/7/cammino-balteo/valle-d-aosta/saint-vincent-la-magdeleine/3004
relation	12580420	https://www.lovevda.it/it/banca-dati/7/cammino-balteo/valle-d-aosta/saint-vincent-la-magdeleine/3003
relation	12580801	https://www.lovevda.it/it/banca-dati/7/cammino-balteo/valle-d-aosta/verrayes-nus/3005
relation	12580823	https://www.lovevda.it/it/banca-dati/7/cammino-balteo/valle-d-aosta/nus-roisan/3006
relation	12581258	https://www.lovevda.it/it/banca-dati/7/cammino-balteo/valle-d-aosta/roisan-arpuilles/3007
relation	12581269	https://www.lovevda.it/it/banca-dati/7/cammino-balteo/valle-d-aosta/arpuilles-vetan/3009
relation	12585140	https://www.lovevda.it/it/banca-dati/7/cammino-balteo/valle-d-aosta/la-salle-avise/3011
relation	12585141	https://www.lovevda.it/it/banca-dati/7/cammino-balteo/valle-d-aosta/vetan-la-salle/3010
relation	12585736	https://www.lovevda.it/it/banca-dati/7/cammino-balteo/aosta-valley/introd-villeneuve/3016
relation	12585737	https://www.lovevda.it/it/banca-dati/7/cammino-balteo/valle-d-aosta/avise-introd/3012
relation	12587856	https://www.lovevda.it/it/banca-dati/7/cammino-balteo/valle-d-aosta/aymavilles-aosta/3018
relation	12587857	https://www.lovevda.it/it/banca-dati/7/cammino-balteo/valle-d-aosta/villeneuve-aymavilles/3017
relation	12587997	https://www.lovevda.it/it/banca-dati/7/cammino-balteo/valle-d-aosta/fenis-chatillon/3020
relation	12587998	https://www.lovevda.it/it/banca-dati/7/cammino-balteo/valle-d-aosta/aosta-fenis/3019
relation	12588041	https://www.lovevda.it/it/banca-dati/7/cammino-balteo/valle-d-aosta/chatillon-verres/3021
relation	12588300	https://www.lovevda.it/it/banca-dati/7/cammino-balteo/valle-d-aosta/pontboset-pont-saint-martin/2946
relation	12588301	https://www.lovevda.it/it/banca-dati/7/cammino-balteo/valle-d-aosta/verres-pontboset/2945
relation	14145184	https://www.campingtunnel.it/
relation	14405841	https://www.caiseregno.it/
relation	15311564	https://www.gal.vda.it/magic-hicking-il-sentiero-magico/
relation	17010467	https://www.vivavda.it/aree/area_i.aspx?area=6&n=Riserva%20naturale%20%20%20%20C%C3%B4te%20de%20Gargantua
node	299232222	http://www.hotelleriedemascognaz.com/
node	353049781	www.rifugioarp.it
node	353049803	www.rifugioguidefrachey.it
node	353049806	http://www.rifugioermitage.com/
node	353049825	http://www.rifugio-prarayer.it/
node	353049833	https://www.rifugioaosta.com/
node	353049840	http://www.caitorino.it/
node	353049844	http://www.rifugiocuney.it/
node	353083724	http://www.rifugioelena.it
node	353084260	http://www.rifugiodalmazzi.com/
node	353085969	http://www.rifugiomontebianco.com/
node	372792977	www.lescupoles.com
node	372793064	www.hoteldechampoluc.it
node	725271625	http://www.lovevda.it/it/banca-dati/22/agriturismo/valsavarenche/lo-mayen/9000701
node	1255708744	www.albergolesclochettes.it
node	1272066385	http://www.comune-challandsaintanselme.it
node	1288184982	www.stadelsoussun.com
node	1288185322	http://www.rifugiobelvedere.net/
node	1326399991	http://www.fortedimachaby.it/
node	1353685312	http://www.locanda-lacplacemoulin.it/
node	1355487738	http://www.trattoriaomens.com
node	1483752218	http://www.studioantey.com
node	1726355073	http://www.tuodi.it/
node	1768307866	http://www.vallee-sport.com/
node	1777902774	http://www.hotelgenzianella.it/
node	1777902777	http://www.hotelgenzianella.it/
node	1836184412	http://www.marianivis.com/
node	1885091082	http://www.bistrotramet.it/
node	1930450200	http://www.ostellolacrestadellupo.it/
node	2039958910	http://www.termedisaintvincent.it/
node	2186332685	http://www.residencecervino2.com
node	2302314344	http://www.dortoirlavyiyeehcoula.it/
node	2339014872	http://www.bachamp1826.com/
node	2400501564	www.hotelarolla.it
node	2906929778	https://www.pensionemontecervino.it/
node	2929169744	http://www.lecoindesmelezes.it
node	2963161790	http://www.samsuffy.it/
node	2963295873	http://dondeynazgamba.com/home.html
node	2995588143	www.gervasoni.it
node	3045625655	www.oldwildwest.it
node	3165214101	http://www.topopazzoclimbinghouse.com/
node	3278397850	https://www.facebook.com/pages/Appartamenti-Valley-Vacanze-Brusson-Valle-dAosta
node	3290454777	https://www.hotelgparadiso.com
node	3290454779	www.rifugiochabod.com
node	3310419237	http://www.ilcaselloverres.com/
node	3484473141	http://www.rus-arlaz-herbal.it/
node	3544679306	http://www.montmars.it/
node	3723824746	http://www.maisongaudenzio.com/
node	3784836248	http://www.casacountryarnad.it/
node	3863346956	https://www.facebook.com/Corpo-Valdostano-Vigili-del-Fuoco-Volontari-di-Pont-Saint-Martin-371874182125/
node	3883252320	http://www.lovevda.it/it/banca-dati/22/bed-breakfast/gignod/clemaison/9005221
node	3929064529	http://www.lepetitabri.com
node	4118550098	http://www.alpenzu.com/
node	4131425462	http://www.rifugiomagia.it
node	4141060073	https://www.roteskalb.it/
node	4293296279	http://www.chamousira.net/home.html
node	4316721857	https://www.airbnb.it/rooms/5611772?s=xfKY
node	4358940865	http://www.marmoval.it/default.asp
node	4358940866	http://www.pinetdelio.it/
node	4895210542	www.acqualifesnc.com
node	5327637740	http://officine.puntopro.it/officina-laurent
node	7021611885	https://www.locandaurbana.it
node	8821176197	http://www.comune-challandsaintanselme.it
node	8821176198	http://www.comune-challandsaintanselme.it
node	8912126919	https://www.alcaminettosemon.it/
node	10008644771	https://latteriadelmonterosa.com/shop.php
node	11253391257	http://maisondunoyer.com/
node	11305460568	https://www.thefork.it/ristorante/osteria-mansio-1695-r579361
way	58526794	www.rifugiovittorioemanuele.com
way	61579198	http://www.rifugiosavoia.com/
way	81823894	http://www.cogne.com/
way	103017128	http://www.hotelpetitfoyer.it
way	120778651	http://www.residencedelapierre.it/
way	125447845	www.rifugiorionde.it
way	131413425	http://www.rifugiodellemarmotte.it
way	147536904	http://www.rifugiobonatti.it/
way	147963960	http://www.rifugiobertone.it/wp/it/home/
way	154481659	https://rifugioalpebonze.com/
way	165077481	http://www.ponteromano.it/
way	229567128	http://www.rifugiomontfallere.it/
way	243217275	http://www.cogne.com/
way	292792697	http://dondeynazgamba.com/home.html
way	295875967	http://www.rifugioteodulo.it
way	331091609	http://www.montmars.it/
way	344525243	http://www.villagiuditta.eu
way	365318454	http://www.parcofaunisticomontavic.it/
way	401733377	http://www.lovevda.it/it/banca-dati/22/bed-breakfast/antey-saint-andre/outdoor/9004315
way	893997036	http://www.campingarvier.com/
relation	14059755	https://www.diocese-annecy.fr/
relation	15880628	https://www.diocese-annecy.fr/le-diocese/les-paroisses/paroisse-saint-bernard-du-mont-blanc
node	666335350	http://www.hoteldufoyer.it
node	670533689	http://geodesie.ign.fr/fiches/index.php?module=e&action=fichepdf&source=carte&sit_no=73054C
node	670536202	http://geodesie.ign.fr/fiches/index.php?module=e&action=fichepdf&source=carte&sit_no=73176A
node	670537491	http://geodesie.ign.fr/fiches/index.php?module=e&action=fichepdf&source=carte&sit_no=7323202
node	670537553	http://geodesie.ign.fr/fiches/index.php?module=e&action=fichepdf&source=carte&sit_no=7323206
node	670537556	http://geodesie.ign.fr/fiches/index.php?module=e&action=fichepdf&source=carte&sit_no=7323206
node	670537581	http://geodesie.ign.fr/fiches/index.php?module=e&action=fichepdf&source=carte&sit_no=7323209
node	670537582	http://geodesie.ign.fr/fiches/index.php?module=e&action=fichepdf&source=carte&sit_no=7323209
node	670537583	http://geodesie.ign.fr/fiches/index.php?module=e&action=fichepdf&source=carte&sit_no=7323209
node	670537586	http://geodesie.ign.fr/fiches/index.php?module=e&action=fichepdf&source=carte&sit_no=7323209
node	670537610	http://geodesie.ign.fr/fiches/index.php?module=e&action=fichepdf&source=carte&sit_no=7323212
node	670537617	http://geodesie.ign.fr/fiches/index.php?module=e&action=fichepdf&source=carte&sit_no=7323212
node	670537632	http://geodesie.ign.fr/fiches/index.php?module=e&action=fichepdf&source=carte&sit_no=73232B
node	670537633	http://geodesie.ign.fr/fiches/index.php?module=e&action=fichepdf&source=carte&sit_no=73232C
node	670538701	http://geodesie.ign.fr/fiches/index.php?module=e&action=fichepdf&source=carte&sit_no=73285AA
node	670538705	http://geodesie.ign.fr/fiches/index.php?module=e&action=fichepdf&source=carte&sit_no=73285AB
node	670538708	http://geodesie.ign.fr/fiches/index.php?module=e&action=fichepdf&source=carte&sit_no=73285AC
node	670538711	http://geodesie.ign.fr/fiches/index.php?module=e&action=fichepdf&source=carte&sit_no=73285AD
node	670538714	http://geodesie.ign.fr/fiches/index.php?module=e&action=fichepdf&source=carte&sit_no=73285AE
node	670538722	http://geodesie.ign.fr/fiches/index.php?module=e&action=fichepdf&source=carte&sit_no=73285AF
node	670538725	http://geodesie.ign.fr/fiches/index.php?module=e&action=fichepdf&source=carte&sit_no=73285AG
node	670538738	http://geodesie.ign.fr/fiches/index.php?module=e&action=fichepdf&source=carte&sit_no=73285F
node	670538741	http://geodesie.ign.fr/fiches/index.php?module=e&action=fichepdf&source=carte&sit_no=73285G
node	670538748	http://geodesie.ign.fr/fiches/index.php?module=e&action=fichepdf&source=carte&sit_no=73285H
node	670538750	http://geodesie.ign.fr/fiches/index.php?module=e&action=fichepdf&source=carte&sit_no=73285I
node	670538751	http://geodesie.ign.fr/fiches/index.php?module=e&action=fichepdf&source=carte&sit_no=73285J
node	670538753	http://geodesie.ign.fr/fiches/index.php?module=e&action=fichepdf&source=carte&sit_no=73285L
node	670538756	http://geodesie.ign.fr/fiches/index.php?module=e&action=fichepdf&source=carte&sit_no=73285M
node	670538759	http://geodesie.ign.fr/fiches/index.php?module=e&action=fichepdf&source=carte&sit_no=73285N
node	670538762	http://geodesie.ign.fr/fiches/index.php?module=e&action=fichepdf&source=carte&sit_no=73285O
node	670538770	http://geodesie.ign.fr/fiches/index.php?module=e&action=fichepdf&source=carte&sit_no=73285P
node	670538781	http://geodesie.ign.fr/fiches/index.php?module=e&action=fichepdf&source=carte&sit_no=73285R
node	670538784	http://geodesie.ign.fr/fiches/index.php?module=e&action=fichepdf&source=carte&sit_no=73285S
node	670538788	http://geodesie.ign.fr/fiches/index.php?module=e&action=fichepdf&source=carte&sit_no=73285T
node	670538791	http://geodesie.ign.fr/fiches/index.php?module=e&action=fichepdf&source=carte&sit_no=73285U
node	670538800	http://geodesie.ign.fr/fiches/index.php?module=e&action=fichepdf&source=carte&sit_no=73285V
node	670538803	http://geodesie.ign.fr/fiches/index.php?module=e&action=fichepdf&source=carte&sit_no=73285W
node	670538804	http://geodesie.ign.fr/fiches/index.php?module=e&action=fichepdf&source=carte&sit_no=73285X
node	670538805	http://geodesie.ign.fr/fiches/index.php?module=e&action=fichepdf&source=carte&sit_no=73285Y
node	670538806	http://geodesie.ign.fr/fiches/index.php?module=e&action=fichepdf&source=carte&sit_no=73285Z
node	670539182	http://geodesie.ign.fr/fiches/index.php?module=e&action=fichepdf&source=carte&sit_no=7329608
node	670539184	http://geodesie.ign.fr/fiches/index.php?module=e&action=fichepdf&source=carte&sit_no=7329608
node	10009106270	https://sketchfab.com/models/79c2547fa3964d72802c2815624fc5db/embed?autospin=0.2&autostart=1
node	10009106271	https://sketchfab.com/models/942a965bc4a94f0281f4db1e5e423ebd/embed?autospin=0.2&autostart=1
node	12098866558	https://sketchfab.com/models/305748fdaf834a3ea36c6e1a72378e96/embed?autospin=0.2&autostart=1
node	12098897508	https://sketchfab.com/models/c839ced2aeca4767b36b1d6d4b208473/embed?autospin=0.2&autostart=1
node	12194508770	https://matteo-giglio.blogspot.com/2012/05/pilier-rhodo-nuovo-spot-trad-in-valle.html
relation	517389	http://geodesie.ign.fr/fiches/index.php?module=e&action=fichepdf&source=carte&sit_no=73054C
relation	517790	http://geodesie.ign.fr/fiches/index.php?module=e&action=fichepdf&source=carte&sit_no=7323202
relation	517794	http://geodesie.ign.fr/fiches/index.php?module=e&action=fichepdf&source=carte&sit_no=7323206
relation	517797	http://geodesie.ign.fr/fiches/index.php?module=e&action=fichepdf&source=carte&sit_no=7323209
relation	517800	http://geodesie.ign.fr/fiches/index.php?module=e&action=fichepdf&source=carte&sit_no=7323212
relation	517802	http://geodesie.ign.fr/fiches/index.php?module=e&action=fichepdf&source=carte&sit_no=73232B
relation	517803	http://geodesie.ign.fr/fiches/index.php?module=e&action=fichepdf&source=carte&sit_no=73232C
relation	517928	http://geodesie.ign.fr/fiches/index.php?module=e&action=fichepdf&source=carte&sit_no=73285AA
relation	517929	http://geodesie.ign.fr/fiches/index.php?module=e&action=fichepdf&source=carte&sit_no=73285AB
relation	517930	http://geodesie.ign.fr/fiches/index.php?module=e&action=fichepdf&source=carte&sit_no=73285AC
relation	517931	http://geodesie.ign.fr/fiches/index.php?module=e&action=fichepdf&source=carte&sit_no=73285AD
relation	517932	http://geodesie.ign.fr/fiches/index.php?module=e&action=fichepdf&source=carte&sit_no=73285AE
relation	517933	http://geodesie.ign.fr/fiches/index.php?module=e&action=fichepdf&source=carte&sit_no=73285AF
relation	517934	http://geodesie.ign.fr/fiches/index.php?module=e&action=fichepdf&source=carte&sit_no=73285AG
relation	517938	http://geodesie.ign.fr/fiches/index.php?module=e&action=fichepdf&source=carte&sit_no=73285F
relation	517939	http://geodesie.ign.fr/fiches/index.php?module=e&action=fichepdf&source=carte&sit_no=73285G
relation	517940	http://geodesie.ign.fr/fiches/index.php?module=e&action=fichepdf&source=carte&sit_no=73285H
relation	517941	http://geodesie.ign.fr/fiches/index.php?module=e&action=fichepdf&source=carte&sit_no=73285I
relation	517942	http://geodesie.ign.fr/fiches/index.php?module=e&action=fichepdf&source=carte&sit_no=73285J
relation	517943	http://geodesie.ign.fr/fiches/index.php?module=e&action=fichepdf&source=carte&sit_no=73285L
relation	517944	http://geodesie.ign.fr/fiches/index.php?module=e&action=fichepdf&source=carte&sit_no=73285M
relation	517945	http://geodesie.ign.fr/fiches/index.php?module=e&action=fichepdf&source=carte&sit_no=73285N
relation	517946	http://geodesie.ign.fr/fiches/index.php?module=e&action=fichepdf&source=carte&sit_no=73285O
relation	517947	http://geodesie.ign.fr/fiches/index.php?module=e&action=fichepdf&source=carte&sit_no=73285P
relation	517949	http://geodesie.ign.fr/fiches/index.php?module=e&action=fichepdf&source=carte&sit_no=73285R
relation	517950	http://geodesie.ign.fr/fiches/index.php?module=e&action=fichepdf&source=carte&sit_no=73285S
relation	517951	http://geodesie.ign.fr/fiches/index.php?module=e&action=fichepdf&source=carte&sit_no=73285T
relation	517952	http://geodesie.ign.fr/fiches/index.php?module=e&action=fichepdf&source=carte&sit_no=73285U
relation	517953	http://geodesie.ign.fr/fiches/index.php?module=e&action=fichepdf&source=carte&sit_no=73285V
relation	517954	http://geodesie.ign.fr/fiches/index.php?module=e&action=fichepdf&source=carte&sit_no=73285W
relation	517955	http://geodesie.ign.fr/fiches/index.php?module=e&action=fichepdf&source=carte&sit_no=73285X
relation	517956	http://geodesie.ign.fr/fiches/index.php?module=e&action=fichepdf&source=carte&sit_no=73285Y
relation	517957	http://geodesie.ign.fr/fiches/index.php?module=e&action=fichepdf&source=carte&sit_no=73285Z
relation	518000	http://geodesie.ign.fr/fiches/index.php?module=e&action=fichepdf&source=carte&sit_no=7329608
relation	16619194	https://www.aostavalleybiking.com/ciclovia-becca-daver/
relation	16653970	https://www.aostavalleybiking.com/ciclovia-cervino/
