<!DOCTYPE HTML PUBLIC "-//W3C//DTD HTML 4.01//EN" "http://www.w3.org/TR/html4/strict.dtd">	-1		
</body></html>	-1		
</head><body>	-1		
<address>Apache/2.4.67 (Debian) Server at overpass-api.de Port 443</address>	-1		
<h1>Not Acceptable</h1>	-1		
<hr>	-1		
<html><head>	-1		
<p>An appropriate representation of the requested resource could not be found on this server.</p>	-1		
<title>406 Not Acceptable</title>	-1		
fixme	-1		
http://acquaesapone.it	0	403	
http://basilicata.agenziaentrate.it	7		
http://biciclopz.it	6		
http://bata.it	0	301	https://bata.it/
http://autolineecaivano.com	0	301	http://www.autolineecaivano.com/
http://ferramentadelpollino.it	6		
http://binformatic.it	0	403	
http://comune.pisticci.mt.it	0	301	https://comune.pisticci.mt.it/
http://happycasastore.it	0	301	https://www.happycasastore.it/
http://kartodromorsoleo.altervista.org	0	200	
http://idmakers.it	0	301	http://www.idmakers.it/
http://liceoclassicostatale.pz.it	0	403	
http://icoloridellavitabb.com	0	301	http://www.icoloridellavitabb.com/
http://siem.euronics.it	0	301	https://siem.euronics.it/
http://win.comune.rioneroinvulture.pz.it/urbanistica_regolamento/allegati_33_bis/ELABORATI%20GEOLOGICI%20REGOLAMENTO%20URBANISTICO%20COMUNALE/all.12a.Relazione%20idraulica.pdf	0	200	
http://www.autolineeliscio.it	0	301	https://www.autolineeliscio.it/
http://www.bgarte.com	0	301	https://www.bgarte.com/
http://portale.unibas.it/site/home.html	28		
http://tavernaludwig.it	28		
http://www.acquedottolucano.it	28		
http://www.comune.potenza.it/	7		
http://www.controsensobasilicata.com	0	301	https://www.controsensobasilicata.com/
http://www.comunesantangelolefrattepz.it	0	301	https://www.comunesantangelolefrattepz.it/
http://www.godesk.it	0	403	
http://www.hosteliltetto.com/	0	409	
http://www.hotelvittoriapz.it	6		
http://www.fumettiegiochi.it/	0	200	
http://www.grandhotelmaratea.it	0	301	https://www.grandhotelmaratea.it/
http://www.icnovasiri.edu.it/	0	403	
http://www.lasirenadeitessuti.it	6		
http://www.laraccoltadelleacquematera.it/	0	415	
http://www.musiclubmatera.it/	6		
http://www.oasiwwfpolicoro.net	0	200	
http://www.multicinemaranieri.it	0	301	https://www.multicinemaranieri.it/
http://www.petruzziautolinee.it	0	403	
http://www.ristorantelaroulette.it	6		
http://www.spinafotostudio.it	0	301	https://www.spinafotostudio.it/
http://www.trattoriapaolangelo.com	0	301	https://www.trattoriapaolangelo.com/
https://agriturismoparcoverde.it/pages/chi-siamo	0	200	
http://www.cineteatrodonbosco.com	28		
https://autoscuolelisciosnc.it/	6		
https://brunomoda.com	0	103	
https://bio-cosmo.it	0	301	https://www.bio-cosmo.it/
https://ideaartesas.wordpress.com	0	200	
https://comune.tito.pz.it/	0	301	https://www.comune.tito.pz.it/
https://lollipops.fr	0	103	
https://neapolis.business.site/	0	404	
https://museometaponto.beniculturali.it/	0	200	
https://shop.cantinedelnotaio.it	0	403	
https://villa-giada-bb.business.site/	0	404	
https://poloacquistilucania.it/	0	200	
https://web.rivion.it/it	0	403	
https://www.affiliati.buffetti.it	6		
https://www.agriturismoloscoiattolo.eu/	6		
https://www.albergolaprimula.it	0	200	
http://www.mt.camcom.it	28		
https://www.agriturismo-santagata.com/	0	403	
https://www.animaepolpa.it	6		
https://www.aquaticapignola.com/	0	404	
http://www.regione.basilicata.it	28		
https://www.bricorionero.it/	0	403	
https://www.basilicataturistica.it	60		
https://www.centromedicokos.com	0	301	https://www.centromedicokos.com/kos/
https://www.cosmetinfissi.it/	0	301	https://www.cosmetgroup.it/
https://www.caseinautogestione.it/it/m-dettaglio-casa.php?hid=1198	0	415	
https://www.delitaly.eu	0	404	
https://www.despar.it	0	302	https://www.despar.it/it/
https://www.dileo.it/	0	200	
https://www.almacamere.it/	28		
https://www.aspbasilicata.it/servizi/farmaceutica-territoriale	28		
https://www.domar.it/	0	200	
https://www.eurospin.it/	0	200	
https://www.gdf.gov.it/	0	302	/it
https://www.gelateriacaruso.com/	0	403	
https://www.ivytour.it/tour/basilicata-campeggio-bambini-family-camp/	0	403	
https://www.lasuitematera.com/	0	301	https://saucosalsas.com/products/aderezo-habanero
https://www.lefolliedellochef.com/	0	200	
https://www.lequadre.com	0	415	
https://www.liceoscientificomatera.edu.it/	0	200	
https://www.escaffe.it/	28		
https://www.mararanch.it/	0	200	
https://www.fornosorellepalese.it	28		
https://www.masseriacardillo.it/	0	200	
https://www.msddesign.eu	60		
https://www.naracamice.com	0	200	
https://www.onoranzefunebrigiasi.com/	0	200	
https://www.mondialcamping.it/	0	200	
https://www.parafarmaciaeuropea.it/	0	526	
https://www.grafieonline.com/	28		
https://www.polisan.it/	0	202	
https://www.redandy.it	0	415	
https://www.poste.it/cerca/index.html#/risultati-cerca-up/metaponto	0	200	
https://www.trmtv.it	0	202	
https://www.telescacentrogomme.it	0	404	
https://www.ufficiostampabasilicata.it/	0	301	https://ufficiostampabasilicata.it/
https://www.terredigaudio.com/	0	200	
www.asmbasilicata.it	-1		
www.parkhotelpotenza.com	-1		
https://www.trotta.it/rp.aspx?p=potenza	0	200	
https://www.taalumaparty.com	0	200	
https://www.vespestore.it/	28		
