<?xml version="1.0" encoding="UTF-8"?>
<!DOCTYPE html PUBLIC "-//W3C//DTD XHTML 1.0 Strict//EN"
    "http://www.w3.org/TR/xhtml1/DTD/xhtml1-strict.dtd">
<html xmlns="http://www.w3.org/1999/xhtml" xml:lang="en" lang="en">
<head>
  <meta http-equiv="content-type" content="text/html; charset=utf-8" lang="en"/>
  <title>OSM3S Response</title>
</head>
<body>

<p>The data included in this document is from www.openstreetmap.org. The data is made available under ODbL.</p>
<p><strong style="color:#FF0000">Error</strong>: runtime error: open64: 0 Success /osm3s_osm_base Dispatcher_Client::request_read_and_idx::timeout. The server is probably too busy to handle your request. </p>

</body>
</html>
node	26859440	https://www.capogrossocamerota.it/
node	253783845	https://www.pasticceriageneroso.it
node	897180728	http://www.mcpiccadilly.com
node	897305670	http://www.hotelpalaceonline.it
node	1692455244	http://www.hotelcavadellisola.it/
node	1692455246	http://www.ristorantelacapanna.com/
node	1762147302	https://www.casarufolo.com/
node	1879132315	https://www.figaroburgerhouse.it/
node	2229877668	https://www.royalpalm.it/
node	3077486456	https://www.sorrisoresort.it/
node	3077486498	http://www.trattoriaterradelfuoco.it
node	3077534880	http://www.casthotels.com/baiadellesirene.html
node	3078242116	http://www.gabbianobeach.net/
node	3078242117	https://www.hotelcitara.it/
node	3078242118	http://www.hotelrivadelsoleischia.it/
node	3079079309	http://www.casacigliano.it/
node	4129755956	https://puntivendita.dodeca.it/it/italia/napoli/napoli-via-raffaele-morghen
node	4309168118	http://www.szn.it/index.php/it/acquario/la-storia
node	4309168119	https://bibliotecaszn.it/
node	4469650706	http://portadonicaravello.com/homeit.html
node	4470213603	www.leopoldoricevimenti.it
node	5069776922	https://www.goledelcaloreleterrazze.it/
node	5235202021	https://www.osteriadacarmela.it/
node	5304701401	https://ostellobello.com/en/hostel/naples/
node	5469967821	http://www.limoncellodinapoli.it/
node	5851835229	https://salernobunker.facomgas.it/
node	6562169185	https://www.lanificio25.it/
node	6879579147	https://www.stellehotel.com/binario-calmo.asp
node	6943713452	https://www.bbskyhouse.com/bevel
node	6943713455	https://maschioangioinosuite-it.3dcartstores.com
node	7175603435	https://www.bellillo.it
node	7797025364	http://www.calasole.com/home.html
node	7944774684	https://www.quidstore.it
node	8346948239	www.scuolagramscimpastato.edu.it
node	8757448479	https://www.infoserv.biz
node	8972379210	https://www.villaggiocalablanca.it/
node	9799025842	http://www.treesmusicstudio.it/
node	9835776084	https://www.villarosada.net/
node	9835776085	https://m.facebook.com/PizzeriaTriventoPalinuro/
node	9943317291	https://www.beltempio.it
node	9949729706	http://www.villacatie.it/
node	9962100546	https://villadellesirene.com/
node	9962513225	http://www.villabellavista.it/
node	10124076508	http://www.distilleriearagonesi.com/
node	10775214422	nexusinformatica.org
node	10816209337	https://airbnb.com/h/zefirocasavacanza
node	10858121979	https://dapatriziafruttasecca.it/
node	10860644944	https://instaviaggi.it
node	10863745209	https://colonnese.it/content/6-libreria-colonnese
node	10877920481	https://libreriedantedescartes.com/
node	10905242126	https://www.lagemmabnb.it/
node	10931215000	https://www.cantinedellaverno.it
node	10946126923	https://www.pizzerierricoporzio.it
node	10966288391	https://www.collinedizenone.com
node	11123045897	www.giuliomartino.it
node	11200953324	http://www.latavolozzapositano.it/
node	11200954425	http://www.lastminutestore.info/
node	11752991314	https://www.egenergy.it/
node	11770744718	https://nutrizionistacaserta.weebly.com/
node	11825802759	https://siciliabedda.webnode.it/
node	12051173843	https://www.teamlucaparrucchieri.it/
node	12061989737	https://www.lasaponaria.it/biostorie-battipaglia
node	12085980817	https://www.cispi.it
node	12111213124	https://lapampanini.it
node	12115185660	https://www.teresapaparella.it/menu/
node	12192809158	https://spaziotra.xyz
node	12221773632	https://www.galluccicisternadellolio.it
node	12259617706	https://www.librerianeapolis.it
node	12265757175	https://mutecampania.it
node	12271937767	https://www.white1903.it/
node	12271997442	https://www.villaidaforio.it/
node	12271997505	http://www.residencevillatina.it/
node	12286132176	https://www.mazzamaurielle.com/vomero
node	12296849341	https://www.ajrentnapoli.it/en
node	12346842152	https://www.gargiuloinlaid.it/it/
node	12358651048	http://www.casadelloscugnizzo.it
node	12791848349	https://depros.it/
node	12806771422	https://www.iocistolibreria.it/
node	12814049964	https://www.truecontact.it/
node	12824573325	https://www.coseidea.it/
node	12827754403	https://www.arrediamoci.com/
node	12827764759	https://www.lovestop.it/
node	12834579217	https://lmntrixdj1999.wixsite.com/president
node	12834732833	https://annabelmattino.com/
node	13158322173	https://linktr.ee/CalaCrabPorto
node	13159937324	http://www.comune.gianovetusto.ce.it
node	13178955478	https://www.bbnapolimaria.com/
node	13178985321	https://www.stayinnaples.it/
node	13179063698	https://www.agriturismoilcampanile.com/
node	13194260136	https://www.acasadiclara.it/
node	13197324775	https://www.llabbasc.it
node	13202158065	https://www.bionceli.com/
node	13202158066	https://nxsgrowshop.com/
node	13202824163	https://campania.coldiretti.it/calendari-mercati-napoli/
node	13206311029	https://bichotashop.com/
node	13247958620	https://www.napolicentrobeb.it/it
node	13247963087	https://www.formazionesrl.it
node	13260035349	https://www.perdormire.com/negozi/napoli-vomero/
node	13267694712	https://www.casadelcontemporaneo.it/sala-assoli-teatro-napoli-quartieri-spagnoli-spettacoli/
node	13287540858	https://www.aquaaugusta.it
node	13294553966	https://www.casacinemanapoli.it/programmazione-casacinema-napoli/
node	13299177905	https://www.latujarelaisduparc.com/
node	13305049095	https://www.galleriatoledo.it
node	13307193572	https://pensioneristorantedeifiori.weebly.com/index.html
node	13333967011	https://www.pizzeriapisani.it/
node	13334562342	https://www.londonstore.it
way	79268408	https://szn.it/index.php/
way	148258429	https://www.sunriseresort.it/
way	170920731	https://www.giardiniposeidonterme.com/
way	170951369	https://www.areapicnicpugliese.it/
way	174047981	http://www.cittadellascienza.it/
way	188278613	https://retemuseale.provincia.benevento.it/complesso-monumentale-di-santilario
way	203584104	https://www.talentocash.com/punti-vendita/avellino/
way	210211794	http://www.villaggiobussento.it/
way	210821318	https://www.liceoviconapoli.edu.it/
way	210821324	https://www.ic9cuocoschipa.edu.it/
way	215320284	www.ravino.it
way	231428756	http://www.torreorsini.it/
way	245594801	https://www.negombo.it/
way	259069014	https://www.chiesasoccavo.org/
way	259069370	https://www.lasalettenapoli.it/
way	287539256	https://supermercatideco.multicedi.it/
way	297582955	http://www.ischia-fewo.com/
way	302370309	http://www.santafortunata.com
way	304834797	https://www.camping3g.it/
way	305525050	https://www.europaunitasolemare.com/
way	312823675	https://www.lautotamigi.it/
way	320200930	https://www.centrocommercialepegaso.it/
way	380467603	http://www.hotelcapodichino.it/
way	414221329	https://www.giardinoliberato.org/
way	417834740	https://www.paradisesportingvillage.com/
way	420554014	https://www.casamonetacapri.com/
way	462983178	https://www.villaggioromano.com/
way	610045991	https://www.hermitagecapodimonte.it/
way	749284733	https://www.tui.co.uk/destinations/europe/italy/neapolitan-riviera/piano-di-sorrento/hotels/tui-blue-nastro-azzurro.html
way	749285010	https://villaflore.it
way	997977627	http://www.agriturismoziocristoforo.com/
way	1025270923	https://www.fondazionefs.it/content/fondazionefs/it/esplora-il-museo/visita-pietrarsa.html
way	1031137500	https://www.vesevus.it/
way	1069157099	https://www.olattariello.com
way	1265506175	https://www.jetcamp.com/it/italia/camping-maldive-first-class/
way	1323904669	https://www.nitrodi.com/
way	1324177310	https://www.mezzatorre.com/
way	1340342349	https://parrocchiadisanbenedetto.it/
way	1353651229	https://www.comune.carinaro.ce.it/it-it/linea-diretta/scrivici
way	1381719045	http://www.parchicommercialialice.it/i-parchi-commerciali-alice
way	1384056894	https://www.rinaldo.it/
way	1394480691	https://www.villapuntapennata.it
way	1427078648	https://www.comune.tufo.av.it
way	1432321748	https://www.agricampeggiolaghettobasilone.it/
way	1450308181	https://www.donciccio.life/
way	1457689474	https://www.villaggiomaddalena.it/
way	1457703740	https://www.villaggionessuno.com/
way	1457703742	https://www.odisseavillage.com/
way	1457713177	https://www.campinglentiscella.com/
way	1457736165	https://www.glampingdipalma.it/
way	1457740740	campingacapulco.i
way	1474378361	https://www.lafocedeitramonti.com/
way	1474386385	https://www.campinglariva.it/
way	1474647396	https://www.camperstoplagomare.it/
way	1474712890	https://campingipini.com/
way	1474779012	https://www.campingdesiderio.com/
relation	14434407	https://www.wwf.it/oasi/campania/lago_di_campolattaro/
relation	14635178	https://www.parcoregionaledelmatese.it/
<?xml version="1.0" encoding="UTF-8"?>
<!DOCTYPE html PUBLIC "-//W3C//DTD XHTML 1.0 Strict//EN"
    "http://www.w3.org/TR/xhtml1/DTD/xhtml1-strict.dtd">
<html xmlns="http://www.w3.org/1999/xhtml" xml:lang="en" lang="en">
<head>
  <meta http-equiv="content-type" content="text/html; charset=utf-8" lang="en"/>
  <title>OSM3S Response</title>
</head>
<body>

<p>The data included in this document is from www.openstreetmap.org. The data is made available under ODbL.</p>
<p><strong style="color:#FF0000">Error</strong>: runtime error: open64: 0 Success /osm3s_osm_base Dispatcher_Client::request_read_and_idx::timeout. The server is probably too busy to handle your request. </p>

</body>
</html>
