<meta http-equiv="content-type" content="text/html	-1		
<title>OSM3S Response</title>	-1		
charset=utf-8" lang="en"/>	-1		
<!DOCTYPE html PUBLIC "-//W3C//DTD XHTML 1.0 Strict//EN	-1		
</body>	-1		
</head>	-1		
</html>	-1		
<body>	-1		
<head>	-1		
<html xmlns="http://www.w3.org/1999/xhtml" xml:lang="en" lang="en">	-1		
<p><strong style="color:#FF0000">Error</strong>: runtime error: open64: 0 Success /osm3s_osm_base Dispatcher_Client::request_read_and_idx::timeout. The server is probably too busy to handle your request. </p>	-1		
<p>The data included in this document is from www.openstreetmap.org. The data is made available under ODbL.</p>	-1		
autolineelamanna.it	-1		
hotelpixunte.com	-1		
http://www.w3.org/TR/xhtml1/DTD/xhtml1-strict.dtd">	0	400	
http://portadonicaravello.com/homeit.html	6		
http://campingacapulco.it	0	301	http://www.campingacapulco.it/
http://web.archive.org/web/20210403120316/https://www.ilgiuglianese.it/cappella-dei-santi-filippo-e-giacomo-a-giugliano-conosciuta-come-cappella-dei-morti/	0	200	
http://www.agriturismoziocristoforo.com/	0	301	https://www.agriturismoziocristoforo.com/
http://www.bottegacellito.it	0	301	https://www.bottegacellito.it/
http://www.calasole.com/home.html	0	301	https://www.calasole.com/home.html
http://www.casadelloscugnizzo.it	0	301	https://www.casadelloscugnizzo.it/
http://www.cittadellascienza.it/	0	301	https://www.cittadellascienza.it/
http://www.casthotels.com/baiadellesirene.html	0	301	https://www.casthotels.com/baiadellesirene.html
http://www.casacigliano.it/	0	301	https://www.casacigliano.it/
http://www.comune.giugliano.na.it/index.php/servizi/informazioni-sulla-raccolta-rifiuti/item/96-informazioni-sulla-raccolta-dei-rifiuti	7		
http://www.distilleriearagonesi.com/	0	301	https://www.distilleriearagonesi.com/
http://www.comune.gianovetusto.ce.it	0	301	https://www.comune.gianovetusto.ce.it/
http://www.gabbianobeach.net/	0	200	
http://www.hotelcapodichino.it/	0	301	https://www.hotelcapodichino.it/
http://www.hotelpalaceonline.it	0	301	https://www.hotelpalaceonline.it/
http://www.ischia-fewo.com/	6		
http://caudinia.altervista.org/forchia1.htm	6		
http://www.hotelrivadelsoleischia.it/	0	301	https://www.hotelrivadelsoleischia.it/
http://www.hotelcavadellisola.it/	0	301	https://www.hotelcavadellisola.it/
http://www.lanticocortile.it/	0	301	https://www.lanticocortile.it/
http://www.latavolozzapositano.it/	0	200	
http://www.letrepigne.com/	0	301	https://www.letrepigne.com/
http://www.ischiacampingpaluba.it/camping.html	0	200	
http://www.limoncellodinapoli.it/	0	301	https://www.limoncellodinapoli.it/
http://www.lastminutestore.info/	0	301	https://lastminutestore.info/
http://www.mcpiccadilly.com	0	301	https://www.mcpiccadilly.com/
http://www.residencevillatina.it/	0	200	
http://www.parchicommercialialice.it/i-parchi-commerciali-alice	0	200	
http://www.torreorsini.it/	6		
http://www.trattoriaterradelfuoco.it	6		
http://www.santafortunata.com	0	301	https://www.santafortunata.com/
http://www.vacanzeforiapalinuro.it	6		
http://www.treesmusicstudio.it/	0	500	
http://www.villacatie.it/	0	200	
http://www.villaggiobussento.it/	0	200	
https://airbnb.com/h/zefirocasavacanza	0	301	https://www.airbnb.com/h/zefirocasavacanza
http://www.villabellavista.it/	7		
https://appenninobiketour.com/percorso/	0	404	
https://bibliotecaszn.it/	60		
https://bichotashop.com/	0	200	
https://campania.coldiretti.it/calendari-mercati-napoli/	52		
http://www.ristorantelacapanna.com/	28		
https://coinatmradar.com/bitcoin_atm/29525/bitcoin-atm-bitomat-naples-centro-commerciale-quarto-nuovo-napoli/	0	403	
http://www.szn.it/index.php/it/acquario/la-storia	28		
https://campingipini.com/	0	200	
https://colonnese.it/content/6-libreria-colonnese	0	200	
https://dapatriziafruttasecca.it/	0	200	
https://ilbrigante.org/	0	403	
https://fratellilabufala.com/menu-inverno-2021-a/	0	404	
https://instaviaggi.it	6		
https://annabelmattino.com/	28		
https://it.wikipedia.org/wiki/Ipogeo_dei_Cristallini	0	200	
https://ilcuoppo.it	0	200	
https://lafrancescascario.it/	0	200	
https://libreriedantedescartes.com/	0	200	
https://linktr.ee/CalaCrabPorto	0	200	
https://lapampanini.it	0	200	
https://m.facebook.com/PizzeriaTriventoPalinuro/	0	302	https://m.facebook.com/login.php?next=https%3A%2F%2Fm.facebook.com%2FPizzeriaTriventoPalinuro%2F&refsrc=deprecated&_rdr
https://maschioangioinosuite-it.3dcartstores.com	0	301	https://maschioangioinosuite.it
https://lmntrixdj1999.wixsite.com/president	0	200	
https://nutrizionistacaserta.weebly.com/	0	200	
https://mutecampania.it	0	200	
https://nxsgrowshop.com/	0	200	
https://nxsgrowshop.com	0	200	
https://ostellobello.com/en/hostel/naples/	0	200	
https://pensioneristorantedeifiori.weebly.com/index.html	0	200	
https://puntivendita.dodeca.it/it/italia/napoli/napoli-via-raffaele-morghen	0	200	
https://depros.it/	28		
https://retemuseale.provincia.benevento.it/complesso-monumentale-di-santilario	0	200	
https://siciliabedda.webnode.it/	0	200	
https://laviasilente.it/content/	28		
https://spaziotra.xyz	0	200	
https://parrocchiadisanbenedetto.it/	28		
https://szn.it/index.php/	0	301	https://szn.it/index.php/it/
https://salernobunker.facomgas.it/	28		
https://villaflore.it	0	405	
https://supermercatideco.multicedi.it/	0	200	
https://www.agriturismoilcampanile.com/	0	200	
https://villadellesirene.com/	0	200	
https://www.ajrentnapoli.it/en	0	200	
https://www.albacamping.com/	0	200	
https://www.acasadiclara.it/	0	200	
https://www.areapicnicpugliese.it/	0	200	
https://www.aquaaugusta.it	0	200	
https://www.bbskyhouse.com/bevel	0	404	
https://www.bbnapolimaria.com/	0	200	
https://www.bellillo.it	7		
https://www.bionceli.com/	6		
https://www.arrediamoci.com/	0	200	
https://www.campeggiomingardo.it/	0	200	
https://www.beltempio.it	0	200	
https://www.camperstoplagomare.it/	0	200	
https://www.agricampeggiolaghettobasilone.it/	28		
https://www.campinglariva.it/	0	200	
https://www.borgoditortorella.com/poi/chiesa-di-san-vito-martire/	0	200	
https://www.camping3g.it/	0	200	
https://www.cantinedellaverno.it	0	302	https://www.cantinedellaverno.it/it/
https://www.campinglentiscella.com/	0	200	
https://www.capogrossocamerota.it/	0	200	
https://www.campingdesiderio.com/	0	200	
https://www.casadelcontemporaneo.it/sala-assoli-teatro-napoli-quartieri-spagnoli-spettacoli/	0	200	
https://www.casarufolo.com/	0	200	
https://www.casacinemanapoli.it/programmazione-casacinema-napoli/	0	200	
https://www.centrocommercialepegaso.it/	0	200	
https://www.collinedizenone.com	0	200	
https://www.chiesasoccavo.org/	0	200	
https://www.cispi.it	0	301	https://cispi.it/
https://www.comune.tufo.av.it	0	404	
https://www.donciccio.life/	0	200	
https://www.egenergy.it/	6		
https://www.coseidea.it/	60		
https://www.europaunitasolemare.com/	0	200	
https://www.fondazionefs.it/content/fondazionefs/it/esplora-il-museo/visita-pietrarsa.html	0	301	https://www.fondazionefs.it/it/esplora-il-museo/visita-pietrarsa.html
https://www.comune.carinaro.ce.it/it-it/linea-diretta/scrivici	0	404	
https://www.formazionesrl.it	0	200	
https://www.casamonetacapri.com/	28		
https://www.galluccicisternadellolio.it	0	301	https://shop-galluccicisternadellolio.it/
https://www.galleriatoledo.it	0	301	https://www.galleriatoledo.it/index.php/it/
https://www.figaroburgerhouse.it/	0	200	
https://www.giardiniposeidonterme.com/	0	301	https://giardiniposeidonterme.com/
https://www.gargiuloinlaid.it/it/	0	200	
https://www.giardinoliberato.org/	0	200	
https://www.hotelcitara.it/	0	200	
https://www.hermitagecapodimonte.it/	0	301	https://www.icsmaugeri.it/dove-siamo/ics-hermitage-maugeri-napoli
https://www.glampingdipalma.it/	0	200	
https://www.infoserv.biz	0	503	
https://www.ic9cuocoschipa.edu.it/	0	200	
https://www.lafocedeitramonti.com/	0	200	
https://www.jetcamp.com/it/italia/camping-maldive-first-class/	0	200	
https://www.goledelcaloreleterrazze.it/	0	200	
https://www.lagemmabnb.it/	0	200	
https://www.lasaponaria.it/biostorie-battipaglia	0	301	https://www.lasaponaria.it/negozio-cosmetici-bio-battipaglia
https://www.iocistolibreria.it/	0	200	
https://www.latujarelaisduparc.com/	0	200	
https://www.lautotamigi.it/	0	200	
https://www.liceoviconapoli.edu.it/	0	200	
https://www.lanificio25.it/	28		
https://www.londonstore.it	0	301	https://londonstore.it/
https://www.lasalettenapoli.it/	28		
https://www.mazzamaurielle.com/vomero	0	404	
https://www.mezzatorre.com/	60		
https://www.librerianeapolis.it	28		
https://www.negombo.it/	0	301	https://negombo.it/
https://www.nitrodi.com/	0	403	
https://www.odisseavillage.com/	0	200	
https://www.llabbasc.it	28		
https://www.osteriadacarmela.it/	0	403	
https://www.paradisesportingvillage.com/	0	200	
https://www.napolicentrobeb.it/it	0	403	
https://www.olattariello.com	0	200	
https://www.lovestop.it/	28		
https://www.perdormire.com/negozi/napoli-vomero/	0	202	
https://www.pizzerierricoporzio.it	0	301	https://pizzerierricoporzio.it/
https://www.parcoregionaledelmatese.it/	0	200	
https://www.pasticceriageneroso.it	0	200	
https://www.pizzeriapisani.it/	0	200	
https://www.rinaldo.it/	0	200	
https://www.royalpalm.it/	0	200	
https://www.sorrisoresort.it/	0	200	
https://www.stayinnaples.it/	0	200	
https://www.stellehotel.com/binario-calmo.asp	0	200	
https://www.sunriseresort.it/	0	200	
https://www.supermercatipiccolo.it/index.php/punti-vendita	0	200	
https://www.teresapaparella.it/menu/	0	403	
https://www.talentocash.com/punti-vendita/avellino/	0	200	
https://www.teamlucaparrucchieri.it/	0	200	
https://www.tui.co.uk/destinations/europe/italy/neapolitan-riviera/piano-di-sorrento/hotels/tui-blue-nastro-azzurro.html	0	403	
https://www.torredivelia.it/	0	200	
https://www.truecontact.it/	0	200	
https://www.vesevus.it/	0	200	
https://www.villaggiocalablanca.it/	0	200	
https://www.villaggionessuno.com/	0	200	
https://www.quidstore.it	28		
https://www.villaggiostelladelsud.it/	0	200	
https://www.villaggiomaddalena.it/	0	200	
https://www.villarosada.net/	6		
https://www.villapuntapennata.it	0	200	
https://www.villaidaforio.it/	0	200	
nexusinformatica.org	-1		
www.giuliomartino.it	-1		
www.leopoldoricevimenti.it	-1		
www.ravello.com	-1		
www.ravino.it	-1		
www.scuolagramscimpastato.edu.it	-1		
www.sorelledeluca.com	-1		
www.vincenzoberretti.it	-1		
https://www.wwf.it/oasi/campania/lago_di_campolattaro/	0	301	https://www.wwf.it/dove-interveniamo/il-nostro-lavoro-in-italia/oasi/oasi-del-lago-di-campolattaro/
https://www.white1903.it/	0	200	
https://www.villaggioromano.com/	0	301	https://www.villaggioromano.com/it/
