<meta http-equiv="content-type" content="text/html	-1		
<title>OSM3S Response</title>	-1		
charset=utf-8" lang="en"/>	-1		
+39 350 1437726	-1		
<!DOCTYPE html PUBLIC "-//W3C//DTD XHTML 1.0 Strict//EN	-1		
</body>	-1		
</head>	-1		
</html>	-1		
<?xml version="1.0" encoding="UTF-8"?>	-1		
<body>	-1		
<head>	-1		
<html xmlns="http://www.w3.org/1999/xhtml" xml:lang="en" lang="en">	-1		
<p><strong style="color:#FF0000">Error</strong>: runtime error: open64: 0 Success /osm3s_osm_base Dispatcher_Client::request_read_and_idx::timeout. The server is probably too busy to handle your request. </p>	-1		
<p>The data included in this document is from www.openstreetmap.org. The data is made available under ODbL.</p>	-1		
bdu.sba.unibo.it	-1		
http://www.w3.org/TR/xhtml1/DTD/xhtml1-strict.dtd">	0	403	
http://atuttogustodavalentina.it/	6		
http://acnp.cib.unibo.it/cgi-ser/start/it/bib/df-b.tcl?libr=BO352	0	301	http://acnp.unibo.it/cgi-ser/start/it/bib/df-b.tcl?libr=BO352
http://biomedica.biblioteche.unibo.it/biomedica	0	302	http://biomedica.sba.unibo.it/
http://albergo-ilponte.it/	0	200	
http://blog.libero.it/lachiesadisopra/view.php	0	301	https://blog.libero.it/lachiesadisopra/view.php
http://groups.msn.com/ssangelicustodi	0	301	https://onedrive.live.com/
http://pizzaburgerdelivery.pagedemo.co/	0	301	https://pizzaburgerdelivery.pagedemo.co:443/
http://ristorantegentedimare.com/public/it/	0	301	https://ristorantegentedimare.com/public/it/
http://fencucina.it	0	403	
http://trattoriadiardiano.net	0	200	
http://driveeat.it/	0	301	https://driveeat.it/
http://severihotels.com/hotel-bamby	0	301	http://severihotels.com/hotel-bamby/
http://www.adibologna.it/	0	403	
http://severihotels.com/hotel-casali	0	301	http://severihotels.com/hotel-casali/
http://www.anticaosteriadellevolte.it	6		
http://www.attiliobeach.it	0	301	https://www.attiliobeach.it/
http://www.bagnonettunopatrizia.com/	0	200	
http://www.bibliotecanzola.it/	0	301	https://www.bibliotecanzola.it/
http://www.aviosuperficiesantarcangelo.it	0	200	
http://www.bivaccolavezzosa.it/	0	200	
http://www.agriturismolacasina.com	0	301	https://www.agriturismolacasina.com/
http://www.biochimica.unibo.it/Biochimica/default.htm	0	301	http://www.unibo.it/it/ateneo/sedi-e-strutture/dipartimenti
http://www.caffedeicorsi.it/	0	200	
http://www.campeggiovivaio.it/	0	200	
http://www.cantinagaribaldi.com/	6		
http://www.cairimini.it/	0	301	https://www.cairimini.it/
http://www.ca-rossa.it/	0	302	https://www.ca-rossa.it/
http://www.cebora.it	0	301	https://www.cebora.it/
http://www.casafragheto.it/	0	301	https://fragheto.webnode.it/
http://www.chimica.unibo.it/	0	301	https://chimica.unibo.it/
http://www.comune.anzoladellemilia.bo.it	56		
http://www.comune.bologna.it/canilegattile/luoghi/133:18548/	0	302	https://www.comune.bologna.it/contenuto-eliminato
http://www.centroimalatesta.it	0	200	
http://www.df.unibo.it/index.htm	6		
http://www.comune.sarsina.fo.it/turismo/percorsi-mtb.htm	0	404	
http://www.cusb.unibo.it/CUSB/default.htm	0	301	https://cusb.unibo.it/it
http://www.comunegatteo.it	0	302	http://www.comune.gatteo.fc.it/
http://www.dipfisio.unibo.it/Fisiologia/default.htm	0	301	http://www.unibo.it/it/ateneo/sedi-e-strutture/dipartimenti
http://www.emilbanca.it/	0	302	https://www.emilbanca.it/
http://www.gelateriasanmamolo.it	6		
http://www.farmaciaschibuola.it/	0	301	https://www.farmaciaschibuola.it/
http://www.godownrecords.com/en-UK/sidroclub.php	0	301	https://www.godownrecords.com/en-UK/sidroclub.php
http://www.fusorari.it	0	301	https://fusorari.it/
http://www.hanabi72.com/	0	200	
http://www.hotelelizabeth.com	0	301	https://www.elizabethbellaria.com/
http://www.hotelantea.it	0	301	https://www.hotelantea.it/
http://www.hotelarlecchino.net	0	301	https://www.hotelarlecchino.net/
http://www.hotelmeridiana-tabiano.it/	0	301	https://www.hotelmeridiana-tabiano.it/
http://www.hotelfoschi.com/	0	200	
http://www.hotelmartinez.it	0	301	https://hotelmartinez.it/
http://www.ilpanedellebalze.it	6		
http://www.hotelsecchia.it/	0	200	
http://www.internationalcamping.eu/index.php/en/contact-us	0	301	https://www.internationalcamping.eu/index.php/en/contact-us
http://www.kingbazar.net/	6		
http://www.isiafaenza.it	0	302	https://www.isiafaenza.it/
http://www.hotelholiday-bo.com/	0	301	https://www.hotelholiday-bo.com/
http://www.international.unimore.it/	0	303	https://international.unimore.it/
http://www.lastaderatessello.it	6		
http://www.nonnorossi.it/	0	302	http://ww16.nonnorossi.it/?sub1=20250818-2235-23e6-bcab-27d34dc7c399
http://www.locandaparadiso.it/	0	200	
http://www.palazzogallettiabbiosi.it	0	301	https://www.palazzogallettiabbiosi.it/
http://www.med.ira.inaf.it/parabola32m.html	0	200	
http://www.lebondamat.com/	0	301	https://www.lebondamat.com/
http://www.osteriadalnonno.bologna.it/	0	500	
http://www.parrocchiasantegidiobologna.it/	0	200	
http://www.poliambulatoriolasalute.it/	6		
http://www.poggioduca.it/	0	200	
http://www.rifugiosarzana.it	0	301	https://www.rifugiosarzana.it/
http://www.riminilug.it/	0	301	https://www.riminilug.it/
http://www.riminiparking.it/	0	200	
http://www.ristoranteamau.it/	6		
http://www.ristoranteleghiaine.it	0	301	https://www.ristoranteleghiaine.it/
http://www.ristorantesedrariccione.it/	0	301	https://www.ristorantesedrariccione.it/
http://www.salesianirimini.it/	0	301	https://www.salesianirimini.it/
http://www.starwoodhotels.com/sheraton/property/overview/index.html?propertyID=310	0	301	https://www.starwoodhotels.com/sheraton/property/overview/index.html?propertyID=310
http://www.streetburgergourmet.com	0	200	
http://www.ristorantecerina.com	0	301	https://www.ristorantecerina.it/
http://www.velvetcat.it/	6		
http://www.territorio.sm/	0	301	https://www.territorio.sm/
http://www.viaggipinarella.com/	0	301	https://server14.castellino.com/
http://www.villarosariviera.it	0	301	https://villarosariviera.com
https://albergolatorretta.it/	0	200	
http://www.villaggiolapescaccia.com/	0	301	https://www.villaggiolapescaccia.com/
http://www.piccolapiedigrotta.com	28		
https://arle.arlecchinodisco.it/	0	200	
http://www.pistacattolica.it	28		
https://bmtende.it	0	301	http://www.bmtende.it/
https://centrodellamirandola.it/	0	200	
https://centroipioppi.it/	0	200	
https://atelierottico.it/	0	200	
https://amerigo1934.it	0	405	
https://familyfarmgobbi.com/	0	301	https://familyfarmgobbi.com/it_it/
https://farmacia-ponte-sul-nure-snc-pontenure.business.site/	0	404	
https://fsspx.it/it/priorato-madonna-di-loreto-rimini	0	403	
https://crudo.restaurant	0	200	
https://geomgasparinimauro.business.site/	0	404	
https://demonrace.com	0	403	
https://libreriairnerio.blogspot.com/	0	200	
https://m.facebook.com/edicolacartoleriatoscanella/	0	302	https://m.facebook.com/login.php?next=https%3A%2F%2Fm.facebook.com%2Fedicolacartoleriatoscanella%2F&refsrc=deprecated&_rdr
https://m.facebook.com/pages/category/Restaurant/Trattoria-Romagnola-175198019494031/	0	302	https://m.facebook.com/login/?next=https%3A%2F%2Fm.facebook.com%2Fpages%2Fcategory%2FRestaurant%2FTrattoria-Romagnola-175198019494031%2F&refsrc=deprecated&_rdr
https://larcadinoenatura.it/	0	403	
https://hotelbrienz.it	0	200	
https://macaco.tv/	0	200	
https://modena.ubiklibri.it	0	301	https://www.ubiklibri.it/librerie/ubik-modena
https://modenafiere.it	0	200	
https://monacomima.wixsite.com/my-site/copia-di-hotel-monaco	0	200	
https://econilcane.com/scuderia-del-lago/	0	404	
https://pizzeria-san-zenone.business.site/	0	404	
https://molinarisalute.it/mirandola/	0	200	
https://ristorantedamimmo.metro.rest/	0	302	https://ristorantedamimmo.metro.rest/?lang=en
https://new.labs.it/	0	301	https://new.labs.it/it/
https://pizzium.com/	0	200	
https://scarpamondo.it/it/negozi/mirandola?utm_source=google&utm_medium=organic&utm_campaign=gmb	0	301	https://scarpamondo.it/negozi
https://sangiovannipersiceto.mercatopoli.it/	0	200	
https://senapevivaiourbano.com/	0	200	
https://salumeriasimoni.it/	0	200	
https://sites.google.com/site/crocedelbiacco/	0	200	
https://sanleoalbergodiffuso.it/	0	200	
https://sites.google.com/view/nellavecchiafattoria5046/chi-siamo	0	200	
https://soberlemur.com	0	200	
https://viserba.rainbowsushibar.com/	0	200	
https://thegraffitibench.com/	0	103	
https://www.abitarebondeno.it/	0	200	
https://shudaxia.it/ristorante-reggio-emilia/	0	200	
https://www.agriturismoarcoantico.com/area-camper	0	200	
https://www.agriturismodelcimone.com	0	200	
https://www.acquariodicattolica.it/	0	200	
https://www.augustahotel.eu/	0	200	
https://www.atr.fc.it/sosta/sostare-a-cesenatico-2/	0	200	
https://www.bolognawelcome.com/	0	301	/it/
https://www.booking.com/hotel/it/casa-san-pietro-bilocale-centro-storico.it.html	0	200	
https://www.brewdog.com/uk/bologna	0	301	https://brewdog.com/uk/bologna
https://www.bricoio.it/it-IT-it/Custom/PuntoVendita.aspx?codiceNegozio=1123	0	200	
https://www.atelierleragazze.com/	0	200	
https://www.agenziamondo.it	0	200	
https://www.bottegaportici.it/	0	200	
https://www.camatti.it/	0	200	
https://www.casabenna.it	0	200	
https://www.cadigali.it/	0	200	
https://www.cadigali.it/ristorante/	0	200	
https://www.chiaravalledellacolomba.it/	0	200	
https://www.comet.it/negozi/emilia-romagna/modena/comet-mirandola	0	200	
https://www.clarissesantagata.it/	0	200	
https://www.comune.albinea.re.it	0	200	
https://www.conad.it/ricerca-negozi/negozio.007267.html	0	301	https://www.conad.it/ricerca-negozi/conad-via-fratelli-cervi-138-29010-alseno--007267
https://www.coopalleanza3-0.it/	0	403	
https://www.coopalleanza3-0.it/fare-spesa/elenco-negozi/dettaglio-negozio/427-fidenza.html	0	403	
https://www.coopalleanza3-0.it/fare-spesa/elenco-negozi/dettaglio-negozio/602-ipercoop-della-mirandola.html	0	403	
https://www.crai-supermercati.it/nealco/home/index.php	0	403	
https://www.decathlon.it/	0	403	
https://www.cucinot.it	6		
https://www.comune.pavullo-nel-frignano.mo.it/turismo-a-pavullo/info-utili/area-di-sosta-camper-2/	0	200	
https://www.diplomatpalace.it	0	200	
https://www.dellamottahotel.it/hotel-admiral/	0	200	
https://www.divisamilitare.it/	0	200	
https://www.doctolib.it/studio-medico/scandiano	0	404	
https://www.dimegliostore.it/	0	200	
https://www.cantinecasabella.com	28		
https://www.doppiocivico.it	0	200	
https://www.ecudiscount.it/punti-vendita?selected=60730915	0	200	
https://www.elettric80.com/it	0	301	https://www.e80group.com/it
https://www.facebook.com/Birreinbottega/	0	200	
https://www.famila.it/	0	200	
https://www.farmacianatalini.it/	0	301	https://www.drmax.it/
https://www.eurospin.it/	0	200	
https://www.focacceriamediterranea.it/	6		
https://www.emc2onlus.it/	0	200	
https://www.fornext.it	0	200	
https://www.fondazioneilcorreggio.it/	0	200	
https://www.foschihotels.it/splendid/	0	404	
https://www.foschihotels.it/hotel_it.php	0	404	
https://www.games4fans.it/	0	103	
https://www.gimfive.com/palestra/sangiovanniinpersiceto	0	200	
https://www.hotel-ariminum.it/	0	200	
https://www.gelateriadellemoline.com/	0	405	
https://www.hoteladria.rn.it	0	200	
https://www.hotelmillepini.com/	0	200	
https://www.hotelluxorcattolica.com/	0	200	
https://www.hoteloceania.com	0	200	
https://www.ilmistico.it	0	200	
https://www.hotelsaintlouis.it	0	301	http://hotelsaintlouis.it/
https://www.hoteldusoleil.it	0	200	
https://www.kaossparquet.it/	0	200	
https://www.lacompagniabb.it/	0	200	
https://www.kitarestaurant.it	0	301	https://kitarestaurant.it/
https://www.komerestaurant.it/	0	200	
https://www.laferramenta.org/	0	301	https://laferramentabologna.com/
https://www.lasaponaria.it/biostorie-cesena	0	302	https://www.lasaponaria.it/index.php?controller=404
https://www.lasaponaria.it/biostorie-bologna	0	200	
https://www.lidl.it/	0	200	
https://www.laconchigliahotel.it	0	200	
https://www.mcdonalds.it/	92		
https://www.m11shop.eu/	0	301	https://m11shop.eu/
https://www.mechworks.com	0	200	
https://www.mimosahotel.net	0	200	
https://www.metalbox.it	0	200	
https://www.giardino34.it/	28		
https://www.mathis.it/it/	0	200	
https://www.motoabbigliamento.it/motoabbigliamento-store-ferrara	0	200	
https://www.omniaesteticashop.it/	6		
https://www.museoaviazione.com/	0	200	
https://www.mutenye.it/	0	200	
https://www.panzaro.it/	6		
https://www.paradigmi.net	0	200	
https://www.pietredeldrago.com/	0	200	
https://www.pasticceria-nufi.it/	0	200	
https://www.poliambulatoriokripton.it/	0	200	
https://www.orthoshops.it/negozi-orthoshops-dove-siamo/orthoshops-boiardo-reggio-emilia/	0	404	
https://www.palariccione.com/	0	200	
https://www.q8.it/?utm_campaign=listing&utm_medium=q8&utm_source=googlemybusiness	0	200	
https://www.roverella.it/	0	200	
https://www.reggioemiliawelcome.it/it/boretto/ospitalita/dove-dormire/aree-di-sosta-camper/area-sosta-camper-boretto	0	200	
https://www.puntobologna.com/	0	200	
https://www.saffi25.it/	6		
https://www.ristoranteilpalazzo.com/	0	200	
https://www.santarcangelodiromagna.info/santarcamper-area-sosta-camper/	0	200	
https://www.solariamare.it/	0	200	
https://www.tendedasolerimini-riccione.com/	6		
https://www.spaccaferro.com	0	200	
https://www.stazionediserviziopb.it	0	200	
https://www.sarniristorazione.it/item/ads-sillaro-est	0	404	
https://www.vacanzattiva.com/	60		
https://www.unife.it/sma/it/orto-botanico	0	200	
https://www.unionhotels.it	0	200	
https://www.vecchiastalla.it	0	200	
https://www.vecchiastalla.it/	0	200	
rockandrivers.com	-1		
www.atelier-interni.com	-1		
www.biblioeconomia.unimore.it	-1		
www.hotelformica.it	-1		
www.ilritrovo.net	-1		
www.ristoranteigirasoli.it	-1		
www.sancristoforo.altervista.org	-1		
https://www.vigilfuoco.it/aspx/home.aspx	0	301	https://www.vigilfuoco.it/
https://www.vigilfuoco.it/sitiVVF/rimini/	0	301	https://www.vigilfuoco.it/siti-vvf?titolo=rimini
https://www.unieuro.it/online/negozi/Unieuro-Mirandola	0	200	
