<meta http-equiv="content-type" content="text/html	-1		
<title>OSM3S Response</title>	-1		
charset=utf-8" lang="en"/>	-1		
<!DOCTYPE html PUBLIC "-//W3C//DTD XHTML 1.0 Strict//EN	-1		
</body>	-1		
</head>	-1		
</html>	-1		
<body>	-1		
<head>	-1		
<html xmlns="http://www.w3.org/1999/xhtml" xml:lang="en" lang="en">	-1		
<p><strong style="color:#FF0000">Error</strong>: runtime error: open64: 0 Success /osm3s_osm_base Dispatcher_Client::request_read_and_idx::timeout. The server is probably too busy to handle your request. </p>	-1		
<p>The data included in this document is from www.openstreetmap.org. The data is made available under ODbL.</p>	-1		
http://www.w3.org/TR/xhtml1/DTD/xhtml1-strict.dtd">	0	400	
http://alcampanontrieste.it/	6		
http://dealer.moto.it/dueruoteudine	0	403	
http://centrocommercialecervignano.com/	0	200	
http://gmdimensione.com/	0	301	https://gmdimensione.com/
http://fastmood.it/	0	301	https://www.fastmood.it/
http://italia.indettaglio.it/ita/friuliveneziagiulia/udine_latisana_duranti.html	0	301	https://italia.indettaglio.it/ita/friuliveneziagiulia/udine_latisana_duranti.html
http://italia.indettaglio.it/ita/friuliveneziagiulia/udine_latisana_gorgo.html	0	301	https://italia.indettaglio.it/ita/friuliveneziagiulia/udine_latisana_gorgo.html
http://italia.indettaglio.it/ita/friuliveneziagiulia/udine_latisana_pertegada.html	0	301	https://italia.indettaglio.it/ita/friuliveneziagiulia/udine_latisana_pertegada.html
http://italia.indettaglio.it/ita/friuliveneziagiulia/udine_latisana_bevazzana.html	0	301	https://italia.indettaglio.it/ita/friuliveneziagiulia/udine_latisana_bevazzana.html
http://lacoccinelladoro.com	0	200	
http://mepgroup.com	0	301	https://mepgroup.com/
http://rossi-elettronica.com/	6		
http://ristoranteitaliatarvisio.it	0	200	
http://valbrunainn.com	0	301	https://www.valbrunainn.com/
http://trattoriabrunomasaneta.it/	0	301	https://trattoriabrunomasaneta.it/
http://www.58motorsporting.com/tolmezzo/it/	6		
http://rentaski.ws/	0	301	https://rentaski.ws/
http://www.acjasedilise.it	0	302	it/
http://www.1301inn.it	0	200	
http://www.agriturismozaine.it/	0	301	https://www.agriturismozaine.it/
http://www.agenziafargo.it/	0	301	https://www.agenziafargo.it/
http://italia.indettaglio.it/ita/friuliveneziagiulia/udine_lignanosabbiadoro_casabianca.html	0	301	https://italia.indettaglio.it/ita/friuliveneziagiulia/udine_lignanosabbiadoro_casabianca.html
http://www.albergo-edelweiss.com/	0	200	
http://www.albergoalcacciatoretarvisio.191.it	52		
http://www.albergoneidersauris.it	6		
http://www.albergotrieste.org	0	301	https://www.albergotrieste.org:443/
http://www.albergodiffusoilgrop.it/	0	301	https://www.albergodiffusozoncolan.it/
http://www.alcentral.it/	6		
http://www.alcentrobarsport.it	6		
http://www.alciclista.it	0	301	https://www.alciclista.it/
http://www.allatessitura.it	6		
http://www.alexdepasetattoo.com/	0	200	
http://www.allegrafattoriaincarso.it/	6		
http://www.aldolcenero.it/	0	200	
http://www.alpiccolocason.it/	0	302	https://www.alpiccolocason.it/
http://www.ausoniabeachlignano.com/	0	302	https://www.ausoniabeachlignano.com/
http://www.alpstation.it	0	302	https://www.alpstation.it/
http://www.antarespiancavallo.it	0	200	
http://www.baldansport.com	0	200	
http://www.bbartigrafiche.com	6		
http://www.betonfer.com/	6		
http://www.birraebasta.com	0	301	https://www.birraebasta.com/
http://www.birreriamondial.it	0	301	https://duneweb.ovh/
http://www.babylignano.it/	0	301	https://babylignano.it/
http://www.carsosegreto.it/2009/10/le-colonne-di-aurisina.html	0	301	https://www.carsosegreto.it/2009/10/le-colonne-di-aurisina.html
http://www.carbonneri.it/	0	200	
http://www.cafenoir.biz/	0	200	
http://www.casadellachiave.com	0	301	https://www.casadellachiave.com/
http://www.casaperaria.it	0	301	https://www.casaperaria.it/
http://www.castfvg.it/	0	301	https://www.castfvg.it/
http://www.catastogrotte.fvg.it/3917	6		
http://www.casadimirea.com/it/grado/	0	200	
http://www.chieseitaliane.chiesacattolica.it/chieseitaliane/schedaca.jsp?sercd=68497	0	302	https://chieseitaliane.chiesacattolica.it/chieseitaliane/schedaca.jsp?sercd=68497
http://www.chieseitaliane.chiesacattolica.it/chieseitaliane/schedaca.jsp?sercd=68496	0	302	https://chieseitaliane.chiesacattolica.it/chieseitaliane/schedaca.jsp?sercd=68496
http://www.albergoadriatico-tarvisio.it	28		
http://www.chieseitaliane.chiesacattolica.it/chieseitaliane/schedaca.jsp?sercd=84778	0	302	https://chieseitaliane.chiesacattolica.it/chieseitaliane/schedaca.jsp?sercd=84778
http://www.casainternazionaledonnetrieste.org	0	301	https://www.casainternazionaledonnetrieste.org/
http://www.comune.maranolagunare.ud.it/index.php?id=14362	0	301	https://www.comune.maranolagunare.ud.it/index.php?id=14362
http://www.comune.sauris.ud.it	0	301	https://www.comune.sauris.ud.it/
http://www.comuneditarvisio.com/	0	301	https://www.comuneditarvisio.com/
http://www.comunediruda.it/	0	200	
http://www.crbcrismancich.it	0	200	
http://www.davidegioielleria.it/	0	301	https://www.davidegioielleria.it/
http://www.fabbromeccanicalussetti.com/	6		
http://www.dawit.it	0	301	http://www.dawit.shop/
http://www.farmaciadare.it/	0	301	https://www.farmaciadare.it/
http://www.exposta.it	0	301	https://www.exposta.it/
http://www.federicomarsich.com	6		
http://www.diocesigorizia.it/	0	302	https://www.diocesigorizia.it/
http://www.farmacialondero.it/	0	200	
http://www.ferramentaceolin.it/	0	301	https://www.ferramentaceolin.it/
http://www.farmaciatoso.it/index.asp	0	301	https://ordinionline.valoresalute.it/farmacie/toso-dr.-lorenzo/231147
http://www.golfsenzaconfini.com	0	301	https://golfsenzaconfini.com/
http://www.greifhotel.it/	0	200	
http://www.hoteledelhof.com	6		
http://www.hotelcanin.it	0	301	https://www.hotelcanin.it/
http://www.galleriaillevriero.com/	0	301	https://www.galleriaillevriero.com/
http://www.hotelnevadatarvisio.com	6		
http://www.hotelnevea.it	6		
http://www.hotel-abbazia-grado.com/	0	200	
http://www.hotelpluemesauris.it	0	200	
http://www.hotelreginagrado.com/	0	301	https://www.hotelreginagrado.com/
http://www.hotelraibl.com/	0	301	https://www.hotelraibl.com/
http://www.hotelrenzo.com	6		
http://www.hotelreginapiancavallo.it	6		
http://www.hotelhelvetiagrado.it	0	301	https://hotelhelvetiagrado.it/
http://www.hotelspartiacque.com	0	301	https://www.hotelspartiacque.com/
http://www.hoteltognongrado.it/	0	301	https://www.hoteltognongrado.it/
http://www.hotelvillavenezia.com/	0	301	https://www.hotelvillavenezia.com/
http://www.hotelhaberl.com	0	301	https://www.hotelhaberl.com/
http://www.hotelvalleverde.com	0	301	https://www.hotelvalleverde.com/
http://www.hotelsaisera.com	0	301	https://hotelsaisera.com/
http://www.ipac.regione.fvg.it/aspx/ViewProspIntermedia.aspx?idScheda=103&tsk=PG	0	200	
http://www.ipac.regione.fvg.it/aspx/ViewProspIntermedia.aspx?idScheda=107&tsk=PG&tp=vRAP&idAmb=120&idsttem=6	0	200	
http://www.ipac.regione.fvg.it/aspx/ViewProspIntermedia.aspx?idScheda=11&tsk=PG&tp=vRAP&idAmb=120&idsttem=6	0	200	
http://www.ipac.regione.fvg.it/aspx/ViewProspIntermedia.aspx?idScheda=105&tsk=PG&tp=vRAP&idAmb=120&idsttem=6	0	200	
http://www.ipac.regione.fvg.it/aspx/ViewProspIntermedia.aspx?idScheda=110&tsk=PG&tp=vRAP&idAmb=120&idsttem=6	0	200	
http://www.ipac.regione.fvg.it/aspx/ViewProspIntermedia.aspx?idScheda=112&tsk=PG&tp=vRAP&idAmb=120&idsttem=6	0	200	
http://www.ipac.regione.fvg.it/aspx/ViewProspIntermedia.aspx?idScheda=114&tsk=PG&tp=vRAP&idAmb=120&idsttem=6	0	200	
http://www.ipac.regione.fvg.it/aspx/ViewProspIntermedia.aspx?idScheda=119&tsk=PG&tp=vRAP&idAmb=120&idsttem=6	0	200	
http://www.ipac.regione.fvg.it/aspx/ViewProspIntermedia.aspx?idScheda=120&tsk=PG&tp=vRAP&idAmb=120&idsttem=6	0	200	
http://www.ipac.regione.fvg.it/aspx/ViewProspIntermedia.aspx?idScheda=124&tsk=PG&tp=vRAP&idAmb=120&idsttem=6	0	200	
http://www.ipac.regione.fvg.it/aspx/ViewProspIntermedia.aspx?idScheda=121&tsk=PG&tp=vRAP&idAmb=120&idsttem=6	0	200	
http://www.ipac.regione.fvg.it/aspx/ViewProspIntermedia.aspx?idScheda=126&tsk=PG&tp=vRAP&idAmb=120&idsttem=6	0	200	
http://www.ipac.regione.fvg.it/aspx/ViewProspIntermedia.aspx?idScheda=13&tsk=PG&tp=vRAP&idAmb=120&idsttem=6	0	200	
http://www.ipac.regione.fvg.it/aspx/ViewProspIntermedia.aspx?idScheda=132&tsk=PG&tp=vRAP&idAmb=120&idsttem=6	0	200	
http://www.ipac.regione.fvg.it/aspx/ViewProspIntermedia.aspx?idScheda=133&tsk=PG&tp=vRAP&idAmb=120&idsttem=6	0	200	
http://www.ipac.regione.fvg.it/aspx/ViewProspIntermedia.aspx?idScheda=129&tsk=PG	0	200	
http://www.ipac.regione.fvg.it/aspx/ViewProspIntermedia.aspx?idScheda=135&tsk=PG&tp=vRAP&idAmb=120&idsttem=6	0	200	
http://www.ipac.regione.fvg.it/aspx/ViewProspIntermedia.aspx?idScheda=141&tsk=PG	0	200	
http://www.ipac.regione.fvg.it/aspx/ViewProspIntermedia.aspx?idScheda=134&tsk=PG	0	200	
http://www.ipac.regione.fvg.it/aspx/ViewProspIntermedia.aspx?idScheda=144&tsk=PG&tp=vRAP&idAmb=120&idsttem=6	0	200	
http://www.ipac.regione.fvg.it/aspx/ViewProspIntermedia.aspx?idScheda=143&tsk=PG&tp=vRAP&idAmb=120&idsttem=6	0	200	
http://www.ipac.regione.fvg.it/aspx/ViewProspIntermedia.aspx?idScheda=145&tsk=PG	0	200	
http://www.ipac.regione.fvg.it/aspx/ViewProspIntermedia.aspx?idScheda=148&tsk=PG	0	200	
http://www.ipac.regione.fvg.it/aspx/ViewProspIntermedia.aspx?idScheda=149&tsk=PG&tp=vRAP&idAmb=120&idsttem=6	0	200	
http://www.ipac.regione.fvg.it/aspx/ViewProspIntermedia.aspx?idScheda=146&tsk=PG&tp=vRAP&idAmb=120&idsttem=6	0	200	
http://www.ipac.regione.fvg.it/aspx/ViewProspIntermedia.aspx?idScheda=150&tsk=PG&tp=vRAP&idAmb=120&idsttem=6	0	200	
http://www.ipac.regione.fvg.it/aspx/ViewProspIntermedia.aspx?idScheda=156&tsk=PG	0	200	
http://www.ipac.regione.fvg.it/aspx/ViewProspIntermedia.aspx?idScheda=15&tsk=PG&tp=vRAP&idAmb=120&idsttem=6	0	200	
http://www.ipac.regione.fvg.it/aspx/ViewProspIntermedia.aspx?idScheda=152&tsk=PG	0	200	
http://www.ipac.regione.fvg.it/aspx/ViewProspIntermedia.aspx?idScheda=168&tsk=PG	0	200	
http://www.ipac.regione.fvg.it/aspx/ViewProspIntermedia.aspx?idScheda=167&tsk=PG	0	200	
http://www.ipac.regione.fvg.it/aspx/ViewProspIntermedia.aspx?idScheda=174&tsk=PG	0	200	
http://www.ipac.regione.fvg.it/aspx/ViewProspIntermedia.aspx?idScheda=176&tsk=PG&tp=vRAP&idAmb=120&idsttem=6	0	200	
http://www.ipac.regione.fvg.it/aspx/ViewProspIntermedia.aspx?idScheda=18&tsk=PG&tp=vRAP&idAmb=120&idsttem=6	0	200	
http://www.ipac.regione.fvg.it/aspx/ViewProspIntermedia.aspx?idScheda=180&tsk=PG	0	200	
http://www.ipac.regione.fvg.it/aspx/ViewProspIntermedia.aspx?idScheda=181&tsk=PG	0	200	
http://www.ipac.regione.fvg.it/aspx/ViewProspIntermedia.aspx?idScheda=182&tsk=PG	0	200	
http://www.ipac.regione.fvg.it/aspx/ViewProspIntermedia.aspx?idScheda=158&tsk=PG&tp=vRAP&idAmb=120&idsttem=6	28		
http://www.ipac.regione.fvg.it/aspx/ViewProspIntermedia.aspx?idScheda=16&tsk=PG&tp=vRAP&idAmb=120&idsttem=6	28		
http://www.ipac.regione.fvg.it/aspx/ViewProspIntermedia.aspx?idScheda=183&tsk=PG&tp=vRAP&idAmb=120&idsttem=6	0	200	
http://www.ipac.regione.fvg.it/aspx/ViewProspIntermedia.aspx?idScheda=187&tsk=PG	0	200	
http://www.ipac.regione.fvg.it/aspx/ViewProspIntermedia.aspx?idScheda=188&tsk=PG	0	200	
http://www.ipac.regione.fvg.it/aspx/ViewProspIntermedia.aspx?idScheda=192&tsk=PG	0	200	
http://www.ipac.regione.fvg.it/aspx/ViewProspIntermedia.aspx?idScheda=193&tsk=PG	0	200	
http://www.ipac.regione.fvg.it/aspx/ViewProspIntermedia.aspx?idScheda=194&tsk=PG&tp=vRAP&idAmb=120&idsttem=6	0	200	
http://www.ipac.regione.fvg.it/aspx/ViewProspIntermedia.aspx?idScheda=195&tsk=PG&tp=vRAP&idAmb=120&idsttem=6	0	200	
http://www.ipac.regione.fvg.it/aspx/ViewProspIntermedia.aspx?idScheda=196&tsk=PG&tp=vRAP&idAmb=120&idsttem=6	0	200	
http://www.ipac.regione.fvg.it/aspx/ViewProspIntermedia.aspx?idScheda=200&tsk=PG&tp=vRAP&idAmb=120&idsttem=6	0	200	
http://www.ipac.regione.fvg.it/aspx/ViewProspIntermedia.aspx?idScheda=199&tsk=PG	0	200	
http://www.ipac.regione.fvg.it/aspx/ViewProspIntermedia.aspx?idScheda=202&tsk=PG&tp=vRAP&idAmb=120&idsttem=6	0	200	
http://www.ipac.regione.fvg.it/aspx/ViewProspIntermedia.aspx?idScheda=203&tsk=PG	0	200	
http://www.ipac.regione.fvg.it/aspx/ViewProspIntermedia.aspx?idScheda=212&tsk=PG&tp=vRAP&idAmb=120&idsttem=6	0	200	
http://www.ipac.regione.fvg.it/aspx/ViewProspIntermedia.aspx?idScheda=211&tsk=PG&tp=vRAP&idAmb=120&idsttem=6	0	200	
http://www.ipac.regione.fvg.it/aspx/ViewProspIntermedia.aspx?idScheda=210&tsk=PG	0	200	
http://www.ipac.regione.fvg.it/aspx/ViewProspIntermedia.aspx?idScheda=217&tsk=PG&tp=vRAP&idAmb=120&idsttem=6	0	200	
http://www.ipac.regione.fvg.it/aspx/ViewProspIntermedia.aspx?idScheda=218&tsk=PG&tp=vRAP&idAmb=120&idsttem=6	0	200	
http://www.ipac.regione.fvg.it/aspx/ViewProspIntermedia.aspx?idScheda=220&tsk=PG&tp=vRAP&idAmb=120&idsttem=6	0	200	
http://www.ipac.regione.fvg.it/aspx/ViewProspIntermedia.aspx?idScheda=22&tsk=PG&tp=vRAP&idAmb=120&idsttem=6	0	200	
http://www.ipac.regione.fvg.it/aspx/ViewProspIntermedia.aspx?idScheda=222&tsk=PG	0	200	
http://www.ipac.regione.fvg.it/aspx/ViewProspIntermedia.aspx?idScheda=223&tsk=PG&tp=vRAP&idAmb=120&idsttem=6	0	200	
http://www.ipac.regione.fvg.it/aspx/ViewProspIntermedia.aspx?idScheda=224&tsk=PG&tp=vRAP&idAmb=120&idsttem=6	0	200	
http://www.ipac.regione.fvg.it/aspx/ViewProspIntermedia.aspx?idScheda=226&tsk=PG&tp=vRAP&idAmb=120&idsttem=6	0	200	
http://www.ipac.regione.fvg.it/aspx/ViewProspIntermedia.aspx?idScheda=228&tsk=PG&tp=vRAP&idAmb=120&idsttem=6	0	200	
http://www.ipac.regione.fvg.it/aspx/ViewProspIntermedia.aspx?idScheda=229&tsk=PG&tp=vRAP&idAmb=120&idsttem=6	0	200	
http://www.ipac.regione.fvg.it/aspx/ViewProspIntermedia.aspx?idScheda=230&tsk=PG&tp=vRAP&idAmb=120&idsttem=6	0	200	
http://www.ipac.regione.fvg.it/aspx/ViewProspIntermedia.aspx?idScheda=231&tsk=PG&tp=vRAP&idAmb=120&idsttem=6	0	200	
http://www.ipac.regione.fvg.it/aspx/ViewProspIntermedia.aspx?idScheda=232&tsk=PG	0	200	
http://www.ipac.regione.fvg.it/aspx/ViewProspIntermedia.aspx?idScheda=236&tsk=PG	0	200	
http://www.ipac.regione.fvg.it/aspx/ViewProspIntermedia.aspx?idScheda=237&tsk=PG	0	200	
http://www.ipac.regione.fvg.it/aspx/ViewProspIntermedia.aspx?idScheda=238&tsk=PG	0	200	
http://www.ipac.regione.fvg.it/aspx/ViewProspIntermedia.aspx?idScheda=240&tsk=PG&tp=vRAP&idAmb=120&idsttem=6	0	200	
http://www.ipac.regione.fvg.it/aspx/ViewProspIntermedia.aspx?idScheda=241&tsk=PG	0	200	
http://www.ipac.regione.fvg.it/aspx/ViewProspIntermedia.aspx?idScheda=24&tsk=PG	0	200	
http://www.ipac.regione.fvg.it/aspx/ViewProspIntermedia.aspx?idScheda=243&tsk=PG	0	200	
http://www.ipac.regione.fvg.it/aspx/ViewProspIntermedia.aspx?idScheda=242&tsk=PG	0	200	
http://www.ipac.regione.fvg.it/aspx/ViewProspIntermedia.aspx?idScheda=244&tsk=PG	0	200	
http://www.ipac.regione.fvg.it/aspx/ViewProspIntermedia.aspx?idScheda=245&tsk=PG&tp=vRAP&idAmb=120&idsttem=6	0	200	
http://www.ipac.regione.fvg.it/aspx/ViewProspIntermedia.aspx?idScheda=247&tsk=PG&tp=vRAP&idAmb=120&idsttem=6	0	200	
http://www.ipac.regione.fvg.it/aspx/ViewProspIntermedia.aspx?idScheda=246&tsk=PG	0	200	
http://www.ipac.regione.fvg.it/aspx/ViewProspIntermedia.aspx?idScheda=252&tsk=PG	0	200	
http://www.ipac.regione.fvg.it/aspx/ViewProspIntermedia.aspx?idScheda=25&tsk=PG	0	200	
http://www.ipac.regione.fvg.it/aspx/ViewProspIntermedia.aspx?idScheda=251&tsk=PG	0	200	
http://www.ipac.regione.fvg.it/aspx/ViewProspIntermedia.aspx?idScheda=253&tsk=PG&tp=vRAP&idAmb=120&idsttem=6	0	200	
http://www.ipac.regione.fvg.it/aspx/ViewProspIntermedia.aspx?idScheda=254&tsk=PG&tp=vRAP&idAmb=120&idsttem=6	0	200	
http://www.ipac.regione.fvg.it/aspx/ViewProspIntermedia.aspx?idScheda=255&tsk=PG&tp=vRAP&idAmb=120&idsttem=6	0	200	
http://www.ipac.regione.fvg.it/aspx/ViewProspIntermedia.aspx?idScheda=256&tsk=PG&tp=vRAP&idAmb=120&idsttem=6	0	200	
http://www.ipac.regione.fvg.it/aspx/ViewProspIntermedia.aspx?idScheda=257&tsk=PG	0	200	
http://www.ipac.regione.fvg.it/aspx/ViewProspIntermedia.aspx?idScheda=259&tsk=PG	0	200	
http://www.ipac.regione.fvg.it/aspx/ViewProspIntermedia.aspx?idScheda=260&tsk=PG&tp=vRAP&idAmb=120&idsttem=6	0	200	
http://www.ipac.regione.fvg.it/aspx/ViewProspIntermedia.aspx?idScheda=261&tsk=PG&tp=vRAP&idAmb=120&idsttem=6	0	200	
http://www.ipac.regione.fvg.it/aspx/ViewProspIntermedia.aspx?idScheda=262&tsk=PG&tp=vRAP&idAmb=120&idsttem=6	28		
http://www.ipac.regione.fvg.it/aspx/ViewProspIntermedia.aspx?idScheda=263&tsk=PG&tp=vRAP&idAmb=120&idsttem=6	28		
http://www.ipac.regione.fvg.it/aspx/ViewProspIntermedia.aspx?idScheda=264&tsk=PG	28		
http://www.ipac.regione.fvg.it/aspx/ViewProspIntermedia.aspx?idScheda=269&tsk=PG&tp=vRAP&idAmb=120&idsttem=6	28		
http://www.ipac.regione.fvg.it/aspx/ViewProspIntermedia.aspx?idScheda=271&tsk=PG&tp=vRAP&idAmb=120&idsttem=6	28		
http://www.ipac.regione.fvg.it/aspx/ViewProspIntermedia.aspx?idScheda=272&tsk=PG&tp=vRAP&idAmb=120&idsttem=6	28		
http://www.ipac.regione.fvg.it/aspx/ViewProspIntermedia.aspx?idScheda=273&tsk=PG	28		
http://www.ipac.regione.fvg.it/aspx/ViewProspIntermedia.aspx?idScheda=274&tsk=PG&tp=vRAP&idAmb=120&idsttem=6	28		
http://www.ipac.regione.fvg.it/aspx/ViewProspIntermedia.aspx?idScheda=277&tsk=PG&tp=vRAP&idAmb=120&idsttem=6	28		
http://www.ipac.regione.fvg.it/aspx/ViewProspIntermedia.aspx?idScheda=278&tsk=PG	28		
http://www.ipac.regione.fvg.it/aspx/ViewProspIntermedia.aspx?idScheda=279&tsk=PG	28		
http://www.ipac.regione.fvg.it/aspx/ViewProspIntermedia.aspx?idScheda=3&tsk=PG	28		
http://www.ipac.regione.fvg.it/aspx/ViewProspIntermedia.aspx?idScheda=30&tsk=PG&tp=vRAP&idAmb=120&idsttem=6	28		
http://www.ipac.regione.fvg.it/aspx/ViewProspIntermedia.aspx?idScheda=31&tsk=PG&tp=vRAP&idAmb=120&idsttem=6	28		
http://www.ipac.regione.fvg.it/aspx/ViewProspIntermedia.aspx?idScheda=33&tsk=PG	28		
http://www.ipac.regione.fvg.it/aspx/ViewProspIntermedia.aspx?idScheda=36&tsk=PG&tp=vRAP&idAmb=120&idsttem=6	28		
http://www.ipac.regione.fvg.it/aspx/ViewProspIntermedia.aspx?idScheda=38&tsk=PG	28		
http://www.ipac.regione.fvg.it/aspx/ViewProspIntermedia.aspx?idScheda=4&tsk=PG&tp=vRAP&idAmb=120&idsttem=6	28		
http://www.ipac.regione.fvg.it/aspx/ViewProspIntermedia.aspx?idScheda=46&tsk=PG&tp=vRAP&idAmb=120&idsttem=6	28		
http://www.ipac.regione.fvg.it/aspx/ViewProspIntermedia.aspx?idScheda=47&tsk=PG	28		
http://www.ipac.regione.fvg.it/aspx/ViewProspIntermedia.aspx?idScheda=48&tsk=PG&tp=vRAP&idAmb=120&idsttem=6	28		
http://www.ipac.regione.fvg.it/aspx/ViewProspIntermedia.aspx?idScheda=49&tsk=PG	28		
http://www.ipac.regione.fvg.it/aspx/ViewProspIntermedia.aspx?idScheda=56&tsk=PG	28		
http://www.ipac.regione.fvg.it/aspx/ViewProspIntermedia.aspx?idScheda=57&tsk=PG&tp=vRAP&idAmb=120&idsttem=6	28		
http://www.ipac.regione.fvg.it/aspx/ViewProspIntermedia.aspx?idScheda=6&tsk=PG	28		
http://www.ipac.regione.fvg.it/aspx/ViewProspIntermedia.aspx?idScheda=61&tsk=PG	28		
http://www.ipac.regione.fvg.it/aspx/ViewProspIntermedia.aspx?idScheda=64&tsk=PG	28		
http://www.ipac.regione.fvg.it/aspx/ViewProspIntermedia.aspx?idScheda=8&tsk=PG&tp=vRAP&idAmb=120&idsttem=6	28		
http://www.kanaeteam.it	6		
http://www.kinesisclub.com/beauty-spa/	0	301	https://www.kinesisclub.com/beauty-spa/
http://www.labaitadeisapori.com	0	301	https://www.labaitadeisapori.com/
http://www.labottelignano.it/	6		
http://www.ipac.regione.fvg.it/aspx/ViewProspIntermedia.aspx?idScheda=98&tsk=PG	0	200	
http://www.lacroma.it/	0	200	
http://www.lacucinadibeaebenny.it/	6		
http://www.ipac.regione.fvg.it/aspx/ViewProspIntermedia.aspx?idScheda=9&tsk=PG&tp=vRAP&idAmb=120&idsttem=6	0	200	
http://www.lagirandola.com/	0	200	
http://www.lidocity.com/ita/lidocity/	0	301	https://www.lidocity.com/ita/lidocity/
http://www.lagenzianella.eu	0	200	
http://www.ipac.regione.fvg.it/aspx/ViewProspIntermedia.aspx?idScheda=93&tsk=PG&tp=vRAP&idAmb=120&idsttem=6	0	200	
http://www.morgenleit.com	6		
http://www.lanificiomarchesin.it	0	200	
http://www.mingot.it	0	302	https://www.mingotrieste.it/
http://www.osteriaiturians.it/	6		
http://www.lussari.com/	0	301	http://lussari.com/
http://www.ostelloaquileia.it/	0	200	
http://www.pakrhaizar-sauris.it	6		
http://www.pasticceriasanmarcoudine.com	6		
http://www.pamairlan-sauris.it	0	301	https://www.pamairlan-sauris.it/
http://www.otaimpianti.it	0	200	
http://www.pitacco.net	6		
http://www.piperbeach.it/	0	200	
http://www.panificiogobattosnc.it/	0	200	
http://www.planes.cz/en/photo/1128528/se210-caravelle-6n-i-dabm-alitalia-aza-az-off-airport/	0	301	http://www.planes.cz/en/photo/1128528/se210-caravelle-6n-i-dabm-alitalia-aza-az-off-airport
http://www.picchionero.it	0	200	
http://www.promotur.org	6		
http://www.promotur.org/it/15358/Contatti	6		
http://www.promotur.org/it/15497/Sci-alpinismo-in-notturna	6		
http://www.promotur.org/tarvisio/scialpinismo-in-notturna	6		
http://www.rifugio-kugy-valbruna.it	6		
http://www.quiwolf.it	0	301	https://www.quiwolf.it/
http://www.rifugiotitapiaz.it	6		
http://www.reporterstarvisio.it	0	302	https://reporterstarvisio.it/
http://www.ristorantedaovidio.com/	0	301	https://www.ristorantedaovidio.com/
http://www.riglarhaus.it	0	301	https://www.riglarhaus.it/
http://www.sanmarcorealestate.com/	0	301	https://www.sanmarcorealestate.com/
http://www.scribanovini.it	0	200	
http://www.ristoranteallapace.it	0	200	
http://www.scuolascipiancavallo.it	0	308	https://www.scuolascipiancavallo.it/
http://www.sporthotelbellavista.com	6		
http://www.sisli.it/	0	200	
http://www.sporthotelforte.com	6		
http://www.sotlanapa.it/	0	301	https://www.sotlanapa.it/
http://www.tarvisiano.org/	0	301	https://www.tarvisiano.org/
http://www.tarvisiobedandbreakfast.it	6		
http://www.timeout-tarvisio.it	6		
http://www.vecchiosauris.it	0	301	https://vecchiosauris.com
http://www.sporthotelpiancavallo.it	0	301	https://www.sporthotelpiancavallo.it/
http://www.villagiuliagrado.it	6		
http://www.verzegnassi.it	0	301	https://www.verzegnassi.it/
http://www.wolfsauris.it	0	301	https://www.wolfsauris.it/
http://www.yuximonfalcone.com/	6		
http://www.wienerhaus.it/	0	301	https://wienerhaus.it/
http://www.zahrebeer.com	0	301	https://www.zahrebeer.com/
http://www.zimmerkarkus.it	6		
http://www.zeromiglia.it/	0	302	/index.html
https://acquapazzalignano.it/	0	301	https://www.acquapazzalignano.it/
https://adriaticagrado.it/	0	200	
https://alpontildetripoli.eatbu.com/	0	302	https://alpontildetripoli.eatbu.com/?lang=en
https://annavirgili.com/	0	301	https://www.annavirgili.com/
https://antennistatrieste.com/	0	200	
https://appartamentiveronesi.com/	6		
https://alemarhome.it/	0	200	
https://barbombengrado.eatbu.com	0	302	https://barbombengrado.eatbu.com/?lang=en
http://www.protezionecivile.fvg.it/it/rete-idrometeorologica/pciv-corno-di-rosazzo	28		
https://benkadi.it/	0	200	
https://catastogrotte.regione.fvg.it/scheda/1076-Grotta_Risorgiva_di_Star_Cedat	0	200	
https://catastogrotte.regione.fvg.it/scheda/1113-Grotta_del_Cane	0	200	
https://catastogrotte.regione.fvg.it/scheda/13-Grotta_Doviza	0	200	
https://calaguna.it/	0	200	
http://www.vigilfuoco.it/	28		
https://catastogrotte.regione.fvg.it/scheda/139-Grotta_di_Monteprato	0	200	
https://catastogrotte.regione.fvg.it/scheda/1607-Grotta_presso_Casera_Glava	0	200	
https://catastogrotte.regione.fvg.it/scheda/1777-Risorgiva_del_Col_del_Sole	0	200	
https://asufc.sanita.fvg.it/it/presidi-ospedalieri/ospedale_latisana_palmanova/	0	200	
https://catastogrotte.regione.fvg.it/scheda/2009-Abisso_Emilio_Comici	0	200	
https://catastogrotte.regione.fvg.it/scheda/2125-Grotta_del_Partigiano	0	200	
https://catastogrotte.regione.fvg.it/scheda/2127-Grotta_di_Cepletischis	0	200	
https://catastogrotte.regione.fvg.it/scheda/257-Grotta_di_Crosis	0	200	
https://catastogrotte.regione.fvg.it/scheda/2935-Abisso_Carlo_Seppenhofer	0	200	
https://catastogrotte.regione.fvg.it/scheda/3195-Grotta_di_Montefosca	0	200	
https://catastogrotte.regione.fvg.it/scheda/3415-Pozzo_1_in_localit_Pot_Lasa	0	200	
https://catastogrotte.regione.fvg.it/scheda/3537-Grotta_di_Montemaggiore	0	200	
https://catastogrotte.regione.fvg.it/scheda/3670-Grotta_sotto_la_Chiesa_di_S._Andrea	0	200	
https://catastogrotte.regione.fvg.it/scheda/3813-Grotticella_Lungo_il_Rio_Sivil	0	200	
https://catastogrotte.regione.fvg.it/scheda/3878-Grotta_1_degli_Stalli_Grignes	0	200	
https://catastogrotte.regione.fvg.it/scheda/3880-Grotta_in_localit_Podlodinz	0	200	
https://catastogrotte.regione.fvg.it/scheda/3895-Grotta_Egidio_Feruglio	0	200	
https://catastogrotte.regione.fvg.it/scheda/3982-Grotta_degli_Stavoli_Pra_di_Steppa	0	200	
https://catastogrotte.regione.fvg.it/scheda/4170-Abisso_a_W_del_Comici	0	200	
https://catastogrotte.regione.fvg.it/scheda/4564-Abisso_P.L.C.C._0101	0	200	
https://catastogrotte.regione.fvg.it/scheda/5911-Bus_de_Bunny	0	200	
https://catastogrotte.regione.fvg.it/scheda/4766-Complesso_0104-0112	0	200	
https://catastogrotte.regione.fvg.it/scheda/5430-Grotta_a_N_del_Monte_Ursic	0	200	
https://catastogrotte.regione.fvg.it/scheda/6448-Grotta_dei_Volpacchiotti	0	200	
https://catastogrotte.regione.fvg.it/scheda/6460-Grotta_1_sul_Torrente_Cisirili	0	200	
https://catastogrotte.regione.fvg.it/scheda/6301-Caverna_dellAcqua	0	200	
https://catastogrotte.regione.fvg.it/scheda/7529-Fessura_presso_Stavoli_Pra_di_Steppa	0	200	
https://catastogrotte.regione.fvg.it/scheda/?var=cavita&cave=1671	0	404	
https://coinatmradar.com/bitcoin_atm/111/bitcoin-atm-lamassu-udine-gavrilobtc-headquarters/	0	403	
https://cercalatuascuola.istruzione.it/cercalatuascuola/istituti/UDEE819039/luigi-bevilacqua-flaibano/	0	301	https://unica.istruzione.gov.it/cercalatuascuola/istituti/UDEE819039/luigi-bevilacqua-flaibano/
https://catastogrotte.regione.fvg.it/scheda/893-Abisso_a_SW_del_Monte_Matajur	0	200	
https://catastogrotte.regione.fvg.it/scheda/7739-Grotta_Tirfor	0	200	
https://colavetta.it/	0	200	
https://edicola-guarino.business.site/	0	404	
https://filomena-bar.business.site/	0	404	
https://firmania.it/lignano-sabbiadoro/escala-mode-2227273	0	403	
https://cortivopancotto.it/ristoro-la-crosetta/	0	200	
https://flash-elettronica-di-gregori-augusto.business.site/	0	404	
https://costazzurragrado.it/	0	200	
https://friulgourmet.business.site/?utm_source=gmb&utm_medium=referral#details	0	404	
https://friuli.vimado.it/locali/ristoranti/grado-ri/hosteria-de-gustibus-grado/	0	200	
https://fratellilabufala.com/	0	200	
https://grado.it/it/cosa-fare/benessere/equipe-acconciature-paolo-valentina/	0	301	https://grado.it/it/cosa-fare/terme-wellness-hair-stylist/hair-stylist/equipe-acconciature-paolo-valentina
https://costadelsolgrado.it/	0	301	https://www.costadelsolgrado.it/
https://freesolarimpianti.it/	0	200	
https://grado.it/it/cosa-fare/gastronomia/mercato-ittico/	0	301	https://grado.it/it/cosa-fare/ristoranti-bar/prodotti-tipici-e-gastronomie/mercato-ittico
https://grado.it/it/scoprire-grado/informazioni-utili-e-servizi/uffici-del-turismo/	0	301	https://grado.it/it/scoprire-grado/info-utili-trasporti-e-servizi/uffici-del-turismo
https://icpalazzolo.edu.it/	0	301	https://icpalrite.edu.it/
https://grado.it/it/spiagge-e-terme-marine/spiaggia-principale-git-1/	0	301	https://grado.it/it/spiagge/spiaggia-principale-git-1
https://lacantinadiepicuro.com/	6		
https://iltuomenu.eu/altimon/	6		
https://la-baja-del-mar-da-mirco-e-angela.business.site/#details	0	404	
https://lamovidadeipescatori.eatbu.com/	0	302	https://lamovidadeipescatori.eatbu.com/?lang=en
https://latarabane.wordpress.com	0	200	
https://lefucine.com/	0	200	
https://lignanosabbiadoro.it/it/strutture/438-salumeria-da-luciano-venturato/	0	302	/it/strutture/salumeria-da-luciano-venturato/
https://lignanosabbiadoro.it/it/strutture/19-i-gommosi-lignano/	0	302	/en/strutture/i-gommosi/
https://lignanosabbiadoro.it/it/strutture/200-sala-giochi-millefiori/	0	302	/de/strutture/sala-giochi-millefiori/
https://m.facebook.com/Antartik-Gelateria-e-Pasticceria-898506590159916/?rf=116027038488346	0	302	https://m.facebook.com/login.php?next=https%3A%2F%2Fm.facebook.com%2FAntartik-Gelateria-e-Pasticceria-898506590159916%2F%3Frf%3D116027038488346&refsrc=deprecated&_rdr
https://lignanosabbiadoro.it/it/strutture/569-micidiale-boys/	0	302	/en/strutture/micidiale-boys/
https://m.facebook.com/DaRenata.1967/	0	302	https://m.facebook.com/login.php?next=https%3A%2F%2Fm.facebook.com%2FDaRenata.1967%2F&refsrc=deprecated&_rdr
https://m.facebook.com/OsPampasChurrascaria/	0	302	https://m.facebook.com/login.php?next=https%3A%2F%2Fm.facebook.com%2FOsPampasChurrascaria%2F&refsrc=deprecated&_rdr
https://m.facebook.com/ParkAvenueLignano/	0	302	https://m.facebook.com/login.php?next=https%3A%2F%2Fm.facebook.com%2FParkAvenueLignano%2F&refsrc=deprecated&_rdr
https://m.facebook.com/PuntaFaroBeach	0	302	https://m.facebook.com/login.php?next=https%3A%2F%2Fm.facebook.com%2FPuntaFaroBeach&refsrc=deprecated&_rdr
https://m.facebook.com/StreetIslandStore	0	302	https://m.facebook.com/login.php?next=https%3A%2F%2Fm.facebook.com%2FStreetIslandStore&refsrc=deprecated&_rdr
https://m.facebook.com/bbqlignano/photos/a.637311366357965/1429891430433284/?type=3	0	302	https://m.facebook.com/login/?next=https%3A%2F%2Fm.facebook.com%2Fbbqlignano%2Fphotos%2Fa.637311366357965%2F1429891430433284%2F%3Ftype%3D3&refsrc=deprecated&_rdr
https://lignanosabbiadoro.it/it/strutture/pineta-for-dogs/	0	200	
https://m.facebook.com/fridafridastore/?view_public_for=100805071646600	0	302	https://m.facebook.com/login.php?next=https%3A%2F%2Fm.facebook.com%2Ffridafridastore%2F%3Fview_public_for%3D100805071646600&refsrc=deprecated&_rdr
https://m.facebook.com/cipiacegrado/	0	302	https://m.facebook.com/login.php?next=https%3A%2F%2Fm.facebook.com%2Fcipiacegrado%2F&refsrc=deprecated&_rdr
https://m.facebook.com/ilgamberorossolignano	0	302	https://m.facebook.com/login.php?next=https%3A%2F%2Fm.facebook.com%2Filgamberorossolignano&refsrc=deprecated&_rdr
https://m.facebook.com/pages/category/Ice-Cream-Shop/Gelateria-Veneziana-674688362662345/	0	302	https://m.facebook.com/login/?next=https%3A%2F%2Fm.facebook.com%2Fpages%2Fcategory%2FIce-Cream-Shop%2FGelateria-Veneziana-674688362662345%2F&refsrc=deprecated&_rdr
https://m.facebook.com/lucreziabeautystudio/	0	302	https://m.facebook.com/login.php?next=https%3A%2F%2Fm.facebook.com%2Flucreziabeautystudio%2F&refsrc=deprecated&_rdr
https://m.facebook.com/pages/category/Local-business/New-Dynamic-Center-172495654190/	0	302	https://m.facebook.com/login/?next=https%3A%2F%2Fm.facebook.com%2Fpages%2Fcategory%2FLocal-business%2FNew-Dynamic-Center-172495654190%2F&refsrc=deprecated&_rdr
https://m.facebook.com/pages/category/Local-business/Stabilimento-Laguna-Gradese-da-Cinzia-747686161910309/	0	302	https://m.facebook.com/login/?next=https%3A%2F%2Fm.facebook.com%2Fpages%2Fcategory%2FLocal-business%2FStabilimento-Laguna-Gradese-da-Cinzia-747686161910309%2F&refsrc=deprecated&_rdr
https://m.facebook.com/pages/category/Pizza-place/Anema-e-Core-1168099166669757/	0	302	https://m.facebook.com/login/?next=https%3A%2F%2Fm.facebook.com%2Fpages%2Fcategory%2FPizza-place%2FAnema-e-Core-1168099166669757%2F&refsrc=deprecated&_rdr
https://m.facebook.com/profile.php?id=100034443146054	0	302	https://m.facebook.com/login/?next=https%3A%2F%2Fm.facebook.com%2Fprofile.php%3Fid%3D100034443146054&refsrc=deprecated&_rdr
https://m.facebook.com/pages/category/Pizza-place/PeterPan-Lignano-854093714626539/	0	302	https://m.facebook.com/login/?next=https%3A%2F%2Fm.facebook.com%2Fpages%2Fcategory%2FPizza-place%2FPeterPan-Lignano-854093714626539%2F&refsrc=deprecated&_rdr
https://m.facebook.com/profile.php?id=100063635347904	0	302	https://m.facebook.com/login/?next=https%3A%2F%2Fm.facebook.com%2Fprofile.php%3Fid%3D100063635347904&refsrc=deprecated&_rdr
https://m.facebook.com/profile.php?id=121576034563277&__tn__=C-R	0	302	https://m.facebook.com/login/?next=https%3A%2F%2Fm.facebook.com%2Fprofile.php%3Fid%3D121576034563277%26__tn__%3DC-R&refsrc=deprecated&_rdr
https://m.facebook.com/theperfectwavegrado/	0	302	https://m.facebook.com/login.php?next=https%3A%2F%2Fm.facebook.com%2Ftheperfectwavegrado%2F&refsrc=deprecated&_rdr
https://moovitapp.com/index/it/mezzi_pubblici-line-440-Udine_e_Pordenone-2740-882741-25783718-1	0	301	https://moovitapp.com/index/it/mezzi_pubblici-Trieste_e_Gorizia-2182
https://mobilicaramel.com/	0	200	
https://newherashop.com/	0	503	
https://nodohotel.it/	0	200	
https://parafarmacia-pesce.business.site/?utm_source=gmb&utm_medium=referral	0	404	
https://hoteleldorado.it/	0	301	https://www.hoteleldorado.it/
https://nittagioielli.com/	0	200	
https://pepco.it/	0	200	
https://pizzeriadamariocodroipo.business.site/?utm_source=gmb&utm_medium=referral	0	404	
https://rugiada-clothing-store.business.site/	0	404	
https://rusticus-steakhouse.eatbu.com/	0	302	https://rusticus-steakhouse.eatbu.com/?lang=en
https://organizzazione.cai.it/sez-val-natisone/baita-cai-val-natisone/	0	301	https://organizzazione.cai.it/sez-val-natisone/attivita/baita-cai-val-natisone/
https://souvenir-da-disma.business.site/?utm_source=gmb&utm_medium=referral	0	404	
https://sportuno.business.site/	0	404	
https://sweet-steps.company.site/	0	200	
https://taxibar.wixsite.com/	0	404	
https://swamiviaggi.it	0	200	
https://upload.wikimedia.org/wikipedia/commons/3/30/Crucis15.jpg	0	200	
https://upload.wikimedia.org/wikipedia/commons/7/77/0682-_Remanzacco_-_Santo_Stefano.jpg	0	200	
https://rivapalace.it/	0	200	
https://verdepubblico.comune.trieste.it/giardini-attrezzati/giardino-di-via-boccaccio/	0	200	
https://weekendshoponline.it/	0	200	
https://ww.maracaiba.it	6		
https://villamori.eu/	0	200	
https://www.aeo.it/	0	247	
https://www.620passi.com/	0	103	
https://www.aeo.it/punti-vendita/Friuli%20Venezia%20Giulia/supermercato-aeo-monfalcone	0	404	
https://www.agenzianadalini.it/	0	302	it/
https://www.agostinis.com/	0	200	
https://www.agriturismodagastone.it/	0	200	
https://travelone.it/	0	200	
https://www.ai-due-leoni.it/	0	200	
https://www.albarcollo.it/	0	200	
https://www.alfred24.it	0	200	
https://www.aldi.it/it/trova-il-punto-vendita/aldi-udine/aldi-gemona.html	0	200	
https://www.albergobahia.it/	0	301	https://www.albergobahia.it/home/
https://www.alparcoristorante.it/	0	503	
https://www.ambriabella.it/	0	500	
https://www.aparthotelmiramaregrado.com/	0	200	
https://ristorante-pizzerianordest.it/	28		
https://www.aristonteatrogrado.com/	0	200	
https://www.archeocartafvg.it/portfolio-articoli/verzegnis-ud-colle-mazeit-un-insediamento-pluristratificato/	0	200	
https://www.altiglioveg.it	0	200	
https://www.basilicadiaquileia.it/	0	301	/it/basilica
https://www.autofficinafratellibandiera.it/	0	200	
https://www.arredamentiantima3.com/	0	200	
https://www.bellaitaliavillage.com/it/piscina-bella-italia.php	0	200	
https://www.bellaveneziamare.it/	0	200	
https://www.belanger.it/	0	200	
https://www.boutiquecasa.it/	0	200	
https://www.bricoio.it/Custom/PuntoVendita.aspx?codiceNegozio=1299	0	302	/it/it/brit/custom/puntovendita.aspx?codicenegozio=1299
https://www.bricook.it/	0	200	
https://www.burgerking.it/	0	200	
https://www.carpenteriabreg.com/	60		
https://www.caisanvito.it/palestra-home	0	301	https://www.caisanvito.it/palestra-home/
https://www.carpisa.it/	0	302	https://www.carpisa.it/it_it/
https://www.cavallinobianco.lignano.it/	0	301	https://www.cavallinobiancolignano.it/
https://www.civibank.it/	0	103	
https://www.cervignanodelfriuli.net/	0	401	
https://www.baseibrewery.it/	0	200	
https://www.carabinieri.it/	0	200	
https://www.comunesanmichele.it/flex/cm/pages/ServeBLOB.php/L/IT/IDPagina/2476	0	301	https://www.comune.sanmichelealtagliamento.ve.it/flex/cm/pages/ServeBLOB.php/L/IT/IDPagina/2476
https://www.comunegrado.it/	0	301	https://comune.grado.go.it/
https://www.consorzioagrariofvg.it/	0	200	
https://www.cremerialacoccola.it/	6		
https://www.decathlon.it/	0	103	
https://www.coopcasarsa.it/punti-vendita/ruda/	0	200	
https://www.divaniedivani.it/	0	403	
https://www.despar.it/	0	302	https://www.despar.it/it/
https://www.doggybeachlignano.com/	0	200	
https://www.clinicasantaeufemia.it/	0	200	
https://www.diamantcar.it	0	200	
https://www.easy-phone.it/	0	302	http://default.flazio.com/
https://www.eurokey.it	0	200	
https://www.ericahotel.it/	0	301	http://www.ericahotel.it/it
https://www.dvpanettone.com/	0	200	
https://www.eurospesa.it/	0	302	https://www.eurospesa.it/eurospesa/
https://www.facebook.com/Gdsclarascuoladiballo/	0	200	
https://www.facebook.com/OASI-Felina-trieste-538073536217017/info/?tab=page_info	0	302	https://www.facebook.com/about/?tab=page_info
https://www.eurospin.it/punti-vendita/fogliano-di-redipuglia/	0	404	
https://www.filoxenia.it/	0	200	
https://www.fincantieri.com/	0	403	
https://www.focenza.com/	0	403	
https://www.farmaciadudine.it/	0	200	
https://www.galleriebennet.com/	0	200	
https://www.faccinielettrodomestici.it/	0	200	
https://www.emmegi-snc.it/	0	200	
https://www.fondazioneaquileia.it/it/cosa-vedere/porto-fluviale	0	200	
https://www.gallomobili.it/	0	200	
https://www.giacomelloalzetta.com/	6		
https://www.gelateriamu.it/	6		
https://www.giacominicalzature.it/	0	503	
https://www.gianttrees.org/it/alberi-giganti/il-castagno-di-canalaz	0	200	
https://www.giuntialpunto.it/	0	301	https://giuntialpunto.it/
https://www.gdf.gov.it/	0	302	/it
https://www.gradohotelserena.it/	0	200	
https://www.gradoriabilita.coop/	0	301	https://universiis.it/
https://www.garagestella.it/	0	500	
https://www.gradoit.it/it/numero_uno	0	200	
https://www.gradoit.it/it/scopri_le_terme_marine#	0	200	
https://www.hcresortlignano.it/	0	302	https://www.hcresortlignano.it/en
https://www.gradus.it/	0	200	
https://www.homstorecasa.it/	0	200	
https://www.hotelantaresgrado.it/	0	200	
https://www.hotelcentrotrieste.it/	0	200	
https://www.hotelalprater.it/	0	200	
https://www.hotelhelvetialignano.com/	0	200	
https://www.hotelilcervo.com/	0	200	
https://www.hotelfriulicervignano.it/	0	200	
https://www.hotelitaliaweb.com/alla-basilica/	0	200	
https://www.hoteltanit.it/	6		
https://www.gruppotaboga.it/	0	200	
https://www.hoteltizianogrado.it/	0	200	
https://www.hotelsorayalignano.it/	0	200	
https://www.hotelvillapatrizia.com/	0	200	
https://www.iccasier.edu.it/organizzazione/plessi/primaria-alighieri	0	404	
https://www.immobiliaremarina.it/	0	200	
https://www.isolaugusta.com/	0	200	
https://www.lacurcumabeach.it/	0	200	
https://www.lagunafarosuites.com/	0	301	https://www.lagunafarosuites.com/de/
https://www.hoteltarvisio.com/	0	200	
https://www.lagunapalacehotel.it/?utm_source=gbp&utm_medium=organic	0	301	https://www.lagunapalacehotel.it/de/
https://www.lauraechristiangrado.it/	0	200	
https://www.lidodelsolelignano.it/start	0	404	
https://www.lignanomare.it/	0	200	
https://www.lodgeart.it/en-gb/veneta	0	200	
https://www.icdestratorre.edu.it/sito/index.php/scuola/informazioni-generali/primaria-di-ruda	28		
https://www.keywestgrado.it/	0	200	
https://www.manulingerieemare.it/	6		
https://www.lol-fashionstyle.com/	0	200	
https://www.losnidoslignano.it/	0	404	
https://www.lineaflexmaterassi.com/	0	200	
https://www.mcps.it	0	200	
https://www.mittelab.org/	0	200	
https://www.marketluna.it/	0	200	
https://www.mariussicar.it/	0	200	
https://www.mulinodelletolle.it/	0	200	
https://www.novatiemio.com/	0	200	
https://www.ondinaequipe.it/	0	200	
https://www.onoranzefunebrifabello.com/	35		
https://www.meublealpontegrado.it/	0	200	
https://www.palmanovavillage.it/	0	302	/en/home
https://www.parcoprealpigiulie.it/	0	301	https://www.parcoprealpigiulie.it/it
https://www.parcotermalerivieraresort.it/	0	200	
https://www.pennymarket.it/	0	301	https://www.penny.it
https://www.otticaepis.it/	0	200	
https://www.precisionmechanics.eu	60		
https://www.poste.it/	0	200	
https://www.prixquality.com/	0	200	
https://www.puntaspin.it/it/	0	301	https://puntaspin.it/it/
https://www.residenceormeggio.it/	0	200	
https://www.regione.fvg.it/	0	301	https://www.regione.fvg.it/rafvg/cms/RAFVG/
https://www.qqimmobiliare.it/	0	200	
https://www.riservacornino.it/informazioni/	0	200	
https://www.risskio.it/	0	200	
https://www.ristorantecentopassi.it/	6		
https://www.ristorantedatoni.it/	0	200	
https://www.rifugioalsantuario.com/	0	200	
https://www.ristoranteagliartisti.it/ostaria-de-mar-grado/	0	200	
https://www.rivamondina.it	0	302	/it/
https://www.museitarvisio.it/	0	200	
https://www.robertolandello.com/	0	200	
https://www.sangiustocaffe.com/	0	200	
https://www.robintur.it/	0	301	https://www.gattinonitravel.it/
https://www.ristorantewilly.it/	0	301	https://ristorantewilly.it/
https://www.rossiniresort.com/	0	200	
https://www.sireneblu.it/	0	200	
https://www.schoolvisor.it/it-it/scuola/48880/udine/scuola-infanzia-paritaria-m-andretta/scuola-infanzia-paritaria-m-andretta	0	200	
https://www.soleislignano.com/	0	200	
https://www.spiaggiaairone.it/	0	200	
https://www.spiagge.it/stabilimenti-balneari/17791-pineta-beach/?	0	200	
https://www.spiaggiaairone.it/RISTORANTE.html	0	301	https://www.spiaggiaairone.it
https://www.stabilimentotivoli.com/	0	200	
https://www.sundek.us/	0	301	https://sundek.us/
https://www.supertosano.com/	0	200	
https://www.supermercativisotto.it/	0	200	
https://www.tally-weijl.com/it	0	302	/page-not-found
https://www.taxplanningsacile.com/	6		
https://www.tenutaprimero.com/it/	0	301	https://www.clubdelsole.com/it/destinazioni/friuli-venezia-giulia-alto-adriatico/tenuta-primero-resort
https://www.stabilimentoborabora.com/	0	200	
https://www.serenellagrado.it/index.php/ct-menu1-item13	0	200	
https://www.svapoland.it/	0	200	
https://www.turismofvg.it/	0	301	/it
https://www.testedipietra.it/	0	200	
https://www.turismofvg.it/en/mountain365/rifugio-giacomo-di-brazza	0	301	/it/montagna365/rifugio-giacomo-di-brazza
https://www.turismofvg.it/en/mountain365/sella-nevea	0	301	/it/montagna365/sella-nevea
https://www.unicredit.it/	92		
https://www.turismofvg.it/info-utili/uffici-turistici/lignano-pineta-infopoint	0	200	
https://www.turismofvg.it/montagna/infoneve?hub=tarvisio	0	200	
https://www.winestoregrado.it/	0	200	
it.fracomina.com	-1		
neveland.it	-1		
www.abacoviaggi.com	-1		
www.alcott.it	-1		
www.amelie.it	-1		
www.angelico.it	-1		
www.avwmj.it	-1		
www.bassettihomeinnovation.it	-1		
www.battistutta.it	-1		
www.benetton.com/Outlet‎	-1		
www.bialettistore.it	-1		
www.caleffionline.it	-1		
www.calvinklein.com	-1		
www.calzedonia.it	-1		
www.camicissima.com	-1		
www.claroitalia.it	-1		
www.claytonitalia.com	-1		
www.cmpsport.com	-1		
www.compagniadinavigazione.it	-1		
www.cottonsilk.it	-1		
www.coveri.com	-1		
www.desigual.com	-1		
www.diemmecaffe.com/	-1		
www.dokdallava.com	-1		
www.dolomiticontemporanee.net	-1		
www.doppiomalto.com	-1		
www.douglas.it	-1		
www.esteticacocoonlignano.com	-1		
www.eu.tommy.com	-1		
www.excelsa.it	-1		
www.facis1932.com/	-1		
www.falegnameriazeta.it	-1		
www.fiorellarubino.com	-1		
www.flaviocastellani.it	-1		
www.foppapedretti.it	-1		
www.freddy.com	-1		
www.gap-italia.it/collection/kidsbaby	-1		
www.gap.com	-1		
www.gasjeans.com	-1		
www.gaudi.it	-1		
www.giuntialpunto.it	-1		
www.goldenpointonline.it	-1		
www.guess.eu	-1		
www.gutteridge.com	-1		
www.hamericas.com/	-1		
www.harmontblaine.com	-1		
www.hcparrucchierimilano.com	-1		
www.hdental.it	-1		
www.hm.com	-1		
www.idexe.it	-1		
www.intimissimi.it	-1		
www.ixosofficial.com	-1		
www.jackjones.com	-1		
www.jdsports.it	-1		
https://www.zanuttaspa.it/punti-vendita/muzzana-del-turgnano/	0	200	
www.kappastore.com	-1		
www.kikocosmetics.com	-1		
www.kocca.it	-1		
www.lapiadineria.com	-1		
www.lindt.it	-1		
www.liujouomo.it	-1		
www.marinamilitare-sportswear.com	-1		
www.melluso.it	-1		
www.meubletripoli.it	-1		
www.miriadespa.it	-1		
www.modusprofumerie.com/	-1		
www.montanevie.it	-1		
www.nanaitalianheart.com	-1		
www.nike.com	-1		
www.oltre.com	-1		
www.originalmarines.com	-1		
www.outly.it	-1		
www.pinalli.it	-1		
www.pinokkioshop.it	-1		
www.piquadro.com/it	-1		
www.pollini.com	-1		
www.pompea.com	-1		
www.puma.com	-1		
www.pupa.it	-1		
www.push96.com	-1		
www.rinascimento.com	-1		
www.ristorantelaite.com	-1		
www.roncato.com	-1		
www.salewa.it	-1		
www.salmoiraghievigano.it	-1		
www.slam.com	-1		
www.sonnybono.com	-1		
www.stroilioro.com	-1		
www.sunglasshut.com	-1		
www.terranovastyle.com	-1		
www.timretail.it/	-1		
www.trussardi.com	-1		
www.unieuro.it	-1		
www.upim.com	-1		
www.yamamay.com	-1		
www.yeszee.it	-1		
www.zooplanet.it	-1		
www.zuiki.it	-1		
https://ziplinesauris.com	0	200	
https://www.villaiachia.it/	0	200	
