<meta http-equiv="content-type" content="text/html	-1		
<title>OSM3S Response</title>	-1		
charset=utf-8" lang="en"/>	-1		
<!DOCTYPE html PUBLIC "-//W3C//DTD XHTML 1.0 Strict//EN	-1		
</body>	-1		
http://www.w3.org/TR/xhtml1/DTD/xhtml1-strict.dtd">	0	400	
</head>	-1		
</html>	-1		
<?xml version="1.0" encoding="UTF-8"?>	-1		
<body>	-1		
<head>	-1		
<html xmlns="http://www.w3.org/1999/xhtml" xml:lang="en" lang="en">	-1		
<p><strong style="color:#FF0000">Error</strong>: runtime error: open64: 0 Success /osm3s_osm_base Dispatcher_Client::request_read_and_idx::timeout. The server is probably too busy to handle your request. </p>	-1		
<p>The data included in this document is from www.openstreetmap.org. The data is made available under ODbL.</p>	-1		
http://alcampanontrieste.it/	6		
http://dealer.moto.it/dueruoteudine	0	403	
http://centrocommercialecervignano.com/	0	200	
http://lacoccinelladoro.com	0	200	
http://gmdimensione.com/	0	301	https://gmdimensione.com/
http://ristoranteitaliatarvisio.it	0	200	
http://rossi-elettronica.com/	6		
http://fastmood.it/	0	301	https://www.fastmood.it/
http://mepgroup.com	0	301	https://mepgroup.com/
http://rentaski.ws/	0	301	https://rentaski.ws/
http://www.58motorsporting.com/tolmezzo/it/	6		
http://trattoriabrunomasaneta.it/	0	301	https://trattoriabrunomasaneta.it/
http://www.1301inn.it	0	301	https://www.1301inn.it/
http://www.acjasedilise.it	0	302	it/
http://www.albergo-edelweiss.com/	6		
http://valbrunainn.com	0	301	https://www.valbrunainn.com/
http://www.agenziafargo.it/	0	301	https://www.agenziafargo.it/
http://www.agriturismozaine.it/	0	301	https://www.agriturismozaine.it/
http://www.albergoneidersauris.it	6		
http://www.albergotrieste.org	0	301	https://www.albergotrieste.org:443/
http://www.albergodiffusoilgrop.it/	0	301	https://www.albergodiffusozoncolan.it/
http://www.alcentrobarsport.it	6		
http://www.alciclista.it	0	301	https://www.alciclista.it/
http://www.aldolcenero.it/	0	301	https://www.aldolcenero.it/
http://www.alcentral.it/	6		
http://www.allatessitura.it	6		
http://www.alexdepasetattoo.com/	0	200	
http://www.allegrafattoriaincarso.it/	6		
http://www.alpiccolocason.it/	0	302	https://www.alpiccolocason.it/
http://www.alpstation.it	0	302	https://www.alpstation.it/
http://www.ausoniabeachlignano.com/	0	200	
http://www.antarespiancavallo.it	0	200	
http://www.baldansport.com	0	301	https://www.baldansport.com/
http://www.bbartigrafiche.com	6		
http://www.betonfer.com/	6		
http://www.birraebasta.com	0	301	https://www.birraebasta.com/
http://www.babylignano.it/	0	301	https://babylignano.it/
http://www.birreriamondial.it	0	200	
http://www.cafenoir.biz/	0	200	
http://www.albergoadriatico-tarvisio.it	28		
http://www.albergoalcacciatoretarvisio.191.it	28		
http://www.carbonneri.it/	0	200	
http://www.casadellachiave.com	0	301	https://www.casadellachiave.com/
http://www.casaperaria.it	0	301	https://www.casaperaria.it/
http://www.castfvg.it/	0	301	https://www.castfvg.it/
http://www.comune.maranolagunare.ud.it/index.php?id=14362	0	301	https://www.comune.maranolagunare.ud.it/index.php?id=14362
http://www.comune.sauris.ud.it	0	301	https://www.comune.sauris.ud.it/
http://www.casainternazionaledonnetrieste.org	0	301	https://www.casainternazionaledonnetrieste.org/
http://www.comuneditarvisio.com/	0	301	https://www.comuneditarvisio.com/
http://www.comunediruda.it/	0	200	
http://www.casadimirea.com/it/grado/	0	200	
http://www.davidegioielleria.it/	0	301	https://www.davidegioielleria.it/
http://www.crbcrismancich.it	0	200	
http://www.fabbromeccanicalussetti.com/	6		
http://www.dawit.it	0	301	http://www.dawit.shop/
http://www.exposta.it	0	301	https://www.exposta.it/
http://www.diocesigorizia.it/	0	302	https://www.diocesigorizia.it/
http://www.federicomarsich.com	6		
http://www.farmacialondero.it/	0	301	https://www.farmacialondero.it/
http://www.ferramentaceolin.it/	0	301	https://www.ferramentaceolin.it/
http://www.farmaciadare.it/	0	301	https://www.farmaciadare.it/
http://www.golfsenzaconfini.com	0	301	https://golfsenzaconfini.com/
http://www.farmaciatoso.it/index.asp	0	301	https://ordinionline.valoresalute.it/farmacie/toso-dr.-lorenzo/231147
http://www.hotel-abbazia-grado.com/	0	200	
http://www.hoteledelhof.com	6		
http://www.greifhotel.it/	0	200	
http://www.hotelcanin.it	0	301	https://www.hotelcanin.it/
http://www.hotelhaberl.com	0	301	https://www.hotelhaberl.com/
http://www.hotelnevadatarvisio.com	6		
http://www.hotelnevea.it	6		
http://www.hotelraibl.com/	0	301	https://www.hotelraibl.com/
http://www.galleriaillevriero.com/	0	301	https://www.galleriaillevriero.com/
http://www.hotelreginagrado.com/	0	301	https://www.hotelreginagrado.com/
http://www.hotelrenzo.com	6		
http://www.hotelreginapiancavallo.it	6		
http://www.hotelspartiacque.com	0	301	https://www.hotelspartiacque.com/
http://www.hotelpluemesauris.it	0	200	
http://www.hoteltognongrado.it/	0	301	https://www.hoteltognongrado.it/
http://www.hotelsaisera.com	0	301	https://hotelsaisera.com/
http://www.kanaeteam.it	6		
http://www.hotelvillavenezia.com/	0	301	https://www.hotelvillavenezia.com/
http://www.hotelvalleverde.com	0	301	https://www.hotelvalleverde.com/
http://www.labottelignano.it/	6		
http://www.kinesisclub.com/beauty-spa/	0	301	https://www.kinesisclub.com/beauty-spa/
http://www.lacucinadibeaebenny.it/	6		
http://www.labaitadeisapori.com	0	500	
http://www.lacroma.it/	0	200	
http://www.lagirandola.com/	0	200	
http://www.lidocity.com/ita/lidocity/	0	301	https://www.lidocity.com/ita/lidocity/
http://www.lanificiomarchesin.it	6		
http://www.lussari.com/	0	301	http://lussari.com/
http://www.morgenleit.com	6		
http://www.mingot.it	0	302	https://www.mingotrieste.it/
http://www.osteriaiturians.it/	6		
http://www.hotelhelvetiagrado.it	0	301	https://hotelhelvetiagrado.it/
http://www.lagenzianella.eu	0	200	
http://www.pakrhaizar-sauris.it	6		
http://www.pamairlan-sauris.it	0	301	https://www.pamairlan-sauris.it/
http://www.pasticceriasanmarcoudine.com	6		
http://www.otaimpianti.it	0	200	
http://www.picchionero.it	0	200	
http://www.panificiogobattosnc.it/	0	200	
http://www.pitacco.net	6		
http://www.piperbeach.it/	0	200	
http://www.promotur.org/it/15497/Sci-alpinismo-in-notturna	6		
http://www.promotur.org/it/15358/Contatti	6		
http://www.promotur.org	6		
http://www.promotur.org/tarvisio/scialpinismo-in-notturna	6		
http://www.quiwolf.it	0	301	https://www.quiwolf.it/
http://www.rifugio-kugy-valbruna.it	6		
http://www.rifugiotitapiaz.it	6		
http://www.reporterstarvisio.it	0	302	https://reporterstarvisio.it/
http://www.ristorantedaovidio.com/	0	301	https://www.ristorantedaovidio.com/
http://www.riglarhaus.it	0	301	https://www.riglarhaus.it/
http://www.sanmarcorealestate.com/	0	301	https://www.sanmarcorealestate.com/
http://www.ristoranteallapace.it	0	200	
http://www.sisli.it/	0	200	
http://www.scribanovini.it	0	301	https://www.scribanovini.it/
http://www.sporthotelbellavista.com	6		
http://www.sporthotelforte.com	6		
http://www.sotlanapa.it/	0	301	https://www.sotlanapa.it/
http://www.tarvisiano.org/	0	301	https://www.tarvisiano.org/
http://www.tarvisiobedandbreakfast.it	6		
http://www.timeout-tarvisio.it	6		
http://www.vecchiosauris.it	6		
http://www.verzegnassi.it	0	301	https://www.verzegnassi.it/
http://www.villagiuliagrado.it	6		
http://www.ostelloaquileia.it/	28		
http://www.sporthotelpiancavallo.it	0	301	https://www.sporthotelpiancavallo.it/
http://www.yuximonfalcone.com/	6		
http://www.wolfsauris.it	0	301	https://www.wolfsauris.it/
http://www.zahrebeer.com	0	301	https://www.zahrebeer.com/
http://www.wienerhaus.it/	0	301	https://wienerhaus.it/
http://www.zeromiglia.it/	6		
http://www.zimmerkarkus.it	6		
https://acquapazzalignano.it/	0	301	https://www.acquapazzalignano.it/
https://alpontildetripoli.eatbu.com/	0	302	https://alpontildetripoli.eatbu.com/?lang=en
https://adriaticagrado.it/	0	200	
https://annavirgili.com/	0	301	https://www.annavirgili.com/
https://appartamentiveronesi.com/	6		
https://alturis.it/	0	200	
https://barbombengrado.eatbu.com	0	302	https://barbombengrado.eatbu.com/?lang=en
https://alemarhome.it/	0	200	
https://asufc.sanita.fvg.it/it/presidi-ospedalieri/ospedale_latisana_palmanova/	0	200	
https://calaguna.it/	0	200	
https://benkadi.it/	0	200	
https://colavetta.it/	0	200	
https://cortivopancotto.it/ristoro-la-crosetta/	0	200	
https://campeggiosanbartolomeo.it/	0	200	
https://costazzurragrado.it/	0	200	
https://edicola-guarino.business.site/	0	404	
https://filomena-bar.business.site/	0	404	
https://firmania.it/lignano-sabbiadoro/escala-mode-2227273	0	403	
https://flash-elettronica-di-gregori-augusto.business.site/	0	404	
https://eppingercaffetrieste.it/	0	200	
http://www.vigilfuoco.it/	28		
https://costadelsolgrado.it/	0	301	https://www.costadelsolgrado.it/
https://friuli.vimado.it/locali/ristoranti/grado-ri/hosteria-de-gustibus-grado/	0	302	http://friuli.vimado.it/manutenzione-archivio/
https://fratellilabufala.com/	0	200	
https://grado.it/it/cosa-fare/gastronomia/mercato-ittico/	0	301	https://grado.it/it/cosa-fare/ristoranti-bar/prodotti-tipici-e-gastronomie/mercato-ittico
https://grado.it/it/cosa-fare/benessere/equipe-acconciature-paolo-valentina/	0	301	https://grado.it/it/cosa-fare/terme-wellness-hair-stylist/hair-stylist/equipe-acconciature-paolo-valentina
https://hoteleldorado.it/	0	403	
https://grado.it/it/scoprire-grado/informazioni-utili-e-servizi/uffici-del-turismo/	0	301	https://grado.it/it/scoprire-grado/info-utili-trasporti-e-servizi/uffici-del-turismo
https://icpalazzolo.edu.it/	0	301	https://icpalrite.edu.it/
https://freesolarimpianti.it/	0	200	
https://la-baja-del-mar-da-mirco-e-angela.business.site/#details	0	404	
https://lacantinadiepicuro.com/	6		
https://grado.it/it/spiagge-e-terme-marine/spiaggia-principale-git-1/	0	301	https://grado.it/it/spiagge/spiaggia-principale-git-1
https://lamovidadeipescatori.eatbu.com/	0	302	https://lamovidadeipescatori.eatbu.com/?lang=en
https://latarabane.wordpress.com	0	200	
https://iltuomenu.eu/altimon/	0	301	https://www.iltuomenu.eu/altimon/
https://lignanosabbiadoro.it/it/strutture/19-i-gommosi-lignano/	0	302	/en/strutture/i-gommosi/
https://lignanosabbiadoro.it/it/strutture/200-sala-giochi-millefiori/	0	302	/it/strutture/sala-giochi-millefiori/
https://lignanosabbiadoro.it/it/strutture/438-salumeria-da-luciano-venturato/	0	302	/de/strutture/salumeria-da-luciano-venturato/
https://m.facebook.com/Antartik-Gelateria-e-Pasticceria-898506590159916/?rf=116027038488346	0	302	https://m.facebook.com/login.php?next=https%3A%2F%2Fm.facebook.com%2FAntartik-Gelateria-e-Pasticceria-898506590159916%2F%3Frf%3D116027038488346&refsrc=deprecated&_rdr
https://m.facebook.com/DaRenata.1967/	0	302	https://m.facebook.com/login.php?next=https%3A%2F%2Fm.facebook.com%2FDaRenata.1967%2F&refsrc=deprecated&_rdr
https://m.facebook.com/OsPampasChurrascaria/	0	302	https://m.facebook.com/login.php?next=https%3A%2F%2Fm.facebook.com%2FOsPampasChurrascaria%2F&refsrc=deprecated&_rdr
https://m.facebook.com/ParkAvenueLignano/	0	302	https://m.facebook.com/login.php?next=https%3A%2F%2Fm.facebook.com%2FParkAvenueLignano%2F&refsrc=deprecated&_rdr
https://lignanosabbiadoro.it/it/strutture/569-micidiale-boys/	0	302	/it/strutture/micidiale-boys/
https://m.facebook.com/PuntaFaroBeach	0	302	https://m.facebook.com/login.php?next=https%3A%2F%2Fm.facebook.com%2FPuntaFaroBeach&refsrc=deprecated&_rdr
https://m.facebook.com/StreetIslandStore	0	302	https://m.facebook.com/login.php?next=https%3A%2F%2Fm.facebook.com%2FStreetIslandStore&refsrc=deprecated&_rdr
https://m.facebook.com/cipiacegrado/	0	302	https://m.facebook.com/login.php?next=https%3A%2F%2Fm.facebook.com%2Fcipiacegrado%2F&refsrc=deprecated&_rdr
https://m.facebook.com/bbqlignano/photos/a.637311366357965/1429891430433284/?type=3	0	302	https://m.facebook.com/login/?next=https%3A%2F%2Fm.facebook.com%2Fbbqlignano%2Fphotos%2Fa.637311366357965%2F1429891430433284%2F%3Ftype%3D3&refsrc=deprecated&_rdr
https://m.facebook.com/fridafridastore/?view_public_for=100805071646600	0	302	https://m.facebook.com/login.php?next=https%3A%2F%2Fm.facebook.com%2Ffridafridastore%2F%3Fview_public_for%3D100805071646600&refsrc=deprecated&_rdr
https://lignanosabbiadoro.it/it/strutture/pineta-for-dogs/	0	200	
https://m.facebook.com/ilgamberorossolignano	0	302	https://m.facebook.com/login.php?next=https%3A%2F%2Fm.facebook.com%2Filgamberorossolignano&refsrc=deprecated&_rdr
https://m.facebook.com/lucreziabeautystudio/	0	302	https://m.facebook.com/login.php?next=https%3A%2F%2Fm.facebook.com%2Flucreziabeautystudio%2F&refsrc=deprecated&_rdr
https://m.facebook.com/pages/category/Local-business/New-Dynamic-Center-172495654190/	0	302	https://m.facebook.com/login/?next=https%3A%2F%2Fm.facebook.com%2Fpages%2Fcategory%2FLocal-business%2FNew-Dynamic-Center-172495654190%2F&refsrc=deprecated&_rdr
https://m.facebook.com/pages/category/Ice-Cream-Shop/Gelateria-Veneziana-674688362662345/	0	302	https://m.facebook.com/login/?next=https%3A%2F%2Fm.facebook.com%2Fpages%2Fcategory%2FIce-Cream-Shop%2FGelateria-Veneziana-674688362662345%2F&refsrc=deprecated&_rdr
https://m.facebook.com/pages/category/Local-business/Stabilimento-Laguna-Gradese-da-Cinzia-747686161910309/	0	302	https://m.facebook.com/login/?next=https%3A%2F%2Fm.facebook.com%2Fpages%2Fcategory%2FLocal-business%2FStabilimento-Laguna-Gradese-da-Cinzia-747686161910309%2F&refsrc=deprecated&_rdr
https://lefucine.com/	0	200	
https://m.facebook.com/pages/category/Pizza-place/PeterPan-Lignano-854093714626539/	0	302	https://m.facebook.com/login/?next=https%3A%2F%2Fm.facebook.com%2Fpages%2Fcategory%2FPizza-place%2FPeterPan-Lignano-854093714626539%2F&refsrc=deprecated&_rdr
https://m.facebook.com/pages/category/Pizza-place/Anema-e-Core-1168099166669757/	0	302	https://m.facebook.com/login/?next=https%3A%2F%2Fm.facebook.com%2Fpages%2Fcategory%2FPizza-place%2FAnema-e-Core-1168099166669757%2F&refsrc=deprecated&_rdr
https://m.facebook.com/profile.php?id=121576034563277&__tn__=C-R	0	302	https://m.facebook.com/login/?next=https%3A%2F%2Fm.facebook.com%2Fprofile.php%3Fid%3D121576034563277%26__tn__%3DC-R&refsrc=deprecated&_rdr
https://m.facebook.com/profile.php?id=100063635347904	0	302	https://m.facebook.com/login/?next=https%3A%2F%2Fm.facebook.com%2Fprofile.php%3Fid%3D100063635347904&refsrc=deprecated&_rdr
https://m.facebook.com/profile.php?id=100034443146054	0	302	https://m.facebook.com/login/?next=https%3A%2F%2Fm.facebook.com%2Fprofile.php%3Fid%3D100034443146054&refsrc=deprecated&_rdr
https://m.facebook.com/theperfectwavegrado/	0	302	https://m.facebook.com/login.php?next=https%3A%2F%2Fm.facebook.com%2Ftheperfectwavegrado%2F&refsrc=deprecated&_rdr
https://mobilicaramel.com/	0	200	
https://parafarmacia-pesce.business.site/?utm_source=gmb&utm_medium=referral	0	404	
https://newherashop.com/	0	503	
https://pizzeriadamariocodroipo.business.site/?utm_source=gmb&utm_medium=referral	0	404	
https://nodohotel.it/	0	200	
https://ristorante-pizzerianordest.it/	6		
https://pepco.it/	0	200	
https://rugiada-clothing-store.business.site/	0	404	
https://rusticus-steakhouse.eatbu.com/	0	302	https://rusticus-steakhouse.eatbu.com/?lang=en
https://souvenir-da-disma.business.site/?utm_source=gmb&utm_medium=referral	0	404	
https://sportuno.business.site/	0	404	
https://rivapalace.it/	0	200	
https://sweet-steps.company.site/	0	200	
https://taxibar.wixsite.com/	0	404	
https://swamiviaggi.it	0	200	
https://nittagioielli.com/	0	200	
https://villamori.eu/	0	200	
https://ww.maracaiba.it	6		
https://travelone.it/	0	200	
https://www.aeo.it/	0	247	
https://www.aeo.it/punti-vendita/Friuli%20Venezia%20Giulia/supermercato-aeo-monfalcone	0	404	
https://www.620passi.com/	0	103	
https://www.agenzianadalini.it/	0	302	it/
https://www.agostinis.com/	0	200	
https://www.agriturismodagastone.it/	0	200	
https://www.albarcollo.it/	0	200	
https://www.aldi.it/it/trova-il-punto-vendita/aldi-udine/aldi-gemona.html	0	200	
https://www.albergobahia.it/	0	301	https://www.albergobahia.it/home/
https://www.ai-due-leoni.it/	0	200	
https://www.alfred24.it	0	503	
https://www.ambriabella.it/	0	500	
https://www.aparthotelmiramaregrado.com/	0	403	
https://www.aristonteatrogrado.com/	0	403	
https://www.alparcoristorante.it/	6		
https://weekendshoponline.it/	28		
https://www.altiglioveg.it	0	200	
https://www.basilicadiaquileia.it/	0	301	/it/basilica
https://www.arredamentiantima3.com/	0	200	
https://www.autofficinafratellibandiera.it/	0	200	
https://www.belanger.it/	0	200	
https://www.bellaitaliavillage.com/it/piscina-bella-italia.php	0	200	
https://www.bellaveneziamare.it/	0	403	
https://www.boutiquecasa.it/	0	200	
https://www.burgerking.it/	0	200	
https://www.bricook.it/	0	200	
https://www.caisanvito.it/palestra-home	0	301	https://www.caisanvito.it/palestra-home/
https://www.carpenteriabreg.com/	60		
https://www.carpisa.it/	0	302	https://www.carpisa.it/it-it
https://www.baseibrewery.it/	0	200	
https://www.cavallinobianco.lignano.it/	0	301	https://www.cavallinobiancolignano.it/
https://www.cervignanodelfriuli.net/	60		
https://www.civibank.it/	0	302	/privati/
https://www.comunegrado.it/	0	301	https://comune.grado.go.it/
https://www.clinicasantaeufemia.it/	0	200	
https://www.consorzioagrariofvg.it/	0	200	
https://www.cremerialacoccola.it/	6		
https://www.decathlon.it/	0	403	
https://www.coopcasarsa.it/punti-vendita/ruda/	0	200	
https://www.bricoio.it/Custom/PuntoVendita.aspx?codiceNegozio=1299	28		
https://www.divaniedivani.it/	0	403	
https://www.diamantcar.it	0	200	
https://www.dolceneroresidence.com/	0	200	
https://www.carabinieri.it/	28		
https://www.despar.it/	0	302	https://www.despar.it/it/
https://www.doggybeachlignano.com/	0	200	
https://www.easy-phone.it/	0	404	
https://www.eirldolomites.com/	0	200	
https://www.emmegi-snc.it/	0	200	
https://www.eurokey.it	0	200	
https://www.dvpanettone.com/	0	200	
https://www.eurospin.it/punti-vendita/fogliano-di-redipuglia/	35		
https://www.eurospesa.it/	0	302	https://www.eurospesa.it/eurospesa/
https://www.facebook.com/Gdsclarascuoladiballo/	0	200	
https://www.farmaciadudine.it/	0	403	
https://www.fincantieri.com/	0	302	https://www.fincantieri.com/en
https://www.focenza.com/	0	403	
https://www.faccinielettrodomestici.it/	0	200	
https://www.galleriebennet.com/	0	200	
https://www.fondazioneaquileia.it/it/cosa-vedere/porto-fluviale	0	200	
https://www.gallomobili.it/	0	200	
https://www.gdf.gov.it/	0	302	/it
https://www.gelateriamu.it/	6		
https://www.garagestella.it/	0	500	
https://www.giacomelloalzetta.com/	6		
https://www.giuntialpunto.it/	0	301	https://giuntialpunto.it/
https://www.giacominicalzature.it/	0	403	
https://www.gradohotelserena.it/	0	403	
https://www.gradoit.it/it/numero_uno	0	200	
https://www.gradoit.it/it/scopri_le_terme_marine#	0	302	/
https://www.gradoriabilita.coop/	0	301	https://universiis.it/
https://www.ericahotel.it/	28		
https://www.hcresortlignano.it/	0	302	https://www.hcresortlignano.it/en
https://www.gradus.it/	0	200	
https://www.homstorecasa.it/	0	200	
https://www.filoxenia.it/	28		
https://www.gruppotaboga.it/	0	200	
https://www.hotelantaresgrado.it/	0	403	
https://www.hotelcentrotrieste.it/	0	200	
https://www.hotelilcervo.com/	0	200	
https://www.hotelhelvetialignano.com/	0	200	
https://www.hotelitaliaweb.com/alla-basilica/	0	200	
https://www.hoteltanit.it/	6		
https://www.hotelsorayalignano.it/	0	200	
https://www.hoteltizianogrado.it/	0	403	
https://www.hotelvillapatrizia.com/	0	200	
https://www.hotelfriulicervignano.it/	0	200	
https://www.iccasier.edu.it/organizzazione/plessi/primaria-alighieri	0	404	
https://www.icdestratorre.edu.it/sito/index.php/scuola/informazioni-generali/primaria-di-ruda	0	302	https://www.icdestratorre.edu.it//scuola/informazioni-generali/primaria-di-ruda
https://www.isolaugusta.com/	0	301	https://isolaugusta.com/
https://www.immobiliaremarina.it/	0	200	
https://www.hoteltarvisio.com/	0	200	
https://www.lacurcumabeach.it/	0	200	
https://www.lagunafarosuites.com/	0	301	https://www.lagunafarosuites.com/de/
https://www.lagunapalacehotel.it/?utm_source=gbp&utm_medium=organic	0	301	https://www.lagunapalacehotel.it/de/
https://www.hotelalprater.it/	28		
https://www.lidodelsolelignano.it/start	0	403	
https://www.keywestgrado.it/	0	200	
https://www.lodgeart.it/en-gb/veneta	0	200	
https://www.lauraechristiangrado.it/	0	200	
https://www.lol-fashionstyle.com/	0	200	
https://www.lignanomare.it/	0	200	
https://www.manulingerieemare.it/	6		
https://www.lineaflexmaterassi.com/	0	200	
https://www.losnidoslignano.it/	0	404	
https://www.mcps.it	6		
https://www.mittelab.org/	0	200	
https://www.mariussicar.it/	0	200	
https://www.mulinodelletolle.it/	0	200	
https://www.novatiemio.com/	0	200	
https://www.ondinaequipe.it/	0	200	
https://www.marketluna.it/	0	200	
https://www.onoranzefunebrifabello.com/	35		
https://www.palmanovavillage.it/	0	301	https://www.palmanovadesignervillage.com/
https://www.museitarvisio.it/	0	200	
https://www.meublealpontegrado.it/	0	200	
https://www.otticaepis.it/	0	200	
https://www.parcoprealpigiulie.it/	0	302	/en/
https://www.parcotermalerivieraresort.it/	0	200	
https://www.poste.it/	0	200	
https://www.pennymarket.it/	0	301	https://www.penny.it
https://www.precisionmechanics.eu	60		
https://www.picnicpozzesmeraldine.com/	0	200	
https://www.puntaspin.it/it/	0	301	https://puntaspin.it/it/
https://www.prixquality.com/	0	200	
https://www.qqimmobiliare.it/	0	200	
https://www.regione.fvg.it/	0	301	https://www.regione.fvg.it/rafvg/cms/RAFVG/
https://www.residenceormeggio.it/	0	200	
https://www.risskio.it/	0	200	
https://www.ristorantecentopassi.it/	6		
https://www.ristoranteagliartisti.it/ostaria-de-mar-grado/	0	404	
https://www.ristorantedatoni.it/	0	404	
https://www.rifugioalsantuario.com/	6		
https://www.rivamondina.it	0	307	/it/
https://www.riservacornino.it/informazioni/	0	200	
https://www.robertolandello.com/	0	200	
https://www.ristorantewilly.it/	0	301	https://ristorantewilly.it/
https://www.rossiniresort.com/	0	200	
https://www.sangiustocaffe.com/	0	200	
https://www.scuolasciavianopiancavallo.it/	0	200	
https://www.sireneblu.it/	0	200	
https://www.schoolvisor.it/it-it/scuola/48880/udine/scuola-infanzia-paritaria-m-andretta/scuola-infanzia-paritaria-m-andretta	0	200	
https://www.serenellagrado.it/index.php/ct-menu1-item13	0	403	
https://www.spiagge.it/stabilimenti-balneari/17791-pineta-beach/?	0	200	
https://www.soleislignano.com/	0	200	
https://www.stabilimentoborabora.com/	0	200	
https://www.sundek.us/	0	301	https://sundek.us/
https://www.stabilimentotivoli.com/	0	200	
https://www.spiaggiaairone.it/RISTORANTE.html	0	301	https://www.spiaggiaairone.it
https://www.supertosano.com/	60		
https://www.tally-weijl.com/it	0	403	
https://www.taxplanningsacile.com/	6		
https://www.supermercativisotto.it/	0	200	
https://www.tenutaprimero.com/it/	0	301	https://www.clubdelsole.com/it/destinazioni/friuli-venezia-giulia-alto-adriatico/tenuta-primero-resort
https://www.svapoland.it/	0	200	
https://www.turismofvg.it/	0	301	/it
https://www.testedipietra.it/	0	200	
https://www.turismofvg.it/en/mountain365/rifugio-giacomo-di-brazza	0	301	/it/montagna365/rifugio-giacomo-di-brazza
https://www.turismofvg.it/en/mountain365/sella-nevea	0	301	/it/montagna365/sella-nevea
https://www.spiaggiaairone.it/	0	200	
https://www.turismofvg.it/info-utili/uffici-turistici/lignano-pineta-infopoint	0	200	
https://www.unicredit.it/	0	403	
https://www.turismofvg.it/montagna/infoneve?hub=tarvisio	0	200	
https://www.winestoregrado.it/	0	403	
it.fracomina.com	-1		
www.abacoviaggi.com	-1		
www.alcott.it	-1		
www.amelie.it	-1		
www.angelico.it	-1		
www.avwmj.it	-1		
www.bassettihomeinnovation.it	-1		
www.battistutta.it	-1		
www.benetton.com/Outlet	-1		
www.bialettistore.it	-1		
www.caleffionline.it	-1		
www.calvinklein.com	-1		
www.calzedonia.it	-1		
www.camicissima.com	-1		
www.claroitalia.it	-1		
www.claytonitalia.com	-1		
www.cmpsport.com	-1		
www.compagniadinavigazione.it	-1		
www.cottonsilk.it	-1		
www.coveri.com	-1		
www.desigual.com	-1		
www.diemmecaffe.com/	-1		
www.dokdallava.com	-1		
www.dolomiticontemporanee.net	-1		
www.doppiomalto.com	-1		
www.douglas.it	-1		
www.esteticacocoonlignano.com	-1		
www.eu.tommy.com	-1		
www.excelsa.it	-1		
www.facis1932.com/	-1		
www.falegnameriazeta.it	-1		
www.fiorellarubino.com	-1		
www.flaviocastellani.it	-1		
www.foppapedretti.it	-1		
www.freddy.com	-1		
www.gap-italia.it/collection/kidsbaby	-1		
www.gap.com	-1		
www.gasjeans.com	-1		
www.gaudi.it	-1		
www.giuntialpunto.it	-1		
www.goldenpointonline.it	-1		
www.guess.eu	-1		
www.gutteridge.com	-1		
www.hamericas.com/	-1		
www.harmontblaine.com	-1		
www.hcparrucchierimilano.com	-1		
www.hdental.it	-1		
www.hm.com	-1		
www.idexe.it	-1		
www.intimissimi.it	-1		
www.ixosofficial.com	-1		
www.jackjones.com	-1		
www.jdsports.it	-1		
www.kappastore.com	-1		
www.kikocosmetics.com	-1		
www.kocca.it	-1		
www.lapiadineria.com	-1		
www.lindt.it	-1		
www.liujouomo.it	-1		
www.marinamilitare-sportswear.com	-1		
www.melluso.it	-1		
www.meubletripoli.it	-1		
www.miriadespa.it	-1		
www.modusprofumerie.com/	-1		
www.nanaitalianheart.com	-1		
www.nike.com	-1		
www.oltre.com	-1		
www.originalmarines.com	-1		
www.outly.it	-1		
www.pinalli.it	-1		
www.pinokkioshop.it	-1		
www.piquadro.com/it	-1		
www.pollini.com	-1		
www.pompea.com	-1		
www.puma.com	-1		
www.pupa.it	-1		
www.push96.com	-1		
www.rinascimento.com	-1		
www.ristorantelaite.com	-1		
www.roncato.com	-1		
www.salewa.it	-1		
www.salmoiraghievigano.it	-1		
www.slam.com	-1		
www.sonnybono.com	-1		
www.stroilioro.com	-1		
www.sunglasshut.com	-1		
www.terranovastyle.com	-1		
www.timretail.it/	-1		
www.trussardi.com	-1		
www.unieuro.it	-1		
www.upim.com	-1		
www.yamamay.com	-1		
www.yeszee.it	-1		
https://www.zanuttaspa.it/punti-vendita/muzzana-del-turgnano/	0	200	
www.zooplanet.it	-1		
www.zuiki.it	-1		
https://ziplinesauris.com	0	200	
https://www.villaiachia.it/	0	200	
