<!DOCTYPE HTML PUBLIC "-//W3C//DTD HTML 4.01//EN" "http://www.w3.org/TR/html4/strict.dtd">
<html><head>
<title>406 Not Acceptable</title>
</head><body>
<h1>Not Acceptable</h1>
<p>An appropriate representation of the requested resource could not be found on this server.</p>
<hr>
<address>Apache/2.4.67 (Debian) Server at overpass-api.de Port 443</address>
</body></html>
<!DOCTYPE HTML PUBLIC "-//W3C//DTD HTML 4.01//EN" "http://www.w3.org/TR/html4/strict.dtd">
<html><head>
<title>406 Not Acceptable</title>
</head><body>
<h1>Not Acceptable</h1>
<p>An appropriate representation of the requested resource could not be found on this server.</p>
<hr>
<address>Apache/2.4.67 (Debian) Server at overpass-api.de Port 443</address>
</body></html>
node	32631124	http://www.giolitti.it/
node	72962031	http://italia.indettaglio.it/ita/lazio/poggiomirteto.html
node	260540041	http://www.mymovies.it/cinema/roma/4916/
node	264673865	http://colosseoorg.wix.com/aitrescalini
node	351606161	www.ostiainbicixiii.it
node	434692525	http://www.aureliahospital.com/
node	475380685	http://www.grottepastena.it/
node	523011726	www.sailpost.it
node	535329954	www.ripetta25.it
node	803657703	www.locandabellarmino.com
node	804953816	www.trattorialacontadina.com
node	956100760	http://www.camminodifrancesco.it
node	1217882279	http://www.gatc.it
node	1298397830	http://www.viafrancigenadisanfrancesco.com
node	1648166947	http://leano.altervista.org/
node	1812809988	http://www.viconellazio.org/
node	1893015314	http://www.bebvilladeste.com/bb-la-panoramica/
node	2628447770	https://qrmenu.restaurant/risto.asp?i=165&p=IG0H51W8CG
node	2854681889	http://www.riservaduchessa.it/storia/collefegato.html
node	2959460930	http://www.sevoinapizzadillo.com/
node	3517484221	https://insieme-per.eu/
node	4526715858	http://kalulu.it/providers/co-br-ag-or
node	4592378467	https://www.ordinepsicologilazio.it/
node	4699039095	https://luoghidelcontemporaneo.beniculturali.it/dea-roma
node	4798313725	https://www.gattidiroma.net/
node	4971065306	https://www.facebook.com/miziostreetfood/
node	5090066036	http://www.libreriateatrotlon.it
node	5570903795	http://visite.cimitericapitolini.it/monumenti-verano/personaggio-58.html
node	5596663028	https://www.turismoroma.it/en/node/65
node	5601997762	http://www.gruppolem.com
node	5817468855	https://www.giulius.com
node	6058581167	https://27crags.com/
node	6058581168	https://27crags.com/
node	6058581169	https://27crags.com/
node	6058581170	https://27crags.com/
node	6058581171	https://27crags.com/
node	6058581173	https://27crags.com/
node	6058581174	https://27crags.com/
node	6058581175	https://27crags.com/
node	6058581176	https://27crags.com/
node	6058581177	https://27crags.com/
node	6058581178	https://27crags.com/
node	6459748656	http://l.ead.me/bb3jEV
node	6771427376	https://27crags.com/
node	6771427377	https://27crags.com/
node	6930509548	http://www.gruppolem.com
node	7023311006	https://www.facebook.com/cucinehackereurcolombo/
node	7193332257	https://www.facebook.com/La-dispensa-del-podere-650749582046100/
node	7206253186	https://coinatmradar.com/bitcoin_atm/11688/bitcoin-atm-shitcoins-club-rome-centro-commerciale-cinecittadue/
node	7263096784	https://www.ukrinform.ua/rubric-diaspora/2888899-u-rimi-vidkrivsa-restoran-ukrainskoi-kuhni.html
node	7760915021	https://www.facebook.com/sinosteria/
node	8599247532	https://www.info.roma.it/monumenti_dettaglio.asp?ID_schede=10985
node	9352570416	https://27crags.com/
node	9352586717	https://27crags.com/
node	9352586727	https://27crags.com/
node	9352586728	https://27crags.com/
node	9352586742	https://27crags.com/
node	9352586743	https://27crags.com/
node	9352586769	https://27crags.com/
node	9352586770	https://27crags.com/
node	9458369151	https://www.arpalazio.it/documents/20124/67746/AL008.pdf
node	9658770047	https://www.yogalabsanlorenzo.com/
node	9714419784	http://l.ead.me/bb3jDF
node	9714435037	https://l.ead.me/bbC6K3
node	9721225211	https://www.jetphotos.com/registration/MM80972
node	9725160049	http://www.arciviterbo.it/2019/07/01/lo-spazio-del-cielo-2/
node	9764515313	https://www.tshirt-shop.online/;https://www.centrostampacolombo.it/
node	10082931681	https://www.teatro.it/teatri/portico-roma-cartellone
node	10937793525	https://museocivilta.cultura.gov.it/
node	11509026537	https://www.comune.roma.it/web/it/notizia.page?contentId=NWS1127992
node	11697072361	https://www.diocesidiroma.it/phpenti/ente/?ID=7825
node	12723154216	https://epn.eps.org/eps-historic-sites/#4
node	12813576589	https://www.tripadvisor.com/Hotel_Review-g187791-d501581-Reviews-Nicolas_Inn-Rome_Lazio.html
node	12813664034	https://www.artribune.com/arti-visive/archeologia-arte-antica/2024/12/horrea-piperataria-foro-roma-parco-colosseo-apertura/
node	12813692927	https://www.tmcrew.org/l38squat/
node	12833773215	https://www.comune.roma.it/web/it/notizia/nuovo-laboratorio-pasta-fresca-centro-storico.page
node	12855564503	https://www.iltempo.it/roma-capitale/2010/06/24/news/aldo-fefe-il-mastro-cartaio-che-lavoro-per-papa-wojtyla-864699/;https://www.gpsmycity.com/attractions/aldo-fefe-54779.html
node	12922987886	https://www.romatoday.it/zone/eur/laurentino/incendio-polisportiva-joyce-laurentino-38-.html
way	23016254	https://www.provincia.viterbo.it/strade.html
way	23480542	https://www.provincia.viterbo.it/strade.html
way	23896138	http://visite.cimitericapitolini.it/monumenti-verano/personaggio-37.html
way	24240367	http://www.parcoappiaantica.it/
way	27740575	https://www.provincia.viterbo.it/strade.html
way	27740744	https://www.provincia.viterbo.it/strade.html
way	30693040	http://www.medioevo.roma.it/html/architettura/torri-ext/tex-marancia.htm
way	32867666	http://www.wwfroma11.it/documenti/F%20Ardeatino/Forte.htm
way	34362827	http://visite.cimitericapitolini.it/monumenti-verano/personaggio-27.html
way	50773070	http://www.060608.it/it/cultura-e-svago/luoghi-di-culto-di-interesse-storico-artistico/chiese-cattoliche/domine-quo-vadis-s-maria-in-palmis.html
way	66286008	www.palazzoquintiliano.it
way	77683597	http://www.myspace.com/cslastrada
way	78057686	https://www.falesia.it/it/crag/25/Ripa-Majala.html
way	108630337	http://www.parchilazio.it/home~extra&oldp-comuni+id_parco-5+nomepagina-archeologia_arte+id-229.htm
way	134898086	http://www.ajaonline.org/node/833
way	147061555	http://www.tarquiniaturismo.it/archivio6_luoghi-e-strutture-tarquinia-turismo_0_126_22_2.html
way	159086048	https://www.provincia.viterbo.it/strade.html
way	159086051	https://www.provincia.viterbo.it/strade.html
way	160742048	https://www.provincia.viterbo.it/strade.html
way	160742051	https://www.provincia.viterbo.it/strade.html
way	163229779	http://www.chieseitaliane.chiesacattolica.it/chieseitaliane/schedaca.jsp?sercd=42131
way	169401169	https://www.falesia.it/it/crag/14/guadagnolo.html
way	172782668	http://www.prolocoviconellazio.it/parrochia-santa-maria-goretti.html
way	201950493	http://www.teatrobrancaccio.it/
way	202116761	https://www.nytimes.com/2016/04/29/realestate/elegant-residence-by-the-spanish-steps-in-rome.html
way	205572626	http://www.parcoappiaantica.it/
way	220175965	http://www.parcoappiaantica.it/
way	233612987	https://www.provincia.viterbo.it/strade.html
way	233612988	https://www.provincia.viterbo.it/strade.html
way	233612989	https://www.provincia.viterbo.it/strade.html
way	233612990	https://www.provincia.viterbo.it/strade.html
way	253792940	http://www.arvaliastoria.it/dblog/scheda.asp?idscheda=14
way	253793806	http://www.arvaliastoria.it/dblog/scheda.asp?idscheda=5
way	271938630	https://www.provincia.viterbo.it/strade.html
way	271938631	https://www.provincia.viterbo.it/strade.html
way	271938632	https://www.provincia.viterbo.it/strade.html
way	271938633	https://www.provincia.viterbo.it/strade.html
way	271938634	https://www.provincia.viterbo.it/strade.html
way	312138583	http://www.chieseitaliane.chiesacattolica.it/chieseitaliane/schedaca.jsp?sercd=42136
way	320038954	https://www.provincia.viterbo.it/strade.html
way	320038955	https://www.provincia.viterbo.it/strade.html
way	363223377	http://www.vicariatusurbis.org/?page_id=188&ID=103
way	367010323	http://visite.cimitericapitolini.it/architetti/personaggio-11.html
way	367010355	http://www.cimitericapitolini.it/eventi-e-cultura/177-sala-mater-admirabilis.html
way	399360596	https://www.provincia.viterbo.it/strade.html
way	403045763	"https://ospitalitareligiosa.it/en/structures/ad/familarca,5546"
way	438269545	https://www.provincia.viterbo.it/strade.html
way	438269546	https://www.provincia.viterbo.it/strade.html
way	453486565	https://www.provincia.viterbo.it/strade.html
way	453487611	https://www.provincia.viterbo.it/strade.html
way	453491848	https://www.provincia.viterbo.it/strade.html
way	453491849	https://www.provincia.viterbo.it/strade.html
way	453506377	https://www.provincia.viterbo.it/strade.html
way	453506379	https://www.provincia.viterbo.it/strade.html
way	453508828	https://www.provincia.viterbo.it/strade.html
way	493760523	https://www.provincia.viterbo.it/strade.html
way	516221706	https://www.provincia.viterbo.it/strade.html
way	583040475	https://www.cimitericapitolini.it/servizi/servizi-cimiteriali/61-cerimonie-al-tempietto-egizio-e-altre-iniziative.html
way	653342762	https://www.provincia.viterbo.it/strade.html
way	653342763	https://www.provincia.viterbo.it/strade.html
way	815445277	https://www.provincia.viterbo.it/strade.html
way	917156506	https://www.provincia.viterbo.it/strade.html
way	917156507	https://www.provincia.viterbo.it/strade.html
way	949193274	https://catalogo.beniculturali.it/detail/ArchaeologicalProperty/1201339483-3
way	983852587	http://www.lazioverticale.joomlafree.it/
way	983867234	https://www.falesia.it/it/crag/421/santoreste.html
way	983867241	https://www.falesia.it/it/crag/421/santoreste.html
way	983867242	https://www.falesia.it/it/crag/421/santoreste.html
way	1006105383	http://www.fastionline.org/record_view.php?fst_cd=AIAC_4342
way	1008965141	https://www.provincia.viterbo.it/strade.html
way	1008965142	https://www.provincia.viterbo.it/strade.html
way	1010751249	https://www.provincia.viterbo.it/strade.html
way	1010751250	https://www.provincia.viterbo.it/strade.html
way	1010751251	https://www.provincia.viterbo.it/strade.html
way	1010751252	https://www.provincia.viterbo.it/strade.html
way	1010751255	https://www.provincia.viterbo.it/strade.html
way	1013711655	https://27crags.com/
way	1013711656	https://27crags.com/
way	1013711657	https://27crags.com/
way	1013711658	https://27crags.com/
way	1013711659	https://27crags.com/
way	1068735575	https://wiki.openstreetmap.org/wiki/Ramsar_site
way	1221735753	http://www.lazioverticale.joomlafree.it/
way	1246182264	https://www.provincia.viterbo.it/strade.html
way	1246182267	https://www.provincia.viterbo.it/strade.html
way	1305945224	https://www.provincia.viterbo.it/strade.html
way	1305945225	https://www.provincia.viterbo.it/strade.html
way	1314222849	https://www.info.roma.it/monumenti_dettaglio.asp?ID_schede=6669
way	1337994611	https://www.provincia.viterbo.it/strade.html
way	1337994614	https://www.provincia.viterbo.it/strade.html
way	1337994615	https://www.provincia.viterbo.it/strade.html
way	1337994616	https://www.provincia.viterbo.it/strade.html
way	1337994618	https://www.provincia.viterbo.it/strade.html
way	1337994620	https://www.provincia.viterbo.it/strade.html
way	1337994621	https://www.provincia.viterbo.it/strade.html
way	1337994622	https://www.provincia.viterbo.it/strade.html
way	1337994625	https://www.provincia.viterbo.it/strade.html
way	1352198925	http://www.parcoappiaantica.it/
way	1363836006	https://youtu.be/sHacnFjRB-Q?si=hO2HkV9A0ENKPICy
way	1383952044	https://www.sotterraneidiroma.it/sites/torre-dei-borgia
way	1385796107	https://www.provincia.viterbo.it/strade.html
way	1385796114	https://www.provincia.viterbo.it/strade.html
way	1385796115	https://www.provincia.viterbo.it/strade.html
way	1385796116	https://www.provincia.viterbo.it/strade.html
way	1385796119	https://www.provincia.viterbo.it/strade.html
way	1385796122	https://www.provincia.viterbo.it/strade.html
way	1385796123	https://www.provincia.viterbo.it/strade.html
way	1385796124	https://www.provincia.viterbo.it/strade.html
way	1385796125	https://www.provincia.viterbo.it/strade.html
way	1385796126	https://www.provincia.viterbo.it/strade.html
way	1385796128	https://www.provincia.viterbo.it/strade.html
way	1385796130	https://www.provincia.viterbo.it/strade.html
way	1385796131	https://www.provincia.viterbo.it/strade.html
way	1385796132	https://www.provincia.viterbo.it/strade.html
way	1385796133	https://www.provincia.viterbo.it/strade.html
way	1385796134	https://www.provincia.viterbo.it/strade.html
way	1385796135	https://www.provincia.viterbo.it/strade.html
way	1385796140	https://www.provincia.viterbo.it/strade.html
way	1388868047	https://www.provincia.viterbo.it/strade.html
way	1395960885	https://www.provincia.viterbo.it/strade.html
way	1413047741	https://www.provincia.viterbo.it/strade.html
way	1427302287	https://www.provincia.viterbo.it/strade.html
way	1427302288	https://www.provincia.viterbo.it/strade.html
way	1427302289	https://www.provincia.viterbo.it/strade.html
way	1427302290	https://www.provincia.viterbo.it/strade.html
way	1427302291	https://www.provincia.viterbo.it/strade.html
way	1446232870	https://www.provincia.viterbo.it/strade.html
way	1524277674	https://www.provincia.viterbo.it/strade.html
way	1524277675	https://www.provincia.viterbo.it/strade.html
relation	22289	https://visite-palazzofarnese.it/
relation	539134	https://sansaba.gesuiti.it/basilica-storia-arte/
relation	919376	http://www.archidiap.com/opera/albergo-rosso/
relation	1026680	http://www.centroculturalearacoeli.it/CMS/Alle-Sprachen/Alle-Kategorien/Oasi-Ges%C3%B9-Bambino-Greccio.aspx?Sel=339&lg=4
relation	1370434	http://whc.unesco.org/en/list/1158
relation	1537040	http://whc.unesco.org/en/list/1158
relation	1632687	http://www.foroitalico.altervista.org/montegiano.htm
relation	1826577	http://www.vicariatusurbis.org/Ente.asp?ID=4027
relation	2000662	http://wiki.openstreetmap.org/wiki/WikiProject_Europe/E-road_network
relation	2000666	http://wiki.openstreetmap.org/wiki/WikiProject_Europe/E-road_network
relation	2234038	http://www.abbaziacasamari.com/
relation	2265789	http://www.aironeinforma.it/duomo_di_santandrea.html
relation	2280176	http://www.angolohermes.com/Luoghi/Lazio/Ausonia/S_Maria_del_Piano.html
relation	11795110	https://www.youtube.com/watch?v=ZqHC9QQ-7CQ
relation	12564083	https://m.youtube.com/watch?v=2R3skmCAPT4/
relation	13210133	https://web.uniroma1.it/cencelle/tipo
relation	13402532	http://www.tesoridiroma.net/foro_romano/maria_antiqua.html
relation	13747286	https://www.sentieriperblera.it/petrolo-citta-antica/
relation	13844950	https://www.facebook.com/camminotrevillaggi/
relation	14986760	http://www.etruschi.name.it
relation	16439916	https://comune.cellere.vt.it/contenuti/338104/percorso-trekking
relation	19126151	https://unica.istruzione.gov.it/cercalatuascuola/istituti/RMMM818016/e-q-visconti/
