<!DOCTYPE HTML PUBLIC "-//W3C//DTD HTML 4.01//EN" "http://www.w3.org/TR/html4/strict.dtd">	-1		
</body></html>	-1		
</head><body>	-1		
<address>Apache/2.4.67 (Debian) Server at overpass-api.de Port 443</address>	-1		
<h1>Not Acceptable</h1>	-1		
<hr>	-1		
<html><head>	-1		
<p>An appropriate representation of the requested resource could not be found on this server.</p>	-1		
<title>406 Not Acceptable</title>	-1		
http://colosseoorg.wix.com/aitrescalini	0	301	https://colosseoorg.wix.com:443/aitrescalini
http://l.ead.me/bb3jDF	0	200	
http://l.ead.me/bb3jEV	0	200	
https://ospitalitareligiosa.it/en/structures/ad/familarca,5546	0	303	/en/structures/all,0
http://leano.altervista.org/	0	403	
http://italia.indettaglio.it/ita/lazio/poggiomirteto.html	0	301	https://italia.indettaglio.it/ita/lazio/poggiomirteto.html
http://kalulu.it/providers/co-br-ag-or	28		
http://visite.cimitericapitolini.it/architetti/personaggio-11.html	28		
http://whc.unesco.org/en/list/1158	0	403	
http://visite.cimitericapitolini.it/monumenti-verano/personaggio-27.html	28		
http://wiki.openstreetmap.org/wiki/WikiProject_Europe/E-road_network	0	301	https://wiki.openstreetmap.org/wiki/WikiProject_Europe/E-road_network
http://www.abbaziacasamari.com/	0	200	
http://www.aironeinforma.it/duomo_di_santandrea.html	6		
http://www.060608.it/it/cultura-e-svago/luoghi-di-culto-di-interesse-storico-artistico/chiese-cattoliche/domine-quo-vadis-s-maria-in-palmis.html	0	301	https://060608.comune.roma.it
http://www.ajaonline.org/node/833	0	301	https://www.ajaonline.org/node/833
http://www.angolohermes.com/Luoghi/Lazio/Ausonia/S_Maria_del_Piano.html	0	200	
http://www.arciviterbo.it/2019/07/01/lo-spazio-del-cielo-2/	0	301	https://www.arciviterbo.it/2019/07/01/lo-spazio-del-cielo-2/
http://www.archidiap.com/opera/albergo-rosso/	0	301	http://archidiap.com/opera/albergo-rosso/
http://www.arvaliastoria.it/dblog/scheda.asp?idscheda=14	0	200	
http://www.aureliahospital.com/	0	301	https://www.aureliahospital.com/
http://www.bebvilladeste.com/bb-la-panoramica/	6		
http://www.arvaliastoria.it/dblog/scheda.asp?idscheda=5	0	200	
http://www.camminodifrancesco.it	0	302	https://www.camminodifrancesco.it/
http://visite.cimitericapitolini.it/monumenti-verano/personaggio-37.html	28		
http://www.centroculturalearacoeli.it/CMS/Alle-Sprachen/Alle-Kategorien/Oasi-Ges%C3%B9-Bambino-Greccio.aspx?Sel=339&lg=4	0	301	https://www.centroculturalearacoeli.org/
http://www.chieseitaliane.chiesacattolica.it/chieseitaliane/schedaca.jsp?sercd=42136	0	302	https://chieseitaliane.chiesacattolica.it/chieseitaliane/schedaca.jsp?sercd=42136
http://www.chieseitaliane.chiesacattolica.it/chieseitaliane/schedaca.jsp?sercd=42131	0	302	https://chieseitaliane.chiesacattolica.it/chieseitaliane/schedaca.jsp?sercd=42131
http://www.etruschi.name.it	0	405	
http://www.fastionline.org/record_view.php?fst_cd=AIAC_4342	0	301	https://www.fastionline.org/record_view.php?fst_cd=AIAC_4342
http://www.foroitalico.altervista.org/montegiano.htm	0	403	
http://www.gatc.it	0	301	https://www.gatc.it/
http://www.giolitti.it/	0	301	https://www.giolitti.it/
http://www.grottepastena.it/	0	301	https://www.grottepastena.it/
http://www.gruppolem.com	0	301	https://www.gruppolem.com/
http://www.libreriateatrotlon.it	6		
http://www.lazioverticale.joomlafree.it/	0	200	
http://www.mymovies.it/cinema/roma/4916/	0	301	https://www.mymovies.it/cinema/roma/4916/
http://www.myspace.com/cslastrada	0	301	https://www.myspace.com:443/cslastrada
http://www.parchilazio.it/home~extra&oldp-comuni+id_parco-5+nomepagina-archeologia_arte+id-229.htm	0	404	
http://www.parcoappiaantica.it/	0	301	https://www.parcoappiaantica.it/
http://www.prolocoviconellazio.it/parrochia-santa-maria-goretti.html	6		
http://visite.cimitericapitolini.it/monumenti-verano/personaggio-58.html	28		
http://www.sevoinapizzadillo.com/	6		
http://www.tarquiniaturismo.it/archivio6_luoghi-e-strutture-tarquinia-turismo_0_126_22_2.html	0	301	https://tarquiniaturismo.com//archivio6_luoghi-e-strutture-tarquinia-turismo_0_126_22_2.html
http://www.teatrobrancaccio.it/	0	301	https://www.teatrobrancaccio.it/
http://www.riservaduchessa.it/storia/collefegato.html	0	200	
http://www.viafrancigenadisanfrancesco.com	6		
http://www.tesoridiroma.net/foro_romano/maria_antiqua.html	0	200	
http://www.cimitericapitolini.it/eventi-e-cultura/177-sala-mater-admirabilis.html	28		
http://www.viconellazio.org/	0	301	https://www.viconellazio.org/
http://www.wwfroma11.it/documenti/F%20Ardeatino/Forte.htm	0	200	
https://27crags.com/	0	301	https://thetopo.com/
https://catalogo.beniculturali.it/detail/ArchaeologicalProperty/1201339483-3	0	200	
https://coinatmradar.com/bitcoin_atm/11688/bitcoin-atm-shitcoins-club-rome-centro-commerciale-cinecittadue/	0	403	
http://www.medioevo.roma.it/html/architettura/torri-ext/tex-marancia.htm	28		
https://comune.cellere.vt.it/contenuti/338104/percorso-trekking	0	404	
https://epn.eps.org/eps-historic-sites/#4	0	200	
https://l.ead.me/bbC6K3	0	200	
https://insieme-per.eu/	0	301	https://together.europarl.europa.eu/it/
https://m.youtube.com/watch?v=2R3skmCAPT4/	0	302	https://www.youtube.com/watch?app=desktop&v=2R3skmCAPT4%2F
https://luoghidelcontemporaneo.beniculturali.it/dea-roma	6		
https://museocivilta.cultura.gov.it/	60		
https://sansaba.gesuiti.it/basilica-storia-arte/	0	301	https://www.parrocchiasansaba.it/basilica-storia-arte/
https://qrmenu.restaurant/risto.asp?i=165&p=IG0H51W8CG	0	200	
http://www.vicariatusurbis.org/?page_id=188&ID=103	28		
http://www.vicariatusurbis.org/Ente.asp?ID=4027	28		
https://unica.istruzione.gov.it/cercalatuascuola/istituti/RMMM818016/e-q-visconti/	0	200	
https://wiki.openstreetmap.org/wiki/Ramsar_site	0	200	
https://web.uniroma1.it/cencelle/tipo	0	404	
https://visite-palazzofarnese.it/	0	200	
https://www.arpalazio.it/documents/20124/67746/AL008.pdf	0	200	
https://www.artribune.com/arti-visive/archeologia-arte-antica/2024/12/horrea-piperataria-foro-roma-parco-colosseo-apertura/	0	200	
https://www.cimitericapitolini.it/servizi/servizi-cimiteriali/61-cerimonie-al-tempietto-egizio-e-altre-iniziative.html	60		
https://www.comune.roma.it/web/it/notizia.page?contentId=NWS1127992	0	200	
https://www.diocesidiroma.it/phpenti/ente/?ID=7825	0	200	
https://www.facebook.com/La-dispensa-del-podere-650749582046100/	0	302	https://www.facebook.com/login/?next=https%3A%2F%2Fwww.facebook.com%2FLa-dispensa-del-podere-650749582046100%2F
https://www.comune.roma.it/web/it/notizia/nuovo-laboratorio-pasta-fresca-centro-storico.page	0	200	
https://www.facebook.com/camminotrevillaggi/	0	200	
https://www.facebook.com/miziostreetfood/	0	200	
https://www.facebook.com/cucinehackereurcolombo/	0	200	
https://www.facebook.com/sinosteria/	0	200	
https://www.falesia.it/it/crag/421/santoreste.html	0	200	
https://www.falesia.it/it/crag/25/Ripa-Majala.html	0	200	
https://www.falesia.it/it/crag/14/guadagnolo.html	0	200	
https://www.giulius.com	60		
https://www.centrostampacolombo.it/	0	200	
https://www.gpsmycity.com/attractions/aldo-fefe-54779.html	0	200	
https://www.gattidiroma.net/	0	200	
https://www.jetphotos.com/registration/MM80972	0	403	
https://www.iltempo.it/roma-capitale/2010/06/24/news/aldo-fefe-il-mastro-cartaio-che-lavoro-per-papa-wojtyla-864699/	0	200	
https://www.nytimes.com/2016/04/29/realestate/elegant-residence-by-the-spanish-steps-in-rome.html	0	403	
https://www.ordinepsicologilazio.it/	0	301	https://ordinepsicologilazio.it/
https://www.info.roma.it/monumenti_dettaglio.asp?ID_schede=6669	0	200	
https://www.info.roma.it/monumenti_dettaglio.asp?ID_schede=10985	0	200	
https://www.provincia.viterbo.it/strade.html	0	200	
https://www.teatro.it/teatri/portico-roma-cartellone	0	403	
https://www.romatoday.it/zone/eur/laurentino/incendio-polisportiva-joyce-laurentino-38-.html	0	200	
https://www.sentieriperblera.it/petrolo-citta-antica/	0	301	https://sentieriperblera.altervista.org/
https://www.sotterraneidiroma.it/sites/torre-dei-borgia	0	403	
https://www.tripadvisor.com/Hotel_Review-g187791-d501581-Reviews-Nicolas_Inn-Rome_Lazio.html	0	403	
https://www.tmcrew.org/l38squat/	0	200	
https://www.turismoroma.it/en/node/65	0	404	
https://www.ukrinform.ua/rubric-diaspora/2888899-u-rimi-vidkrivsa-restoran-ukrainskoi-kuhni.html	0	200	
https://youtu.be/sHacnFjRB-Q?si=hO2HkV9A0ENKPICy	0	303	https://www.youtube.com/watch?si=hO2HkV9A0ENKPICy&v=sHacnFjRB-Q&feature=youtu.be
www.locandabellarmino.com	-1		
www.ostiainbicixiii.it	-1		
www.palazzoquintiliano.it	-1		
www.ripetta25.it	-1		
www.sailpost.it	-1		
www.trattorialacontadina.com	-1		
https://www.yogalabsanlorenzo.com/	0	200	
https://www.youtube.com/watch?v=ZqHC9QQ-7CQ	0	200	
https://www.tshirt-shop.online/	0	200	
