	-1		
<meta http-equiv="content-type" content="text/html	-1		
<title>OSM3S Response</title>	-1		
charset=utf-8" lang="en"/>	-1		
<!DOCTYPE html PUBLIC "-//W3C//DTD XHTML 1.0 Strict//EN	-1		
</body>	-1		
</head>	-1		
</html>	-1		
<?xml version="1.0" encoding="UTF-8"?>	-1		
<body>	-1		
<head>	-1		
http://www.w3.org/TR/xhtml1/DTD/xhtml1-strict.dtd">	0	400	
<html xmlns="http://www.w3.org/1999/xhtml" xml:lang="en" lang="en">	-1		
<p><strong style="color:#FF0000">Error</strong>: runtime error: open64: 0 Success /osm3s_osm_base Dispatcher_Client::request_read_and_idx::timeout. The server is probably too busy to handle your request. </p>	-1		
<p>The data included in this document is from www.openstreetmap.org. The data is made available under ODbL.</p>	-1		
http://ilovearese.altervista.org/chiesa-s-carlo-e-immacolata.php	0	200	
http://italia.indettaglio.it/ita/lombardia/como_cernobbio_piazzasantostefano.html	0	301	https://italia.indettaglio.it/ita/lombardia/como_cernobbio_piazzasantostefano.html
http://italia.indettaglio.it/ita/lombardia/como_geralario_stallonevenini.html	0	301	https://italia.indettaglio.it/ita/lombardia/como_geralario_stallonevenini.html
http://italia.indettaglio.it/ita/lombardia/milano_bollate_castellazzo.html	0	301	https://italia.indettaglio.it/ita/lombardia/milano_bollate_castellazzo.html
http://italia.indettaglio.it/ita/lombardia/milano_bollate_viatrento.html	0	301	https://italia.indettaglio.it/ita/lombardia/milano_bollate_viatrento.html
http://italia.indettaglio.it/ita/lombardia/milano_cisliano_bestazzo.html	0	301	https://italia.indettaglio.it/ita/lombardia/milano_cisliano_bestazzo.html
http://italia.indettaglio.it/ita/lombardia/milano_bollate_ospiate.html	0	301	https://italia.indettaglio.it/ita/lombardia/milano_bollate_ospiate.html
http://italia.indettaglio.it/ita/lombardia/milano_cisliano_sanpietro.html	0	301	https://italia.indettaglio.it/ita/lombardia/milano_cisliano_sanpietro.html
http://italia.indettaglio.it/ita/lombardia/milano_cisliano_scanna.html	0	301	https://italia.indettaglio.it/ita/lombardia/milano_cisliano_scanna.html
http://italia.indettaglio.it/ita/lombardia/milano_cormano_mangiagalli.html	0	301	https://italia.indettaglio.it/ita/lombardia/milano_cormano_mangiagalli.html
http://italia.indettaglio.it/ita/lombardia/milano_cusago_monzoro.html	0	301	https://italia.indettaglio.it/ita/lombardia/milano_cusago_monzoro.html
http://italia.indettaglio.it/ita/lombardia/milano_cormano_molinazzo.html	0	301	https://italia.indettaglio.it/ita/lombardia/milano_cormano_molinazzo.html
http://italia.indettaglio.it/ita/lombardia/milano_cusago_cascinacusagodisotto.html	0	301	https://italia.indettaglio.it/ita/lombardia/milano_cusago_cascinacusagodisotto.html
http://italia.indettaglio.it/ita/lombardia/milano_nerviano_santilariomilanese.html	0	301	https://italia.indettaglio.it/ita/lombardia/milano_nerviano_santilariomilanese.html
http://italia.indettaglio.it/ita/lombardia/milano_garbagnatemilanese_villaggiogarbagnate.html	0	301	https://italia.indettaglio.it/ita/lombardia/milano_garbagnatemilanese_villaggiogarbagnate.html
http://italia.indettaglio.it/ita/lombardia/milano_gaggiano_bonirola.html	0	301	https://italia.indettaglio.it/ita/lombardia/milano_gaggiano_bonirola.html
http://italia.indettaglio.it/ita/lombardia/milano_noviglio_tainate.html	0	301	https://italia.indettaglio.it/ita/lombardia/milano_noviglio_tainate.html
http://italia.indettaglio.it/ita/lombardia/milano_pioltello_rugacesio.html	0	301	https://italia.indettaglio.it/ita/lombardia/milano_pioltello_rugacesio.html
http://italia.indettaglio.it/ita/lombardia/milano_nerviano_villanova.html	0	301	https://italia.indettaglio.it/ita/lombardia/milano_nerviano_villanova.html
http://italia.indettaglio.it/ita/lombardia/milano_pregnanamilanese_cascinafabriziana.html	0	301	https://italia.indettaglio.it/ita/lombardia/milano_pregnanamilanese_cascinafabriziana.html
http://italia.indettaglio.it/ita/lombardia/milano_rescaldina_rescalda.html	0	301	https://italia.indettaglio.it/ita/lombardia/milano_rescaldina_rescalda.html
http://italia.indettaglio.it/ita/lombardia/milano_pregnanamilanese_serbelloni.html	0	301	https://italia.indettaglio.it/ita/lombardia/milano_pregnanamilanese_serbelloni.html
http://italia.indettaglio.it/ita/lombardia/milano_pregnanamilanese_santelenacecchetti.html	0	301	https://italia.indettaglio.it/ita/lombardia/milano_pregnanamilanese_santelenacecchetti.html
http://italia.indettaglio.it/ita/lombardia/milano_rho_cascinaghisolfa.html	0	301	https://italia.indettaglio.it/ita/lombardia/milano_rho_cascinaghisolfa.html
http://italia.indettaglio.it/ita/lombardia/milano_rho_cascinabruciata.html	0	301	https://italia.indettaglio.it/ita/lombardia/milano_rho_cascinabruciata.html
http://italia.indettaglio.it/ita/lombardia/milano_robecchettoconinduno_cascinainduno.html	0	301	https://italia.indettaglio.it/ita/lombardia/milano_robecchettoconinduno_cascinainduno.html
http://italia.indettaglio.it/ita/lombardia/milano_rodano_millepini.html	0	301	https://italia.indettaglio.it/ita/lombardia/milano_rodano_millepini.html
http://italia.indettaglio.it/ita/lombardia/milano_senago_cascinabrodolini.html	0	301	https://italia.indettaglio.it/ita/lombardia/milano_senago_cascinabrodolini.html
http://italia.indettaglio.it/ita/lombardia/milano_senago_cascinasangiuseppe.html	0	301	https://italia.indettaglio.it/ita/lombardia/milano_senago_cascinasangiuseppe.html
http://italia.indettaglio.it/ita/lombardia/milano_senago_cascinatraversagna.html	0	301	https://italia.indettaglio.it/ita/lombardia/milano_senago_cascinatraversagna.html
http://italia.indettaglio.it/ita/lombardia/milano_settimomilanese_vighignolo.html	0	301	https://italia.indettaglio.it/ita/lombardia/milano_settimomilanese_vighignolo.html
http://italia.indettaglio.it/ita/lombardia/milano_solaro_introini.html	0	301	https://italia.indettaglio.it/ita/lombardia/milano_solaro_introini.html
http://italia.indettaglio.it/ita/lombardia/milano_vanzago_valdarenne.html	0	301	https://italia.indettaglio.it/ita/lombardia/milano_vanzago_valdarenne.html
http://italia.indettaglio.it/ita/lombardia/milano_zibidosangiacomo_moirago.html	0	301	https://italia.indettaglio.it/ita/lombardia/milano_zibidosangiacomo_moirago.html
http://italia.indettaglio.it/ita/lombardia/milano_zibidosangiacomo_sanpietrocusico.html	0	301	https://italia.indettaglio.it/ita/lombardia/milano_zibidosangiacomo_sanpietrocusico.html
http://italia.indettaglio.it/ita/lombardia/misinto.html	0	301	https://italia.indettaglio.it/ita/lombardia/misinto.html
http://italia.indettaglio.it/ita/lombardia/monzaedellabrianza_limbiate_chaletdellaghetto.html	0	301	https://italia.indettaglio.it/ita/lombardia/monzaedellabrianza_limbiate_chaletdellaghetto.html
http://italia.indettaglio.it/ita/lombardia/monzaedellabrianza_limbiate_fornacedellacroce.html	0	301	https://italia.indettaglio.it/ita/lombardia/monzaedellabrianza_limbiate_fornacedellacroce.html
http://italia.indettaglio.it/ita/lombardia/monzaedellabrianza_limbiate_villaggiodeigiovi.html	0	301	https://italia.indettaglio.it/ita/lombardia/monzaedellabrianza_limbiate_villaggiodeigiovi.html
http://italia.indettaglio.it/ita/lombardia/monzaedellabrianza_misinto_cascinanuova.html	0	301	https://italia.indettaglio.it/ita/lombardia/monzaedellabrianza_misinto_cascinanuova.html
http://italia.indettaglio.it/ita/lombardia/monzaedellabrianza_varedo_valera.html	0	301	https://italia.indettaglio.it/ita/lombardia/monzaedellabrianza_varedo_valera.html
http://italia.indettaglio.it/ita/lombardia/pavia_torrevecchiapia_cascinacolombara.html	0	301	https://italia.indettaglio.it/ita/lombardia/pavia_torrevecchiapia_cascinacolombara.html
http://italia.indettaglio.it/ita/lombardia/sondrio_campodolcino_gualdera.html	0	301	https://italia.indettaglio.it/ita/lombardia/sondrio_campodolcino_gualdera.html
http://italia.indettaglio.it/ita/lombardia/sondrio_campodolcino_mottala.html	0	301	https://italia.indettaglio.it/ita/lombardia/sondrio_campodolcino_mottala.html
http://italia.indettaglio.it/ita/lombardia/sondrio_campodolcino_mottadisotto.html	0	301	https://italia.indettaglio.it/ita/lombardia/sondrio_campodolcino_mottadisotto.html
http://italia.indettaglio.it/ita/lombardia/sondrio_campodolcino_splughetta.html	0	301	https://italia.indettaglio.it/ita/lombardia/sondrio_campodolcino_splughetta.html
http://italia.indettaglio.it/ita/lombardia/sondrio_campodolcino_starleggia.html	0	301	https://italia.indettaglio.it/ita/lombardia/sondrio_campodolcino_starleggia.html
http://italia.indettaglio.it/ita/lombardia/sondrio_chiavenna_bette.html	0	301	https://italia.indettaglio.it/ita/lombardia/sondrio_chiavenna_bette.html
http://italia.indettaglio.it/ita/lombardia/sondrio_chiavenna_uschione.html	0	301	https://italia.indettaglio.it/ita/lombardia/sondrio_chiavenna_uschione.html
http://italia.indettaglio.it/ita/lombardia/sondrio_gordona_bedolina.html	0	301	https://italia.indettaglio.it/ita/lombardia/sondrio_gordona_bedolina.html
http://italia.indettaglio.it/ita/lombardia/sondrio_gordona_bodengo.html	0	301	https://italia.indettaglio.it/ita/lombardia/sondrio_gordona_bodengo.html
http://italia.indettaglio.it/ita/lombardia/sondrio_gordona_castanedi.html	0	301	https://italia.indettaglio.it/ita/lombardia/sondrio_gordona_castanedi.html
http://italia.indettaglio.it/ita/lombardia/sondrio_madesimo_isola.html	0	301	https://italia.indettaglio.it/ita/lombardia/sondrio_madesimo_isola.html
http://italia.indettaglio.it/ita/lombardia/sondrio_madesimo_montespluga.html	0	301	https://italia.indettaglio.it/ita/lombardia/sondrio_madesimo_montespluga.html
http://italia.indettaglio.it/ita/lombardia/sondrio_madesimo_pianazzo.html	0	301	https://italia.indettaglio.it/ita/lombardia/sondrio_madesimo_pianazzo.html
http://italia.indettaglio.it/ita/lombardia/sondrio_madesimo_mottaletta.html	0	301	https://italia.indettaglio.it/ita/lombardia/sondrio_madesimo_mottaletta.html
http://italia.indettaglio.it/ita/lombardia/sondrio_madesimo_rasdeglia.html	0	301	https://italia.indettaglio.it/ita/lombardia/sondrio_madesimo_rasdeglia.html
http://italia.indettaglio.it/ita/lombardia/sondrio_madesimo_scalcoggia.html	0	301	https://italia.indettaglio.it/ita/lombardia/sondrio_madesimo_scalcoggia.html
http://italia.indettaglio.it/ita/lombardia/sondrio_madesimo_stuetta.html	0	301	https://italia.indettaglio.it/ita/lombardia/sondrio_madesimo_stuetta.html
http://italia.indettaglio.it/ita/lombardia/sondrio_novatemezzola_codera.html	0	301	https://italia.indettaglio.it/ita/lombardia/sondrio_novatemezzola_codera.html
http://italia.indettaglio.it/ita/lombardia/sondrio_pratacamportaccio_porrettinaalta.html	0	301	https://italia.indettaglio.it/ita/lombardia/sondrio_pratacamportaccio_porrettinaalta.html
http://italia.indettaglio.it/ita/lombardia/sondrio_pratacamportaccio_porrettinabassa.html	0	301	https://italia.indettaglio.it/ita/lombardia/sondrio_pratacamportaccio_porrettinabassa.html
http://italia.indettaglio.it/ita/lombardia/sondrio_pratacamportaccio_sancassiano.html	0	301	https://italia.indettaglio.it/ita/lombardia/sondrio_pratacamportaccio_sancassiano.html
http://italia.indettaglio.it/ita/lombardia/sondrio_samolaco_pontenave.html	0	301	https://italia.indettaglio.it/ita/lombardia/sondrio_samolaco_pontenave.html
http://37.207.194.154/ware/schedaigm95.php?id=3087	28		
http://italia.indettaglio.it/ita/lombardia/sondrio_sangiacomofilippo_mottasanguglielmo.html	0	301	https://italia.indettaglio.it/ita/lombardia/sondrio_sangiacomofilippo_mottasanguglielmo.html
http://italia.indettaglio.it/ita/lombardia/sondrio_sangiacomofilippo_olmo.html	0	301	https://italia.indettaglio.it/ita/lombardia/sondrio_sangiacomofilippo_olmo.html
http://italia.indettaglio.it/ita/lombardia/sondrio_sangiacomofilippo_santantonioalbareda.html	0	301	https://italia.indettaglio.it/ita/lombardia/sondrio_sangiacomofilippo_santantonioalbareda.html
http://italia.indettaglio.it/ita/lombardia/sondrio_sangiacomofilippo_sommarovina.html	0	301	https://italia.indettaglio.it/ita/lombardia/sondrio_sangiacomofilippo_sommarovina.html
http://italia.indettaglio.it/ita/lombardia/sondrio_sangiacomofilippo_vho.html	0	301	https://italia.indettaglio.it/ita/lombardia/sondrio_sangiacomofilippo_vho.html
http://italia.indettaglio.it/ita/lombardia/sondrio_valdidentro_pedenosso.html	0	301	https://italia.indettaglio.it/ita/lombardia/sondrio_valdidentro_pedenosso.html
http://italia.indettaglio.it/ita/lombardia/sondrio_valdidentro_turripiano.html	0	301	https://italia.indettaglio.it/ita/lombardia/sondrio_valdidentro_turripiano.html
http://italia.indettaglio.it/ita/lombardia/sondrio_villadichiavenna_canete.html	0	301	https://italia.indettaglio.it/ita/lombardia/sondrio_villadichiavenna_canete.html
http://italia.indettaglio.it/ita/lombardia/sondrio_villadichiavenna_dogana.html	0	301	https://italia.indettaglio.it/ita/lombardia/sondrio_villadichiavenna_dogana.html
http://italia.indettaglio.it/ita/lombardia/sondrio_villadichiavenna_chete.html	0	301	https://italia.indettaglio.it/ita/lombardia/sondrio_villadichiavenna_chete.html
http://italia.indettaglio.it/ita/lombardia/sondrio_villadichiavenna_giavera.html	0	301	https://italia.indettaglio.it/ita/lombardia/sondrio_villadichiavenna_giavera.html
http://italia.indettaglio.it/ita/lombardia/sondrio_villadichiavenna_piandellaca.html	0	301	https://italia.indettaglio.it/ita/lombardia/sondrio_villadichiavenna_piandellaca.html
http://italia.indettaglio.it/ita/lombardia/sondrio_villadichiavenna_sanbarnaba.html	0	301	https://italia.indettaglio.it/ita/lombardia/sondrio_villadichiavenna_sanbarnaba.html
http://italia.indettaglio.it/ita/lombardia/torrevecchiapia.html	0	301	https://italia.indettaglio.it/ita/lombardia/torrevecchiapia.html
http://italia.indettaglio.it/ita/lombardia/trezzone.html	0	301	https://italia.indettaglio.it/ita/lombardia/trezzone.html
http://italia.indettaglio.it/ita/lombardia/varese_origgio_cascinabroggio.html	0	301	https://italia.indettaglio.it/ita/lombardia/varese_origgio_cascinabroggio.html
http://italia.indettaglio.it/ita/lombardia/varese_origgio_villaregina.html	0	301	https://italia.indettaglio.it/ita/lombardia/varese_origgio_villaregina.html
http://italia.indettaglio.it/ita/lombardia/varese_saronno_campodeifiori.html	0	301	https://italia.indettaglio.it/ita/lombardia/varese_saronno_campodeifiori.html
http://italia.indettaglio.it/ita/lombardia/varese_sommalombardo_casenuove.html	0	301	https://italia.indettaglio.it/ita/lombardia/varese_sommalombardo_casenuove.html
http://italia.indettaglio.it/ita/lombardia/varese_uboldo_cascinaregusella.html	0	301	https://italia.indettaglio.it/ita/lombardia/varese_uboldo_cascinaregusella.html
http://italia.indettaglio.it/ita/lombardia/vigevano.html	0	301	https://italia.indettaglio.it/ita/lombardia/vigevano.html
http://italia.indettaglio.it/ita/lombardia/zibidosangiacomo.html	0	301	https://italia.indettaglio.it/ita/lombardia/zibidosangiacomo.html
http://larioclimb.paolo-sonja.net/falesie_lecco/discoteca/index.html	0	301	https://larioclimb.paolo-sonja.net/falesie_lecco/discoteca/index.html
http://larioclimb.paolo-sonja.net/falesie_lecco/varenna/index.html	0	301	https://larioclimb.paolo-sonja.net/falesie_lecco/varenna/index.html
http://wiki.openstreetmap.org/wiki/Campo_dei_Fiori	0	301	https://wiki.openstreetmap.org/wiki/Campo_dei_Fiori
http://pavia.autoguidovie.it	0	301	https://pavia.autoguidovie.it/
http://lineservizi.it	0	301	https://starmobility.it/
http://www.arcumeggia.it/index.php?section=1	0	200	
http://www.aeroclubmilano.it/	0	307	https://www.aeroclubmilano.it/
http://www.atm-mi.it/it/Giromilano/Pagine/default.aspx?lvid=2732bed0-f59d-4ed3-8efb2bfbfc4b1b31-518f67cf&wbt=nav&contextname=2732bed0-f59d-4ed3-8efb2bfbfc4b1b31-518f67cf&vp=601&lst=1&lsi=62	6		
http://www.atm-mi.it/it/Giromilano/Pagine/default.aspx?lvid=43e86e3f-6ef5-48f4-97bf0290213f54c9-4f08b8c1&wbt=nav&contextname=43e86e3f-6ef5-48f4-97bf0290213f54c9-4f08b8c1&vp=357&lst=1&lsi=6	6		
http://www.atm-mi.it/it/Giromilano/Pagine/default.aspx?lvid=4fca2f40-d655-42ab-9405665b049b3911-518f6aff&wbt=nav&contextname=4fca2f40-d655-42ab-9405665b049b3911-518f6aff&vp=569&lst=1&lsi=63	6		
http://www.atm-mi.it/it/Giromilano/Pagine/default.aspx?lvid=c536069a-9391-489c-90be80c4701a5f80-518f63a0&wbt=nav&contextname=c536069a-9391-489c-90be80c4701a5f80-518f63a0&vp=461&lst=1&lsi=42	6		
http://www.asmilano.it/AriannaWeb/main.htm?eads=*#643843_archivio	0	301	https://www.asmilano.it/AriannaWeb/main.htm?eads=*?eads=*
http://www.asmilano.it/AriannaWeb/main.htm?eads=*#643415_archivio	0	301	https://www.asmilano.it/AriannaWeb/main.htm?eads=*?eads=*
http://www.ballabioweb.org/db_notizie/leggi_news.asp?ID_notizia=2002	0	301	https://www.ballabioweb.org/db_notizie/leggi_news.asp?ID_notizia=2002
http://www.campingacquafraggia.com/acquafraggia.htm	0	301	https://www.campingacquafraggia.com/acquafraggia.htm
http://www.campingspiaggia.com	0	301	https://www.campingspiaggia.com/
http://www.caivallespluga.it/bivacco-suretta/	0	301	https://www.caivallespluga.it/bivacco-suretta/
http://www.belleli.it/	0	301	https://www.belleli.it/
http://www.centrometeolombardo.com/moduli/stazioni.php?vignate	0	200	
http://www.casio-europe.com/it/	0	301	https://www.casio-europe.com:443/it/
http://www.caocomo.it/ferr_1.html	0	200	
http://www.chieseitaliane.chiesacattolica.it/chieseitaliane/schedaca.jsp?sercd=13265	0	302	https://chieseitaliane.chiesacattolica.it/chieseitaliane/schedaca.jsp?sercd=13265
http://www.chieseitaliane.chiesacattolica.it/chieseitaliane/AccessoEsterno.do?mode=ParrocchieMAP&idSessioneEsterna=112233445566778899&sercd=15526	0	302	https://chieseitaliane.chiesacattolica.it/chieseitaliane/AccessoEsterno.do?mode=ParrocchieMAP&idSessioneEsterna=112233445566778899&sercd=15526
http://www.chieseitaliane.chiesacattolica.it/chieseitaliane/schedaca.jsp?sercd=13390	0	302	https://chieseitaliane.chiesacattolica.it/chieseitaliane/schedaca.jsp?sercd=13390
http://www.chieseitaliane.chiesacattolica.it/chieseitaliane/schedaca.jsp?sercd=13266	0	302	https://chieseitaliane.chiesacattolica.it/chieseitaliane/schedaca.jsp?sercd=13266
http://www.chieseitaliane.chiesacattolica.it/chieseitaliane/schedaca.jsp?sercd=13391	0	302	https://chieseitaliane.chiesacattolica.it/chieseitaliane/schedaca.jsp?sercd=13391
http://www.chieseitaliane.chiesacattolica.it/chieseitaliane/schedaca.jsp?sercd=13491	0	302	https://chieseitaliane.chiesacattolica.it/chieseitaliane/schedaca.jsp?sercd=13491
http://www.chieseitaliane.chiesacattolica.it/chieseitaliane/schedaca.jsp?sercd=13402	0	302	https://chieseitaliane.chiesacattolica.it/chieseitaliane/schedaca.jsp?sercd=13402
http://www.chieseitaliane.chiesacattolica.it/chieseitaliane/schedaca.jsp?sercd=13490	0	302	https://chieseitaliane.chiesacattolica.it/chieseitaliane/schedaca.jsp?sercd=13490
http://www.chieseitaliane.chiesacattolica.it/chieseitaliane/schedaca.jsp?sercd=13494	0	302	https://chieseitaliane.chiesacattolica.it/chieseitaliane/schedaca.jsp?sercd=13494
http://www.chieseitaliane.chiesacattolica.it/chieseitaliane/schedaca.jsp?sercd=13493	0	302	https://chieseitaliane.chiesacattolica.it/chieseitaliane/schedaca.jsp?sercd=13493
http://www.chieseitaliane.chiesacattolica.it/chieseitaliane/schedaca.jsp?sercd=13496	0	302	https://chieseitaliane.chiesacattolica.it/chieseitaliane/schedaca.jsp?sercd=13496
http://www.chieseitaliane.chiesacattolica.it/chieseitaliane/schedaca.jsp?sercd=13495	0	302	https://chieseitaliane.chiesacattolica.it/chieseitaliane/schedaca.jsp?sercd=13495
http://www.chieseitaliane.chiesacattolica.it/chieseitaliane/schedaca.jsp?sercd=13681	0	302	https://chieseitaliane.chiesacattolica.it/chieseitaliane/schedaca.jsp?sercd=13681
http://www.chieseitaliane.chiesacattolica.it/chieseitaliane/schedaca.jsp?sercd=13545	0	302	https://chieseitaliane.chiesacattolica.it/chieseitaliane/schedaca.jsp?sercd=13545
http://www.chieseitaliane.chiesacattolica.it/chieseitaliane/schedaca.jsp?sercd=13682	0	302	https://chieseitaliane.chiesacattolica.it/chieseitaliane/schedaca.jsp?sercd=13682
http://www.chieseitaliane.chiesacattolica.it/chieseitaliane/schedaca.jsp?sercd=13803	0	302	https://chieseitaliane.chiesacattolica.it/chieseitaliane/schedaca.jsp?sercd=13803
http://www.chieseitaliane.chiesacattolica.it/chieseitaliane/schedaca.jsp?sercd=13805	0	302	https://chieseitaliane.chiesacattolica.it/chieseitaliane/schedaca.jsp?sercd=13805
http://www.chieseitaliane.chiesacattolica.it/chieseitaliane/schedaca.jsp?sercd=13890	0	302	https://chieseitaliane.chiesacattolica.it/chieseitaliane/schedaca.jsp?sercd=13890
http://www.chieseitaliane.chiesacattolica.it/chieseitaliane/schedaca.jsp?sercd=13897	0	302	https://chieseitaliane.chiesacattolica.it/chieseitaliane/schedaca.jsp?sercd=13897
http://www.chieseitaliane.chiesacattolica.it/chieseitaliane/schedaca.jsp?sercd=13806	0	302	https://chieseitaliane.chiesacattolica.it/chieseitaliane/schedaca.jsp?sercd=13806
http://www.chieseitaliane.chiesacattolica.it/chieseitaliane/schedaca.jsp?sercd=13937	0	302	https://chieseitaliane.chiesacattolica.it/chieseitaliane/schedaca.jsp?sercd=13937
http://www.chieseitaliane.chiesacattolica.it/chieseitaliane/schedaca.jsp?sercd=13989	0	302	https://chieseitaliane.chiesacattolica.it/chieseitaliane/schedaca.jsp?sercd=13989
http://www.chieseitaliane.chiesacattolica.it/chieseitaliane/schedaca.jsp?sercd=13971	0	302	https://chieseitaliane.chiesacattolica.it/chieseitaliane/schedaca.jsp?sercd=13971
http://www.chieseitaliane.chiesacattolica.it/chieseitaliane/schedaca.jsp?sercd=13938	0	302	https://chieseitaliane.chiesacattolica.it/chieseitaliane/schedaca.jsp?sercd=13938
http://www.chieseitaliane.chiesacattolica.it/chieseitaliane/schedaca.jsp?sercd=14051	0	302	https://chieseitaliane.chiesacattolica.it/chieseitaliane/schedaca.jsp?sercd=14051
http://www.chieseitaliane.chiesacattolica.it/chieseitaliane/schedaca.jsp?sercd=14124	0	302	https://chieseitaliane.chiesacattolica.it/chieseitaliane/schedaca.jsp?sercd=14124
http://www.chieseitaliane.chiesacattolica.it/chieseitaliane/schedaca.jsp?sercd=14052	0	302	https://chieseitaliane.chiesacattolica.it/chieseitaliane/schedaca.jsp?sercd=14052
http://www.chieseitaliane.chiesacattolica.it/chieseitaliane/schedaca.jsp?sercd=14127	0	302	https://chieseitaliane.chiesacattolica.it/chieseitaliane/schedaca.jsp?sercd=14127
http://www.chieseitaliane.chiesacattolica.it/chieseitaliane/schedaca.jsp?sercd=14053	0	302	https://chieseitaliane.chiesacattolica.it/chieseitaliane/schedaca.jsp?sercd=14053
http://www.chieseitaliane.chiesacattolica.it/chieseitaliane/schedaca.jsp?sercd=14180	0	302	https://chieseitaliane.chiesacattolica.it/chieseitaliane/schedaca.jsp?sercd=14180
http://www.chieseitaliane.chiesacattolica.it/chieseitaliane/schedaca.jsp?sercd=14218	0	302	https://chieseitaliane.chiesacattolica.it/chieseitaliane/schedaca.jsp?sercd=14218
http://www.chieseitaliane.chiesacattolica.it/chieseitaliane/schedaca.jsp?sercd=14211	0	302	https://chieseitaliane.chiesacattolica.it/chieseitaliane/schedaca.jsp?sercd=14211
http://www.chieseitaliane.chiesacattolica.it/chieseitaliane/schedaca.jsp?sercd=14217	0	302	https://chieseitaliane.chiesacattolica.it/chieseitaliane/schedaca.jsp?sercd=14217
http://www.chieseitaliane.chiesacattolica.it/chieseitaliane/schedaca.jsp?sercd=14219	0	302	https://chieseitaliane.chiesacattolica.it/chieseitaliane/schedaca.jsp?sercd=14219
http://www.chieseitaliane.chiesacattolica.it/chieseitaliane/schedaca.jsp?sercd=14271	0	302	https://chieseitaliane.chiesacattolica.it/chieseitaliane/schedaca.jsp?sercd=14271
http://www.chieseitaliane.chiesacattolica.it/chieseitaliane/schedaca.jsp?sercd=14273	0	302	https://chieseitaliane.chiesacattolica.it/chieseitaliane/schedaca.jsp?sercd=14273
http://www.chieseitaliane.chiesacattolica.it/chieseitaliane/schedaca.jsp?sercd=14272	0	302	https://chieseitaliane.chiesacattolica.it/chieseitaliane/schedaca.jsp?sercd=14272
http://www.chieseitaliane.chiesacattolica.it/chieseitaliane/schedaca.jsp?sercd=14274	0	302	https://chieseitaliane.chiesacattolica.it/chieseitaliane/schedaca.jsp?sercd=14274
http://www.chieseitaliane.chiesacattolica.it/chieseitaliane/schedaca.jsp?sercd=14275	0	302	https://chieseitaliane.chiesacattolica.it/chieseitaliane/schedaca.jsp?sercd=14275
http://www.chieseitaliane.chiesacattolica.it/chieseitaliane/schedaca.jsp?sercd=14341	0	302	https://chieseitaliane.chiesacattolica.it/chieseitaliane/schedaca.jsp?sercd=14341
http://www.chieseitaliane.chiesacattolica.it/chieseitaliane/schedaca.jsp?sercd=14364	0	302	https://chieseitaliane.chiesacattolica.it/chieseitaliane/schedaca.jsp?sercd=14364
http://www.chieseitaliane.chiesacattolica.it/chieseitaliane/schedaca.jsp?sercd=14466	0	302	https://chieseitaliane.chiesacattolica.it/chieseitaliane/schedaca.jsp?sercd=14466
http://www.chieseitaliane.chiesacattolica.it/chieseitaliane/schedaca.jsp?sercd=14472	0	302	https://chieseitaliane.chiesacattolica.it/chieseitaliane/schedaca.jsp?sercd=14472
http://www.chieseitaliane.chiesacattolica.it/chieseitaliane/schedaca.jsp?sercd=14474	0	302	https://chieseitaliane.chiesacattolica.it/chieseitaliane/schedaca.jsp?sercd=14474
http://www.chieseitaliane.chiesacattolica.it/chieseitaliane/schedaca.jsp?sercd=14576	0	302	https://chieseitaliane.chiesacattolica.it/chieseitaliane/schedaca.jsp?sercd=14576
http://www.chieseitaliane.chiesacattolica.it/chieseitaliane/schedaca.jsp?sercd=14571	0	302	https://chieseitaliane.chiesacattolica.it/chieseitaliane/schedaca.jsp?sercd=14571
http://www.chieseitaliane.chiesacattolica.it/chieseitaliane/schedaca.jsp?sercd=14486	0	302	https://chieseitaliane.chiesacattolica.it/chieseitaliane/schedaca.jsp?sercd=14486
http://www.chieseitaliane.chiesacattolica.it/chieseitaliane/schedaca.jsp?sercd=14577	0	302	https://chieseitaliane.chiesacattolica.it/chieseitaliane/schedaca.jsp?sercd=14577
http://www.chieseitaliane.chiesacattolica.it/chieseitaliane/schedaca.jsp?sercd=14581	0	302	https://chieseitaliane.chiesacattolica.it/chieseitaliane/schedaca.jsp?sercd=14581
http://www.chieseitaliane.chiesacattolica.it/chieseitaliane/schedaca.jsp?sercd=14582	0	302	https://chieseitaliane.chiesacattolica.it/chieseitaliane/schedaca.jsp?sercd=14582
http://www.chieseitaliane.chiesacattolica.it/chieseitaliane/schedaca.jsp?sercd=14609	0	302	https://chieseitaliane.chiesacattolica.it/chieseitaliane/schedaca.jsp?sercd=14609
http://www.chieseitaliane.chiesacattolica.it/chieseitaliane/schedaca.jsp?sercd=14737	0	302	https://chieseitaliane.chiesacattolica.it/chieseitaliane/schedaca.jsp?sercd=14737
http://www.chieseitaliane.chiesacattolica.it/chieseitaliane/schedaca.jsp?sercd=14770	0	302	https://chieseitaliane.chiesacattolica.it/chieseitaliane/schedaca.jsp?sercd=14770
http://www.chieseitaliane.chiesacattolica.it/chieseitaliane/schedaca.jsp?sercd=14824	0	302	https://chieseitaliane.chiesacattolica.it/chieseitaliane/schedaca.jsp?sercd=14824
http://www.chieseitaliane.chiesacattolica.it/chieseitaliane/schedaca.jsp?sercd=14825	0	302	https://chieseitaliane.chiesacattolica.it/chieseitaliane/schedaca.jsp?sercd=14825
http://www.chieseitaliane.chiesacattolica.it/chieseitaliane/schedaca.jsp?sercd=14826	0	302	https://chieseitaliane.chiesacattolica.it/chieseitaliane/schedaca.jsp?sercd=14826
http://www.chieseitaliane.chiesacattolica.it/chieseitaliane/schedaca.jsp?sercd=14925	0	302	https://chieseitaliane.chiesacattolica.it/chieseitaliane/schedaca.jsp?sercd=14925
http://www.chieseitaliane.chiesacattolica.it/chieseitaliane/schedaca.jsp?sercd=14926	0	302	https://chieseitaliane.chiesacattolica.it/chieseitaliane/schedaca.jsp?sercd=14926
http://www.chieseitaliane.chiesacattolica.it/chieseitaliane/schedaca.jsp?sercd=14930	0	302	https://chieseitaliane.chiesacattolica.it/chieseitaliane/schedaca.jsp?sercd=14930
http://www.chieseitaliane.chiesacattolica.it/chieseitaliane/schedaca.jsp?sercd=14931	0	302	https://chieseitaliane.chiesacattolica.it/chieseitaliane/schedaca.jsp?sercd=14931
http://www.chieseitaliane.chiesacattolica.it/chieseitaliane/schedaca.jsp?sercd=14969	0	302	https://chieseitaliane.chiesacattolica.it/chieseitaliane/schedaca.jsp?sercd=14969
http://www.chieseitaliane.chiesacattolica.it/chieseitaliane/schedaca.jsp?sercd=15040	0	302	https://chieseitaliane.chiesacattolica.it/chieseitaliane/schedaca.jsp?sercd=15040
http://www.chieseitaliane.chiesacattolica.it/chieseitaliane/schedaca.jsp?sercd=15047	0	302	https://chieseitaliane.chiesacattolica.it/chieseitaliane/schedaca.jsp?sercd=15047
http://www.chieseitaliane.chiesacattolica.it/chieseitaliane/schedaca.jsp?sercd=15054	0	302	https://chieseitaliane.chiesacattolica.it/chieseitaliane/schedaca.jsp?sercd=15054
http://www.chieseitaliane.chiesacattolica.it/chieseitaliane/schedaca.jsp?sercd=15056	0	302	https://chieseitaliane.chiesacattolica.it/chieseitaliane/schedaca.jsp?sercd=15056
http://www.chieseitaliane.chiesacattolica.it/chieseitaliane/schedaca.jsp?sercd=15097	0	302	https://chieseitaliane.chiesacattolica.it/chieseitaliane/schedaca.jsp?sercd=15097
http://www.chieseitaliane.chiesacattolica.it/chieseitaliane/schedaca.jsp?sercd=15098	0	302	https://chieseitaliane.chiesacattolica.it/chieseitaliane/schedaca.jsp?sercd=15098
http://www.chieseitaliane.chiesacattolica.it/chieseitaliane/schedaca.jsp?sercd=15102	0	302	https://chieseitaliane.chiesacattolica.it/chieseitaliane/schedaca.jsp?sercd=15102
http://www.chieseitaliane.chiesacattolica.it/chieseitaliane/schedaca.jsp?sercd=15161	0	302	https://chieseitaliane.chiesacattolica.it/chieseitaliane/schedaca.jsp?sercd=15161
http://www.chieseitaliane.chiesacattolica.it/chieseitaliane/schedaca.jsp?sercd=15107	0	302	https://chieseitaliane.chiesacattolica.it/chieseitaliane/schedaca.jsp?sercd=15107
http://www.chieseitaliane.chiesacattolica.it/chieseitaliane/schedaca.jsp?sercd=15192	0	302	https://chieseitaliane.chiesacattolica.it/chieseitaliane/schedaca.jsp?sercd=15192
http://www.chieseitaliane.chiesacattolica.it/chieseitaliane/schedaca.jsp?sercd=15222	0	302	https://chieseitaliane.chiesacattolica.it/chieseitaliane/schedaca.jsp?sercd=15222
http://www.chieseitaliane.chiesacattolica.it/chieseitaliane/schedaca.jsp?sercd=15232	0	302	https://chieseitaliane.chiesacattolica.it/chieseitaliane/schedaca.jsp?sercd=15232
http://www.chieseitaliane.chiesacattolica.it/chieseitaliane/schedaca.jsp?sercd=15256	0	302	https://chieseitaliane.chiesacattolica.it/chieseitaliane/schedaca.jsp?sercd=15256
http://www.chieseitaliane.chiesacattolica.it/chieseitaliane/schedaca.jsp?sercd=15304	0	302	https://chieseitaliane.chiesacattolica.it/chieseitaliane/schedaca.jsp?sercd=15304
http://www.chieseitaliane.chiesacattolica.it/chieseitaliane/schedaca.jsp?sercd=15393	0	302	https://chieseitaliane.chiesacattolica.it/chieseitaliane/schedaca.jsp?sercd=15393
http://www.chieseitaliane.chiesacattolica.it/chieseitaliane/schedaca.jsp?sercd=15394	0	302	https://chieseitaliane.chiesacattolica.it/chieseitaliane/schedaca.jsp?sercd=15394
http://www.chieseitaliane.chiesacattolica.it/chieseitaliane/schedaca.jsp?sercd=15395	0	302	https://chieseitaliane.chiesacattolica.it/chieseitaliane/schedaca.jsp?sercd=15395
http://www.chieseitaliane.chiesacattolica.it/chieseitaliane/schedaca.jsp?sercd=15523	0	302	https://chieseitaliane.chiesacattolica.it/chieseitaliane/schedaca.jsp?sercd=15523
http://www.chieseitaliane.chiesacattolica.it/chieseitaliane/schedaca.jsp?sercd=15525	0	302	https://chieseitaliane.chiesacattolica.it/chieseitaliane/schedaca.jsp?sercd=15525
http://www.chieseitaliane.chiesacattolica.it/chieseitaliane/schedaca.jsp?sercd=15539	0	302	https://chieseitaliane.chiesacattolica.it/chieseitaliane/schedaca.jsp?sercd=15539
http://www.chieseitaliane.chiesacattolica.it/chieseitaliane/schedaca.jsp?sercd=15625	0	302	https://chieseitaliane.chiesacattolica.it/chieseitaliane/schedaca.jsp?sercd=15625
http://www.chieseitaliane.chiesacattolica.it/chieseitaliane/schedaca.jsp?sercd=15626	0	302	https://chieseitaliane.chiesacattolica.it/chieseitaliane/schedaca.jsp?sercd=15626
http://www.chieseitaliane.chiesacattolica.it/chieseitaliane/schedaca.jsp?sercd=31771	0	302	https://chieseitaliane.chiesacattolica.it/chieseitaliane/schedaca.jsp?sercd=31771
http://www.chieseitaliane.chiesacattolica.it/chieseitaliane/schedaca.jsp?sercd=31773	0	302	https://chieseitaliane.chiesacattolica.it/chieseitaliane/schedaca.jsp?sercd=31773
http://www.chieseitaliane.chiesacattolica.it/chieseitaliane/schedaca.jsp?sercd=47316	0	302	https://chieseitaliane.chiesacattolica.it/chieseitaliane/schedaca.jsp?sercd=47316
http://www.chieseitaliane.chiesacattolica.it/chieseitaliane/schedaca.jsp?sercd=55092	0	302	https://chieseitaliane.chiesacattolica.it/chieseitaliane/schedaca.jsp?sercd=55092
http://www.chieseitaliane.chiesacattolica.it/chieseitaliane/schedaca.jsp?sercd=55087	0	302	https://chieseitaliane.chiesacattolica.it/chieseitaliane/schedaca.jsp?sercd=55087
http://www.chieseitaliane.chiesacattolica.it/chieseitaliane/schedaca.jsp?sercd=55095	0	302	https://chieseitaliane.chiesacattolica.it/chieseitaliane/schedaca.jsp?sercd=55095
http://www.chieseitaliane.chiesacattolica.it/chieseitaliane/schedaca.jsp?sercd=70972	0	302	https://chieseitaliane.chiesacattolica.it/chieseitaliane/schedaca.jsp?sercd=70972
http://www.chieseitaliane.chiesacattolica.it/chieseitaliane/schedaca.jsp?sercd=59308	0	302	https://chieseitaliane.chiesacattolica.it/chieseitaliane/schedaca.jsp?sercd=59308
http://www.chieseitaliane.chiesacattolica.it/chieseitaliane/schedaca.jsp?sercd=74906	0	302	https://chieseitaliane.chiesacattolica.it/chieseitaliane/schedaca.jsp?sercd=74906
http://www.chieseitaliane.chiesacattolica.it/chieseitaliane/schedaca.jsp?sercd=89229	0	302	https://chieseitaliane.chiesacattolica.it/chieseitaliane/schedaca.jsp?sercd=89229
http://www.chieseitaliane.chiesacattolica.it/chieseitaliane/schedaca.jsp?sercd=91250	0	302	https://chieseitaliane.chiesacattolica.it/chieseitaliane/schedaca.jsp?sercd=91250
http://www.chieseitaliane.chiesacattolica.it/chieseitaliane/schedaca.jsp?sercd=89392	0	302	https://chieseitaliane.chiesacattolica.it/chieseitaliane/schedaca.jsp?sercd=89392
http://www.chieseitaliane.chiesacattolica.it/chieseitaliane/schedaca.jsp?sercd=90189	0	302	https://chieseitaliane.chiesacattolica.it/chieseitaliane/schedaca.jsp?sercd=90189
http://www.chieseitaliane.chiesacattolica.it/chieseitaliane/schedaca.jsp?sercd=91252	0	302	https://chieseitaliane.chiesacattolica.it/chieseitaliane/schedaca.jsp?sercd=91252
http://www.chieseitaliane.chiesacattolica.it/chieseitaliane/schedaca.jsp?sercd=91433	0	302	https://chieseitaliane.chiesacattolica.it/chieseitaliane/schedaca.jsp?sercd=91433
http://www.clubsangottardo.ch	0	301	https://www.clubsangottardo.ch/
http://www.cityplanner.it/natural_tree/zucche-magnolato/	0	301	http://cityplanner.it/natural_tree/zucche-magnolato/
http://www.comune.albavilla.co.it/sito/images/Conoscere_Albavilla/Territorio/Ambiente/Sentieri/sentiero9.pdf	0	308	https://www.comune.albavilla.co.it/sito/images/Conoscere_Albavilla/Territorio/Ambiente/Sentieri/sentiero9.pdf
http://www.comune.bosisioparini.lc.it/c097009/zf/index.php/servizi-aggiuntivi/index/index/idtesto/81	0	308	https://www.comune.bosisioparini.lc.it/c097009/zf/index.php/servizi-aggiuntivi/index/index/idtesto/81
http://www.comune.campodolcino.so.it/c014012/zf/index.php/servizi-aggiuntivi/index/index/idtesto/25	0	308	https://www.comune.campodolcino.so.it/c014012/zf/index.php/servizi-aggiuntivi/index/index/idtesto/25
http://www.cmalpilepontine.it/cmvlarcer/zf/index.php/servizi-aggiuntivi/index/index/idtesto/18	0	200	
http://www.comune.canzo.co.it/c013042/zf/index.php/servizi-aggiuntivi/index/index/idtesto/132	0	308	https://www.comune.canzo.co.it/c013042/zf/index.php/servizi-aggiuntivi/index/index/idtesto/132
http://www.comune.canzo.co.it/c013042/zf/index.php/servizi-aggiuntivi/index/index/idtesto/131	0	308	https://www.comune.canzo.co.it/c013042/zf/index.php/servizi-aggiuntivi/index/index/idtesto/131
http://www.comune.origgio.va.it/aree-tematiche/4/14/biblioteca-comunale	0	301	https://www.comune.origgio.va.it:443/aree-tematiche/4/14/biblioteca-comunale
http://www.comune.senago.mi.it/org-uffici/biblioteca	0	301	https://www.comune.senago.mi.it:443/org-uffici/biblioteca
http://www.comune.samolaco.so.it/c014057/zf/index.php/servizi-aggiuntivi/index/index/idtesto/10272	0	308	https://www.comune.samolaco.so.it/c014057/zf/index.php/servizi-aggiuntivi/index/index/idtesto/10272
http://www.eni.com/en_IT/company/operations-strategies/refining-marketing/refining-rf/refinery-sannazzaro.shtml	0	301	https://www.eni.com/en_IT/company/operations-strategies/refining-marketing/refining-rf/refinery-sannazzaro.shtml
http://www.facebook.com/BBmysweetMilan	0	301	https://www.facebook.com/BBmysweetMilan
http://www.comune.villadichiavenna.so.it/c014077/zf/index.php/servizi-aggiuntivi/index/index/idtesto/20001	0	308	https://www.comune.villadichiavenna.so.it/c014077/zf/index.php/servizi-aggiuntivi/index/index/idtesto/20001
http://www.icsmilanospiga.gov.it/?page_id=1097	6		
http://www.garniriviera.it	0	301	https://www.garniriviera.it/
http://www.labregaglia.ch/?p=35412	0	301	https://archivio.labregaglia.ch?p=35412
http://www.hotelquarcino.it/	0	301	https://www.hotelquarcino.it/
http://www.labregaglia.ch/?p=52176	0	301	https://archivio.labregaglia.ch?p=52176
http://www.lombardiabeniculturali.it/architetture/schede/LC120-00063/	0	302	https://www.lombardiabeniculturali.it/architetture/schede/LC120-00063/
http://www.lombardiabeniculturali.it/architetture/schede/1n080-00012	0	302	https://www.lombardiabeniculturali.it/architetture/schede/1n080-00012
http://www.lombardiabeniculturali.it/architetture/schede/LC120-00484/	0	302	https://www.lombardiabeniculturali.it/architetture/schede/LC120-00484/
http://www.lombardiabeniculturali.it/architetture/schede/MI100-02624/	0	302	https://www.lombardiabeniculturali.it/architetture/schede/MI100-02624/
http://www.lombardiabeniculturali.it/architetture/schede/MI100-02898/	0	302	https://www.lombardiabeniculturali.it/architetture/schede/MI100-02898/
http://www.lombardiabeniculturali.it/architetture/schede/MI100-02920/	0	302	https://www.lombardiabeniculturali.it/architetture/schede/MI100-02920/
http://www.lombardiabeniculturali.it/architetture/schede/MI100-05167/	0	302	https://www.lombardiabeniculturali.it/architetture/schede/MI100-05167/
http://www.lombardiabeniculturali.it/architetture/schede/MI100-05892/	0	302	https://www.lombardiabeniculturali.it/architetture/schede/MI100-05892/
http://www.lombardiabeniculturali.it/architetture/schede/MI100-05973/	0	302	https://www.lombardiabeniculturali.it/architetture/schede/MI100-05973/
http://www.lombardiabeniculturali.it/architetture/schede/MI100-07259/	0	302	https://www.lombardiabeniculturali.it/architetture/schede/MI100-07259/
http://www.lombardiabeniculturali.it/architetture/schede/MI100-07268/	0	302	https://www.lombardiabeniculturali.it/architetture/schede/MI100-07268/
http://www.paesidivaltellina.it/civo/caspano.htm	0	200	
http://www.paesidivaltellina.it/rifugioilbiondo/	0	200	
http://www.ortodossa-ambrogio.org/	0	301	http://ortodossa-ambrogio.org/
http://www.parcocampodeifiori.it/download.aspx?filename=files/3830_guidasent16.doc	0	404	
http://www.parcocampodeifiori.it/download.aspx?filename=files/3826_guidasent14.doc	0	404	
http://www.parcocampodeifiori.it/download.aspx?filename=files/3828_guidasent15.doc	0	404	
http://www.pianetaluna.it/	0	301	https://pianetaluna.it/
http://www.piazzatorreskiarea.com/	0	200	
http://www.pelucco.it/cartelle/citta/origgio/origgio_castelloBorromeo.htm	0	404	
http://www.solosagre.it/evento/?id=18248	0	301	https://www.solosagre.it/evento/?id=18248
http://www.solosagre.it/evento/?id=24943	0	301	https://www.solosagre.it/evento/?id=24943
http://www.skiareavalchiavenna.it	0	301	https://www.skiareavalchiavenna.it/
http://www.straginazifasciste.it/?page_id=38&id_strage=1670	0	301	https://www.straginazifasciste.it/?page_id=38&id_strage=1670
http://www.terredilombardia.it/cusago/cusagosantamaria.php	6		
http://www.sunnyvalleyresort.it/	0	301	https://sunnyvalley.it/
http://www.trail.unioncamere.it/scheda_infrastruttura_dettaglio.asp?id=931	6		
http://www.ulm.it/hangar/campi/scheda1.htm?chiave=223	0	301	https://www.ulm.it/hangar/campi/scheda1.htm?chiave=223
http://www.valbrembanaweb.org/varie/falesia.pdf	0	200	
http://www.enciclopediabresciana.it/enciclopedia/index.php?title=PIANA_Giuseppe	28		
http://www.valchiavenna.com/it/curiosita/Vho.html	0	301	https://www.valchiavenna.com/it/curiosita/Vho.html
http://www.valchiavenna.com/it/cultura/Santuario-della-Madonna-di-Loreto.html	0	301	https://www.valchiavenna.com/it/cultura/Santuario-della-Madonna-di-Loreto.html
http://www.valchiavenna.com/it/itinerari/Cappella-della-Borgna.html	0	301	https://www.valchiavenna.com/it/itinerari/Cappella-della-Borgna.html
http://www.valchiavenna.com/it/shopping/Macelleria-Del-Curto.html	0	301	https://www.valchiavenna.com/it/shopping/Macelleria-Del-Curto.html
http://www2.arpalombardia.it/sites/QAria/_layouts/15/QAria/DettaglioStazione.aspx?IdStaz=505	6		
http://www.valleadda.com/punto_interesse.php?id=123	6		
https://anagrafe.iccu.sbn.it/isil/IT-CO0173	0	200	
https://anagrafe.iccu.sbn.it/isil/IT-LC0014	0	200	
https://anagrafe.iccu.sbn.it/isil/IT-MI0007	0	200	
https://anagrafe.iccu.sbn.it/isil/IT-MI0066	0	200	
https://anagrafe.iccu.sbn.it/isil/IT-MI0105	0	200	
https://anagrafe.iccu.sbn.it/isil/IT-MI0144	0	200	
https://anagrafe.iccu.sbn.it/isil/IT-MI0382	0	200	
https://anagrafe.iccu.sbn.it/isil/IT-MI0395	0	200	
https://anagrafe.iccu.sbn.it/isil/IT-MI0400	0	200	
https://anagrafe.iccu.sbn.it/isil/IT-MI0409	0	200	
http://www.shootingacademyclub.it	28		
https://anagrafe.iccu.sbn.it/isil/IT-MI0412	0	200	
https://anagrafe.iccu.sbn.it/isil/IT-MI0482	0	200	
https://anagrafe.iccu.sbn.it/isil/IT-MI0452	0	200	
https://anagrafe.iccu.sbn.it/isil/IT-MI0853	0	200	
https://anagrafe.iccu.sbn.it/isil/IT-MI0925	0	200	
https://anagrafe.iccu.sbn.it/isil/IT-MI0966	0	200	
https://anagrafe.iccu.sbn.it/isil/IT-MI0979	0	200	
https://anagrafe.iccu.sbn.it/isil/IT-MI0998	0	200	
https://anagrafe.iccu.sbn.it/isil/IT-MI1008	0	200	
https://anagrafe.iccu.sbn.it/isil/IT-MI1023	0	200	
https://anagrafe.iccu.sbn.it/isil/IT-MI1124	0	200	
https://anagrafe.iccu.sbn.it/isil/IT-MI2002	0	200	
https://anagrafe.iccu.sbn.it/isil/IT-SO0009	0	200	
https://anagrafe.iccu.sbn.it/isil/IT-SO0024	0	200	
https://anagrafe.iccu.sbn.it/isil/IT-SO0011	0	200	
https://anagrafe.iccu.sbn.it/isil/IT-SO0027	0	200	
https://anagrafe.iccu.sbn.it/isil/IT-SO0029	0	200	
https://anagrafe.iccu.sbn.it/isil/IT-SO0036	0	200	
https://anagrafe.iccu.sbn.it/isil/IT-SO0052	0	200	
https://anagrafe.iccu.sbn.it/isil/IT-SO0037	0	200	
https://anagrafe.iccu.sbn.it/isil/IT-SO0053	0	200	
https://anagrafe.iccu.sbn.it/isil/IT-SO0060	0	200	
https://arriva.it/app/uploads/sites/6/2020/09/LS034-Carpenedolo-Calcinato-Desenzano-Brescia..pdf	0	200	
https://anagrafe.iccu.sbn.it/isil/IT-VA0095	0	200	
https://booking.aerogravity.it/	60		
https://coinatmradar.com/bitcoin_atm/10875/bitcoin-atm-shitcoins-club-milan-punto-atm-bitcoin/	0	403	
https://coinatmradar.com/bitcoin_atm/19383/bitcoin-atm-shitcoins-club-brescia-shitcoinsclub/	0	403	
https://coinatmradar.com/bitcoin_atm/3089/bitcoin-atm-general-bytes-milan-talent-garden-milano-calabiana/	0	403	
https://carburanti.mise.gov.it/OssPrezziSearch/dettaglio/47133	0	302	/ospzSearch
https://bandhi.it/bah/wp_theatre_season/cincitta/	0	200	
https://commons.wikimedia.org/wiki/File:Segnavia_per_il_Rosalba_sul_sentiero_delle_Foppe.jpg	0	200	
https://commons.wikimedia.org/wiki/File:Segnavia_Alta_Via_delle_Grigne_presso_rifugio_Rosalba.jpg	0	200	
https://commons.wikimedia.org/wiki/File:Si_vede_dall%27autostrada_2.JPG	0	200	
https://comune.garbagnate-milanese.mi.it/vivere-la-citta/beni-artistici-e-monumentali/chiesa-parrocchiale-santa-maria-rossa-e-siolo/	0	404	
https://comune.settimomilanese.mi.it/vivere-la-citta/biblioteca-comunale-carlo-caronni/	0	404	
https://bollateoggi.it/il-circolo-ippico-castellazzo/	0	200	
https://comune.limbiate.mb.it/aree-tematiche/cimiteri/	0	301	https://comune.limbiate.mb.it/cimiteri/
https://csbno.cosedafare.net/luoghi/luoghi-cultura/biblioteca/bics-biblioteca-italo-calvino-senago/1651	0	301	https://csbno.cosedafare.net/luoghi/luoghi-cultura/biblioteca/bics-biblioteca-italo-calvino-senago-1651.html
https://digilander.libero.it/tony_web/tony_web/pesca/redecesio/redecesio.htm	0	200	
https://fareluogo.it/cascina-molino-dorino/	0	200	
https://fondoambiente.it/luoghi/alpe-pedroria-e-alpe-madrera	0	200	
https://fondoambiente.it/luoghi/la-bigatti-villino-storico-comunale	0	200	
https://fondoambiente.it/luoghi/palazzo-foico	0	200	
https://icaresegelsi.it/category/scuola-primaria-g-pascoli/	0	302	https://www.icaresegelsi.edu.it
https://icaresegelsi.it/scuole/scuola-secondaria-di-primo-grado-silvio-pellico/	0	302	https://www.icaresegelsi.edu.it
https://fondoambiente.it/luoghi/villa-eigenmann	0	200	
https://idroscalo.org/news/riapre-la-chiesa-madonna-del-lago/	0	200	
https://lombardia.anpi.it/voghera/cdrop/ppv/pdf/b/busonicelestina.pdf	0	200	
https://lombardiarchivi.servizirl.it/fonds/75488/units/989214	0	200	
https://lombardiarchivi.servizirl.it/fonds/75489/units/989219	0	200	
https://molgroupitaly.it/it/mol-group-italy/mol-group-italy-chi-siamo/ies-italiana-energia-e-servizi	0	200	
https://lombardiarchivi.servizirl.it/fonds/75489/units/989225	0	200	
https://moduliweb.enac.gov.it/Applicazioni/avioeli/Avio_04.asp?selaeroporto=219	0	404	
https://sites.google.com/oratorigarbagnate.com/home/chi-siamo	0	404	
https://structurae.net/en/structures/mescolana-tunnel	0	403	
https://mylakecomo.co/it/itinerari/sentee-di-sort/	0	200	
https://sketchfab.com/models/b99eb9095a364a729ad321ebd4bd2bc0/embed?autospin=0.2&autostart=1	0	200	
https://webopac.csbno.net/library/Cornaredo/	0	403	
https://www.antigone.it/osservatorio_detenzione/lombardia/11-seconda-casa-di-reclusione-milano-bollate	0	200	
https://www.archiportale.com/news/2008/10/architettura/milano-ultimate-le-torri-pendenti-di-perrault_12906_3.html	0	200	
https://www.brianzacomascabiblioteche.it/index.php/erba	0	404	
https://www.bormio.eu/wp-content/uploads/2019/03/apertura-forni-2019_-cartelloInfoUtili2019.pdf	0	404	
https://www.cascinachiarello.it/	6		
https://www.campioneunivela.it/trips/hiking/ferrata-di-campione-del-garda/	0	200	
https://www.campioneunivela.it/de/trips/climbing/	0	200	
https://www.comune.arese.mi.it/pubblicazioni/Informazioni/Informazioni.asp?ID_M=308&ID_MacroMenu=4	0	302	https://comune.arese.mi.it:443/pubblicazioni/Informazioni/Informazioni.asp?ID_M=308&ID_MacroMenu=4
https://www.collegiate.it/student-accommodation/alloggi-studenti-milan/collegiate-milan-north/	0	200	
https://www.comune.gordona.so.it/c014032/zf/index.php/servizi-aggiuntivi/index/index/idtesto/20012	0	404	
https://www.comune.merate.lc.it/c097048/zf/index.php/servizi-aggiuntivi/index/index/idtesto/20758	0	404	
https://www.comune.merate.lc.it/c097048/zf/index.php/servizi-aggiuntivi/index/index/idtesto/20716	0	404	
https://www.comune.poglianomilanese.mi.it/vivere/pagine/5/#BETTOLINO	0	302	https://comune.poglianomilanese.mi.it:443/vivere/pagine/5/
https://www.comune.poglianomilanese.mi.it/vivere/pagine/5/#CHIESETTA	0	302	https://comune.poglianomilanese.mi.it:443/vivere/pagine/5/
https://www.comune.poglianomilanese.mi.it/vivere/pagine/5/#CHANIAC	0	302	https://comune.poglianomilanese.mi.it:443/vivere/pagine/5/
https://www.comune.poglianomilanese.mi.it/vivere/pagine/5/#PARROCCHIA	0	302	https://comune.poglianomilanese.mi.it:443/vivere/pagine/5/
https://www.comune.rodano.mi.it/c015185/zf/index.php/servizi-aggiuntivi/index/index/idtesto/128	0	404	
https://wiki.openstreetmap.org/wiki/Lombardia/Sentieri	0	200	
https://www.facebook.com/Vivione1830/	0	200	
https://www.facebook.com/locandabepa/	0	200	
https://www.comune.torrevecchiapia.pv.it/it-it/vivere-il-comune/cosa-vedere/cassinetta-33695-1-c0c04d2cae0d989aedaf207e45ba7363	0	410	
https://www.falesia.it/it/crag/303/Sasso-del-Drago.html	0	200	
https://www.comune.poglianomilanese.mi.it/vivere/pagine/5/#SANTUARIO	0	302	https://comune.poglianomilanese.mi.it:443/vivere/pagine/5/
https://www.giorgioweb.com/	0	200	
https://www.costieradeicech.com/poira	0	301	https://costieradeicech.com/poira
https://www.halleyweb.com/campofiori/zf/index.php/servizi-aggiuntivi/index/index/idtesto/55	0	200	
https://www.fondazionearnaldopomodoro.it/fap_collection/pomodoro-arnaldo-lancia-di-luce-ii-1985/	0	301	https://www.fondazionearnaldopomodoro.it/pomodoro-arnaldo-lancia-di-luce-ii-1985/
https://www.ilgiornale.it/news/scultura-danza-quartiere-fiera.html	0	405	
https://www.hermesfuneraria.eu/?p=1227	0	301	https://www.hermesfuneraria.eu/2017/07/ll-cimitero-nel-fienile-a-pezzo-frazione-di-ponte-di-legno/
https://www.ilgiorno.it/rho/cronaca/garbagnate-bariana-proteste-1.3644813	0	301	https://www.ilgiorno.it/archivio/garbagnate-bariana-proteste-d27dd631
https://www.icpontesanpietro.edu.it/index.php/primaria/locate	0	301	https://www.icpontesanpietro.edu.it/primaria/locate
https://www.lombardiabeniculturali.it/architetture/schede/CO190-00058/	60		
https://www.icr.edu.it/scuola-primaria-marco-polo/	0	301	https://www.icr.edu.it/struttura/istituto-comprensivo-statale-antonio-rosmini/scuola-primaria-marco-polo/
https://www.indicepa.gov.it/ipa-portale/consultazione/indirizzo-sede/ricerca-ente/elenco-unita-organizzative/53J7C3/uo/scheda-area-organizzativa-omogenea/A858775	0	200	
https://www.lombardiabeniculturali.it/architetture/schede/CO250-00546/	60		
https://www.lombardiabeniculturali.it/architetture/schede/CO250-00615/	60		
https://www.lombardiabeniculturali.it/architetture/schede/CO250-00616/	60		
https://www.lombardiabeniculturali.it/architetture/schede/CO250-00659/	60		
https://www.lombardiabeniculturali.it/architetture/schede/CO260-00223	60		
https://www.lombardiabeniculturali.it/architetture/schede/CO260-00115/	60		
https://www.lombardiabeniculturali.it/architetture/schede/CO260-00228	60		
https://www.lombardiabeniculturali.it/architetture/schede/CO260-00257/	60		
https://www.lombardiabeniculturali.it/architetture/schede/CO260-00256/	60		
https://www.lombardiabeniculturali.it/architetture/schede/CO260-00230/	60		
https://www.lombardiabeniculturali.it/architetture/schede/LMD80-00418/	60		
https://www.lombardiabeniculturali.it/architetture/schede/MI050-00272/	60		
https://www.lombardiabeniculturali.it/architetture/schede/LMD80-00999/	60		
https://www.lmblog.it/2016/03/cascina-panigadi/	0	200	
https://www.lombardiabeniculturali.it/architetture/schede/MI100-00450	60		
https://www.lombardiabeniculturali.it/architetture/schede/MI100-00452/	60		
https://www.lombardiabeniculturali.it/architetture/schede/MI100-01097/	60		
https://www.lombardiabeniculturali.it/architetture/schede/MI100-03069/	60		
https://www.lombardiabeniculturali.it/architetture/schede/MI100-03099/	60		
https://www.lombardiabeniculturali.it/architetture/schede/MI100-03070/	60		
https://www.lombardiabeniculturali.it/architetture/schede/MI100-03100/	60		
https://www.lombardiabeniculturali.it/architetture/schede/MI100-03411/	60		
https://www.lombardiabeniculturali.it/architetture/schede/MI100-03433/	60		
https://www.lombardiabeniculturali.it/architetture/schede/MI100-03434/	60		
https://www.lombardiabeniculturali.it/architetture/schede/MI100-05112/	60		
https://www.lombardiabeniculturali.it/architetture/schede/MI100-05454/	60		
https://www.lombardiabeniculturali.it/architetture/schede/MI100-05949/	60		
https://www.lombardiabeniculturali.it/architetture/schede/MI100-05784/	60		
https://www.lombardiabeniculturali.it/architetture/schede/MI100-05950/	60		
https://www.lombardiabeniculturali.it/architetture/schede/MI100-06004/	60		
https://www.lombardiabeniculturali.it/architetture/schede/MI100-06052/	60		
https://www.lombardiabeniculturali.it/architetture/schede/MI100-06718/?hid=6.253	60		
https://www.lombardiabeniculturali.it/architetture/schede/MI100-07269/	60		
https://www.lombardiabeniculturali.it/architetture/schede/MI100-07920/	60		
https://www.lombardiabeniculturali.it/architetture/schede/MI100-10151/	60		
https://www.lombardiabeniculturali.it/opere-arte/schede/1v010-00037/	60		
https://www.lombardiabeniculturali.it/archivi/soggetti-produttori/ente/MIDB000F6F/	60		
https://www.lombardiabeniculturali.it/opere-arte/schede/1v010-00081/	60		
https://www.lombardiabeniculturali.it/opere-arte/schede/1v010-00100/	60		
https://www.lombardiabeniculturali.it/opere-arte/schede/1v010-00102/	60		
https://www.lombardiabeniculturali.it/opere-arte/schede/1v020-00001/	60		
https://www.lombardiabeniculturali.it/opere-arte/schede/1v020-00002/	60		
https://www.lombardiabeniculturali.it/opere-arte/schede/1v020-00003/	60		
https://www.lombardiabeniculturali.it/opere-arte/schede/1v020-00004/	60		
https://www.lombardiabeniculturali.it/opere-arte/schede/1v020-00005/	60		
https://www.lombardiabeniculturali.it/opere-arte/schede/1v020-00006/	60		
https://www.lombardiabeniculturali.it/opere-arte/schede/1v020-00007/	60		
https://www.lombardiabeniculturali.it/opere-arte/schede/1v020-00008/	60		
https://www.lombardiabeniculturali.it/opere-arte/schede/1v020-00012/	60		
https://www.lombardiabeniculturali.it/opere-arte/schede/1v020-00009/	60		
https://www.lombardiabeniculturali.it/opere-arte/schede/1v020-00011/	60		
https://www.lombardiabeniculturali.it/opere-arte/schede/1v020-00017	60		
https://www.lombardiabeniculturali.it/opere-arte/schede/1v020-00013/	60		
https://www.lombardiabeniculturali.it/opere-arte/schede/1v020-00014	60		
https://www.lombardiabeniculturali.it/opere-arte/schede/1v020-00016/	60		
https://www.lombardiabeniculturali.it/opere-arte/schede/1v020-00018/	60		
https://www.lombardiabeniculturali.it/opere-arte/schede/1v020-00031/	60		
https://www.lombardiabeniculturali.it/opere-arte/schede/1v020-00019/	60		
https://www.lombardiabeniculturali.it/opere-arte/schede/1v020-00020/	60		
https://www.lombardiabeniculturali.it/opere-arte/schede/1v020-00097	60		
https://www.lombardiabeniculturali.it/opere-arte/schede/1v020-00131/	60		
https://www.lombardiabeniculturali.it/opere-arte/schede/1v020-00132/	60		
https://www.lombardiabeniculturali.it/opere-arte/schede/1v020-00140/	60		
https://www.lombardiabeniculturali.it/opere-arte/schede/1v020-00141/	60		
https://www.lombardiabeniculturali.it/opere-arte/schede/1v020-00142/	60		
https://www.lombardiabeniculturali.it/opere-arte/schede/1v020-00143/	60		
https://www.lombardiabeniculturali.it/opere-arte/schede/1v020-00144/	60		
https://www.lombardiabeniculturali.it/opere-arte/schede/1v020-00145/	60		
https://www.lombardiabeniculturali.it/opere-arte/schede/1v020-00146/	60		
https://www.lombardiabeniculturali.it/opere-arte/schede/1v020-00147/	60		
https://www.malpensa24.it/panorama-marchirolo-artista-chiesa-san-paolo/	0	403	
https://www.manivaski.it	0	200	
https://www.mudec.it/events/mosaico-rosa-genoni/	0	200	
https://www.osavalmadrera.it/San-Tomaso.htm	0	403	
https://www.outdooractive.com/de/bewirtschaftete-huette/como/rifugio-mottafoiada/1284217	0	301	https://www.outdooractive.com/de/hut/alpen/rifugio-mottafoiada/1284217/
https://www.pietredellamemoria.it/pietre/lastra-commemorativa-ai-partigiani-di-sondrio/	0	200	
https://www.pietredellamemoria.it/pietre/lastra-commemorativa-della-liberazione-di-sondrio/	0	200	
https://www.pietredellamemoria.it/pietre/lastra-in-memoria-della-prima-guerra-mondiale-sondrio/	0	200	
https://www.presolanamontepora.it	60		
https://www.pietredellamemoria.it/pietre/monumento-al-moro/	0	200	
https://www.rifugi.lombardia.it/lecco/lecco/rifugio-camposecco.html	0	200	
https://www.saronnonews.it/2021/05/11/saronno-la-societa-storica-saronnese-restaurera-la-targa-commemorativa-dedicata-a-giacomo-matteotti/	0	200	
https://www.valerafrazionediarese.it/	0	200	
https://www.versalis.eni.com	0	301	https://www.versalis.eni.com/en-IT/home.html
https://www.milanocittastato.it/milano/il-monumento-piu-brutto-di-milano/	28		
www.astroviadellavalbossa.info	-1		
www.jam-milano.it	-1		
www.montegargnano.it	-1		
https://www.wunderground.com/dashboard/pws/IARESE7	0	200	
https://www.promontevecchia.it/index.php/conosci-montevecchia/frazioni/frazione-campe/	28		
https://www.promontevecchia.it/index.php/conosci-montevecchia/frazioni/frazione-passonino/	28		
