<meta http-equiv="content-type" content="text/html	-1		
<title>OSM3S Response</title>	-1		
charset=utf-8" lang="en"/>	-1		
<!DOCTYPE html PUBLIC "-//W3C//DTD XHTML 1.0 Strict//EN	-1		
</body>	-1		
</head>	-1		
</html>	-1		
<body>	-1		
<head>	-1		
<html xmlns="http://www.w3.org/1999/xhtml" xml:lang="en" lang="en">	-1		
<p><strong style="color:#FF0000">Error</strong>: runtime error: open64: 0 Success /osm3s_osm_base Dispatcher_Client::request_read_and_idx::timeout. The server is probably too busy to handle your request. </p>	-1		
http://www.w3.org/TR/xhtml1/DTD/xhtml1-strict.dtd">	0	400	
<p>The data included in this document is from www.openstreetmap.org. The data is made available under ODbL.</p>	-1		
http://albergoristoranteallago.com	6		
http://agriturismovillaromana.it/	0	500	
http://benedettinefano.it/	6		
http://albergometauro.com/	0	301	https://albergometauro.com/
http://carapinafano.it/	6		
http://bbmsaltara.it/	0	200	
http://desp.uniurb.it/	0	301	https://desp.uniurb.it/
http://digiur.uniurb.it/	0	301	https://digiur.uniurb.it/
http://cngeisenigallia.altervista.org/	6		
http://disb.uniurb.it/	0	301	https://disb.uniurb.it/
http://dipsum.uniurb.it/	0	301	https://dipsum.uniurb.it/
http://gandiglio.gov.it/	6		
http://hotelgala.it	0	301	https://hotelgala.it/
http://iiscecchi.gov.it/	6		
http://eremomontegiove.it	0	200	
http://ledimarclub.com/	6		
http://ilportico-fano.it	0	301	https://ilportico-fano.it/
http://igattidiosiride.it/	0	200	
http://lmdgroup.it/	0	302	https://lmdgroup.it/
http://noteurbane.com/en/shop/hotel-pinella-montalto-delle-marche-peretti	6		
http://museopontificio.santuarioloreto.it/	0	200	
http://pesaro.fiere.name	6		
http://queensbc.webs.com/	6		
http://paradisopasticceria.it/	6		
http://villamarisanna.com/	6		
http://lnx.montaltomarche.it/montalto2/Mercato/Ristora/Sistov/sistov.php	6		
http://turismo.comune.caldarola.mc.it/musei-cms/antiquarium/	0	301	https://turismo.comune.caldarola.mc.it/musei-cms/antiquarium/
http://www.agriturismolulivo.com	6		
http://www.aeromodellismofano.net	0	301	http://www.aeromodellismofano.net/sito/
http://www.alberone.it	0	301	https://www.alberone.it/
http://www.adecco.it/	0	301	https://www.adecco.com/it-it
http://www.ambassadorpesaro.it/	0	200	
http://agriturismoilleccio.jimdo.com/	28		
http://www.arcidiocesipesaro.it/parrocchie/93-elenco-parrocchie-e-chiese/432-san-giovanni-battista.html	7		
http://www.arcidiocesipesaro.it/parrocchie/93-elenco-parrocchie-e-chiese/433-santuario-madonna-delle-grazie.html	7		
http://www.areacamper.it/	0	200	
http://www.arcidiocesipesaro.it/parrocchie/93-elenco-parrocchie-e-chiese/356-san-giuseppe.html	28		
http://www.arterisko.com	0	301	https://www.arterisko.com/
http://www.arcidiocesipesaro.it/parrocchie/93-elenco-parrocchie-e-chiese/358-santagostino.html	28		
http://www.asetservizi.it/farmacie-comunali/farmacia-di-cantiano/	0	301	https://www.asetservizi.it/farmacie-comunali/farmacia-di-cantiano/
http://www.asetservizi.it/farmacie-comunali/farmacia-di-marotta/	0	301	https://www.asetservizi.it/farmacie-comunali/farmacia-di-marotta/
http://www.asetservizi.it/farmacie-comunali/farmacia-di-piagge/	0	301	https://www.asetservizi.it/farmacie-comunali/farmacia-di-piagge/
http://www.asetservizi.it/farmacie-comunali/farmacia-di-sant-orso/	0	301	https://www.asetservizi.it/farmacie-comunali/farmacia-di-sant-orso/
http://www.arcidiocesipesaro.it/parrocchie/93-elenco-parrocchie-e-chiese/429-santuario-beata-vergine-del-carmine.html	28		
http://www.asetservizi.it/farmacie-comunali/farmacie-di-gimarra/	0	301	https://www.asetservizi.it/farmacie-comunali/farmacie-di-gimarra/
http://www.aspes.it/3/servizi-e-attivita/farmacie-comunali/gestione-farmacie/farmacia-comunale-cattabrighe/	0	301	https://www.aspes.it/3/servizi-e-attivita/farmacie-comunali/gestione-farmacie/farmacia-comunale-cattabrighe/
http://www.aspes.it/3/servizi-e-attivita/farmacie-comunali/gestione-farmacie/farmacia-comunale-andrea-costa/	0	301	https://www.aspes.it/3/servizi-e-attivita/farmacie-comunali/gestione-farmacie/farmacia-comunale-andrea-costa/
http://www.aspes.it/3/servizi-e-attivita/farmacie-comunali/gestione-farmacie/farmacia-comunale-centro/	0	301	https://www.aspes.it/3/servizi-e-attivita/farmacie-comunali/gestione-farmacie/farmacia-comunale-centro/
http://www.aspes.it/3/servizi-e-attivita/farmacie-comunali/gestione-farmacie/farmacia-comunale-muraglia/	0	301	https://www.aspes.it/3/servizi-e-attivita/farmacie-comunali/gestione-farmacie/farmacia-comunale-muraglia/
http://www.aspes.it/3/servizi-e-attivita/farmacie-comunali/gestione-farmacie/farmacia-comunale-pantano/	0	301	https://www.aspes.it/3/servizi-e-attivita/farmacie-comunali/gestione-farmacie/farmacia-comunale-pantano/
http://www.aspes.it/3/servizi-e-attivita/farmacie-comunali/gestione-farmacie/farmacia-comunale-soria/	0	301	https://www.aspes.it/3/servizi-e-attivita/farmacie-comunali/gestione-farmacie/farmacia-comunale-soria/
http://www.aspes.it/3/servizi-e-attivita/farmacie-comunali/gestione-farmacie/farmacia-comunale-villa-fastiggi/	0	301	https://www.aspes.it/3/servizi-e-attivita/farmacie-comunali/gestione-farmacie/farmacia-comunale-villa-fastiggi/
http://www.aspes.it/3/servizi-e-attivita/farmacie-comunali/gestione-farmacie/farmacia-comunale-villa-san-martino/	0	301	https://www.aspes.it/3/servizi-e-attivita/farmacie-comunali/gestione-farmacie/farmacia-comunale-villa-san-martino/
http://www.aspes.it/3/servizi-e-attivita/farmacie-comunali/gestione-farmacie/farmacia-comunale-zona-mare/	0	301	https://www.aspes.it/3/servizi-e-attivita/farmacie-comunali/gestione-farmacie/farmacia-comunale-zona-mare/
http://www.athleticclubpesaro.it/	0	200	
http://www.beachstadium.net/	6		
http://www.bagnihelios.it/	0	200	
http://www.biesse.com	0	301	https://www.biesse.com/
http://www.calzaturificiolauretta.net	0	301	https://www.calzaturificiolauretta.net/
http://www.campingcortina.net/	0	301	https://www.campingcortina.net/
http://www.bbancona.com	0	200	
http://www.casa-aurora.it	0	301	https://www.casa-aurora.it/
http://www.cantinalangelina.com/	0	301	https://www.cantinalangelina.it
http://www.casagrimaldi.it/	0	302	https://parking.nidoma.com/www.casagrimaldi.it/
http://www.centromiralfiore.it/	6		
http://www.bandbitala.it/	0	200	
http://www.cheffishhouse.com/	6		
http://www.cavirginia.it	0	301	https://www.cavirginia.it/
http://www.cirionitrasporti.it/index.php	0	301	https://www.cirionitrasporti.it/index.php
http://www.caffedelporto.it/	0	301	https://caffedelporto.it/
http://www.comune.cagli.ps.it	0	301	https://www.comune.cagli.ps.it/
http://www.comune.santangeloinvado.pu.it/index.php?id=8957	0	301	https://comune.santangeloinvado.pu.it/index.php?id=8957
http://www.comune.grottammare.ap.it/contents/Castello/380	0	301	https://www.comune.grottammare.ap.it/contents/Castello/380
http://www.chaletamare.it/	0	200	
http://www.consorziocenter.com/	0	200	
http://www.countryhouseperbacco.it/	0	301	https://countryhouseperbacco.it/
http://www.cristorisortopesaro.it	6		
http://www.cosmob.it/	0	500	
http://www.daciarro.it/	0	301	https://www.daciarro.it/
http://www.dallacira.it	6		
http://www.crmsrl.it	0	301	https://www.crmsrl.it/
http://www.cspesaro.altervista.org/	0	200	
http://www.dellacesola.it/	6		
http://www.deltasegnaletica.com	0	301	https://www.deltasegnaletica.com/
http://www.dapeppe.it	0	200	
http://www.disbef.uniurb.it/	6		
http://www.efd.it	0	301	https://www.efd.it/
http://www.dancingtris.it/	0	301	https://www.dancingtris.it/
http://www.ebw.it	0	301	https://www.ebw.it/
http://www.facebook.com/frontemarepesaro	0	301	https://www.facebook.com/frontemarepesaro
http://www.fanolug.org/	0	301	https://www.fanolug.org/
http://www.fano.gallerieauchan.it	6		
http://www.farmacia-antonioli.it/	0	301	https://farmacia-antonioli.it/
http://www.fabrianoturismo.it/docs/comearrivare/unanuovaareadiservizioesostacamper.asp	0	404	
http://www.farmaciaercolani.eu/	0	302	welcome.php
http://www.farmaciavannucci.it/	0	301	https://www.farmaciavannucci.it/
http://www.ferienwohnungen.de/ferienhaus/10218/	0	301	https://www.ferienwohnungen.de/ferienhaus/10218/
http://www.farmaciapierinifano.it/	0	200	
http://www.fotocapri.it/web/	0	301	https://www.fotocapri.it/web/
http://www.collesi.com/	28		
http://www.frantoiodeltrionfo.it	0	200	
http://www.farmaciamadonnadiloreto.it/	0	200	
http://www.golf-village.it/	0	200	
http://www.guidoland.it/	6		
http://www.giommifashionstore.it	0	302	https://www.giommifashionstore.it/
http://www.guerrino.it	0	301	https://www.guerrino.it/
http://www.hoteldelfinoazzurro.it	0	301	https://www.hoteldelfinoazzurro.it/
http://www.hotelcorallo-fano.it/	0	301	https://www.hotelcorallo-fano.it/
http://www.hotelelisabethdue.it/	0	301	https://www.hotelelisabethdue.it/
http://www.hotelpromenade.pu.it/	0	301	https://www.hotelpromenade.pu.it/
http://www.hotelastoriafano.it/	0	301	https://www.hotelastoriafano.it/
http://www.hoteluniversal.it	0	301	https://www.hoteluniversal.it/
http://www.hotelexcelsiorfano.it/	0	301	https://www.hotelexcelsiorfano.it/
http://www.itcbramante.it	6		
http://www.inail.it	0	302	https://www.inail.it/portale/
http://www.intermac.com	0	301	https://www.intermac.com/
http://www.isiaurbino.net	0	301	https://www.isiaurbino.net/
http://www.jetresidence.it/	0	200	
http://www.labellavitafano.it/	0	301	https://www.labellavitafano.it/
http://www.lamarcadisanmichele.com	0	301	https://www.lamarcadisanmichele.com/
http://www.lanuovascuola.it/	0	301	https://www.lanuovascuola.it/
http://www.le-fontane.com	0	200	
http://www.liceogmarconi.gov.it/	6		
http://www.liceotco.gov.it/	6		
http://www.lacantinella.net/	0	301	https://lacantinella.net/
http://www.lagrottadeifolletti.it/	0	301	https://www.lagrottadeifolletti.it/
http://www.locandaborgognina.it/	0	301	https://www.booking.com/hotel/it/locanda-borgognina.html?aid=2402550&label=locandaborgognina.it
http://www.lidodue.it/	0	200	
http://www.kart-ferrari.it/	0	200	
http://www.loretoturismo.info/	0	301	https://www.loretoturismo.info/
http://www.lidotre.it/	0	200	
http://www.marchigianamobili.it	0	301	https://www.marchigianamobili.it/
http://www.mepsaws.it	0	301	https://www.mepsaws.it/
http://www.luoghidelsilenzio.it/marche/02_eremi/00049/index.htm	0	301	https://www.luoghidelsilenzio.it/marche/02_eremi/00049/index.htm
http://www.mcsmobili.com	0	302	https://www.mcsmobili.com/
http://www.monasteronellacitta.it	0	301	https://www.monasteronellacitta.it/
http://www.miraconero.it/	0	301	https://www.miraconero.it/
http://www.maceromaceratese.it/	0	301	https://maceromaceratese.it/
http://www.museisistini.it/museo-montalto.html	0	403	
http://www.newdaytel.com/	0	200	
http://www.ollybarlafortezza.com	6		
http://www.metaofficina.it/	0	301	https://www.metaofficina.it/
http://www.mondolfoferro.it/	0	301	https://www.mondolfoferro.it/
http://www.officinabonfigli.it	0	200	
http://www.otticavalentini.it/	0	301	https://otticavalentini.it/
http://www.otticameme.it	0	301	https://www.otticameme.it/
http://www.padalino.gov.it	6		
http://www.paciepagliarigruppo.it	0	301	https://www.paciepagliarigruppo.it/
http://www.otticasartori.it	0	301	https://www.otticasartori.it/
http://www.otticagiorgio.it/	0	200	
http://www.parcheggiovanvitellifano.it/	0	301	https://www.parcheggiovanvitellifano.it/
http://www.palazzisportfano.it/	0	301	https://www.palazzisportfano.it/
http://www.piaggedelsole.it/	0	302	https://www.piaggedelsole.it/
http://www.polotrefano.gov.it/volta/	6		
http://www.pieririmorchi.it/	0	200	
http://www.recorddata.it/	0	302	https://parking.nidoma.com/www.recorddata.it/
http://www.pesceazzurro.com/ristorante-scimitar-fano/	0	301	https://www.pesceazzurro.com/pesceazzurro-in-barca/
http://www.pesceazzurro.com/ristorante-fano/	0	301	https://www.pesceazzurro.com/ristorante-fano/
http://www.relaisconcorde.it	0	301	https://www.relaisconcorde.it/
http://www.radiomagnetic.it/	0	301	https://www.radiomagnetic.it/
http://www.ristorantelacantinaza.com	0	301	https://www.ristorantelacantinaza.com/
http://www.ristorantevilladelcerro.com/	0	301	https://ristorantevilladelcerro.com/
http://www.ristorantepantalin.com/	0	301	https://www.ristorantepantalin.com/
http://www.rosadacamere.it	6		
http://www.santamariadellerose.com/	0	301	https://www.santamariadellerose.com/
http://www.settimocielodancing.it/	6		
http://www.ristorantepostavecchia.it/	0	301	https://www.ristorantepostavecchia.it/
http://www.rossinicenter.it	0	301	https://www.rossinicenter.it/
http://www.sarniristorazione.com/pv/esinio-est/	0	404	
http://www.socapmarche.com/	0	200	
http://www.smeraldosuitehotel.com	0	301	https://www.smeraldosuitehotel.com/
http://www.sorellepoveredisantachiara.it/	0	200	
http://www.sportpark.it/	0	301	https://www.sportpark.it/
http://www.tavernadeipescatori.it/	0	301	https://www.tavernadeipescatori.it/
http://www.teatrodellafortuna.it/	0	301	https://www.teatrodellafortuna.it/
http://www.uniurb.it/	0	301	https://www.uniurb.it/
http://www.umanafano.it/	0	301	https://www.umanafano.com/
http://www.uniurb.it/cla	0	301	https://www.uniurb.it/cla
http://www.spumantebio-peruzzi.it	0	200	
http://www.uniurb.it/disti	0	301	https://www.uniurb.it/disti
http://www.villafonti.it	0	301	https://www.villafonti.it/
http://www.vivaioilgiardino.com/	6		
http://www.yakitalia.it/	0	301	https://www.yakitalia.it/
http://www.vernacciadilanfrancoquacquarini.it/	0	200	
http://www.vecchiaquercia.it/	0	301	https://www.vecchiaquercia.it/
http://www.vinisantabarbara.it	0	301	http://www.santabarbara.it/
http://www.ziamelia.it	0	200	
https://campingmetauro.it/	0	200	
https://campingnorina.it	0	301	https://www.campingnorina.it/
https://camping44.com/	0	200	
https://chiaramonimacerata.it	0	308	https://www.chiaramonimacerata.it/
https://civitanovamarche.ubiklibri.it/	0	301	https://www.ubiklibri.it/librerie/ubik-civitanova
https://digisvapo.it	0	301	https://www.digisvapo.it/
https://chaletvela.it/	0	200	
https://casatartufo.nl/it/campeggio/	0	200	
https://diocesimacerata.it/	0	200	
https://domusmacerata.it/	0	200	
https://boccafosca.it/calcinelli-negozio-vini-e-prodotti-tipici-marche/	0	200	
https://domus-pacis.vacanzeinitalia.top/	0	200	
https://fisioterapia-cipelli.it	6		
https://enjoycamerino.it	0	200	
https://etoilebistrot.com/	0	200	
https://fedrigoni.com/	0	200	
https://gianluigigiardi.wixsite.com/gigilandia	0	200	
https://giombettilaborafo.itcportale.it/	0	403	
https://hotelmadonnadiloreto.it/	0	301	https://www.hotelmadonnadiloreto.it/
https://juripiu.it/	6		
https://ilregistrodeglialberi.it/15483-roverella-jesi-ancona-marche	0	200	
https://ilregistrodeglialberi.it/7331-cedro-di-corinaldo-cedro-dellhimalaya-corinaldo-ancona-marche	0	200	
https://lasorgentedelsole.com/	0	200	
https://latavernadelponte9.wixsite.com/la-taverna-del-ponte	0	200	
https://midac.wordpress.com/	0	200	
https://m.facebook.com/ristorantepizzeriaIlFagiano/	0	302	https://m.facebook.com/login.php?next=https%3A%2F%2Fm.facebook.com%2FristorantepizzeriaIlFagiano%2F&refsrc=deprecated&_rdr
https://mexicodemicorazonosimo.eatbu.com/	0	302	https://mexicodemicorazonosimo.eatbu.com/?lang=en
https://gardendemarco.it/	0	301	https://www.lafiorerialoreto.it/
https://myfarma.com/	60		
https://noitolentino.altervista.org	0	200	
https://palazzobonfranceschi.com/	0	200	
https://museostoricoaeronautico.it/	0	200	
https://profumeriataussi.it/	0	404	
https://ristorantepizzeriadegliangeli.it/	6		
https://museocivico.comune.fano.pu.it/	0	200	
https://residence-mare.com/	0	200	
https://sangiuseppedacopertino.net/	60		
https://senigallia.ubiklibri.it	0	301	https://www.ubiklibri.it/librerie/ubik-senigallia-sapere
https://ristorantepizzeriareghiottone.it/	0	200	
https://villapiccinetti.net	6		
https://villaggiocentrovacanzedeangelis.com/	0	200	
https://www.agricampingtramontorosso.it/	0	200	
https://visiturbania.com/strutture/aree-sosta-camper/	0	200	
https://visiturbania.com/strutture/	0	200	
https://www.agriturismolagrotta.net/	0	200	
https://www.asetservizi.it/farmacie-comunali/farmacia-stazione/	0	200	
https://www.ansa.it/marche/notizie/2025/07/16/ponte-ciclopedonale-sul-tronto-lavori-entro-primavera-2026_2a6bddde-5b7e-4f34-83ae-5c758f2178fd.html	0	200	
https://www.axis-italy.com/	0	301	https://axis-italy.com/it/
https://www.buonodamatty.it/	0	200	
https://www.bartolacci.it/il-nostro-agricampeggio/	0	200	
https://www.caifermo.it/	0	200	
https://www.campingcostaverde.it/	0	200	
https://www.campinginternazionale.com/	0	200	
https://www.campingfano.it/	0	200	
https://www.camperclubtruentum.it/area-di-sosta-camper-comunale-riviera-delle-palme/	0	200	
https://www.campingmarinella.it/	0	200	
https://www.campingreno.eu/	0	200	
https://www.campingriviera.it/	0	200	
https://www.campingroccamare.it/it/index.php	0	200	
https://www.campingpanorama.it/	0	200	
https://www.campingvalentinasostacamper.it/areasosta.html	0	200	
https://www.campingtorrette.com/	0	200	
https://www.carmelitanecamerino.it/	6		
https://pontesancarlo.comune.jesi.an.it/	28		
https://www.cappuccinimarche.org/?page_id=21673	0	200	
https://www.centrootticomegavision.com/store/13	0	301	/trova-negozio
https://www.centrovacanzeverdemare.it/	0	200	
https://www.clarissepollenza.com/	0	200	
https://www.conventinogradara.it/	0	200	
https://www.comune.castelsantangelosulnera.mc.it/vivere-il-comune/luoghi/area-sosta-camper/	0	200	
https://www.comune.castelsantangelosulnera.mc.it/vivere-il-comune/luoghi/area-camper-capoluogo/	0	200	
https://www.coopalleanza3-0.it/	0	403	
https://www.facebook.com/pages/Bar-Diamond/421191581300138	0	302	https://www.facebook.com/100057116693571/
https://www.eurospin.it/punti-vendita/jesi-493890/	0	404	
https://www.farmaciarinaldi.it/	6		
https://www.eurospin.it/punti-vendita/treia-479808/	0	404	
https://www.farmaciacuccurano.it/	0	200	
https://www.caseificiopupetta.it/	0	200	
https://www.feelsenigallia.it/dormire/aree-camper-it/	0	200	
https://www.feelsenigallia.it/dormire/raggio-di-luna	0	301	https://www.feelsenigallia.it/dormire/raggio-di-luna/
https://www.feelsenigallia.it/dormire/campeggio-mare-verde/	0	200	
https://www.frasassi.com/	0	200	
https://www.fermodiocesi.it/it/Scheda_parrocchia/parrocchia/28/	0	404	
https://www.gloriahotel.net/en	0	200	
https://www.gmonamour.it/	0	301	https://www.gmonamour.it/it/
https://www.gramaglia.it/	0	200	
https://www.greengardensirolo.com/	0	200	
https://www.gruppoapi.com/ricerca-stazioni-servizio/station/NI012065	0	301	https://ip.gruppoapi.com/ricerca-stazioni-servizio/station/47257
https://www.hotel-mareblu.it/	0	200	
https://www.hotelamelia.it/	0	301	https://hotelamelia.it/
https://www.hotelexcelsiorgabicce.com/	0	200	
https://www.farmaigea.it/	0	200	
https://www.hotelristorantepanorama.com/	6		
https://www.hotelnapoleonpesaro.it/	0	200	
https://www.hotelhauscharlotte.it	0	200	
https://www.hotelmarinafano.it/	0	301	https://hotelmarinafano.it/
https://www.icgiovannipaolo.edu.it/	0	200	
https://www.iguzzini.com/	0	302	/us/
https://www.iomangiobiologico.it	0	301	https://iomangiobiologico.it/
https://www.ildragofanfarone.it/	0	200	
https://www.icmarotta.edu.it/	0	200	
https://www.iscbramantefermignano.edu.it/plessi/scuola-elementare/	0	410	
https://www.hoteltesoro.it/	0	200	
https://www.jadrolinija.hr/en/fleet-ship/marko-polo	0	200	
https://www.jadrolinija.hr/en/fleet-ship/marko-polo?	0	200	
https://www.larovereporchetta.it/	6		
https://www.lapucci.de	0	403	
https://www.laforesteriahotel.it/	0	200	
https://www.laforesteriahotel.it/ristorante/	0	200	
https://www.lasaponaria.it/biostorie-civitanova	0	301	https://www.lasaponaria.it/negozio-cosmetici-bio-civitanova
https://www.lasaponaria.it/biostorie-senigallia	0	301	https://www.lasaponaria.it/negozio-cosmetici-bio-senigallia
https://www.latanadegliamici.com/	0	200	
https://www.lavalledelmetauro.it/contenuti/comuni-del-bacino/scheda/8225.html	0	200	
https://www.librerianuovafimlibro.it/	0	200	
https://www.librerie.coop/librerie/librerie-coop-pesaro/	0	200	
https://www.liceonolfiapolloni.edu.it/	0	200	
https://www.lidl.it/	0	200	
https://www.lasaponaria.it/	0	200	
https://www.mondadoristore.it/negozi/punti-vendita/Mondadori-Bookstore-Pesaro-Rossini/1444/	0	403	
https://www.locandadellapieve.com	0	200	
https://www.macelleriarobertisamuele.it/	0	200	
https://www.mondolfoscale.it/	0	200	
https://www.nordesthotel.com/	0	200	
https://www.museodelbali.it	0	200	
https://www.paradise-monsano.com/	0	200	
https://www.paradisevacanze.com	0	200	
https://www.lazzabaretto.it/	28		
https://www.ollyfarm.it/	0	200	
https://www.pesaromusei.it/casa-rossini/	0	301	https://pesaromusei.it/casa-rossini/
https://www.parchiavventuraitaly.it/colle-san-marco/	0	200	
https://www.pietrarosa.it/	7		
https://www.parcosanbartolo.it/luoghi/il-tetto-del-mondo/	0	200	
https://www.pietredellamemoria.it/pietre/monumento-ai-martiri-della-liberta-jesi-an/	0	200	
https://www.mondavioturismo.it/area-camper-mondavio/	28		
https://www.pizzeriebraccino.it/pizzerie/cucurano	0	301	https://www.pizzeriebraccino.it/fano-cuccurano/11//cucurano
https://www.pizzeriebraccino.it/pizzerie/flaminio	0	301	https://www.pizzeriebraccino.it/fano-cuccurano/11//flaminio
https://www.pizzeriebraccino.it/pizzerie/sassonia	0	301	https://www.pizzeriebraccino.it/fano-cuccurano/11//sassonia
https://www.pizzeriebraccino.it/pizzerie/via-milano	0	301	https://www.pizzeriebraccino.it/fano-cuccurano/11//via-milano
https://www.pizzeriebraccino.it/pizzerie/san-lazzaro	0	301	https://www.pizzeriebraccino.it/fano-cuccurano/11//san-lazzaro
https://www.pizzeriafarina.it/	0	200	
https://www.prolocoportopotenza.it/index.php/area-sosta-camper	0	200	
https://www.politeamafano.it/	0	200	
https://www.ristorantealmare.it/	0	200	
https://www.ristorantechiaroscuro.it/	0	200	
https://www.ristornatelagreppia-montemaggiore.it/	0	200	
https://www.proloco-fermignano.it/area-camper/	0	200	
https://www.rivieradelconero.info/	0	301	https://www.rivieradelconero.info/it/
https://www.roadhouse.it/it/ristorante-roadhouse-civitanova-marche	0	301	https://www.roadhouse.it//ristorante-roadhouse-civitanova-marche
https://www.runningcenter.it/	0	200	
https://www.salesianimacerata.it/	0	200	
https://www.sannicoladatolentino.org/	0	200	
https://www.schnell.it/	60		
https://www.santuarioloreto.va	0	301	https://www.santuarioloreto.va/it.html
https://www.santuarioloreto.va/it/accoglienza/strutture-ricettive/ristorante.html	0	200	
https://www.sistemabibliotecariofano.it	0	301	http://sistemabibliotecariofano.it/index.php?id=12142
https://www.tiportolaspesa.it/	0	200	
https://www.tiroavolofano.it/	0	200	
https://www.tobaccoroad.it/	0	200	
https://www.uliassi.com/	0	301	https://uliassi.com/
https://www.vimaximpianti.it	0	200	
https://www.vinirocchi.it/	0	200	
https://www.valledelmetaurocountryhouse.it/	0	301	https://valledelmetaurocountryhouse.it/
https://www.sannicoladatolentino.org/accoglienza/	28		
https://www.tasteria.it/	28		
