<!DOCTYPE HTML PUBLIC "-//W3C//DTD HTML 4.01//EN" "http://www.w3.org/TR/html4/strict.dtd">	-1		
</body></html>	-1		
</head><body>	-1		
<address>Apache/2.4.67 (Debian) Server at overpass-api.de Port 443</address>	-1		
<h1>Not Acceptable</h1>	-1		
<hr>	-1		
<html><head>	-1		
<p>An appropriate representation of the requested resource could not be found on this server.</p>	-1		
<title>406 Not Acceptable</title>	-1		
http://farmaletto.it/	6		
http://archeologicamolise.beniculturali.it/index.php?it/219/opere/28/cercemaggiore-fortificazione-sannitica	6		
http://archeologicamolise.beniculturali.it/index.php?it/219/opere/48/san-giuliano-del-sannio-villa-romana-in-localit-santa-margherita-crocella	6		
http://giagnacovo.it/	0	200	
http://lavanderialapentrica.blogspot.com	0	200	
http://ristorantelaperladelmolise.net	6		
http://cantineditullio.com/	0	301	http://www.cantineditullio.com/
http://poliziadistato.it	0	301	http://www.poliziadistato.it/
http://turismo.provincia.campobasso.it/flex/cm/pages/ServeBLOB.php/L/IT/IDPagina/407	6		
http://www.agriturismovillamarcella.it/	0	200	
http://www.agriturismozampacorta.it/	0	200	
http://www.ambrosiacb.it/	0	403	
http://www.archeologia.beniculturali.it/index.php?en/142/scavi/scaviarcheologici_4e048966cfa3a/178	6		
http://www.artechirico.it	6		
http://www.beb-villaditullio.com/	6		
http://www.bebcampobasso.it/	6		
http://www.archeologicamolise.beniculturali.it/index.php?it/177/campochiaro-il-santuario-di-ercole	6		
http://www.camilloperrella.net/	6		
http://www.campitelloextremeteam.com/web/index/	6		
http://www.cantindelisio.com	6		
http://www.alcolle.com/	0	200	
http://www.casaledeicerri.it	6		
http://www.casadiaccoglienzavillasantamariamdc.it/	0	200	
http://www.centroradiologicopotitocb.com/	6		
http://www.castelmauro.org/	0	200	
http://www.carrodeigiovani.org/	0	200	
http://prolocoterventum.altervista.org/a-trivento/il-castello/	0	403	
http://www.comune.montenerodibisaccia.cb.it	0	307	https://www.comune.montenerodibisaccia.cb.it:443/
http://www.cozy.it/AVM/AVM.html	0	301	http://www.cozy.it
http://www.convittonazionalemariopagano.it/	0	301	https://www.convittonazionalemariopagano.edu.it/
http://www.era-ewv-ferp.com/index.php?topmenu_id=29&id=29&page_id=99&module=text	0	302	https://www.era-ewv-ferp.org/internal//index.php?topmenu_id=29&id=29&page_id=99&module=text
http://www.farmacialediomedee.it/index.asp	0	301	https://ordinionline.valoresalute.it/farmacie/le-diomedee-srl/289980
http://www.hotelledune.net/	6		
http://www.emmegross.it/punti_vendita.php?fm_browse_regione=molise	0	301	http://emmegross.it/punti_vendita.php?fm_browse_regione=molise
http://www.iapalucci.it	0	200	
http://www.cianfagna.com/	0	200	
http://www.ilgiardinoparlante.com/mappa-interattiva/	6		
http://www.istitutomnicomprensivotrivento.gov.it/	6		
http://www.icsangiovanniboscoisernia.it/	0	403	
http://www.lipumolise.altervista.org/	0	403	
http://www.masseria-grande.it/	0	415	
http://www.locanda-sangiorgio.it/	0	200	
http://www.molisecereali.it/	0	200	
http://www.pleiadishotel.it/	0	200	
http://www.hotelruffirio.it/	0	200	
http://www.ristolidolarisacca.it/	6		
http://www.qualitafulvio.com/Prodotti.htm	6		
http://www.ristorante-miralago.it/	6		
http://www.ristorantedonchisciotte.eu	6		
http://www.ristorante-gold.it/	0	200	
http://www.ristorantenetta.com/	6		
http://www.rottamauto.com/	0	301	https://www.rottamauto.it
http://www.s-michaelion.it	6		
http://www.ristorantelelfo.it	0	200	
http://www.scuolecasacalenda.gov.it/	6		
http://www.sanniti.info/sangioga.html	0	200	
http://www.terresacre.net/	0	301	http://www.terresacre.com/
http://www.turismo-civitacampomarano.it/i-percorsi/il-cimitero-napoleonico/	6		
http://www.villaannacasadiriposo.it/	6		
http://www.unimol.it/servizi/biblioteche	0	307	https://www.unimol.it:443/servizi/biblioteche
http://www2.provincia.campobasso.it/ambiente/banca_dati/torivo.htm	6		
http://www2.unimol.it	0	307	https://www2.unimol.it:443/
http://www.fondazionecultura.it/	28		
http://www3.provincia.campobasso.it/home	6		
http://www.ribomolise.it/	0	200	
https://agriturismocostantini.com/	0	200	
https://agriturismoessentia.com/	0	403	
https://altaviahorses.com/	0	415	
https://asd-cassandra-equitazione.com/	0	415	
https://alpescatore.org/	0	200	
https://baricentrobar.it/	0	202	
https://bebmarilu.jimdo.com	35		
https://biomelise.it/	0	200	
https://blublu.org/sito/walls/2011/big/016.jpg	0	404	
https://catalogo.beniculturali.it/detail/ArchitecturalOrLandscapeHeritage/1400018188	0	200	
http://www.webalice.it/antonio.dipaolo/IL_MIO_CAMPO_DI_VOLO.html	28		
https://ciclistore.it/	0	200	
https://completedstay.com/il-caminetto-carpinone/	0	301	https://papamigliore.it/stay/il-caminetto-carpinone/
https://comune.baranello.cb.it/	0	415	
https://comune.campochiaro.cb.it/	0	415	
http://www3.regione.molise.it/flex/cm/pages/ServeBLOB.php/L/IT/IDPagina/657	28		
https://comune.casacalenda.cb.it/	0	415	
https://comune.casalciprano.cb.it/	0	415	
https://comune.castelmauro.cb.it/	0	415	
https://comune.castelbottaccio.cb.it/	0	200	
https://comune.castropignano.cb.it/	0	415	
https://comune.cercepiccola.cb.it/	0	415	
https://comune.colledanchise.cb.it/	0	415	
https://attraversoilmolise.it/	28		
https://comune.duronia.cb.it/	0	415	
https://comune.ferrazzano.cb.it/	0	415	
https://comune.fossalto.cb.it/	0	415	
https://comune.montagano.cb.it/	0	415	
https://comune.limosano.cb.it/	0	415	
https://comune.morronedelsannio.cb.it/	0	415	
https://comune.oratino.cb.it/	0	415	
https://comune.montelongo.cb.it/	0	415	
https://comune.provvidenti.cb.it/	0	415	
https://comune.sanmassimo.cb.it/	0	415	
https://comune.portocannone.cb.it/	0	415	
https://comune.santacrocedimagliano.cb.it/	0	415	
https://comune.torelladelsannio.cb.it/	0	415	
https://disv.it/letterario	0	302	https://dishcovery.menu/app/restaurants/4dbafd865e3060fc190bdd1a2f7626ec
https://dallapartedegliultimi.altervista.org/	0	200	
https://dnameccanica.com/	0	200	
https://gegauto.it/	0	200	
https://comune.campomarino.cb.it/	28		
https://guias.viajes.com/italy/castel-del-giudice/vecchio-mulino/	6		
https://gtmbus.it/linee-e-orari	0	200	
https://en.eurovelo.com/ev5/italy	0	200	
https://lagonero.thefork.rest/en_GB/	6		
https://m.facebook.com/ciaccusagnone	0	302	https://m.facebook.com/login.php?next=https%3A%2F%2Fm.facebook.com%2Fciaccusagnone&refsrc=deprecated&_rdr
https://it-it.facebook.com/people/Piscine-Emma/100047494788246/	0	200	
https://la-sorgente.amolitalia.top/	0	301	https://turistasviajeros.com/italy/rocchetta-alta/la-sorgente/
https://matsepino.it/	0	202	
https://molise.lgbt/	0	200	
https://musei.beniculturali.it/musei?mid=209&nome=museo-della-citta-e-del-territorio-sepino	6		
https://ctemolise.it/it/	0	415	
https://musei.beniculturali.it/musei?mid=5391&nome=museo-nazionale-del-paleolitico-di-isernia	6		
https://marturresort.com/	0	415	
https://musei.beniculturali.it/musei?mid=6027&nome=museo-archeologico-santa-maria-delle-monache	6		
https://nuvolaria.com	0	200	
https://neuromed.it/	0	200	
https://pizzeria-camelot.jany.io/	0	301	https://pizzeria-camelot.edan.io
https://paolino.it/	0	200	
https://procura-isernia.giustizia.it/	0	200	
https://prefettura.interno.gov.it/it/prefetture/isernia	0	200	
https://ristorante-prozzo-caseificio.placejoys.com/	0	200	
https://ristorantefedericoii.it/	6		
https://salsedine-cucina-di-mare.business.site/	0	404	
https://santuarioaddolorata.it/	0	301	https://www.santuarioaddolorata.it/
https://scuolainfanziapesche.jimdofree.com	0	403	
https://sensibus.business.site/	0	404	
https://studiopolisena.it/	0	415	
https://tribunale-isernia.giustizia.it/	0	200	
https://tribunale-isernia.giustizia.it/it/giudice_di_pace_di_isernia.page	0	200	
https://tribunale-isernia.giustizia.it/it/giudice_di_pace_di_venafro.page	0	200	
https://web.archive.org/web/20150502230501/http://www.abruzzozoo.com/	0	200	
https://novusstudios.it	28		
https://www.abitermoli.it/	0	302	https://www.immobiliaremartucci.it/
https://www.acquasalsa.it/	0	200	
https://www.agenziafunebrecordiscoemanzone.it/dove-siamo/guglionesi-cb.html	0	403	
https://residenzaguglielmi.it/	28		
https://www.agriterraesapori.it/	0	200	
https://www.agriturismoalberione.it/	0	200	
https://ristorantealvecchiotratturo.it/	28		
https://www.agriturismoartemide.com/	0	200	
https://www.agriturismolasorgente.it/	0	200	
https://www.agriturismolecoccole.it/	0	200	
https://www.airbnb.it/rooms/691863292754829367	0	200	
https://www.alberghierotermoli.edu.it	0	415	
https://www.alpescatore.org/	0	301	https://alpescatore.org/
https://www.alohabeachtermoli.com/	0	200	
https://www.altovastese.it/ambient/il-sito-di-interesse-comunitario-sic-monte-mauro-selva-di-montefalcone-nel-sannio-cb/	0	200	
https://www.archilovers.com/projects/3032/parco-della-memoria-san-giuliano-di-puglia.html	0	200	
https://www.arsideastudio.com/newsars.asp	0	200	
https://www.asrem.molise.it/lazienda/presidio-ospedaliero-unico-regionale/ospedale-di-isernia-spoke/	0	500	
https://www.athenapark.it	6		
https://www.autodemolizionicipullo.com/	0	200	
https://www.agenziademanio.it/opencms/it/agenzia/strutturaorganizzativa/direzioniterritoriali/abruzzomolise/	28		
https://www.agriturismoguadocannavina.net/	60		
https://www.autoricambicolantuono.it/	0	200	
https://www.aziendatorosacro.com	6		
https://www.azeltech.it/	0	200	
https://www.baspizzeria.it/	0	415	
https://www.bccabruzziemolise.it/filiali/guglionesi/	0	200	
https://www.biancaneve.info/	0	200	
https://www.bicitalia.org/it/bicitalia/gli-itinerari-bicitalia/131-bi6-ciclovia-adriatica	0	200	
https://www.anticatavernadelprincipe.com	28		
https://www.borgodicolloredo.com/wp/homepage-en/	0	202	
https://www.borgodicolloredo.com/wp/masseria-le-piane-en/	0	202	
https://www.borgotufi.it/	0	202	
https://www.bottegasaporitermoli.it/	35		
https://www.bper.it/scheda-filiale/-/filiale/molise/campobasso/agenzia-6023	0	200	
https://www.caimontaquila.it/	0	200	
https://www.campingmolise.it/	0	202	
https://www.calicerosso.it/	0	200	
https://www.campingvillagecorrado.com/	0	200	
https://www.cantineduva.it/	0	202	
https://www.campomarinolido.com	0	301	https://www.campomarinolido.com/it/
https://www.aziendaterramadre.it/	28		
https://www.casalemaginulfo.com/	0	200	
https://www.basilicoepepe.it/	28		
https://www.cattedraleisernia.org/	0	403	
https://www.centrocostaverde.com	0	202	
https://www.cimiweb.it/cat/b519/v/ana.html	0	200	
https://www.centroartemisiacampobasso.it/	0	200	
https://www.claudiocipressi.it/	0	403	
https://www.claudiocipressi.it/site/it/home/	0	403	
https://www.com-molise.com/it/property/casa-vacanza-centro-storicovilla.html	0	200	
https://www.cmscostruzionimetalliche.it/	0	503	
https://www.com-molise.com/nl/property/carlo-di-borbone-casa-vacanze-hotel.html	0	200	
https://www.cicchellicaffe.it/	0	200	
https://www.compagniastabiledelmolise.com/	0	200	
https://www.comune.bojano.cb.it/	0	404	
https://www.comune.acquavivacollecroce.cb.it/it	0	200	
https://www.comune.agnone.is.it/	0	404	
https://www.comune.campobasso.it/sito/	0	200	
https://www.comune.busso.cb.it/	0	200	
https://www.comune.campodipietra.cb.it/	0	404	
https://www.comune.campolieto.cb.it/	0	404	
https://www.capracotta.com/	28		
https://www.comune.castellinodelbiferno.cb.it/	0	404	
https://www.comune.cercemaggiore.cb.it/	0	404	
https://www.comune.civitacampomarano.cb.it/	0	404	
https://www.comune.gambatesa.cb.it/	0	404	
https://www.comune.colletorto.cb.it/hh/index.php	0	200	
https://www.comune.guardialfiera.cb.it/	0	404	
https://www.comune.bonefro.cb.it/hh/index.php	0	200	
https://www.comune.guglionesi.cb.it/	0	404	
https://www.comune.guardiaregia.cb.it/	0	404	
https://www.comune.isernia.it/it/point-of-interest/735438	0	415	
https://www.comune.longano.is.it/pag_la_storia.html	0	200	
https://www.comune.lucito.cb.it/	0	200	
https://www.comune.larino.cb.it/	0	404	
https://www.comune.gildone.cb.it/	0	404	
https://www.comune.macchiavalfortore.cb.it/	0	404	
https://www.comune.macchiavalfortore.cb.it/zf/index.php/comunita-religiose/index-chiesa/dettaglio-chiesa/chiesa/3	0	404	
https://www.comune.jelsi.cb.it/	0	404	
https://www.comune.lupara.cb.it/	0	404	
https://www.comune.mafalda.cb.it/it	0	200	
https://www.comune.mirabellosannitico.cb.it/	0	404	
https://www.comune.matrice.cb.it/	0	404	
https://www.comune.molise.cb.it/hh/index.php	0	200	
https://www.comune.montemitro.cb.it/it	0	200	
https://www.comune.montecilfone.cb.it/	0	404	
https://www.comune.montefalconenelsannio.cb.it/	0	404	
https://www.comune.petacciato.cb.it/it	0	200	
https://www.comune.palata.cb.it/	0	404	
https://www.comune.monacilioni.cb.it/hh/index.php	0	200	
https://www.comune.pietracupa.cb.it/	0	404	
https://www.comune.montorioneifrentani.cb.it/hh/index.php	0	200	
https://www.comune.riccia.cb.it/	0	404	
https://www.comune.petrellatifernina.cb.it/hh/index.php	0	200	
https://www.comune.ripalimosani.cb.it/	0	404	
https://www.comune.roccavivara.cb.it/	0	404	
https://www.comune.ripabottoni.cb.it/hh/index.php	0	200	
https://www.comune.rotello.cb.it/	0	404	
https://www.comune.salcito.cb.it/it	0	200	
https://www.comune.sangiovanniingaldo.cb.it/	0	200	
https://www.comune.sanfelicedelmolise.cb.it/	0	404	
https://www.comune.sangiulianodelsannio.cb.it/	0	200	
https://www.comune.sanmartinoinpensilis.cb.it/	0	404	
https://www.comune.sangiacomo.cb.it/it	0	200	
https://www.comune.sanmassimo.cb.it/	0	415	
https://www.comune.sanbiase.cb.it/	0	404	
https://www.comune.sangiulianodipuglia.cb.it/	0	404	
https://www.comune.santangelolimosano.cb.it/hh/index.php	0	200	
https://www.comune.sanpolomatese.cb.it/	0	404	
https://www.comune.spinete.cb.it/	0	200	
https://www.comune.sepino.cb.it/	0	200	
https://www.comune.santeliaapianisi.cb.it/	0	404	
https://www.comune.tavenna.cb.it/it	0	200	
https://www.comune.termoli.cb.it/	0	200	
https://www.comune.termoli.cb.it/vivere-il-comune/luoghi/piazza-vittorio-veneto/	0	200	
https://www.comune.trivento.cb.it/	0	404	
https://www.comune.tufara.cb.it/	0	404	
https://www.conad.it/ricerca-negozi/negozio.005911.html	0	301	https://www.conad.it/ricerca-negozi/spazio-conad-via-colle-delle-api-44-86100-campobasso--005911
https://www.conad.it/ricerca-negozi/negozio.009513.html	0	301	https://www.conad.it/ricerca-negozi/spazio-conad-cda-padula-ss-16-c-o-centro-comm-costaverde-snc-86036-montenero-di-bisaccia--009513
https://www.comune.vinchiaturo.cb.it/	0	404	
https://www.conad.it/ricerca-negozi/negozio.050065.html	0	301	https://www.conad.it/ricerca-negozi/conad-self-24h-via-colle-delle-api-44-86100-campobasso--050065
https://www.conservatorioperosi.it/	0	200	
https://www.consorziobonificasud.it/	0	403	
https://www.consorzioforestalematese.it/	0	200	
https://www.comune.ururi.cb.it/	0	404	
https://www.credit-agricole.it/	0	200	
https://www.demarifishfood.com/	6		
https://www.comune.toro.cb.it/	0	404	
https://www.costaverde.it/	0	415	
https://www.dicesareimmobiliare.it/	0	301	https://dicesareimmobiliare.it/it/
https://www.dimajonorante.com/	0	302	https://www.dimajonorante.com/en
https://www.diocesitrivento.it/diocesi/le-parrocchie/maria-ssma-di-costantinopoli/1	0	200	
https://www.diocesitrivento.it/	0	200	
https://www.dlgraphic.it/	0	200	
https://www.domushotelbagnoli.it/	0	200	
https://www.domusmedicabagnoli.it/cpht-balneoli.html	0	404	
https://www.enel.it/punto-enel/	0	302	https://www.enel.it/punto-enel
https://www.domusvela.it	0	200	
https://www.era-ewv-ferp.org/e-paths/e1/	0	200	
https://www.facebook.com/Paparellaristorantepizzeria	0	200	
https://www.enel.com/media/explore/search-press-releases/press/2021/01/enel-green-power-starts-construction-of-castelmauro-wind-farm-in-molise0	0	200	
https://www.facebook.com/lasorpresa.barristorante/	0	200	
https://www.facebook.com/VillaCenter.Campobasso/	0	200	
https://www.eurospin.it/punti-vendita/bojano-541391/	0	404	
https://www.facebook.com/pages/Eremo-Lavra-Stella-Maris/193396040833338?fref=ts	0	302	https://www.facebook.com/100064896841745/?fref=ts
https://www.facebook.com/profile.php?id=100063497596101	0	301	https://www.facebook.com/people/Family-Caf%C3%A8-30/100063497596101/
https://www.facebook.com/rigenerasnc	0	200	
https://www.facebook.com/riovivocamperpark	0	200	
https://www.facebook.com/p/Rifugio-Valle-Piana-Roccamandolfi-61584276389267/	0	200	
https://www.fattoriadivaira.it/bioagriturismo/	0	302	https://www.fattoriadivaira.it/index.html
https://www.coriolis.it/	0	200	
https://www.fondazionemacte.com/	0	200	
https://www.fisiomedicaloretana.it	0	200	
https://www.fornairicci.it/	0	200	
https://www.giammatteo.it/	0	200	
https://www.giardinocapracotta.unimol.it/	0	301	https://giardinocapracotta.unimol.it/
https://www.gokartmolise.it/	6		
https://www.gioielleriadurbano.it/	0	200	
https://www.grafichearcobaleno.it	6		
https://www.grandhotel-europa.it/	0	403	
https://www.hotelcoronatermoli.it/	0	200	
https://www.hosterialuvicpdent.it/	0	200	
https://www.giustizia.it/giustizia/it/dettaglio_scheda.page?s=MII177323	0	200	
https://www.hotelmeridiano.com/it/ristorante-luna-restaurant.html/	0	200	
https://www.icgiovanni23isernia.gov.it/	6		
https://www.iccercemaggioresepino.edu.it/site/	0	415	
https://www.hotelmistral.net/it/	0	200	
https://www.idolcigrappoli.it/index.php	0	202	
https://www.ilcamminodellapace.it	0	415	
https://www.icmolisealtissimo.it/	0	403	
https://www.ferroviedelgargano.com/en-gb/	28		
https://www.instagram.com/circoloarcilaruota/	0	302	https://www.instagram.com/accounts/login/?next=https%3A%2F%2Fwww.instagram.com%2Fcircoloarcilaruota%2F&is_from_rle
https://www.immobiliarepretore.com/	0	200	
https://www.isismajoranafascitelli.edu.it/web/	0	403	
https://www.isismajoranafascitelli.edu.it	0	403	
https://www.ilcorazziere.it/	0	200	
https://www.isissgiordano.edu.it/	0	403	
https://www.istat.it/it/istituto-nazionale-di-statistica/organizzazione/sedi-territoriali	0	404	
https://www.italiamappata.it/molise/cb/132-iacovantuono/	0	200	
https://www.italia.it/it/molise/guardialfiera/chiese-luoghi-di-culto/parrocchia-guardialfiera---antica-cattedrale-di-santa-maria-assunta	0	404	
https://www.italiamappata.it/molise/cb/145-macchie/	0	200	
https://www.italiamappata.it/molise/cb/222-piana/	0	200	
https://www.italiamappata.it/molise/cb/189-monte/	0	200	
https://www.italiamappata.it/molise/cb/230-pietroneri/	0	200	
https://www.julierose.it/	0	403	
https://www.italiamappata.it/molise/cb/8-anniballi/	0	200	
https://www.labottegadegliangeligolosi.it/	0	202	
https://www.kalenartemaack.com/	0	200	
https://www.lacasadiduilia.it	60		
https://www.laginestra.info/	0	200	
https://www.lafontedellastore.it/	0	200	
https://www.lastamperialab.it/	60		
https://www.latavernettacb.it/	0	301	https://latavernettacb.it/
https://www.inail.it/cs/internet/istituto/struttura-organizzativa/uffici-territoriali/molise.html	28		
https://www.lapinetacamping.it/home.html	0	200	
https://www.lecupolette.com/	0	200	
https://www.lerotaie.com/	0	200	
https://www.leterredelsacramento.com/	0	415	
https://www.ledunetermoli.it/	0	200	
https://www.lidl.it/	0	200	
https://www.locandabelvedere.eu/	0	200	
https://www.lidoilpiratatermoli.it/	0	200	
https://www.lucepiumolise.com/	0	415	
https://www.lulivobianco.com/	0	302	https://en.lulivobianco.com/
https://www.locandamammi.it/	0	200	
https://www.mdblab.it/	6		
https://www.matteopetrarcarevisioni.it	0	200	
https://www.molisealberi.com/pescopennataro-santangelo-del-pesco-il-bosco-degli-abeti-soprani-prima-parte/	0	301	https://miscpix.com/
https://www.misterietradizioni.com/	0	200	
https://www.molisealberi.com/poggio-sannita-le-ramificanti-roverelle-a-san-cataldo/	0	301	https://miscpix.com/
https://www.montedimezzo.it/	6		
https://www.molisewow.com/termoli-sotterranea	0	200	
https://www.lucarratino.it/	0	200	
https://www.lapianadeimulini.it/	28		
https://www.musei.molise.beniculturali.it/musei?mid=208&nome=museo-sannitico	0	200	
https://www.musei.molise.beniculturali.it/musei?mid=210&nome=complesso-monumentale-di-san-vincenzo-al-volturno	0	200	
https://www.musei.molise.beniculturali.it/musei?mid=213&nome=museo-archeologico-di-venafro	0	200	
https://www.musei.molise.beniculturali.it/musei?mid=214&nome=museo-nazionale-di-castello-pandone	0	200	
https://www.museodelrame.it/en-us/	0	200	
https://www.musei.molise.beniculturali.it/musei?mid=5212&nome=museo-palazzo-pistilli	0	200	
https://www.myc.it/marinadisanpietro/	0	404	
https://www.musei.molise.beniculturali.it/musei?mid=6691&nome=santuario-italico	0	200	
https://www.musei.molise.beniculturali.it/musei?mid=934&nome=castello-di-civitacampomarano	0	200	
https://www.noloscicapracotta.it/	0	200	
https://www.oasitigre.it/content/ot/it/it/il-mio-negozio.414.html	0	200	
https://www.oasitigre.it/it/il-mio-negozio.6202.html?utm_source=google&utm_medium=organic&utm_campaign=gmb&utm_content=6202	0	200	
https://www.olioextraverginesammartino.com/	0	403	
https://www.oliodesocio.com/	0	200	
https://www.omnicomprensivoguglionesi.edu.it/	0	415	
https://www.ortodautore.it	0	200	
https://www.ordinegeologimolise.it	0	302	/NuovoSito
https://www.occhionerocostruzioni.it/	0	200	
https://www.oblocaffe.it/	0	301	https://oblocaffe.it/
https://www.otticaluciani.it/	0	200	
https://www.palazzocorsoumberto.it/	0	200	
https://www.pannoniarredamenti.com/	0	200	
https://www.panificiodelizie.it/	0	200	
https://www.parcoabruzzo.it/area_amministrativa.php	0	200	
https://www.parcoabruzzo.it/sentiero.php?id_iti=4213	0	200	
https://www.parcoabruzzo.it/sentiero.php?id_iti=4229	0	200	
https://www.pavesasrl.it/	60		
https://www.parcodellestelle.net/	0	200	
https://www.parcodellolivodivenafro.eu/	0	200	
https://www.pensionevillaida.it/	0	202	
https://www.panetteriaspigadoro.it/	0	200	
https://www.poste.it/	0	200	
https://www.pizzeriadatonino.it/	0	200	
https://www.poste.it/cerca/index.html#/risultati-cerca-up/frosolone	0	200	
https://www.prolococollenisoguglionesi.com/	0	200	
https://www.provincia.isernia.it/	0	302	hh/index.php
https://www.posteitaliane.it/	0	500	
https://www.rfi.it/it/risultati.html?s=venafro&p=%2Fcontent%2Frfi%2Fit%2Fstazioni	0	200	
https://www.rfi.it/it/stazioni/boiano.html	0	200	
https://www.rfi.it/it/stazioni/campobasso.html	0	200	
https://www.rfi.it/it/stazioni/campolieto-monacilioni.html	0	200	
https://www.rfi.it/it/stazioni/campomarino.html	0	200	
https://www.residenzasveva.com/	0	200	
https://www.rfi.it/it/stazioni/carpinone.html	0	200	
https://www.rfi.it/it/stazioni/casacalenda-guardialfiera.html	0	200	
https://www.rfi.it/it/stazioni/isernia.html	0	200	
https://www.rfi.it/it/stazioni/larino.html	0	200	
https://www.rfi.it/it/stazioni/montenero-petacciato.html	0	200	
https://www.rfi.it/it/stazioni/ripabottoni-s-elia.html	0	200	
https://www.rfi.it/it/stazioni/rocca-ravindola.html	0	200	
https://www.rfi.it/it/stazioni/sesto-campano.html	0	200	
https://www.rfi.it/it/stazioni/termoli.html	0	200	
https://www.rfi.it/it/stazioni/vinchiaturo.html	0	200	
https://www.ristoranteilcavallucciomarino.net/	6		
https://www.ristoranteilpotesta.com/	0	404	
https://www.riservamabaltomolise.it/	0	200	
https://www.ristoranteolmicello.com/	0	200	
https://www.ristorantevilladellerose.net/	0	200	
https://www.pizzeriadanisa.it/	28		
https://www.ristorantepizzeriasoda.it	0	200	
https://www.salvatoremincioneguarino.com/	6		
https://www.sanpietroturismo.it/ostello.htm	6		
https://www.sabbiadorocb.it/	0	200	
https://www.sanniosapori.com/	0	200	
https://www.ristopubniagara.it/	0	200	
https://www.santuaritaliani.it/santuario/maria-ss-delle-grazie-madonna-del-piano/	0	415	
https://www.solelago.com/hotel.php	60		
https://www.scuolascicapracotta.com	0	200	
https://www.smaltimentisud.com/	0	200	
https://www.sepino.net/turismo/c38-pacchetti-turistici-itinerari-a-sepino-ed-in-molise/conventino/	0	200	
https://www.staffoli.it/	0	302	?
https://www.supermercatideco.it/	0	200	
https://www.tavernadelduca.net/	6		
https://www.teatrodelloto.it/	0	200	
https://www.tenutedigiulio.it/site/	0	202	
https://www.svevia.it/	0	200	
https://www.termolituristica.com/	0	302	https://en.termolituristica.com/
https://www.tesla.com/findus/location/supercharger/montenerodibisacciasupercharger	0	403	
https://www.tenutemartarosa.com/	0	301	https://www.tenutemartarosa.com/it/
https://www.trekkingitalia.org/	0	200	
https://www.torresinarca.it/	0	200	
https://www.tripadvisor.it/Hotel_Review-g3346479-d7092018-Reviews-Agriturismo_Occhito-Macchia_Valfortore_Province_of_Campobasso_Molise.html	0	403	
https://www.tripadvisor.it/Restaurant_Review-g3346479-d4020849-Reviews-Aia_della_Foresta-Macchia_Valfortore_Province_of_Campobasso_Molise.html	0	403	
https://www.tripadvisor.it/Restaurant_Review-g3346479-d6828329-Reviews-Ristorante_dell_Agriturismo_Horse_s_Ranch-Macchia_Valfortore_Province_of_Campoba.html	0	403	
https://www.unodopolaltro.it/	0	200	
https://www.varvarusa.it/	0	200	
https://www.tenimentigrieco.it/	0	200	
https://www.villa-maria.it/	0	200	
https://www.villaggiociocca.it/	0	200	
https://www.vinica.it/	0	301	https://www.agricolavinica.it/
https://www.vinica.it	0	301	https://www.agricolavinica.it/
https://www.villaggiosilverage.it/site/	0	200	
https://www.vivaiomignogna.com/	0	200	
https://www.vinica.it/it/	0	301	https://www.agricolavinica.it/
https://www.webdomus.net/	0	403	
https://www.sportingclubcampobasso.it/	28		
https://www.workdesignsrl.com/	0	200	
www.comune.cerroalvolturno.is.it	-1		
www.dccsoftair.com	-1		
www.granrisparmiosupermercati.it	-1		
www.ristorantemediterraneosea.it	-1		
https://www.wwf.it/dove-interveniamo/il-nostro-lavoro-in-italia/oasi/guardiaregia-campochiaro/	0	200	
https://www.zippark.it/	0	200	
https://www.zarapasticceria.it/	0	200	
