http://farmaletto.it/	6		
http://cantineditullio.com/	0	301	http://www.cantineditullio.com/
http://giagnacovo.it/	6		
http://lavanderialapentrica.blogspot.com	0	200	
http://archeologicamolise.beniculturali.it/index.php?it/219/opere/28/cercemaggiore-fortificazione-sannitica	0	301	http://sabapmolise.beniculturali.it
http://archeologicamolise.beniculturali.it/index.php?it/219/opere/48/san-giuliano-del-sannio-villa-romana-in-localit-santa-margherita-crocella	0	301	http://sabapmolise.beniculturali.it
http://pizzeria-camelot.jany.io/	0	301	https://pizzeria-camelot.jany.io/
http://poliziadistato.it	0	301	http://www.poliziadistato.it/
http://prolocoterventum.altervista.org/a-trivento/il-castello/	0	403	
http://ristorantelaperladelmolise.net	6		
http://turismo.provincia.campobasso.it/flex/cm/pages/ServeBLOB.php/L/IT/IDPagina/407	6		
http://www.agriturismoartemide.com	0	200	
http://www.agriturismovillamarcella.it/	0	200	
http://www.agriturismozampacorta.it/	0	200	
http://www.alcolle.com/	0	200	
http://www.ambrosiacb.it/	0	301	https://www.ambrosiacb.it/
http://www.archeologia.beniculturali.it/index.php?en/142/scavi/scaviarcheologici_4e048966cfa3a/178	6		
http://www.archeologicamolise.beniculturali.it/index.php?it/177/campochiaro-il-santuario-di-ercole	0	301	http://sabapmolise.beniculturali.it
http://www.artechirico.it	6		
http://www.beb-villaditullio.com/	6		
http://www.bebcampobasso.it/	6		
http://musei.beniculturali.it/musei?mid=6027&nome=museo-archeologico-santa-maria-delle-monache	0	200	
http://www.campitelloextremeteam.com/web/index/	6		
http://musei.beniculturali.it/musei?mid=5391&nome=museo-nazionale-del-paleolitico-di-isernia	0	200	
http://musei.beniculturali.it/musei?mid=209&nome=museo-della-citta-e-del-territorio-sepino	0	200	
http://www.cantindelisio.com	6		
http://www.camilloperrella.net/	0	200	
http://www.campodiciello.it	6		
http://www.casaledeicerri.it	6		
http://www.casadiaccoglienzavillasantamariamdc.it/	0	200	
http://www.carrodeigiovani.org/	0	200	
http://www.centroradiologicopotitocb.com/	6		
http://www.castelmauro.org/	0	200	
http://www.cianfagna.com/	0	200	
http://www.cmscostruzionimetalliche.it/	0	503	
http://www.conservatorioperosi.it/	0	301	https://www.conservatorioperosi.it/
http://www.convittonazionalemariopagano.it/	0	200	
http://www.comune.montenerodibisaccia.cb.it	0	307	https://www.comune.montenerodibisaccia.cb.it:443/
http://www.cozy.it/AVM/AVM.html	0	301	http://www.cozy.it
http://www.farmacialediomedee.it/index.asp	0	301	https://ordinionline.valoresalute.it/farmacie/le-diomedee-srl/289980
http://www.hotelledune.net/	6		
http://www.era-ewv-ferp.com/index.php?topmenu_id=29&id=29&page_id=99&module=text	0	302	https://www.era-ewv-ferp.org/internal//index.php?topmenu_id=29&id=29&page_id=99&module=text
http://www.hotelruffirio.it/	0	200	
http://www.emmegross.it/punti_vendita.php?fm_browse_regione=molise	0	301	http://emmegross.it/punti_vendita.php?fm_browse_regione=molise
http://www.ilgiardinoparlante.com/mappa-interattiva/	6		
http://www.iapalucci.it	0	200	
http://www.istitutomnicomprensivotrivento.gov.it/	6		
http://www.icsangiovanniboscoisernia.it/	0	403	
http://www.lapinetacamping.it/home.html	0	200	
http://www.lidolalampara-termoli.it/	6		
http://www.immobiliarepretore.com/	0	200	
http://www.lecupolette.com/	0	302	https://www.lecupolette.com/
http://www.lipumolise.altervista.org/	0	200	
http://www.lidosirene.it/	0	200	
http://www.locanda-sangiorgio.it/	0	200	
http://www.molisecereali.it/	0	200	
http://www.molisealberi.com/poggio-sannita-le-ramificanti-roverelle-a-san-cataldo/	0	301	https://www.molisealberi.com/poggio-sannita-le-ramificanti-roverelle-a-san-cataldo/
http://www.oasiguardiaregiacampochiaro.it	0	200	
http://www.noloscicapracotta.it/	0	200	
http://www.pizzeriadatonino.it	0	301	https://www.pizzeriadatonino.it/
http://www.masseria-grande.it/	0	200	
http://www.pleiadishotel.it/	0	200	
http://www.qualitafulvio.com/Prodotti.htm	6		
http://www.ribomolise.it/	0	200	
http://www.occhionerocostruzioni.it	0	200	
http://www.ristolidolarisacca.it/	6		
http://www.ristorantedonchisciotte.eu	6		
http://www.ristorante-miralago.it/	0	301	https://www.ristorante-miralago.it/
http://www.ristorantenetta.com/	6		
http://www.rottamauto.com/	0	301	https://www.rottamauto.it
http://www.ristorantelelfo.it	0	200	
http://www.ristorante-gold.it/	0	200	
http://www.scuolecasacalenda.gov.it/	6		
http://www.s-michaelion.it	6		
http://www.sanniti.info/sangioga.html	0	200	
http://www.solelago.com/hotel.php	0	403	
http://www.terresacre.net/	0	301	http://www.terresacre.com/
http://www.turismo-civitacampomarano.it/i-percorsi/il-cimitero-napoleonico/	6		
http://www.unimol.it/servizi/biblioteche	0	307	https://www.unimol.it:443/servizi/biblioteche
http://www.unodopolaltro.it	0	200	
http://www.teatrodelloto.it	0	301	https://www.teatrodelloto.it/
http://www.villaannacasadiriposo.it/	6		
http://www.villaggioazzurra.it/	0	302	/it/
http://www.fondazionecultura.it/	28		
http://www2.provincia.campobasso.it/ambiente/banca_dati/torivo.htm	6		
http://www2.unimol.it	0	307	https://www2.unimol.it:443/
http://www.varvarusa.it/	0	200	
http://www3.provincia.campobasso.it/home	6		
https://agriturismoessentia.com/	0	403	
http://www3.regione.molise.it/flex/cm/pages/ServeBLOB.php/L/IT/IDPagina/657	56		
https://altaviahorses.com/	0	403	
https://alpescatore.org/	0	200	
https://appenninobiketour.com/percorso/	0	404	
https://biomelise.it/	0	200	
https://agriturismocostantini.com/	0	200	
https://blublu.org/sito/walls/2011/big/016.jpg	0	404	
https://ciclistore.it/	0	200	
https://comune.provvidenti.cb.it/	0	200	
https://ctemolise.it/it/	0	403	
https://comune.casalciprano.cb.it/	0	200	
https://dallapartedegliultimi.altervista.org/	0	200	
https://cultura.gov.it/luogo/parco-archeologico-di-sepino-area-archeologica-di-altilia-saepinum	0	200	
https://disv.it/letterario	0	302	https://dishcovery.menu/app/restaurants/4dbafd865e3060fc190bdd1a2f7626ec
https://dnameccanica.com/	0	200	
https://en.eurovelo.com/ev5/italy	0	200	
https://guias.viajes.com/italy/castel-del-giudice/vecchio-mulino/	6		
https://gegauto.it/	0	200	
https://ildelfino.wordpress.com/	0	200	
http://www.webalice.it/antonio.dipaolo/IL_MIO_CAMPO_DI_VOLO.html	28		
https://lagonero.thefork.rest/en_GB/	0	410	
https://la-sorgente.amolitalia.top/	0	301	https://turistasviajeros.com/italy/rocchetta-alta/la-sorgente/
https://lidobalneare.termoli.cb.it/	6		
https://lidolaperlatermoli.business.site/	0	404	
https://m.facebook.com/ciaccusagnone	0	302	https://m.facebook.com/login.php?next=https%3A%2F%2Fm.facebook.com%2Fciaccusagnone&refsrc=deprecated&_rdr
https://gustusristorante.com/	0	200	
https://molise.lgbt/	0	200	
https://neuromed.it/	0	200	
https://nuvolaria.com	35		
https://novusstudios.it	0	200	
https://marturresort.com/	0	200	
https://bebmarilu.jimdo.com	28		
https://pamretailpro.it/punti_vendita/guglionesi-via-molise/	0	404	
https://procura-isernia.giustizia.it/	0	200	
https://prefettura.interno.gov.it/it/prefetture/isernia	0	200	
https://ristorantefedericoii.it/	6		
https://salsedine-cucina-di-mare.business.site/	0	404	
https://ristorantealvecchiotratturo.it/	0	200	
https://paolino.it/	0	200	
https://residenzaguglielmi.it/	0	200	
https://sensibus.business.site/	0	404	
https://santuarioaddolorata.it/	0	301	https://www.santuarioaddolorata.it/
https://tribunale-isernia.giustizia.it/it/giudice_di_pace_di_venafro.page	0	200	
https://tribunale-isernia.giustizia.it/	0	200	
https://tribunale-isernia.giustizia.it/it/giudice_di_pace_di_isernia.page	0	200	
https://studiopolisena.it/	0	200	
https://www.abitermoli.it/	0	302	https://www.immobiliaremartucci.it/
https://www.agriterraesapori.it/	0	200	
https://www.agriturismoalberione.it/	0	200	
https://www.agenziademanio.it/opencms/it/agenzia/strutturaorganizzativa/direzioniterritoriali/abruzzomolise/	0	500	
https://www.agriturismolasorgente.it/	0	200	
https://www.airbnb.it/rooms/691863292754829367	0	200	
https://www.alohabeachtermoli.com/	0	200	
https://www.alberghierotermoli.edu.it	0	200	
https://www.altovastese.it/ambient/il-sito-di-interesse-comunitario-sic-monte-mauro-selva-di-montefalcone-nel-sannio-cb/	0	200	
https://www.alpescatore.org/	0	301	https://alpescatore.org/
https://www.agriturismolecoccole.it/	0	200	
https://www.archilovers.com/projects/3032/parco-della-memoria-san-giuliano-di-puglia.html	0	200	
https://www.arsideastudio.com/newsars.asp	0	200	
https://www.athenapark.it	6		
https://www.asrem.molise.it/lazienda/presidio-ospedaliero-unico-regionale/ospedale-di-isernia-spoke/	0	500	
https://www.autodemolizionicipullo.com/	0	200	
https://www.agenziafunebrecordiscoemanzone.it/dove-siamo/guglionesi-cb.html	0	403	
https://www.aziendaterramadre.it/	0	301	https://shop.aziendaterramadre.it/
https://www.basilicoepepe.it/	0	200	
https://www.azeltech.it/	0	200	
https://www.bccabruzziemolise.it/filiali/guglionesi/	0	200	
https://www.biancaneve.info/	0	200	
https://www.borgodicolloredo.com/wp/homepage-en/	0	301	https://borgodicolloredo.com/wp/homepage-en/
https://www.aziendatorosacro.com	0	200	
https://www.bicitalia.org/it/bicitalia/gli-itinerari-bicitalia/131-bi6-ciclovia-adriatica	0	200	
https://www.autoricambicolantuono.it/	0	200	
https://www.bottegasaporitermoli.it/	35		
https://www.borgodicolloredo.com/wp/masseria-le-piane-en/	0	301	https://borgodicolloredo.com/wp/masseria-le-piane-en/
https://www.bper.it/scheda-filiale/-/filiale/molise/campobasso/agenzia-6023	0	200	
https://www.borgotufi.it/	0	200	
https://www.calasveva.it/	0	200	
https://www.caimontaquila.it/	0	200	
https://www.campingmolise.it/	0	200	
https://www.calicerosso.it/	0	200	
https://www.campingvillagecorrado.com/	0	200	
https://www.campomarinolido.com	0	301	https://www.campomarinolido.com/it/
https://www.capracotta.com/	0	301	https://capracotta.com/
https://www.cattedraleisernia.org/	0	403	
https://www.cantineduva.it/	0	200	
https://www.centrocostaverde.com	0	301	https://centrocostaverde.com/
https://www.cimiweb.it/cat/b519/v/ana.html	0	200	
https://www.centroartemisiacampobasso.it/	0	200	
https://www.claudiocipressi.it/	0	200	
https://www.com-molise.com/it/property/casa-vacanza-centro-storicovilla.html	0	429	
https://www.com-molise.com/nl/property/carlo-di-borbone-casa-vacanze-hotel.html	0	429	
https://www.comune.bojano.cb.it/	0	404	
https://www.claudiocipressi.it/site/it/home/	0	301	https://claudiocipressi.it/site/it/home/
https://www.compagniastabiledelmolise.com/	0	200	
https://www.comune.guglionesi.cb.it/	0	404	
https://www.comune.campobasso.it/	0	302	hh/index.php
https://www.cicchellicaffe.it/	0	200	
https://www.comune.macchiavalfortore.cb.it/zf/index.php/comunita-religiose/index-chiesa/dettaglio-chiesa/chiesa/3	0	404	
https://www.comune.longano.is.it/pag_la_storia.html	0	200	
https://www.comune.matrice.cb.it/	0	302	hh/index.php
https://www.conad.it/ricerca-negozi/negozio.005911.html	0	301	https://www.conad.it/ricerca-negozi/spazio-conad-via-colle-delle-api-44-86100-campobasso--005911
https://www.comune.molise.cb.it/hh/index.php	0	200	
https://www.conad.it/ricerca-negozi/negozio.009513.html	0	301	https://www.conad.it/ricerca-negozi/spazio-conad-cda-padula-ss-16-c-o-centro-comm-costaverde-snc-86036-montenero-di-bisaccia--009513
https://www.conad.it/ricerca-negozi/negozio.050065.html	0	301	https://www.conad.it/ricerca-negozi/conad-self-24h-via-colle-delle-api-44-86100-campobasso--050065
https://www.consorziobonificasud.it/	0	403	
https://www.comune.sanmassimo.cb.it/	0	301	https://comune.sanmassimo.cb.it/
https://www.credit-agricole.it/	0	200	
https://www.demarifishfood.com/	6		
https://www.coriolis.it/	0	200	
https://www.dicesareimmobiliare.it/	0	301	https://dicesareimmobiliare.it/it/
https://www.costaverde.it/	0	200	
https://www.dimajonorante.com/	0	302	https://www.dimajonorante.com/en
https://www.comune.isernia.it/it/point-of-interest/735438	0	301	https://www.comune.isernia.it/it/vivere/735438
https://www.domushotelbagnoli.it/	0	200	
https://www.domusmedicabagnoli.it/cpht-balneoli.html	0	404	
https://www.diocesitrivento.it/	0	200	
https://www.domusvela.it	0	200	
https://www.dlgraphic.it/	0	200	
https://www.enel.it/punto-enel/	0	302	https://www.enel.it/punto-enel
https://www.era-ewv-ferp.org/e-paths/e1/	0	200	
https://www.eurospin.it/punti-vendita/bojano-541391/	0	404	
https://www.facebook.com/Paparellaristorantepizzeria	0	200	
https://www.facebook.com/VillaCenter.Campobasso/	0	200	
https://www.facebook.com/lasorpresa.barristorante/	0	200	
https://www.facebook.com/pages/Eremo-Lavra-Stella-Maris/193396040833338?fref=ts	0	302	https://www.facebook.com/100064896841745/?fref=ts
https://www.fattoriadivaira.it/bioagriturismo/	0	302	https://www.fattoriadivaira.it/index.html
https://www.facebook.com/profile.php?id=100063497596101	0	301	https://www.facebook.com/people/Family-Caf%C3%A8-30/100063497596101/
https://www.fondazionemacte.com/	0	200	
https://www.facebook.com/riovivocamperpark	0	200	
https://www.ferroviedelgargano.com/en-gb/	0	200	
https://www.giardinocapracotta.unimol.it/	0	200	
https://www.giammatteo.it/	0	200	
https://www.fornairicci.it/	0	200	
https://www.gioielleriadurbano.it/	0	200	
https://www.grandhotel-europa.it/	0	403	
https://www.fisiomedicaloretana.it	0	200	
https://www.hotelmeridiano.com/it/ristorante-luna-restaurant.html/	0	200	
https://www.grafichearcobaleno.it	0	200	
https://www.icgiovanni23isernia.gov.it/	6		
https://www.hotelmistral.net/it/	0	200	
https://www.inail.it/cs/internet/istituto/struttura-organizzativa/uffici-territoriali/molise.html	0	302	https://www.inail.it/portale/it.html
https://www.ilcamminodellapace.it	0	200	
https://www.instagram.com/circoloarcilaruota/	0	302	https://www.instagram.com/accounts/login/?next=https%3A%2F%2Fwww.instagram.com%2Fcircoloarcilaruota%2F&is_from_rle
https://www.idolcigrappoli.it/index.php	0	301	https://idolcigrappoli.it/
https://www.hosterialuvicpdent.it/	0	200	
https://www.isissgiordano.edu.it/	0	403	
https://www.isismajoranafascitelli.edu.it	0	403	
https://www.isismajoranafascitelli.edu.it/web/	0	403	
https://www.julierose.it/	0	403	
https://www.kalenartemaack.com/	0	200	
https://www.italia.it/it/molise/guardialfiera/chiese-luoghi-di-culto/parrocchia-guardialfiera---antica-cattedrale-di-santa-maria-assunta	0	404	
https://www.lacasadiduilia.it	60		
https://www.istat.it/it/istituto-nazionale-di-statistica/organizzazione/sedi-territoriali	0	404	
https://www.labottegadegliangeligolosi.it/	0	301	https://labottegadegliangeligolosi.it/
https://www.lastamperialab.it/	60		
https://www.lafontedellastore.it/	0	200	
https://www.laginestra.info/	0	200	
https://www.lapianadeimulini.it/	0	200	
https://www.leterredelsacramento.com/	6		
https://www.ledunetermoli.it/	0	200	
https://www.lerotaie.com/	0	200	
https://www.lianna.it/	0	200	
https://www.latavernettacb.it/	0	301	https://latavernettacb.it/
https://www.lidl.it/	0	200	
https://www.lidoilpiratatermoli.it/	0	403	
https://www.lidomistral.com/	0	200	
https://www.locandamammi.it/	0	200	
https://www.lucepiumolise.com/	0	200	
https://www.lulivobianco.com/	0	200	
https://www.locandabelvedere.eu/	0	200	
https://www.lidolapiovra.com/	0	200	
https://www.matteopetrarcarevisioni.it	60		
https://www.m2movement.it/	0	200	
https://www.mdblab.it/	0	404	
https://www.misterietradizioni.com/	0	200	
https://www.lucarratino.it/	0	200	
https://www.maronda.it/	0	200	
https://www.montedimezzo.it/	6		
https://www.molisewow.com/borgodellefonti	0	200	
https://www.molisewow.com/termoli-sotterranea	0	200	
https://www.musei.molise.beniculturali.it/musei?mid=208&nome=museo-sannitico	0	200	
https://www.musei.molise.beniculturali.it/musei?mid=210&nome=complesso-monumentale-di-san-vincenzo-al-volturno	0	200	
https://www.musei.molise.beniculturali.it/musei?mid=213&nome=museo-archeologico-di-venafro	0	200	
https://www.musei.molise.beniculturali.it/musei?mid=214&nome=museo-nazionale-di-castello-pandone	0	200	
https://www.museionline.info/musei/museo-di-storia-naturale-della-valle-del-fortore	0	200	
https://www.myc.it/marinadisanpietro/	0	404	
https://www.musei.molise.beniculturali.it/musei?mid=5212&nome=museo-palazzo-pistilli	0	200	
https://www.musei.molise.beniculturali.it/musei?mid=6691&nome=santuario-italico	0	200	
https://www.oasidellemainarde.com/	0	200	
https://www.musei.molise.beniculturali.it/musei?mid=934&nome=castello-di-civitacampomarano	0	200	
https://www.oasitigre.it/it/il-mio-negozio.6202.html?utm_source=google&utm_medium=organic&utm_campaign=gmb&utm_content=6202	0	200	
https://www.oliodesocio.com/	0	200	
https://www.omnicomprensivoguglionesi.edu.it/	0	403	
https://www.ordinegeologimolise.it	0	302	/NuovoSito
https://www.ortodautore.it	0	403	
https://www.otticaluciani.it/	0	200	
https://www.olioextraverginesammartino.com/	0	301	https://olioextraverginesammartino.com/
https://www.pannoniarredamenti.com/	0	200	
https://www.oblocaffe.it/	0	301	https://oblocaffe.it/
https://www.palazzocorsoumberto.it/	0	200	
https://www.parcoabruzzo.it/area_amministrativa.php	0	200	
https://www.parcodellestelle.net/	0	200	
https://www.parcoabruzzo.it/sentiero.php?id_iti=4213	0	200	
https://www.parcoabruzzo.it/sentiero.php?id_iti=4229	0	200	
https://www.pavesasrl.it/	0	200	
https://www.parcodellolivodivenafro.eu/	0	200	
https://www.parcosepino.it/	0	200	
https://www.parcoregionaledelmatese.it/	0	200	
https://www.posteitaliane.it/	0	500	
https://www.prolococollenisoguglionesi.com/	0	200	
https://www.provincia.isernia.it/	0	302	hh/index.php
https://www.pensionevillaida.it/	0	200	
https://www.pizzeriadanisa.it/	0	200	
https://www.ristoranteilcavallucciomarino.net/	6		
https://www.ristoranteilpotesta.com/	0	404	
https://www.ristoranteolmicello.com/	0	200	
https://www.riservamabaltomolise.it/	0	200	
https://www.ristorantepizzeriasoda.it	0	200	
https://www.ristorantevilladellerose.net/	0	200	
https://www.rivazzurrahomes.it	0	200	
https://www.salvatoremincioneguarino.com/	6		
https://www.sabbiadorocb.it/	0	200	
https://www.residenzasveva.com/	0	200	
https://www.sanpietroturismo.it/ostello.htm	6		
https://www.scuolascicapracotta.com	0	200	
https://www.santamariadellastradacb.it/	0	200	
https://www.smeraldocampingvillage.com/	0	200	
https://www.sepino.net/turismo/c38-pacchetti-turistici-itinerari-a-sepino-ed-in-molise/conventino/	0	200	
https://www.poste.it/cerca/index.html#/risultati-cerca-up/frosolone	0	504	
https://www.supermercatideco.it/	0	200	
https://www.staffoli.it/	0	302	?
https://www.sportingclubcampobasso.it/	0	200	
https://www.tavernadelduca.net/	0	404	
https://www.tenutemartarosa.com/	0	301	https://www.tenutemartarosa.com/it/
https://www.termolituristica.com/	0	302	https://en.termolituristica.com/
https://www.tesla.com/findus/location/supercharger/montenerodibisacciasupercharger	0	403	
https://www.svevia.it/	0	200	
https://www.trekkingitalia.org/	0	200	
https://www.torresinarca.it/	0	403	
https://www.tripadvisor.it/Hotel_Review-g3346479-d7092018-Reviews-Agriturismo_Occhito-Macchia_Valfortore_Province_of_Campobasso_Molise.html	0	403	
https://www.tripadvisor.it/Restaurant_Review-g3346479-d4020849-Reviews-Aia_della_Foresta-Macchia_Valfortore_Province_of_Campobasso_Molise.html	0	403	
https://www.tripadvisor.it/Restaurant_Review-g3346479-d6828329-Reviews-Ristorante_dell_Agriturismo_Horse_s_Ranch-Macchia_Valfortore_Province_of_Campoba.html	0	403	
https://www.villa-maria.it/	0	403	
https://www.tenutedigiulio.it/site/	0	301	https://tenutedigiulio.it/site/
https://www.villaggiociocca.it/	0	200	
https://www.vinica.it	0	301	https://www.agricolavinica.it/
https://www.vinica.it/	0	301	https://www.agricolavinica.it/
https://www.villaggiosilverage.it/site/	0	200	
https://www.vinica.it/it/	0	301	https://www.agricolavinica.it/
www.agriturismoguadocannavina.net	-1		
www.comune.cerroalvolturno.is.it	-1		
www.dccsoftair.com	-1		
www.granrisparmiosupermercati.it	-1		
www.hotelcoronatermoli.it	-1		
www.ristorantemediterraneosea.it	-1		
https://www.zarapasticceria.it/	0	403	
https://www.webdomus.net/	0	403	
https://www.tenimentigrieco.it/	28		
