<meta http-equiv="content-type" content="text/html	-1		
<title>OSM3S Response</title>	-1		
charset=utf-8" lang="en"/>	-1		
<!DOCTYPE html PUBLIC "-//W3C//DTD XHTML 1.0 Strict//EN	-1		
</body>	-1		
</head>	-1		
</html>	-1		
<body>	-1		
<head>	-1		
<html xmlns="http://www.w3.org/1999/xhtml" xml:lang="en" lang="en">	-1		
<p><strong style="color:#FF0000">Error</strong>: runtime error: open64: 0 Success /osm3s_osm_base Dispatcher_Client::request_read_and_idx::timeout. The server is probably too busy to handle your request. </p>	-1		
<p>The data included in this document is from www.openstreetmap.org. The data is made available under ODbL.</p>	-1		
http://www.w3.org/TR/xhtml1/DTD/xhtml1-strict.dtd">	0	400	
http://www.lidolalampara-termoli.it/	6		
http://www.villaggioazzurra.it/	0	302	/it/
https://appenninobiketour.com/percorso/	0	404	
https://gustusristorante.com/	0	403	
https://ildelfino.wordpress.com/	0	200	
https://lidobalneare.termoli.cb.it/	6		
https://lidolaperlatermoli.business.site/	0	404	
https://www.calasveva.it/	0	200	
http://www.lidosirene.it/	0	200	
https://www.lidomistral.com/	0	200	
https://www.lianna.it/	0	200	
https://cultura.gov.it/luogo/parco-archeologico-di-sepino-area-archeologica-di-altilia-saepinum	0	200	
https://www.molisewow.com/borgodellefonti	0	200	
https://www.m2movement.it/	0	200	
https://www.maronda.it/	0	200	
https://www.museionline.info/musei/museo-di-storia-naturale-della-valle-del-fortore	0	200	
https://www.lidolapiovra.com/	0	200	
https://www.parcoregionaledelmatese.it/	0	500	
https://www.rivazzurrahomes.it	0	200	
https://www.santamariadellastradacb.it/	0	200	
https://www.parcosepino.it/	0	200	
https://www.smeraldocampingvillage.com/	0	200	
https://www.oasidellemainarde.com/	28		
