https://www.google.com/maps/place/Volperino+Punto+Ristoro+Acli/@42.9781112,12.8645384,15z/data=!4m6!3m5!1s0x132e7d4f37f33393:0xf98f4df9541abbfe!8m2!3d42.9781112!4d12.8645384!16s%2Fg%2F11f6511kdd?hl=it	0	200	
autofficinalautomobile.it	-1		
cesabeniculturali.it	-1		
http://agriturismocollemarozzo.it/	6		
http://agriturismopoggiolo.com	0	301	https://agriturismopoggiolo.com/
http://antico-borgo-umbria.it/area-tre/home/0/all	6		
https://www.beniculturalionline.it/location-719_Villa-Colombella---WWAP,-Sede-UNESCO.php	0	200	
http://bricoio.it	0	302	https://www.bricoio.it/
http://cantinasandonna.com/	0	403	
http://cavallinoaccommodation.com/Casa/Dettagli/2	0	301	https://www.cavallinoaccommodation.com/Casa/Dettagli/2
http://dsa3.unipg.it/	0	301	https://dsa3.unipg.it/
http://fiefoligno.it	0	301	https://www.valleumbratrekking.it/
http://fornopioppi.it/	0	301	https://fornopioppi.it/
http://gelateriagirotti.com/	0	302	http://ww25.gelateriagirotti.com/?subid1=20230730-1813-48be-9b73-0cee59d5e3f2
http://casanazareno.it/	0	301	https://www.casanazareno.it/
http://globomoda.com	0	301	http://www.globomoda.com/
http://guadamello.it/	6		
http://grupponovelli.it	0	302	http://www.grupponovelli.it/
http://hotelumbria.it/	0	301	http://www.hotelumbria.it/
http://iacoponedatodi.blogspot.com/	0	200	
http://ilquerceto.umbria.it	0	301	https://www.ilquerceto.umbria.it/
http://ilsarale.it/	0	301	https://www.ilsarale.it/
http://ittterni.gov.it/	6		
http://italia.indettaglio.it/ita/umbria/perugia_sangiustino_cospaia.html	0	301	https://italia.indettaglio.it/ita/umbria/perugia_sangiustino_cospaia.html
http://kartinglequerce.altervista.org/	6		
http://labtopo.ing.unipg.it/labtopo/index.php?id=84	0	200	
http://lebontadelparco.com/	6		
http://locandadelcontenitto.it/	6		
http://michelelepri.blogspot.it/	0	302	http://michelelepri.blogspot.com/
http://lacasettanelbosco.it/	0	200	
http://musei.beniculturali.it/musei?mid=287&nome=galleria-nazionale-dellumbria	0	200	
http://musei.beniculturali.it/musei?mid=4673&nome=teatro-romano-e-antiquarium-di-gubbio	0	200	
http://musei.beniculturali.it/musei?mid=472&nome=necropoli-etrusca-crocifisso-del-tufo	0	200	
http://musei.beniculturali.it/musei?mid=5032&nome=ipogeo-dei-volumni-e-necropoli-del-palazzone	0	200	
http://musei.beniculturali.it/musei?mid=5350&nome=palazzo-ducale-di-gubbio	0	200	
http://musei.beniculturali.it/musei?mid=5351&nome=museo-archeologico-nazionale-dellumbria	0	200	
http://norcia.cc	6		
http://norcia.vacanzeacastelluccio.com/	0	301	https://norcia.vacanzeacastelluccio.com/
http://olmoagriturismo.it/	0	301	https://olmoagriturismo.it/
http://osbnorcia.org/	6		
http://musei.beniculturali.it/musei?mid=5416&nome=villa-del-colle-del-cardinale	0	200	
http://parkhotelaicappuccini.it	0	301	https://parkhotelaicappuccini.it/
http://perugia.hoteleuropapg.com	0	301	https://perugia.hoteleuropapg.com/
http://phoenixperugia.wixsite.com	0	301	https://phoenixperugia.wixsite.com/
http://polomusealeumbria.beniculturali.it/?page_id=151	0	307	https://www.musei.umbria.beniculturali.it
http://polomusealeumbria.beniculturali.it/?page_id=153	0	307	https://www.musei.umbria.beniculturali.it
http://polomusealeumbria.beniculturali.it/?page_id=3609	0	307	https://www.musei.umbria.beniculturali.it
http://padelarenaperugia.it/	0	301	https://padelarenaperugia.it/
http://polomusealeumbria.beniculturali.it/?page_id=3676	0	307	https://www.musei.umbria.beniculturali.it
http://polomusealeumbria.beniculturali.it/?page_id=3682	0	307	https://www.musei.umbria.beniculturali.it
http://ropewiki.com/Campione	0	301	https://ropewiki.com/Campione
http://ropewiki.com/Casco	0	301	https://ropewiki.com/Casco
http://ropewiki.com/Rocca_Gelli	0	301	https://ropewiki.com/Rocca_Gelli
http://shizenterni.it	0	301	https://www.shizenterni.com/
http://sassorosso.it/	0	301	https://sassorosso.it/
http://shop.ilbucaneve.eu	6		
http://sites.unipg.it/v3/terni/strutture/sede-medicina	0	403	
http://targetadv.net/	0	200	
http://tenutadelgallo.com/	0	301	https://tenutadelgallo.com/
http://tenutacasciani.com/	0	301	https://www.tenutacasciani.com/
http://turismo.comune.perugia.it/poi/giardini-carducci	0	302	https://turismo.comune.perugia.it/poi/giardini-carducci
http://touring24.info?STP=191	0	302	http://survey-smiles.com
http://turismo.comune.perugia.it/poi/museo-del-giocattolo	0	302	https://turismo.comune.perugia.it/poi/museo-del-giocattolo
http://turismo.comune.perugia.it/poi/museo-della-pievania-giuseppe-laudati	0	302	https://turismo.comune.perugia.it/poi/museo-della-pievania-giuseppe-laudati
http://turismo.comune.perugia.it/poip/museo-della-casa-contadina-don-franco-pulcinelli	0	302	https://turismo.comune.perugia.it/poip/museo-della-casa-contadina-don-franco-pulcinelli
http://turismo.comune.perugia.it/poi/orto-medievale	0	302	https://turismo.comune.perugia.it/poi/orto-medievale
http://vesuvioristorantepizzeria.it/	0	200	
http://umbriainvespa.com	0	301	https://umbriainvespa.com/
http://villaurora.com/index.html	0	200	
http://villaredenta.com	0	301	https://villaredenta.com/
http://vivalba.it/	6		
http://wwe.ilcasaletto.eu	6		
http://web.tiscali.it/sanfrancescoinn/	0	200	
http://www.2circolospoleto.edu.it/jm4/	0	301	https://www.2circolospoleto.edu.it/jm4/
http://www.AssisiBellavista.it	0	301	https://www.assisibellavista.it/
http://www.40martiridigubbio.it/	0	301	https://www.40martiridigubbio.it/
http://www.CamereSantucci.com/	0	301	https://www.CamereSantucci.com/
http://www.abaperugia.com/#	0	301	https://www.abaperugia.com/
http://www.abbaziacollemedio.it/	0	301	https://www.abbaziacollemedio.it/
http://www.acliperugia.it/	0	301	https://www.acliperugia.it/
http://www.adisupg.gov.it	6		
http://www.adisupg.gov.it/	6		
http://www.aeroclubcastelviscardo.it	0	301	https://www.aeroclubcastelviscardo.it/
http://www.HotelDarsena.it/	0	301	https://www.hoteldarsena.it/
http://www.agrariacarini.it	0	301	https://www.agrariacarini.it/
http://www.agello.it/	0	200	
http://www.agriferamelia.it/	0	301	https://www.agriferamelia.it/
http://www.agrilia.it	0	301	https://www.rifugiopercaniagrilia.org/
http://www.agriturismoalpalazzetto.it/agricampeggio.html	0	200	
http://www.agriturismoangelibiondi.com/	6		
http://www.agrileisuretime.com/	0	301	https://www.agrileisuretime.com/
http://www.agriturismocamatra.it/	0	200	
http://www.agriturismobellarosa.it/	0	301	https://www.agriturismobellarosa.it/
http://www.agriturismodeicasali.com/	0	301	https://www.agriturismodeicasali.com/
http://www.agriturismoilcasanova.com/umbriaholiday/index.php	0	301	https://www.agriturismoilcasanova.com/umbriaholiday/index.php
http://www.agriturismoilcastello.com/	0	301	https://www.agriturismoilcastello.com/
http://www.agriturismomarinella.it/	0	200	
http://www.agriturismopoponi.it/	0	301	https://www.agriturismopoponi.it/
http://www.agriturismoiltamantino.it/index.php	0	200	
http://www.agriturismospoleto.net	0	301	https://agriturismospoleto.net/
http://www.agriturismosanvito.com	0	303	http://www.agriturismosanvito.com/index.php?lang=it
http://www.agriturismotenutabuonrespiro.it/	6		
http://www.alberghierospoleto.it/WP	0	301	https://www.alberghierospoleto.it/WP
http://www.albergomontecucco.it/	0	301	https://www.albergomontecucco.it/
http://www.albornozpalace.com	0	200	
http://www.alessandrelli.eu/	0	301	http://www.alessandrelli.eu/it/
http://www.alvecchioforno.com	0	301	https://www.alvecchioforno.com/
http://www.albergoumbriaotricoli.it	0	200	
http://www.amormisericordioso.org/ws/mapa/eam/italia/eam-montecchio.htm	0	500	
http://www.annibalealtrasimeno.com/	0	200	
http://www.anticaposta.it/	0	200	
http://www.anticopomariomontepiglio.it/	6		
http://www.anticopontedeltoro.it	6		
http://www.alvecchiogranaro.it/	0	301	https://www.alvecchiogranaro.it/
http://www.armerialabeccaccia.com/index.php	6		
http://www.arpa.umbria.it/au/monitor_a_sot_quant_cont/scheda/RASIGLIA%20ALZABOVE.pdf	0	301	https://www.arpa.umbria.it:443/au/monitor_a_sot_quant_cont/scheda/RASIGLIA%20ALZABOVE.pdf
http://www.aripg.it/	0	200	
http://www.artehotelperugia.com/	0	200	
http://www.asdcastiglionedellago.com/	0	301	https://www.asdcastiglionedellago.com/
http://www.assisihostel.com	0	200	
http://www.astrosubasio.it/	0	301	https://www.astrosubasio.it/
http://www.ater.umbria.it/	0	302	https://ater.umbria.it/
http://www.assisisantachiara.it	0	301	https://www.assisisantachiara.it/
http://www.aull.it/	0	301	https://www.aull.it/
http://www.autoscuolanovatecnica.it/	0	301	https://www.autoscuolanovatecnica.it/
http://www.autoscuolevigilanzi.it/	0	301	https://www.autoscuolevigilanzi.it/
http://www.bambingesu.org/spoleto.htm	28		
http://www.bbEmily.com/	0	403	
http://www.bbilbacio.it	0	301	https://www.bbilbacio.it/
http://www.bbleghiande.it	0	301	http://www.bbleghiande.it/it/
http://www.bebalcastello.it/	0	200	
http://www.avioclubpantalla.com/newsite/home.asp	28		
http://www.berlinstreetfood.it	6		
http://www.bedandbreakfastinspello.it	0	200	
http://www.betatex.com/	0	301	http://www.betatex.com/betatex/
http://www.bettonamtb.it	0	301	https://www.bettonamtb.it/
http://www.biaginiluigi.it	0	301	https://www.biaginiluigi.it/
http://www.borgoantico.eu/	0	500	
http://www.bibliotecadellenuvole.it	0	200	
http://www.brancaleonedanorcia.it/	0	301	https://www.brancaleonedanorcia.it/
http://www.bottegadelbuongustaio.it/	0	200	
http://www.bruno.org/centro-di-formazione.php	0	200	
http://www.brenzmoto.bmw-motorrad.it/	0	301	https://www.bmw-motorrad.it/brenzmoto-terni/it/home.html
http://www.caifoligno.it	0	301	https://www.caifoligno.it/
http://www.caiterni.it/	0	403	
http://www.caiviterbo.it/	0	403	
http://www.caiperugia.it/	0	200	
http://www.camminodiassisi.it	0	200	
http://www.camminodellaluce.it/	0	200	
http://www.campingassisi.it/	0	301	http://greenvillage-camping-hotel-assisi.com
http://www.camminofrancescanodellamarca.it/	0	301	https://www.camminofrancescanodellamarca.it/
http://www.campinglaspiaggia.it/	0	301	https://www.campinglaspiaggia.it/
http://www.canoaclubperugia.it	0	301	https://www.canoaclubperugia.it/
http://www.cantinalecrete.it	0	301	https://www.cantinalecrete.it/
http://www.campingmontidelsole.it	0	301	https://www.campingmontidelsole.it/
http://www.cantinazazzera.com	0	301	https://www.cantinazazzera.com/
http://www.cantinezanchi.it/	0	200	
http://www.caos.museum/luogo/fat/	0	301	https://www.caos.museum/luogo/fat/
http://www.caos.museum/	0	301	https://www.caos.museum/
http://www.carabinieri.it	0	302	https://www.carabinieri.it/
http://www.carabinieri.it/	0	302	https://www.carabinieri.it/
http://www.caos.museum/luogo/museo-d-arte-moderna-e-contemporanea-aurelio-de-felice/	0	301	https://www.caos.museum/luogo/museo-d-arte-moderna-e-contemporanea-aurelio-de-felice/
http://www.casabruciata.com/	0	200	
http://www.casagrandecesi.gov.it/	6		
http://www.casalalta.it/index.htm	6		
http://www.cartufficiospoleto.com/	0	200	
http://www.casalesantacaterina.it/	0	301	https://www.casalesantacaterina.it/
http://www.casalottofrancescano.it	0	301	https://www.casalottofrancescano.it/
http://www.casavacanzenorcia.it	0	301	https://www.casavacanzenorcia.it/
http://www.casasereni.it/	0	200	
http://www.casavincia.it/	0	403	
http://www.cascinaantonini.com	0	200	
http://www.caseificioferretti.it	6		
http://www.caseificiofacchini.com/	0	301	https://www.caseificiofacchini.com/
http://www.casteldilago.it/	6		
http://www.castelrigone.com/	0	301	https://www.castelrigone.com/
http://www.castelrubello.it	0	403	
http://www.centrosperanza.it/	0	301	https://www.centrosperanza.it/
http://www.centromartinelli.dog	0	301	https://www.centromartinelli.dog/
http://www.cetmusic.it/	0	301	https://www.cetmusic.it/
http://www.chiaraebenedetta.com/index.html?i=1	52		
http://www.ciamweb.it/	0	301	https://www.ciamweb.it/
http://www.cinemacaporali.it/	0	301	https://www.cinemacaporali.it/
http://www.cisam.org	0	301	https://www.cisam.org/
http://www.citerna.net/	0	301	https://www.citerna.net/
http://www.cittadella.org/	0	200	
http://www.clinicalami.it/	0	301	https://clinicalami.it/
http://www.coccorone.com	0	302	https://www.coccorone.it/
http://www.collegiodelcambio.it/	0	301	https://www.collegiodelcambio.it/
http://www.comunanzacammoro.it/	0	200	
http://www.comune.acquasparta.tr.it/	0	301	https://www.comune.acquasparta.tr.it/
http://www.comune.acquasparta.tr.it/Mediacenter/FE/CategoriaMedia.aspx?idc=268&explicit=SI	0	301	https://www.comune.acquasparta.tr.it/Mediacenter/FE/CategoriaMedia.aspx?idc=268&explicit=SI
http://www.comune.allerona.tr.it/	0	301	https://www.comune.allerona.tr.it/
http://www.ciaumbria.it	28		
http://www.comune.amelia.tr.it/	0	307	https://www.comune.amelia.tr.it:443/
http://www.comune.arrone.terni.it/	0	301	https://www.comune.arrone.terni.it/
http://www.comune.assisi.pg.it/	0	301	https://www.comune.assisi.pg.it/
http://www.comune.aviglianoumbro.tr.it/	0	403	
http://www.comune.baschi.tr.it/	0	403	
http://www.comune.bevagna.pg.it/	0	302	https://www.comune.bevagna.pg.it/
http://www.comune.bettona.pg.it/	0	403	
http://www.comune.calvidellumbria.tr.it/	0	301	https://www.comune.calvidellumbria.tr.it/
http://www.comune.campello.pg.it/	0	302	https://www.comune.campello.pg.it/
http://www.comune.cannara.pg.it/	0	301	https://www.comune.cannara.pg.it/
http://www.comune.cascia.pg.it/	0	301	https://www.comune.cascia.pg.it/
http://www.comune.castel-ritaldi.pg.it/	0	302	https://www.comune.castel-ritaldi.pg.it/
http://www.comune.castelgiorgio.tr.it	0	403	
http://www.comune.castelgiorgio.tr.it/	0	403	
http://www.comune.castelviscardo.tr.it/	0	301	https://www.comune.castelviscardo.tr.it/
http://www.comune.castiglione-del-lago.pg.it/	0	301	https://www.comune.castiglione-del-lago.pg.it/
http://www.comune.cittadellapieve.pg.it/	0	301	https://www.comune.cittadellapieve.pg.it/
http://www.comune.citta-di-castello.perugia.it/	0	301	https://www.comune.citta-di-castello.perugia.it/
http://www.comune.collazzone.pg.it/	0	301	https://www.comune.collazzone.pg.it/
http://www.comune.corciano.pg.it/	0	301	https://www.comune.corciano.pg.it/
http://www.comune.corciano.pg.it/index.php/component/k2/200-antiquarium	0	301	https://www.comune.corciano.pg.it/index.php/component/k2/200-antiquarium
http://www.comune.ferentillo.tr.it/	0	301	https://www.comune.ferentillo.tr.it/
http://www.comune.fabro.tr.it/	0	200	
http://www.comune.foligno.pg.it/	0	301	https://www.comune.foligno.pg.it/
http://www.comune.ficulle.tr.it/	0	200	
http://www.comune.fossatodivico.pg.it/	0	301	https://www.comune.fossatodivico.pg.it/
http://www.comune.giove.tr.it/	0	301	https://www.comune.giove.tr.it/
http://www.comune.frattatodina.pg.it/	0	301	https://www.comune.frattatodina.pg.it/
http://www.comune.gualdocattaneo.pg.it/	0	302	https://www.comune.gualdocattaneo.pg.it/
http://www.comune.guardea.tr.it/	0	301	https://www.comune.guardea.tr.it/
http://www.comune.gubbio.pg.it/	0	301	https://www.comune.gubbio.pg.it/
http://www.comune.gubbio.pg.it/turismo/mausoleo-di-pomponio-grecino	0	301	https://www.comune.gubbio.pg.it/turismo/mausoleo-di-pomponio-grecino
http://www.comune.lugnanointeverina.tr.it/index.php	0	403	
http://www.comune.magione.pg.it/turismo-e-cultura/luoghi-di-interesse/il-castello-del-sovrano-militare-ordine-di-malta	0	301	https://www.comune.magione.pg.it/turismo-e-cultura/luoghi-di-interesse/il-castello-del-sovrano-militare-ordine-di-malta
http://www.comune.magione.pg.it/	0	301	https://www.comune.magione.pg.it/
http://www.comune.massamartana.pg.it/	0	302	https://www.comune.massamartana.pg.it/
http://www.comune.marsciano.pg.it/	0	301	https://www.comune.marsciano.pg.it/
http://www.comune.massamartana.pg.it/Mediacenter/FE/CategoriaMedia.aspx?idc=222&explicit=SI	0	302	https://www.comune.massamartana.pg.it/Mediacenter/FE/CategoriaMedia.aspx?idc=222&explicit=SI
http://www.comune.montecastellodivibio.pg.it/	0	301	https://www.comune.montecastellodivibio.pg.it/
http://www.comune.montecastrilli.tr.it/	0	403	
http://www.comune.montefalco.pg.it/	0	302	https://www.comune.montefalco.pg.it/
http://www.comune.montefranco.tr.it/	0	301	https://www.comune.montefranco.tr.it/
http://www.comune.montegabbione.tr.it/	0	301	https://comune.montegabbione.tr.it/
http://www.comune.monteleone.tr.it/	0	301	https://comune.monteleone.tr.it/
http://www.comune.monteleonedispoleto.pg.it/	0	403	
http://www.comune.montecchio.tr.it/	0	403	
http://www.comune.narni.tr.it/	0	301	https://www.comune.narni.tr.it/
http://www.comune.noceraumbra.pg.it/	0	301	https://www.comune.noceraumbra.pg.it/
http://www.comune.norcia.pg.it/	0	301	https://www.comune.norcia.pg.it/
http://www.comune.orvieto.tr.it/	0	301	https://www.comune.orvieto.tr.it/
http://www.comune.orvieto.tr.it/i/39D10794.htm	0	301	https://www.comune.orvieto.tr.it
http://www.comune.paciano.pg.it/	0	301	https://www.comune.paciano.pg.it/
http://www.comune.otricoli.tr.it/	0	200	
http://www.comune.panicale.pg.it/	0	301	https://www.comune.panicale.pg.it/
http://www.comune.parrano.tr.it/	0	200	
http://www.comune.passignano-sul-trasimeno.pg.it/	0	403	
http://www.comune.pennainteverina.tr.it/	0	403	
http://www.comune.piegaro.pg.it/	0	301	https://www.comune.piegaro.pg.it/
http://www.comune.piegaro.pg.it/c054040/zf/index.php/servizi-aggiuntivi/index/index/idtesto/51	0	301	https://www.comune.piegaro.pg.it/c054040/zf/index.php/servizi-aggiuntivi/index/index/idtesto/51
http://www.comune.polino.tr.it/	0	200	
http://www.comune.poggiodomo.pg.it/	0	403	
http://www.comune.porano.tr.it/	0	301	https://www.comune.porano.tr.it/
http://www.comune.preci.pg.it/	0	301	https://www.comune.preci.pg.it/
http://www.comune.sangemini.tr.it/home.php	0	403	
http://www.comune.scheggino.pg.it/	0	301	https://comune.scheggino.pg.it
http://www.comune.sellano.pg.it/	0	301	https://www.comune.sellano.pg.it/
http://www.comune.spello.pg.it/	0	301	https://www.comune.spello.pg.it/
http://www.comune.spoleto.pg.it/	0	200	
http://www.comune.spoleto.pg.it/turismoecultura/itinerari/itinerari-trekking/ex-ferrovia-spoleto-norcia/	0	200	
http://www.comune.stroncone.tr.it/	0	301	https://www.comune.stroncone.tr.it/
http://www.comune.torgiano.pg.it/	0	200	
http://www.comune.terni.it/	0	302	https://www.comune.terni.it/
http://www.comune.trevi.pg.it/	0	302	https://www.comune.trevi.pg.it/
http://www.comune.tuoro-sul-trasimeno.pg.it/	0	301	https://www.comune.tuoro-sul-trasimeno.pg.it/
http://www.comune.umbertide.pg.it/	0	307	https://www.comune.umbertide.pg.it:443/
http://www.comune.umbertide.pg.it/Servizi-e-uffici/Uffici/Biblioteca	0	307	https://www.comune.umbertide.pg.it:443/Servizi-e-uffici/Uffici/Biblioteca
http://www.comune.valfabbrica.pg.it/	0	301	https://www.comune.valfabbrica.pg.it/
http://www.comune.vallodinera.pg.it/	0	301	https://comune.vallodinera.pg.it/
http://www.comunederuta.gov.it/	6		
http://www.comunedialviano.it/	6		
http://www.comune.valtopina.pg.it/	0	301	https://www.comune.valtopina.pg.it/
http://www.comunediattigliano.gov.it/	6		
http://www.comunesangiustino.it/	0	301	https://comune.sangiustino.pg.it/
http://www.comunemontone.it/	0	301	https://www.comunemontone.it/
http://www.comunesantanatolia.it/	0	301	https://comune.santanatoliadinarco.pg.it/
http://www.comunescheggiaepascelupo.it/	0	301	https://www.comunescheggiaepascelupo.it/
http://www.comunespoleto.gov.it/	6		
http://www.comunespoleto.gov.it/turismoecultura/la-citta/biblioteche/biblioteca-comunale-giosue-carducci/	6		
http://www.conadspesafacile.com/	6		
http://www.coopquadrifoglio.net/it/casa_di_quartiere_la_meglio_gioventu.html	0	404	
http://www.contistore.eu/	0	301	http://contiabbigliamento.com/
http://www.corteconti.it	0	301	https://www.corteconti.it/
http://www.cricorciano.it	0	200	
http://www.countryhousegiottoassisi.it	0	301	https://www.countryhousegiottoassisi.it/
http://www.criterni.it/home.html	0	200	
http://www.csb.unipg.it/	0	301	https://csb.unipg.it/
http://www.csigubbio.it/	0	301	https://www.csigubbio.it/
http://www.ddastudio.net	0	200	
http://www.ctspoleto.it/index.html	0	200	
http://www.discovermontecucco.it/	0	301	https://www.discovermontecucco.it/
http://www.donatiabbigliamento.it	0	301	https://www.donatiabbigliamento.it/
http://www.e-coop.it/StoreLocator/mobile/storeDetail.jsp?store=251&zoom=9	0	403	
http://www.ediliziainrima.it/	0	301	https://www.ediliziainrima.it/
http://www.diocesiassisi.it/wd-annuario-enti/s-facondino-in-gualdo-t-276/	0	200	
http://www.emisupermercati.it/	0	301	https://www.emisupermercati.it/
http://www.era-ewv-ferp.com/index.php?topmenu_id=29&id=29&page_id=99&module=text	0	302	https://www.era-ewv-ferp.org/internal//index.php?topmenu_id=29&id=29&page_id=99&module=text
http://www.farmacia-bonanni.com/	6		
http://www.farmaciamenconi.it/	0	200	
http://www.eppipoti.it/	0	200	
http://www.farmaciaterni.it/old/comunale-6/	0	301	https://www.farmaciaterni.it/old/comunale-6/
http://www.fattoriacollepina.com/	6		
http://www.figest.it/	0	302	https://figest.it/
http://www.fondazionevillafabri.org	6		
http://www.fontebella.com	0	301	https://www.fontebella.com/
http://www.fonteserraterme.it/	0	301	https://www.fonteserraterme.it/
http://www.fontemaggio.it/hotel.htm	0	404	
http://www.fortesorgnano.com	0	301	https://www.fortesorgnano.com/
http://www.fulviomacelleria.com/	0	301	https://www.fulviomacelleria.com/
http://www.fugs.it/	0	301	https://www.fugs.it/
http://www.gardenspazioverdeterni.it/	0	301	https://spazioverdeterni.com
http://www.giano.umbria.it/	0	301	http://www.comune.giano-dellumbria.pg.it/
http://www.galleriaperotti.it/	0	301	https://www.galleriaperotti.it/
http://www.golfclubilcastello.altervista.org/	6		
http://www.grandtourrando.it/	0	404	
http://www.golfclubperugia.it/	0	200	
http://www.grottaantica.com/	52		
http://www.gsgt.it/brico.html#RIFUGIO	0	200	
http://www.gualdo.tadino.it/	0	301	https://tadino.it/
http://www.hostariaterrachiama.it/	0	301	https://www.hostariaterrachiama.it/
http://www.hotel-amerino.it/	6		
http://www.greentales.it/	0	301	https://www.greentales.it/
http://www.hotel-umbria.com	0	301	https://www.hotel-umbria.com/
http://www.hotel-vannucci.com/ristorante-zafferano-pievese/	0	302	https://www.hotel-vannucci.com/ristorante-zafferano-pievese/
http://www.hotel-vannucci.com/	0	302	https://www.hotel-vannucci.com/
http://www.hotelathenaspoleto.it	0	301	https://www.hotelathenaspoleto.it/
http://www.hotelauroraspoleto.it/	0	200	
http://www.hotelbontadosi.com	0	301	https://hotelbontadosi.it/
http://www.hotelcapponi.com/	0	200	
http://www.hotelcharleston.it	0	301	https://www.hotelcharleston.it/
http://www.hotelelpatio.com	0	302	/Index.aspx?idmenu=415
http://www.hotelilfocolare.it/	0	500	
http://www.hotelitaliafoligno.com	0	301	https://www.hotelitaliafoligno.com/
http://www.hotelpadulegubbio.it/	6		
http://www.hotelquadrifogliocascia.com/	0	301	https://www.hotelquadrifogliocascia.com/
http://www.hotelmorlacchi.it/	0	200	
http://www.hotelumbria-orvieto.it/	0	301	https://hotelumbria-orvieto.it/
http://www.hoteltuder.com	0	301	https://www.hoteltuder.com/
http://www.hotelvillasandonino.it	0	301	https://hotelvillasandonino.it/
http://www.icperugia15.it/ita	0	301	http://www.icperugia15.it/ita/
http://www.iciclamini.it/	0	200	
http://www.icspoleto2.it/	0	301	http://ww82.icspoleto2.it/
http://www.igeimpianti.it/	0	301	https://www.igeimpianti.it/
http://www.iisperugia.gov.it/index.asp	6		
http://www.ilborgo-agriturismo.it	0	301	https://www.ilborgo-agriturismo.it/
http://www.ilbaio.com/	0	301	https://www.ilbaio.com/
http://www.ilborgodmd.it/	0	200	
http://www.ilbroglino.it	0	200	
http://www.ilcantuccio.eu	6		
http://www.ilcasaledimonica.it/	0	301	https://www.ilcasaledimonica.it/
http://www.ilcasaletto@gmail.com	0	301	https://mail.google.com/mail/u/0/
http://www.ilboschetto.com/	0	200	
http://www.ilgaribaldino.com	6		
http://www.illux.it/	0	301	https://www.illux.it/
http://www.ilmolinelloumbria.it	6		
http://www.ilgiardinodeglielfi.it	0	200	
http://www.ilpanaro.com	0	301	https://www.ilpanaro.com/
http://www.ilparcodeicavalieri.com/	0	301	https://www.ilparcodeicavalieri.com/
http://www.ilpratospoleto.com/index.php	0	301	https://www.ilpratospoleto.com/index.php
http://www.ilpiccolonoce.it/?resort	0	200	
http://www.ilrifugioperugia.it/	6		
http://www.ilsentierodifrancesco.it/	0	302	http://www.ilsentierodifrancesco.it/Index.aspx?idmenu=3623
http://www.ilsentierosoleggiato.com/	0	200	
http://www.ilrocolo.it/	0	200	
http://www.iluoghidelsilenzio.it/?p=102329	0	301	https://www.iluoghidelsilenzio.it/chiesa-cimiteriale-di-santo-stefano-vallo-di-nera-pg/
http://www.iluoghidelsilenzio.it/?p=104011	0	301	https://www.iluoghidelsilenzio.it/chiesa-di-san-lorenzo-maiano-di-spoleto-pg/
http://www.iluoghidelsilenzio.it/?p=112252	0	301	https://www.iluoghidelsilenzio.it/chiesa-di-san-paolo-beroide-di-spoleto-pg/
http://www.iluoghidelsilenzio.it/?p=11266	0	301	https://www.iluoghidelsilenzio.it/castello-di-azzano-azzano-di-spoleto/
http://www.iluoghidelsilenzio.it/?p=11313	0	301	https://www.iluoghidelsilenzio.it/castello-di-bazzano-spoleto/
http://www.iluoghidelsilenzio.it/?p=11336	0	301	https://www.iluoghidelsilenzio.it/castello-di-beroide-beroide-di-spoleto/
http://www.iluoghidelsilenzio.it/?p=11343	0	301	https://www.iluoghidelsilenzio.it/chiesa-di-santantonio-abate-beroide-di-spoleto/
http://www.iluoghidelsilenzio.it/?p=11388	0	301	https://www.iluoghidelsilenzio.it/chiesa-di-san-michele-beroide-di-spoleto-2/
http://www.iluoghidelsilenzio.it/?p=11391	0	301	https://www.iluoghidelsilenzio.it/chiesa-di-santa-maria-in-campis-beroide-di-spoleto/
http://www.iluoghidelsilenzio.it/?p=11396	0	301	https://www.iluoghidelsilenzio.it/chiesa-di-san-rocco-beroide/
http://www.iluoghidelsilenzio.it/?p=11401	0	301	https://www.iluoghidelsilenzio.it/chiesa-di-santa-maria-del-soccorso-azzano/
http://www.iluoghidelsilenzio.it/?p=115702	0	301	https://www.iluoghidelsilenzio.it/casale-di-valle-rosa-sustrico-di-spoleto-pg/
http://www.iluoghidelsilenzio.it/?p=118582	0	301	https://www.iluoghidelsilenzio.it/chiesa-di-santo-stefano-collefabbri-di-scheggino-pg/
http://www.iluoghidelsilenzio.it/?p=1190	0	301	https://www.iluoghidelsilenzio.it/castello-di-campello-alto/
http://www.iluoghidelsilenzio.it/?p=119157	0	301	https://www.iluoghidelsilenzio.it/chiesa-di-san-marcello-scatarci-di-spoleto-pg/
http://www.iluoghidelsilenzio.it/?p=122985	0	301	https://www.iluoghidelsilenzio.it/chiesa-di-san-paterniano-santanatolia-di-narco-pg/
http://www.iluoghidelsilenzio.it/?p=12299	0	301	https://www.iluoghidelsilenzio.it/torre-dei-marchesi-della-genga-casaline-di-campello-sul-clitunno/
http://www.iluoghidelsilenzio.it/?p=127345	0	301	https://www.iluoghidelsilenzio.it/santuario-della-madonna-della-bianca-campello-pg/
http://www.iluoghidelsilenzio.it/?p=131922	0	301	https://www.iluoghidelsilenzio.it/chiesa-di-santa-felicita-pozzano-di-scheggino-pg/
http://www.iluoghidelsilenzio.it/?p=135354	0	301	https://www.iluoghidelsilenzio.it/castello-di-sensati-spoleto-pg/
http://www.iluoghidelsilenzio.it/?p=137799	0	301	https://www.iluoghidelsilenzio.it/castello-di-raischio-scheggino-pg/
http://www.iluoghidelsilenzio.it/?p=13877	0	301	https://www.iluoghidelsilenzio.it/chiesa-di-san-giacomo-san-giacomo-di-spoleto-pg/
http://www.iluoghidelsilenzio.it/?p=141280	0	301	https://www.iluoghidelsilenzio.it/castello-di-geppa-vallo-di-nera-pg/
http://www.iluoghidelsilenzio.it/?p=13946	0	301	https://www.iluoghidelsilenzio.it/castello-di-baiano-baiano-di-spoleto/
http://www.iluoghidelsilenzio.it/?p=14129	0	301	https://www.iluoghidelsilenzio.it/santuario-della-madonna-della-bruna-castel-ritaldi/
http://www.iluoghidelsilenzio.it/?p=1462	0	301	https://www.iluoghidelsilenzio.it/abbazia-di-san-giuliano-monteluco-di-spoleto/
http://www.iluoghidelsilenzio.it/?p=14822	0	301	https://www.iluoghidelsilenzio.it/chiesa-di-san-lorenzo-lenano-di-campello-sul-clitunno/
http://www.iluoghidelsilenzio.it/?p=14819	0	301	https://www.iluoghidelsilenzio.it/convento-dei-santi-giovanni-e-pietro-campello-sul-clitunno/
http://www.iluoghidelsilenzio.it/?p=14990	0	301	https://www.iluoghidelsilenzio.it/chiesa-della-madonna-di-san-salvatore-baiano-di-spoleto/
http://www.iluoghidelsilenzio.it/?p=15311	0	301	https://www.iluoghidelsilenzio.it/oratorio-della-confraternita-del-s-s-sacramento-grotti-di-santanatolia-di-narco-pg/
http://www.iluoghidelsilenzio.it/?p=16161	0	301	https://www.iluoghidelsilenzio.it/chiesa-di-santa-maria-delle-grazie-santanatolia-di-narco/
http://www.iluoghidelsilenzio.it/?p=16163	0	301	https://www.iluoghidelsilenzio.it/chiesa-di-santanatolia-santanatolia-di-narco/
http://www.iluoghidelsilenzio.it/?p=16749	0	301	https://www.iluoghidelsilenzio.it/castello-di-san-felice-santanatolia-di-narco-pg/
http://www.iluoghidelsilenzio.it/?p=16173	0	301	https://www.iluoghidelsilenzio.it/convento-ex-di-santa-croce-santanatolia-di-narco-pg/
http://www.iluoghidelsilenzio.it/?p=195075	0	301	https://www.iluoghidelsilenzio.it/castello-di-pompagnano-spoleto-pg/
http://www.iluoghidelsilenzio.it/?p=195792	0	301	https://www.iluoghidelsilenzio.it/castello-di-santangelo-in-mercole-spoleto-pg/
http://www.iluoghidelsilenzio.it/?p=200479	0	301	https://www.iluoghidelsilenzio.it/san-martino-agelli-santanatolia-di-narco-pg/
http://www.iluoghidelsilenzio.it/?p=203983	0	301	https://www.iluoghidelsilenzio.it/chiesa-di-san-pietro-grotti-di-santanatolia-di-narco-pg/
http://www.iluoghidelsilenzio.it/?p=205131	0	301	https://www.iluoghidelsilenzio.it/villa-pianciani-terraia-di-spoleto-pg/
http://www.iluoghidelsilenzio.it/?p=204223	0	301	https://www.iluoghidelsilenzio.it/villa-di-collefabbri-ceselli-di-scheggino-pg/
http://www.iluoghidelsilenzio.it/?p=205319	0	301	https://www.iluoghidelsilenzio.it/castello-di-protte-spoleto-pg/
http://www.iluoghidelsilenzio.it/?p=206161	0	301	https://www.iluoghidelsilenzio.it/castello-di-lenano-campello-sul-clitunno-pg/
http://www.iluoghidelsilenzio.it/?p=209179	0	301	https://www.iluoghidelsilenzio.it/chiesa-di-santa-maria-annunziata-bazzano-superiore-di-spoleto-pg/
http://www.iluoghidelsilenzio.it/?p=209438	0	301	https://www.iluoghidelsilenzio.it/castello-vecchio-di-baiano-spoleto-pg/
http://www.iluoghidelsilenzio.it/?p=209671	0	301	https://www.iluoghidelsilenzio.it/chiesa-della-madonna-di-baiano-baiano-di-spoleto-pg/
http://www.iluoghidelsilenzio.it/?p=210325	0	301	https://www.iluoghidelsilenzio.it/chiesa-di-san-donato-campello-di-spoleto-pg/
http://www.iluoghidelsilenzio.it/?p=216860	0	301	https://www.iluoghidelsilenzio.it/castel-del-monte-spoleto-pg/
http://www.iluoghidelsilenzio.it/?p=215495	0	301	https://www.iluoghidelsilenzio.it/chiesa-di-santa-lucia-castel-san-giovanni-di-castel-ritaldi-pg/
http://www.iluoghidelsilenzio.it/?p=219375	0	301	https://www.iluoghidelsilenzio.it/chiesa-di-san-lorenzo-e-caterina-azzano-di-spoleto-pg/
http://www.iluoghidelsilenzio.it/?p=219587	0	301	https://www.iluoghidelsilenzio.it/villa-di-camposalese-spoleto-pg/
http://www.iluoghidelsilenzio.it/?p=219662	0	301	https://www.iluoghidelsilenzio.it/castello-di-poggiolo-terraia-di-spoleto-pg/
http://www.iluoghidelsilenzio.it/?p=219983	0	301	https://www.iluoghidelsilenzio.it/torre-di-azzano-spoleto-pg/
http://www.iluoghidelsilenzio.it/?p=220454	0	301	https://www.iluoghidelsilenzio.it/villa-di-montelirossi-spoleto-pg/
http://www.iluoghidelsilenzio.it/?p=224229	0	301	https://www.iluoghidelsilenzio.it/chiesa-e-casali-di-santanna-beroide-di-spoleto-pg/
http://www.iluoghidelsilenzio.it/?p=225957	0	301	https://www.iluoghidelsilenzio.it/chiesa-di-san-francesco-villa-di-campello-sul-clitunno-pg/
http://www.iluoghidelsilenzio.it/?p=228684	0	301	https://www.iluoghidelsilenzio.it/chiesa-di-san-sabino-santanatolia-di-narco-pg/
http://www.iluoghidelsilenzio.it/?p=228779	0	301	https://www.iluoghidelsilenzio.it/torre-gianetta-santanatolia-di-narco-pg/
http://www.iluoghidelsilenzio.it/?p=234300	0	301	https://www.iluoghidelsilenzio.it/castello-di-silvignano-spoleto-pg/
http://www.iluoghidelsilenzio.it/?p=236029	0	301	https://www.iluoghidelsilenzio.it/chiesa-della-madonna-del-poggio-poggio-del-vescovo-petrognano-di-spoleto-pg/
http://www.iluoghidelsilenzio.it/?p=236054	0	301	https://www.iluoghidelsilenzio.it/chiesa-di-san-vito-san-vito-ocenelli-di-spoleto-pg/
http://www.iluoghidelsilenzio.it/?p=3258	0	301	https://www.iluoghidelsilenzio.it/chiesa-di-san-giovanni-de-panaria-perchia-di-spoleto/
http://www.iluoghidelsilenzio.it/?p=2597	0	301	https://www.iluoghidelsilenzio.it/eremo-di-santantonio-vallo-di-nera/
http://www.iluoghidelsilenzio.it/?p=3272	0	301	https://www.iluoghidelsilenzio.it/chiesa-dei-santi-cipriano-e-giustiniana-fonti-del-clitunno/
http://www.iluoghidelsilenzio.it/?p=3263	0	301	https://www.iluoghidelsilenzio.it/chiesa-di-san-brizio-spoleto/
http://www.iluoghidelsilenzio.it/?p=3463	0	301	https://www.iluoghidelsilenzio.it/eremo-francescano-di-monteluco-spoleto/
http://www.iluoghidelsilenzio.it/?p=3696	0	301	https://www.iluoghidelsilenzio.it/chiesa-di-santa-maria-di-reggiana-spoleto/
http://www.iluoghidelsilenzio.it/?p=37159	0	301	https://www.iluoghidelsilenzio.it/chiesa-di-san-giovanni-battista-borgiano-di-spoleto-pg/
http://www.iluoghidelsilenzio.it/?p=37221	0	301	https://www.iluoghidelsilenzio.it/chiesa-dellannunziata-morro-di-spoleto-pg/
http://www.iluoghidelsilenzio.it/?p=39829	0	301	https://www.iluoghidelsilenzio.it/chiesa-di-santa-lucia-azzano-di-spoleto-pg/
http://www.iluoghidelsilenzio.it/?p=39757	0	301	https://www.iluoghidelsilenzio.it/chiesa-di-santangelo-di-nace-beroide-di-spoleto-pg/
http://www.iluoghidelsilenzio.it/?p=43280	0	301	https://www.iluoghidelsilenzio.it/chiesa-della-presentazione-di-maria-vergine-campalto-di-spoleto-pg/
http://www.iluoghidelsilenzio.it/?p=42304	0	301	https://www.iluoghidelsilenzio.it/oratorio-della-confraternita-dei-disciplinati-beroide-di-spoleto-pg/
http://www.iluoghidelsilenzio.it/?p=4367	0	301	https://www.iluoghidelsilenzio.it/castello-di-poreta-spoleto/
http://www.iluoghidelsilenzio.it/?p=45438	0	301	https://www.iluoghidelsilenzio.it/chiesa-di-san-michele-arcangelo-acquaiura-di-spoleto-pg/
http://www.iluoghidelsilenzio.it/?p=45599	0	301	https://www.iluoghidelsilenzio.it/castello-di-pontuglia-scheggino-pg/
http://www.iluoghidelsilenzio.it/?p=5502	0	301	https://www.iluoghidelsilenzio.it/chiesa-di-santo-chiodo-ex-s-claudius-spoleto/
http://www.iluoghidelsilenzio.it/?p=5689	0	301	https://www.iluoghidelsilenzio.it/chiesa-di-san-nicola-scheggino/
http://www.iluoghidelsilenzio.it/?p=61519	0	301	https://www.iluoghidelsilenzio.it/castello-di-grotti-santanatolia-di-narco-pg/
http://www.iluoghidelsilenzio.it/?p=61552	0	301	https://www.iluoghidelsilenzio.it/castello-di-tassinare-santanatolia-di-narco-pg/
http://www.iluoghidelsilenzio.it/?p=67723	0	301	https://www.iluoghidelsilenzio.it/chiesa-di-santa-maria-azzano-di-spoleto-pg/
http://www.iluoghidelsilenzio.it/?p=69414	0	301	https://www.iluoghidelsilenzio.it/chiesa-di-san-sebastiano-fonti-del-clitunno-pg/
http://www.iluoghidelsilenzio.it/?p=69179	0	301	https://www.iluoghidelsilenzio.it/castello-di-san-giacomo-spoleto-pg/
http://www.iluoghidelsilenzio.it/?p=70502	0	404	
http://www.iluoghidelsilenzio.it/?p=72155	0	301	https://www.iluoghidelsilenzio.it/chiesa-di-san-giovanni-battista-meggiano-di-spoleto-pg/
http://www.iluoghidelsilenzio.it/?p=72644	0	301	https://www.iluoghidelsilenzio.it/chiesa-di-san-pietro-apostolo-vallocchia-di-spoleto-tr/
http://www.iluoghidelsilenzio.it/?p=72315	0	301	https://www.iluoghidelsilenzio.it/chiesa-di-santa-maria-degli-angeli-meggiano-di-spoleto-pg/
http://www.iluoghidelsilenzio.it/?p=72705	0	301	https://www.iluoghidelsilenzio.it/chiesa-di-s-antonio-abate-madonna-di-baiano-spoleto-pg/
http://www.iluoghidelsilenzio.it/?p=7685	0	301	https://www.iluoghidelsilenzio.it/edicola-sacra-di-silvignano-campello-sul-clitunno/
http://www.iluoghidelsilenzio.it/?p=78071	0	301	https://www.iluoghidelsilenzio.it/chiesa-di-santa-maria-della-cura-baiano-di-spoleto-pg/
http://www.iluoghidelsilenzio.it/?p=77215	0	301	https://www.iluoghidelsilenzio.it/chiesa-di-san-bernardino-da-siena-santangelo-in-mercole-di-spoleto-pg/
http://www.iluoghidelsilenzio.it/?p=78300	0	301	https://www.iluoghidelsilenzio.it/chiesa-di-santandrea-apostolo-terraia-di-spoleto-pg/
http://www.iluoghidelsilenzio.it/?p=78253	0	301	https://www.iluoghidelsilenzio.it/chiesa-di-san-sebastiano-terraia-di-spoleto-pg/
http://www.iluoghidelsilenzio.it/?p=7964	0	301	https://www.iluoghidelsilenzio.it/chiesa-di-san-bartolo-edicola-sulla-via-della-spina-silvignano/
http://www.iluoghidelsilenzio.it/?p=7947	0	301	https://www.iluoghidelsilenzio.it/chiesa-di-san-pancrazio-loc-casaline-di-campello/
http://www.iluoghidelsilenzio.it/?p=80258	0	301	https://www.iluoghidelsilenzio.it/chiesa-di-santa-maria-delle-grazie-poreta-di-spoleto-pg/
http://www.iluoghidelsilenzio.it/?p=80324	0	301	https://www.iluoghidelsilenzio.it/chiesa-di-santa-maria-della-misericordia-poreta-di-spoleto-pg/
http://www.iluoghidelsilenzio.it/?p=82134	0	301	https://www.iluoghidelsilenzio.it/convento-dei-cappuccini-di-santanna-strada-dei-patricani-di-spoleto-pg/
http://www.iluoghidelsilenzio.it/?p=81658	0	301	https://www.iluoghidelsilenzio.it/chiesa-di-san-lorenzo-terzo-la-pieve-di-spoleto-pg/
http://www.iluoghidelsilenzio.it/?p=88179	0	301	https://www.iluoghidelsilenzio.it/chiesa-della-madonna-delle-scentelle-grotti-di-santanatolia-di-narco-pg/
http://www.iluoghidelsilenzio.it/?p=8359	0	301	https://www.iluoghidelsilenzio.it/chiesa-di-san-nicola-di-bari-schioppo/
http://www.iluoghidelsilenzio.it/?p=88195	0	301	https://www.iluoghidelsilenzio.it/chiesa-di-santa-lucia-tassinare-di-santanatolia-di-narco-pg/
http://www.iluoghidelsilenzio.it/?p=91746	0	301	https://www.iluoghidelsilenzio.it/chiesa-di-san-donato-azzano-di-spoleto-pg/
http://www.iluoghidelsilenzio.it/?p=98938	0	301	https://www.iluoghidelsilenzio.it/castello-di-schioppo-scheggino-pg/
http://www.iluoghidelsilenzio.it/castello-di-montelabate-o-castellaccio-ramazzano/	0	200	
http://www.iluoghidelsilenzio.it/chiesa-di-san-bartolomeo-roselli-di-spoleto-pg/	0	200	
http://www.iluoghidelsilenzio.it/castiglion-fidatto-ramazzano/	0	200	
http://www.iluoghidelsilenzio.it/chiesa-di-san-biagio-icciano/	0	200	
http://www.iluoghidelsilenzio.it/chiesa-di-santa-caterina-trevi-pg/	0	200	
http://www.iluoghidelsilenzio.it/chiesa-di-santa-maria-annunziata-poggio-di-croce-preci-pg/	0	200	
http://www.iluoghidelsilenzio.it/chiesa-di-santegidio-poggio-di-croce-preci-pg/	0	200	
http://www.iluoghidelsilenzio.it/chiesa-di-santo-stefano-buda-di-cascia-pg/	0	200	
http://www.iluoghidelsilenzio.it/eremo-del-buonriposo-citta-di-castello-pg/	0	200	
http://www.iluoghidelsilenzio.it/eremo-di-montecorona/	0	200	
http://www.iluoghidelsilenzio.it/santangelo-di-panzo/	0	200	
http://www.ilvignetospoleto.it/	6		
http://www.imelt.it/	0	200	
http://www.immobiliarefilosofi.com/	6		
http://www.irpi.cnr.it/	0	301	https://www.irpi.cnr.it/
http://www.inorvieto.it/it/scegli/gli_imperdibili/area_archeologica_porto_di_pagliano.html	0	302	http://www.inorvieto.it/cgi-sys/suspendedpage.cgi
http://www.italproget.it/	0	301	https://www.italproget.it/
http://www.itspoleto.gov.it/	6		
http://www.istitutocomprensivoperugia3.edu.it	0	301	https://www.istitutocomprensivoperugia3.edu.it/
http://www.jetmodaperugia.com/	0	200	
http://www.keyfor.it	0	302	https://www.keyfor.it/
http://www.la-palombara.it/	0	301	https://www.la-palombara.it/
http://www.juniorperugia.it	0	200	
http://www.laconteabybice.it/index.php	6		
http://www.lago-verde.it	0	301	https://www.lago-verde.it/
http://www.labettoladelbuttero.com/	0	301	https://www.labettoladelbuttero.com/
http://www.lalocandadavelle.it	6		
http://www.lagotrasimeno.de/pg.itinerari.scheda.php?id=41&cat=2	0	301	https://www.lagotrasimeno.net/de/pg.itinerari.scheda.php?id=41&cat=2
http://www.lamaisonded.it/	0	200	
http://www.lamborghinionline.it/pagine/golf-club	6		
http://www.lapervincasa.info/	0	301	https://www.lapervincasa.info/
http://www.lamattonata.it/	0	200	
http://www.lapone.it	0	200	
http://www.laroccahotel.it/	0	200	
http://www.lapinturella.it/	0	200	
http://www.lascarzuola.com/	0	301	http://www.lascarzuola.it/
http://www.lavallata-umbria.it	0	301	https://www.lavallata-umbria.it/
http://www.lascuderiaeventi.it	0	200	
http://www.lavalledelleaquile.com	0	301	https://www.lavalledelleaquile.com/
http://www.lavalnerina.it/	0	200	
http://www.lavalnerina.it/dett_luogo.php?id_item=104	0	200	
http://www.lavalnerina.it/dett_luogo.php?id_item=888	0	200	
http://www.lavalnerina.it/dett_luogo.php?id_item=489	0	200	
http://www.leloggespoleto.it/	6		
http://www.lefrancesche.it/	0	301	https://www.lefrancesche.it/
http://www.lemura.net	0	301	https://www.albergolemura.com/
http://www.leonigrafiche.it/	0	301	https://www.leonigrafiche.it/
http://www.liceoartisticoterni.it/index.html	6		
http://www.libreriabookshop.com	0	302	http://www.libreriabookshop.com/cgi-bin/sc/store.pl?action=showpage&page=home_page.txt
http://www.lillero.it/	0	200	
http://www.liceospoleto.edu.it/	0	301	https://www.liceospoleto.edu.it/
http://www.linsolitocaffe.com/	0	302	http://ww16.linsolitocaffe.com/?sub1=20230730-1818-31fd-87e7-c7dbf8a67dc0
http://www.lisciano.org/	0	301	https://www.lisciano.org/
http://www.locandaacquasanta.com	6		
http://www.littleitalyhostel.it	0	301	https://www.littleitalyhostel.it/
http://www.locandavecchiomaglio.it/	0	200	
http://www.locandapoggioleone.it/	0	301	https://www.locandapoggioleone.it/
http://www.luchiano.it/	0	301	https://www.luchiano.it/
http://www.mabsolution.it/	0	301	https://mabsolution.it/
http://www.maranauto.com	6		
http://www.marzellaphotostudio.com/	0	301	https://www.marzellaphotostudio.com/
http://www.mecococcia.com/	0	301	https://www.mecococcia.com/
http://www.metemagno.it	0	301	https://www.metemagno.it/
http://www.molinodelduca.com	0	200	
http://www.monasterolegrazie.it/	6		
http://www.monasterosantanna.it	0	200	
http://www.montalionline.com/	0	200	
http://www.montelabate.com	0	301	https://www.montelabate.com/
http://www.montereano.it	0	302	https://www.montereano.it:443/
http://www.mapasainformatica.com	28		
http://www.monterufeno.it/	0	200	
http://www.montesantamariatiberina.org/	0	301	https://www.montesantamariatiberina.org/
http://www.montesubasio.it/	0	301	https://www.montesubasio.it/
http://www.montimartaniseranosubasio.it	0	403	
http://www.montimartaniseranosubasio.it/	0	403	
http://www.montonein.it/gli-edifici-religiosi/la-pieve-di-san-gregorio/	0	200	
http://www.mulinaccino.it/	0	301	https://www.mulinaccino.it/
http://www.montideltezio.it/	0	200	
http://www.museiprovinciaterni.it/context_musei.jsp?ID_LINK=498&area=47	0	301	https://www.museiprovinciaterni.it/context_musei.jsp?ID_LINK=498&area=47
http://www.museodelvetropiegaro.it/	0	301	https://www.museodelvetropiegaro.it/
http://www.narnia.it/sanguinaro.html	0	301	https://www.narnia.it/sanguinaro.html
http://www.natiperviaggiare.com	0	200	
http://www.nidoape.com/	6		
http://www.mummiediferentillo.it/	0	200	
http://www.ocablu.com/	0	404	
http://www.oasidialviano.org/	0	200	
http://www.oleificiobartolomei.it/it/	0	301	https://oleificiobartolomei.it/it/
http://www.oleificiomontecchio.it/	6		
http://www.olioragani.com/	0	301	https://www.olioragani.com/
http://www.orari-banca.it/06/perugia/unicredit-banca-perugia-mugnano-49055.html	6		
http://www.orvietohotelduomo.com	0	301	https://www.orvietohotelduomo.com/
http://www.opsm.it/	0	301	https://www.opsm.it/
http://www.ostellofoligno.it/	6		
http://www.ostellogiustiniani.com	6		
http://www.orvisitaly.com/	0	200	
http://www.paesaggi.regioneumbria.eu/default.aspx?IDCont=201002	0	403	
http://www.palazzofarrattini.it/	0	200	
http://www.ostellovictorcenter.com	0	200	
http://www.panelios.com/it/	0	301	https://www.panelios.com/it/
http://www.palazzoventurelli.com	0	200	
http://www.pantanelli.sifree.org/	0	200	
http://www.papatartufi.it	0	301	https://www.papatartufi.it/
http://www.panevinotodi.com/	0	301	https://panevinotodi.com/
http://www.parcoulivi.com/	0	404	
http://www.parcoattigliano.it/	0	200	
http://www.parks.it/parco.colfiorito	0	301	http://www.parks.it/parco.colfiorito/
http://www.parks.it/parco.trasimeno/index.php	0	200	
http://www.pasticceriaetrusca.it/	0	200	
http://www.pcsnetumbria.it	0	301	https://www.pcsnetumbria.it/
http://www.persichetti.biz/	0	301	https://www.persichetti.biz/
http://www.piandeltevere.it	0	200	
http://www.pietralunga.it/	0	301	https://www.pietralunga.it/
http://www.pclife.it/	0	200	
http://www.pizzeriapozzoromano.com	0	200	
http://www.pizzogallo.it/	0	301	https://www.pizzogallo.it/
http://www.poderebello.it	0	404	
http://www.poderesantamaria.com	0	200	
http://www.planetariodanti.pg.it/	0	200	
http://www.poggiodellarosa.it/	0	301	https://www.poggiodellarosa.it/
http://www.poggiosanvito.it/	0	301	https://www.poggiosanvito.it/
http://www.porcellitavern.it/	0	404	
http://www.pottikki.it/	6		
http://www.poggiovalle.com/	0	301	https://www.poggiovalle.com/
http://www.pozzoetrusco.it/	0	302	http://www.pozzoetrusco.it/it/home-3/
http://www.primauto.it	0	302	https://www.primauto.it/
http://www.primocircolospoleto.it/ita/	6		
http://www.prolococampi.it/	0	302	https://prolococampi.it/
http://www.promuseoboldrini.it/	0	301	https://www.promuseoboldrini.it/
http://www.prolocoporchianodelmonte.it/	0	200	
http://www.racingbikes-perugia.net/	0	301	https://www.racingbikes-perugia.net/
http://www.pubblidesign.it	0	301	https://www.pubblidesign.it/
http://www.regione.umbria.it/ambiente/siti-di-importanza-comunitaria-sic	0	302	https://www.regione.umbria.it/ambiente/siti-di-importanza-comunitaria-sic
http://www.regione.umbria.it/protezione-civile	0	302	https://www.regione.umbria.it/protezione-civile
http://www.residencediamanterosso.it/	0	200	
http://www.relaislafattoria.com/	0	200	
http://www.residenzesanmartino.it	0	200	
http://www.residenzatrampetti.it	0	301	https://www.residenzatrampetti.it/
http://www.rifugideisibillini.it	0	301	https://www.rifugideisibillini.it/
http://www.rifugiosangaspare.it	0	200	
http://www.ristorantecontessagubbio.it/menu/	0	404	
http://www.ristorantedegliortiassisi.com/	0	200	
http://www.ristoranteilcavaliere.com	0	301	https://www.ristoranteilcavaliere.com/
http://www.ristorantedapeppone.it/	0	200	
http://www.ristoranteilconvento.it	0	200	
http://www.ristorantelaposta.net/	0	302	https://www.ristorantelaposta.net/
http://www.ristorantelarocchettamarmore.it/	6		
http://www.ristoranteloso.com/	0	301	https://www.ristoranteloso.com/
http://www.ristorantepiediluco.tr.it/	0	200	
http://www.ristorantesanlorenzo.com/	0	301	https://www.ristorantesanlorenzo.com/
http://www.ristorantesemiramide.it/	0	301	https://www.ristorantesemiramide.it/
http://www.roccadifabbri.com	0	200	
http://www.roccaflea.com/	0	200	
http://www.roccobasso.it/	0	301	https://www.roccobasso.it/
http://www.rossihotelristorante.it	0	200	
http://www.sancri.it/	0	301	http://www.agriturismosancristoforo.it/
http://www.sanfrancescoassisi.org/	0	301	https://www.sanfrancescoassisi.org/
http://www.sanmagnocaffe.it/	0	301	https://www.sanmagnocaffe.it/
http://www.sanpietroagriturismo.com/	0	404	
http://www.sanpietroinvalle.com/	0	301	https://www.sanpietroinvalle.com/
http://www.sanpietroperugia.it/	0	301	https://www.sanpietroperugia.it/
http://www.ristoranteorientale.eu/	28		
http://www.santuariodimontemelino.it	0	200	
http://www.santaritadacascia.org	0	301	http://santaritadacascia.org/
http://www.saporedimare.it/punto-vendita/267#close	0	301	https://www.saporedimare.it/punto-vendita/267
http://www.sasu.it/	0	301	https://www.sasu.it/
http://www.schifanoia.it/	0	200	
http://www.scuolacascia.it/	0	403	
http://www.sibillini.net/	0	200	
http://www.scogliodellaquilone.it/hotel_scoglio_dell_aquilone.asp	0	200	
http://www.sistemamuseo.it/ita/2/musei/41/san-gemini-umbria-geolab-museo-laboratorio-di-scienze-della-terra/	0	404	
http://www.stellaristorantevineria.it/	0	200	
http://www.speranzaspoleto.it/azienda.html	0	301	https://www.autosperanza.it/azienda.html
http://www.studiobaglioni.it	0	200	
http://www.studiumbri.it/copertina/la-copertina-michele-ciribifera/	6		
http://www.studiomoretticaselli.it/	0	301	https://www.studiomoretticaselli.it/
http://www.suorefrancescanemissionariediassisi.org/suore/Immacolata.html	0	403	
http://www.superconti.eu/	0	301	https://www.superconti.eu/
http://www.suncoautomotive.it/	28		
http://www.tacitotr.gov.it/	6		
http://www.sviluppumbria.it/	28		
http://www.tagliolamierectl.it/	0	200	
http://www.tavernadelbordone.it/	0	503	
http://www.tavernapappagloria.it/	6		
http://www.tavlacavallerizza.it/	0	301	https://www.tavlacavallerizza.it/
http://www.tavernadellorso.it/	0	301	https://www.tavernadellorso.it/
http://www.ternignulug.org	0	302	../emoncms
http://www.terramajura.it/	0	200	
http://www.testicicli.it	0	301	https://www.testicicli.it/
http://www.tiberinagroup.com/	0	301	https://www.tiberinagroup.com/
http://www.tiemmestampi.it/	0	301	https://www.tiemmestampi.it/
http://www.teatroinstabili.com/	0	200	
http://www.tigresupermercati.it/	0	200	
http://www.trasimenowakepark.it/index.html	6		
http://www.trasinet.com/al-lago	0	302	http://www.residenceallago.com
http://www.trattoriadaerminio.it	0	200	
http://www.torrecolombaia.it	0	302	http://www.torrecolombaia.it/it/
http://www.trattoriafratelliditalia.it/	0	200	
http://www.trentaquerce.it/index.html	0	200	
http://www.turismoamelia.it/home.php	0	301	https://www.turismoamelia.it/home.php
http://www.turismoguardea.it/ita/17/parco-aiola/	0	301	https://www.turismoguardea.it/ita/17/parco-aiola/
http://www.umbraacque.com	0	301	https://www.umbraacque.com/
http://www.umbria-villa.com/	0	301	https://www.umbria-villa.com/
http://www.umbriameteo.com/webcam/castelluccio/	0	307	https://umbriameteo2020.blogspot.com/webcam/castelluccio/
http://www.umbriamobilita.it	0	301	https://www.umbriamobilita.it/
http://www.umbriamobilita.it/	0	301	https://www.umbriamobilita.it/
http://www.umbriamobilita.it/it/umbria-mobilita/ex-ferrovia-spoleto-norcia-1	0	301	https://www.umbriamobilita.it/it/umbria-mobilita/ex-ferrovia-spoleto-norcia-1
http://www.tsnspoleto.it/	0	301	https://tsnspoleto.it/
http://www.unique-center.it/	0	301	https://www.unique-center.it/
http://www.unawayhotels.it/it/unaway_fabro/hotel_fabro.htm	0	301	https://www.gruppouna.it/unaway/it/unaway_fabro/hotel_fabro.htm
http://www.usigni.it/home	0	301	/
http://www.uslumbria1.gov.it/pagine/direzione-medica-001	6		
http://www.up.aci.it/perugia/	0	200	
http://www.uslumbria2.it/pagine/ospedale-di-spoleto-000	0	302	https://www.uslumbria2.it/pagine/ospedale-di-spoleto-000
http://www.uslumbria2.it/servizi/centro-di-salute-sede-di-bevagna	0	302	https://www.uslumbria2.it/servizi/centro-di-salute-sede-di-bevagna
http://www.valentinohotel.com/	0	301	https://www.valentinohotel.com/
http://www.valico.it/	0	302	http://www.valico.it/cgi-sys/suspendedpage.cgi
http://www.valicodeipellegrini.it/i-casali/posto-del-sole/	0	301	https://www.valicodeipellegrini.it/i-casali/posto-del-sole/
http://www.ventodivacanze.it/	0	200	
http://www.verallicortesi.it/pagina.php?id=53	0	200	
http://www.vallantica.com/it/default.asp	0	200	
http://www.viaggispirituali.it/strutture-turismo-religioso/umbria/monastero-s-croce_3353/	0	301	https://www.viaggispirituali.it/strutture-turismo-religioso/umbria/monastero-s-croce_3353/
http://www.victorhostel.com/	0	200	
http://www.villabarbarossa.it	0	301	https://www.villabarbarossa.it/
http://www.villadellacupa.com/	0	404	
http://www.viaromeagermanica.com/	0	200	
http://www.villareginaumbria.it/	0	200	
http://www.villasanvalentino.it/home/	0	404	
http://www.villasensi.it/	0	302	it/index.html
http://www.zafferanoedintorni.it	0	301	https://www.zafferanoedintorni.it/
http://www.zazzeravignevini.it	0	503	
http://youtu.be/pF5VDIjHy50	0	301	https://youtu.be/pF5VDIjHy50
https://antoniofalconechef.it/	0	200	
http://www.villaparadisovillage.it	0	301	https://www.villaparadisovillage.it:443/
https://azienda-agricola-ciuchicchi.business.site	0	200	
https://associazionesanmartino.eu/	0	200	
https://bachiorri.com	0	200	
https://badiailvingone.it	0	200	
https://barton.it/	0	301	https://www.barton.it/
https://bbcasatranquilla.com/	6		
https://batterieautoperugia.net/	0	200	
https://becchetti.it/	0	200	
https://borgosanfortunato.it/	0	200	
https://campingilfalcone.com/	0	301	https://www.campingilfalcone.com/
https://camminilauretani.eu/	0	200	
https://casaoamispoleto.org/	0	200	
https://casalauretana.com/	0	301	https://casalauretana.com/it/
https://cellenoinformatica.it/	0	301	https://www.cellenoinformatica.it/
https://casasangirolamo.azionecattolica.it/	0	200	
https://chiesatonda.it/	0	200	
https://chocostore.eurochocolate.com/i-negozi/	0	200	
https://ciclivalentini.it/	0	200	
https://cinecittastudios.it/en/studios/umbria-studios	0	404	
https://comitatodanielechianelli.it/il-residence-2/	0	200	
https://comune.umbertide.pg.it/it/point-of-interest/farmacia-comunale-1-0f6fde4d-239d-44af-b8d5-d12e3d74446a	6		
https://criaviglianoumbro.it/	0	403	
https://comune.cerretodispoleto.pg.it/	0	200	
https://csb.unipg.it/	0	403	
https://csb.unipg.it/organizzazione/strutture-bibliotecarie/struttura-agraria-veterinaria-e-ingegneria/biblioteca-di-agraria-mario-marte	0	403	
https://csb.unipg.it/organizzazione/strutture-bibliotecarie/struttura-agraria-veterinaria-e-ingegneria/biblioteca-di-medicina-veterinaria	0	403	
https://csb.unipg.it/organizzazione/strutture-bibliotecarie/struttura-economia-scienze-politiche-e-giurisprudenza/biblioteca-di-scienze-economiche-statistiche-e-aziendali	0	403	
https://csb.unipg.it/organizzazione/strutture-bibliotecarie/struttura-economia-scienze-politiche-e-giurisprudenza/biblioteca-giuridica-unificata#Dovesiamo	0	403	
https://csb.unipg.it/organizzazione/strutture-bibliotecarie/struttura-economia-scienze-politiche-e-giurisprudenza/biblioteca-di-studi-storici-politici-e-sociali	0	403	
https://csb.unipg.it/organizzazione/strutture-bibliotecarie/struttura-lettere-e-scienze-della-formazione/biblioteca-umanistica	0	403	
https://csb.unipg.it/organizzazione/strutture-bibliotecarie/struttura-medicina/biblioteca-biomedica	0	403	
https://csb.unipg.it/organizzazione/strutture-bibliotecarie/struttura-scienze-e-farmacia/biblioteca-di-scienze-chimiche-farmaceutiche-e-biologiche#Servizi	0	403	
https://daca-assisi.it/	0	200	
https://dasauro.it/	0	200	
https://de.campinglagodipiediluco.com/	0	200	
https://diocesi.perugia.it/wd-annuario-enti/diocesi-di-perugia-citta-della-pieve-141/zona-pastorale-1-citta-di-perugia-561/u-p-2-1596/san-ferdinando-in-perugia-232/	0	200	
https://davidpasseri.it/	0	200	
https://dipartimenti.unipg.it/scienzestoriche/sezioni/82-campo-della-fiera-descrizione-dettagliata	6		
https://diocesigubbio.it	0	200	
https://edicola-pieroni-luca.business.site/	0	404	
https://edicola518.com/	0	200	
https://er-chioschetto.business.site/	0	200	
https://faluomi.it/	0	200	
https://festivaldispoleto.com/	0	301	https://www.festivaldispoleto.com/
https://durantispoleto.com/	0	200	
https://gelateria-bellucci.business.site/	0	200	
https://gennarisrl.com/	60		
https://fibraweb.it	0	301	https://www.fibraweb.it/
https://graymoor.org/italy	0	200	
https://hotelcatignano.com/	0	200	
https://icbastia1.gov.it/	6		
https://icspoleto1.edu.it/	0	410	
https://iisclassicoartisticotr.edu.it/liceo-artistico-2/	0	200	
https://ilcastagnetoterni.it/	6		
https://ilcerchio.net/casa-bianca/#edurap	0	200	
https://ilcollicello.com/	0	301	https://ilcollicello.com/it/
https://ilnarcisorelaxsoulbody.com/	6		
https://input-by-lord-gladstone.business.site/	0	200	
https://instagram.com/audiomonk.studio?igshid=YmMyMTA2M2Y=	0	301	https://instagram.com/audiomonk.studio/?igshid=YmMyMTA2M2Y=
https://istitutocomprensivoperugia1.edu.it	0	410	
https://istitutocomprensivoperugia1.gov.it/le_scuole/ponte-doddi-alfa-beta-gamma/	6		
https://it-it.facebook.com/Lanuitdorpg/	0	200	
https://it-it.facebook.com/villalamaesta/	0	200	
https://it.tezenis.com/	0	301	https://www.tezenis.com/it/
https://it.wikipedia.org/wiki/Arco_dei_Gigli	0	200	
https://italpoltrone.it/	0	200	
https://junior-club-terni.business.site/?utm_source=gmb&utm_medium=referral	0	200	
https://hotellacorte.magrellihr.com	28		
https://lagrottadellospuntino.eatbu.com/?lang=it	0	200	
https://le-streppeta.business.site/	0	200	
https://levelx55.com/	0	200	
https://liceodonatelli.edu.it/	0	410	
https://m.facebook.com/CafeDegliArtistiAmericaBar/?locale2=it_IT	0	302	https://m.facebook.com/login.php?next=https%3A%2F%2Fm.facebook.com%2FCafeDegliArtistiAmericaBar%2F&refsrc=deprecated&locale2=it_IT&_rdr
https://m.facebook.com/LaTavernaDelPontePizzeria	0	302	https://m.facebook.com/login.php?next=https%3A%2F%2Fm.facebook.com%2FLaTavernaDelPontePizzeria&refsrc=deprecated&_rdr
https://m.facebook.com/ristorantedalmicocco/	0	302	https://m.facebook.com/login.php?next=https%3A%2F%2Fm.facebook.com%2Fristorantedalmicocco%2F&refsrc=deprecated&_rdr
https://m.iluoghidelsilenzio.it/articolo.html?id=chiesa-di-san-marco-casigliano-di-strettura-spoleto-pg	0	200	
https://meinfernbus.de/unser-angebot/linien/522.html	6		
https://meinfernbus.de/unser-angebot/linien/532.html	6		
https://meinfernbus.de/unser-angebot/linien/533.html	6		
https://meinfernbus.de/unser-angebot/linien/534.html	6		
https://meinfernbus.de/unser-angebot/linien/n530.html	6		
https://meinfernbus.de/unser-angebot/linien/n533.html	6		
https://meinfernbus.de/unser-angebot/linien/n997.html	6		
https://momangioio.business.site/	0	200	
https://mulinorenzetti.it	0	200	
https://museodellacascata.it/	0	200	
https://norcia.agriturismocastelluccio.it/	0	200	
https://orari.fsbusitalia.com/epdf/GB0308.pdf	0	200	
https://liceoalessi.org/	28		
https://pane-e-pomodoro.eatbu.com/?lang=it	0	200	
https://panoramadincanto.it/	60		
https://parafarmaciatommasone.blogspot.com/	0	200	
https://perugia5.tecnocasa.it	0	301	https://perugia5.tecnocasa.it/perugia/perugia-monteluce/
https://perticaia.it/	0	200	
https://perugia7.tecnocasa.it	0	301	https://perugia7.tecnocasa.it/perugia/elce/
https://podereparadiso.it	0	301	http://www.podereparadiso.it/
https://pro-animale.de/pro-animale-international/italien/sorriso-di-san-francesco/?lang=en	0	200	
https://residenzavillaserena.it/	0	200	
https://sanitariaortopediafiorucci.it/	0	200	
https://shop.edilcalce.com/it/	0	200	
https://sistemamuseo.it/ita/2/musei/126/baschi-umbria-scavo-archeologico-di-scoppieto/	0	301	https://www.sistemamuseo.it/ita/2/musei/126/baschi-umbria-scavo-archeologico-di-scoppieto/
https://sites.google.com/site/rosadeiventiorvieto/home	0	302	https://sites.google.com/site/sites/system/errors/WebspaceNotFound?path=%2Frosadeiventiorvieto%2Fhome
https://siusa.archivi.beniculturali.it/cgi-bin/siusa/pagina.pl?TipoPag=prodente&Chiave=45978	0	200	
https://spoleto.ubiklibri.it	0	301	/home.html
https://spoletopneumatici.bestdrive.it/	0	404	
https://ristorantelabadiaorvieto.it/	28		
https://tecnographsnc.business.site	0	200	
https://tenutelunelli.it/it/tenute_umbria.php	0	200	
https://terni.unipg.it/2014-11-06-09-46-14/struttura-amministrativa/sezione-bibliotecaria/servizi-bibliotecari-del-polo-di-terni	0	403	
https://terrabuona.wordpress.com	0	200	
https://tenutamontenero.it/	0	200	
https://terrazza-farnese-belvedere-di-orvieto.business.site/	0	200	
https://terzocircolofoligno.edu.it/le_scuole/goffredo-mameli-foligno/	0	410	
https://teveregreenvillage.com/	0	200	
https://torrealmonte.com	0	200	
https://todi.ubiklibri.it	0	301	/home.html
https://trattoria-pizzeria-margherita.business.site/	0	200	
https://umamibeer.it/birraartigianale/index.html	0	405	
https://valdichiascio.net/	0	301	https://www.valdichiascio.net/
https://unicooptirreno.it/punto-vendita/amelia	0	200	
https://villagabbiano.it/	0	200	
https://www.3vaselle.it/	0	200	
https://www.abbadiacelestina.com	0	403	
https://www.abbazia.net/	0	200	
https://wirahairsalon.it	28		
https://www.acquadolcesailing.it/	0	200	
https://www.abbaziasettefrati-fratres.it/	0	200	
https://www.acquariogemi.it/	0	200	
https://www.acquadrink.it/	0	200	
https://www.afas.it/	0	200	
https://www.afas.it/farmacie/farmacia-1-pallotta/	0	200	
https://www.afas.it/farmacie/farmacia-13-olmo/	0	200	
https://www.afas.it/farmacie/farmacia-14-citta-della-pieve/	0	200	
https://www.afas.it/farmacie/farmacia-6-monteluce/	0	200	
https://www.agenzie.generali.it/PERUGIA/	0	301	https://www.agenzie.generali.it/perugia
https://www.agenziademanio.it/opencms/it/agenzia/strutturaorganizzativa/direzioniterritoriali/toscanaumbria/	0	200	
https://www.agrieuro.com/	0	200	
https://www.agriturismo-casaledellelucrezie.com/it	0	200	
https://www.agostinianespello.it/	0	200	
https://www.agriturismoilbeccafico.it/	0	200	
https://www.agriturismoilfelcino.it/	0	200	
https://www.agriturismoilmelograno.com/	0	200	
https://www.agriturismolabicocca.it	60		
https://www.agriturismoilper.it/	0	301	https://agriturismoilper.it/
https://www.agriturismolaperla.it	0	200	
https://www.agriturismooliveto.it/	0	200	
https://www.agriturismospoletolarippja.it/	0	200	
https://www.agriturismosurripa.com/	0	200	
https://www.airport.umbria.it/	0	301	https://www.airport.umbria.it/ita/
https://www.agriturismotara.it/	0	200	
https://www.albergoristorantemonterivoso.com/	6		
https://www.akabit.it/	0	200	
https://www.alcantarineassisi.it/	0	200	
https://www.alcasellino.it/	0	200	
https://www.alcesteshoes.com/	0	200	
https://www.anticavetreria.net/	0	200	
https://www.amerinitrekking.it/	0	200	
https://www.aospterni.it/	0	200	
https://www.areasostacampercampeggiocapitello.it	0	200	
https://www.arredamentisgrigna.it/	0	200	
https://www.antonelliottica.it/	0	200	
https://www.artphotoevaluna.it/	0	301	https://www.artphotoevaluna.com/it
https://www.associazionedare.it/	0	200	
https://www.assisiprogettogiovani.com/	0	200	
https://www.autodromomagione.com/	0	200	
https://www.autofficinalorenzoni.it/	0	200	
https://www.bagnitriponzo.it/	0	200	
https://www.automaxonline.it/	0	200	
https://www.barmontanucci.com/	0	200	
https://www.benedettispizza.eu	0	200	
https://www.biancorossoeverdure.it	6		
https://www.bastianbirraio.it/	0	503	
https://www.birrasanfelice.it	0	200	
https://www.birrificiocolfiorito.com/	0	200	
https://www.bonfiglicomprensivocorciano.gov.it	6		
https://www.birrificiolagramigna.it	0	200	
https://www.bonificaumbra.it/	0	200	
https://www.booking.com/hotel/it/locazione-turistica-la-danza.en-gb.html	0	200	
https://www.booking.com/hotel/it/scenic-holiday-home-in-massa-martana-with-private-pool.en-gb.html	0	200	
https://www.borgocampello.com	0	301	https://www.borgocampello.com/it/
https://www.borgocenaioli.com	6		
https://www.borgocolognola.it/	0	200	
https://www.borgodeicontiresort.com/	0	200	
https://www.borgocastellopanicaglia.com	0	200	
https://www.borgodelrio.com/	0	200	
https://www.borgosolario.com/	0	302	https://en.borgosolario.com/
https://www.borgodicarpiano.com	0	200	
https://www.bpspoleto.it/	6		
https://www.borgospante.com	0	200	
https://www.bwebinformatica.com	0	200	
https://www.cadeprincipi.com/	0	200	
https://www.caifoligno.it	60		
https://www.caigubbio.it/	0	200	
https://www.camminodibenedetto.it/	0	200	
https://www.bussolinidistribuzione.com/mugnano	28		
https://www.camminodigermanico.it/	0	200	
https://www.camminofrancescanodellamarca.it/	0	200	
https://www.camminoprotomartiri.it/il-cammino-dei-protomartiri-francescani/tappa-1-cammino-dei-protomartiri-da-terni-a-stroncone	0	200	
https://www.camminoprotomartiri.it/il-cammino-dei-protomartiri-francescani/tappa-3-cammino-dei-protomartiri-da-calvi-dell-umbria-a-narni	0	200	
https://www.camminoprotomartiri.it/il-cammino-dei-protomartiri-francescani/tappa-2-cammino-dei-protomartiri-da-stroncone-a-calvi-dell-umbria	0	200	
https://www.camminoprotomartiri.it/il-cammino-dei-protomartiri-francescani/tappa-4-cammino-dei-protomartiri-da-narni-a-san-gemini	0	200	
https://www.camminoprotomartiri.it/il-cammino-dei-protomartiri-francescani/tappa-5-cammino-dei-protomartiri-da-san-gemini-a-cesi	0	200	
https://www.camminoprotomartiri.it/il-cammino-dei-protomartiri-francescani/tappa-6-cammino-dei-protomartiri-da-cesi-a-terni	0	200	
https://www.campeggioildrago.it	0	200	
https://www.camping-trasimeno.it/	0	200	
https://www.campingmarmore.it/	0	200	
https://www.cantinaberioli.it/	0	302	https://www.cantinaberioli.it/it/
https://www.carrozzeriapiacenti.it/	0	200	
https://www.carsulae.it/	35		
https://www.campingrioverde.it/	0	200	
https://www.casadicuravillafiorita.it/	0	200	
https://www.casadicuraliotti.it/	0	200	
https://www.casalecoccinella.com/	0	200	
https://www.casaledeifrontini.it/	0	200	
https://www.casaledelvecchio.it/	6		
https://www.casagreppo.com	0	200	
https://www.casalemillesoli.it/	0	200	
https://www.casaleilpicchio.it	0	200	
https://www.casalideltoppello.it	0	200	
https://www.casamanza.it	0	200	
https://www.casangelica.com/	0	403	
https://www.casapolis.it/	0	200	
https://www.caseificiomontecristo.it/	0	302	http://auth.storeden.com/?gp=9789642&vhost=www.caseificiomontecristo.it&connect=&verifier=&token=&return=
https://www.casevacanzeagrifoglio.com/	0	200	
https://www.casanavicella.com/	28		
https://www.castellomonterone.com/it/	0	403	
https://www.cateringhotelanita.com/hotel/	6		
https://www.cateringhotelanita.com/ristorante/	6		
https://www.castellodimorgnano.it/	0	200	
https://www.cedrav.net/ecomuseo/	0	200	
https://www.ceibapub.com/ceibasummer.php	6		
https://www.centromedicodiagnostico.it/	0	200	
https://www.centromedicoumbro.it/	0	200	
https://www.ceramichecontardi.it	0	200	
https://www.cidatsanita.it/domus-gratiae/	0	200	
https://www.cinegatti.it/sale/cinema-melies-en-plein-air/	0	301	https://cinegatti.it/sale/cinema-melies-en-plein-air/
https://www.cinemaclarici.it	0	200	
https://www.cdsamianto.com/	28		
https://www.cityhotelfoligno.com/	0	200	
https://www.cityresidence.it/	0	200	
https://www.clarissemonteluceperugia.org	0	200	
https://www.classichotelterni.com/	0	200	
https://www.cmcasamia.com	0	302	/en
https://www.cmtbus.com/	0	200	
https://www.cnaumbria.it/	0	200	
https://www.clinicaportasole.it/	0	200	
https://www.comprensivopassignano.edu.it/	0	200	
https://www.comune.gubbio.pg.it/servizio/ascensori-pubblici/	0	200	
https://www.comune.orvieto.tr.it/la-citta/gestione-parcheggi-e-moblita/#5	60		
https://www.comune.perugia.it/approfondimenti/augusta	0	302	/
https://www.comune.perugia.it/	0	200	
https://www.comune.sanvenanzo.tr.it/	0	200	
https://www.comune.sigillo.pg.it/	0	200	
https://www.comune.spello.pg.it/	0	200	
https://www.comune.todi.pg.it/	0	302	https://www.comune.todi.pg.it/it
https://www.comunecostacciaro.it/	0	200	
https://www.comunitadieticavivente.org/	0	200	
https://www.comunitaincontro.org/	0	200	
https://www.conad.it/ricerca-negozi/conad-city-localita-cavallara-33-06035--gualdo-cattaneo--000006	0	301	https://www.conad.it/ricerca-negozi/conad-city-localita-cavallara-33-06035-gualdo-cattaneo--000006
https://www.conad.it/ricerca-negozi/margherita-conad-via-della-resistenza-16-a-06055--marsciano--004171	0	301	https://www.conad.it/ricerca-negozi/margherita-conad-via-della-resistenza-16-a-06055-marsciano--004171
https://www.conad.it/ricerca-negozi/conad-via-umberto-i-68-06034-foligno--000034	0	200	
https://www.conad.it/ricerca-negozi/negozio.004203.html	0	301	https://www.conad.it/ricerca-negozi/conad-via-della-filanda-23-06012-perugia--004203
https://www.conad.it/ricerca-negozi/negozio.004294.html	0	301	https://www.conad.it/ricerca-negozi/conad-superstore-via-piero-della-francesca-snc-06012-citta-di-castello--004294
https://www.conad.it/ricerca-negozi/negozio.005912.html	0	301	https://www.conad.it/ricerca-negozi/spazio-conad-via-montefiorino-12-05100-terni--005912
https://www.conad.it/ricerca-negozi/negozio.008484.html	0	301	https://www.conad.it/ricerca-negozi/conad-superstore-piazza-del-tabacchificio-12-13-06083-bastia-umbra--008484
https://www.conad.it/ricerca-negozi/negozio.007884.html	0	301	https://www.conad.it/ricerca-negozi/conad-superstore-localita-ponte-della-stazione-snc-06023-gualdo-tadino--007884
https://www.conad.it/ricerca-negozi/negozio.008990.html	0	301	https://www.conad.it/ricerca-negozi/spazio-conad-via-aldo-capitini-8-06073-corciano--008990
https://www.conad.it/ricerca-negozi/negozio.009574.html	0	301	https://www.conad.it/ricerca-negozi/conad-superstore-via-rita-atria-2-06024-gubbio--009574
https://www.conad.it/ricerca-negozi/negozio.050303.html	0	301	https://www.conad.it/ricerca-negozi/conad-self-24h-via-aldo-capitini-8-06073-corciano--050303
https://www.conad.it/ricerca-negozi/negozio.050219.html	0	301	https://www.conad.it/ricerca-negozi/conad-self-24h-localita-ponte-della-stazione-snc-06023-gualdo-tadino--050219
https://www.corpoeanima.it/	60		
https://www.conservatorioperugia.it/	0	200	
https://www.cospeavillage.it/negozi/pianeta-food/	0	404	
https://www.crabion.it	0	200	
https://www.credem.it	0	200	
https://www.cwgc.org/visit-us/find-cemeteries-memorials/cemetery-details/2004000/assisi-war-cemetery/	0	200	
https://www.decugnanodeibarbi.com/	0	200	
https://www.dinosauricarneossa.it/gubbio.php	0	200	
https://www.diocesi.terni.it/san-giuseppe-lavoratore-in-terni/	0	200	
https://www.diocesi.terni.it/san-giovanni-bosco-in-campomaggiore/	0	200	
https://www.domuspacis.it/	0	200	
https://www.domuslaetitiaeassisi.it	0	200	
https://www.emisfero.eu/ipermercato-perugia/promozioni/it	0	404	
https://www.emporiovapori.it/	0	200	
https://www.emporiodelgusto.net	0	200	
https://www.enel.it/punto-enel/	0	302	https://www.enel.it/punto-enel
https://www.euromedica.info/home/	0	200	
https://www.europalacetodi.com/	0	200	
https://www.eurospin.it/	0	200	
https://www.eurospin.it/punti-vendita/amelia-493239/	0	404	
https://www.eurospin.it/punti-vendita/foligno-400093/	0	404	
https://www.facebook.com/325514081231448/posts/869115046871346/	0	200	
https://www.facebook.com/AZ-AGR-La-LUNA-di-Casagrande-Samuel-1541078919535086/	0	301	https://www.facebook.com/people/AZ-AGR-La-LUNA-di-Casagrande-Samuel/100057105445353/
https://www.facebook.com/Bottega-DEI-Priori-1165397936820158/	0	301	https://www.facebook.com/profile.php?id=100064005971812
https://www.eurospin.it/punti-vendita/terni-479402/	0	404	
https://www.facebook.com/EchoesRestaurantPiegaro/	0	200	
https://www.facebook.com/Farmacia-Le-Fonti-249012539061578/	0	301	https://www.facebook.com/farmacialefontipg
https://www.facebook.com/Frutta-e-Verdura-Dina-Mosca-108936250813441/	0	301	https://www.facebook.com/people/Frutta-e-Verdura-Dina-Mosca/100054820117068/
https://www.facebook.com/LipuUmbria	0	200	
https://www.facebook.com/Il.Giardino.Perugia/	0	200	
https://www.facebook.com/ML-carburanti-233033797641338	0	301	https://www.facebook.com/people/ML-carburanti/100063556121995/
https://www.facebook.com/PasticceriaEdoardo	0	200	
https://www.facebook.com/azienda.hispellum	0	200	
https://www.facebook.com/Scardone	0	200	
https://www.facebook.com/casadideboraperugia	0	200	
https://www.facebook.com/echoescafepiegaro/?fref=nf	0	302	https://www.facebook.com/login/?next=https%3A%2F%2Fwww.facebook.com%2Fechoescafepiegaro%2F%3Ffref%3Dnf
https://www.facebook.com/dolceesalatospoleto/	0	200	
https://www.facebook.com/ganzoebulo.it	0	302	https://www.facebook.com/login/?next=https%3A%2F%2Fwww.facebook.com%2Fganzoebulo.it
https://www.facebook.com/illuppologubbio/	0	302	https://www.facebook.com/login/?next=https%3A%2F%2Fwww.facebook.com%2Filluppologubbio%2F
https://www.facebook.com/la.d.vita.988/	0	302	https://www.facebook.com/login/?next=https%3A%2F%2Fwww.facebook.com%2Fla.d.vita.988%2F
https://www.facebook.com/lagelateriagubbio/	0	302	https://www.facebook.com/login/?next=https%3A%2F%2Fwww.facebook.com%2Flagelateriagubbio%2F
https://www.facebook.com/lartigianodelgelatoperugia/	0	302	https://www.facebook.com/login/?next=https%3A%2F%2Fwww.facebook.com%2Flartigianodelgelatoperugia%2F
https://www.facebook.com/numerozeroperugia/	0	302	https://www.facebook.com/login/?next=https%3A%2F%2Fwww.facebook.com%2Fnumerozeroperugia%2F
https://www.facebook.com/parrocchiasanzenone.terni/	0	302	https://www.facebook.com/login/?next=https%3A%2F%2Fwww.facebook.com%2Fparrocchiasanzenone.terni%2F
https://www.facebook.com/ristorantelequerceallerona	0	302	https://www.facebook.com/login/?next=https%3A%2F%2Fwww.facebook.com%2Fristorantelequerceallerona
https://www.facebook.com/tentacoliperugia/	0	302	https://www.facebook.com/login/?next=https%3A%2F%2Fwww.facebook.com%2Ftentacoliperugia%2F
https://www.facebook.com/snackbar.dueerre	0	302	https://www.facebook.com/login/?next=https%3A%2F%2Fwww.facebook.com%2Fsnackbar.dueerre
https://www.facebook.com/trattoriasanmartino/	0	302	https://www.facebook.com/login/?next=https%3A%2F%2Fwww.facebook.com%2Ftrattoriasanmartino%2F
https://www.facebook.com/tiprossi	0	302	https://www.facebook.com/login/?next=https%3A%2F%2Fwww.facebook.com%2Ftiprossi
https://www.facebook.com/wangperugia	0	302	https://www.facebook.com/login/?next=https%3A%2F%2Fwww.facebook.com%2Fwangperugia
https://www.falesiaonline.it/falesia/gavelli.html	0	200	
https://www.farmaciabosco.com	0	500	
https://www.fattorialuchetti.com/	35		
https://www.farmaciabolli.it/	0	200	
https://www.ferrantinet.com/	0	200	
https://www.fezemauro.com/	7		
https://www.flairstreetperugia.it/	0	200	
https://www.flixbus.de/busverbindung/fernbus-muenchen-rom-roma	0	200	
https://www.flixbus.de/busverbindung/fernbus-rom-roma-muenchen	0	200	
https://www.fondoambiente.it/luoghi/bosco-di-san-francesco	0	301	https://fondoambiente.it:443/luoghi/bosco-di-san-francesco
https://www.fontemaggio.it	0	200	
https://www.fontemaggio.it/	0	200	
https://www.fattorieumbre.com	28		
https://www.fontepino.com/	0	200	
https://www.fontidelclitunno.it/#camere	0	200	
https://www.fortesorgnano.com/	0	200	
https://www.fratticioli.com	0	200	
https://www.galasupermercati.it/	0	200	
https://www.gls-italy.com	0	303	https://gls-group.com/IT/it/home
https://www.grandhotelelite.it/	0	200	
https://www.frantoiosepioni.it/	0	200	
https://www.grom.it/	0	302	https://www.gromgelato.com
https://www.gruppo.acea.it/al-servizio-delle-persone/ambiente/termovalorizzazione/termovalorizzatore-terni	0	200	
https://www.hazienda.it/	0	200	
https://www.healthcarepg.it/	0	200	
https://www.gubbioculturamultiservizi.it/servizi/parcheggiare-a-gubbio/	0	404	
https://www.hotelcastelloassisi.it/	0	200	
https://www.hotelclarici.it/	0	200	
https://www.hoteldellatorre.eu/	0	301	https://hoteldellatorre.eu
https://www.hoteldonbosco.it	0	200	
https://www.hoteldeiduchi.com/	0	200	
https://www.hotelirispg.com/	0	200	
https://www.hotelsansebastianoperugia.com/	0	200	
https://www.hoteltiferno.it	0	302	/en/
https://www.hotelumbra.it/	0	200	
https://www.hotelgarden.com/	28		
https://www.hotelvillaverdeassisi.com	0	200	
https://www.icdellagengaalighieri.gov.it	6		
https://www.icdellagengaalighieri.gov.it/default.asp	6		
https://www.hubhotel.net	0	301	https://hubhotel.net/
https://www.iiscittadicastello.edu.it/	0	200	
https://www.iisacp.edu.it/plessi-scolastici/liceo-classico/	0	200	
https://www.ilcantodellasino.it	0	200	
https://www.ilcapannoristorante.net/	0	200	
https://www.ilRoseto.com	0	503	
https://www.ilcollaccio.com/	0	200	
https://www.ilfrantoio.com/	0	301	https://ilfrantoio.com/
https://www.ilnegoziodelte.it	0	200	
https://www.ilpoderesangiuseppe.it/	0	200	
https://www.ilriccioagriturismo.com	0	200	
https://www.iltorrionetrasimeno.com/	0	200	
https://www.iluoghidelsilenzio.it/?p=239365	0	301	https://www.iluoghidelsilenzio.it/casali-san-silvestro-scheggino-pg/
https://www.iluoghidelsilenzio.it/?p=241592	0	301	https://www.iluoghidelsilenzio.it/casino-gelosi-leonetti-baiano-di-spoleto-pg/
https://www.iluoghidelsilenzio.it/?p=241615	0	301	https://www.iluoghidelsilenzio.it/palazzo-merini-o-villa-leti-baiano-di-spoleto-pg/
https://www.iluoghidelsilenzio.it/?p=242847	0	301	https://www.iluoghidelsilenzio.it/rocche-di-pianciano-spoleto-pg/
https://www.ilpratoverde.com/	28		
https://www.iluoghidelsilenzio.it/?p=248791	0	301	https://www.iluoghidelsilenzio.it/eremo-di-san-girolamo-monteluco-di-spoleto-pg/
https://www.iluoghidelsilenzio.it/?p=249733	0	301	https://www.iluoghidelsilenzio.it/eremo-di-santa-croce-monteluco-di-spoleto-pg/
https://www.iluoghidelsilenzio.it/?p=250939	0	301	https://www.iluoghidelsilenzio.it/villa-di-terraia-spoleto-pg/
https://www.iluoghidelsilenzio.it/?p=251371	0	301	https://www.iluoghidelsilenzio.it/eremo-di-san-pietro-parenzi-monteluco-di-spoleto-pg/
https://www.iluoghidelsilenzio.it/?p=252113	0	301	https://www.iluoghidelsilenzio.it/villa-di-mustaiole-spoleto-pg/
https://www.iluoghidelsilenzio.it/?p=252663	0	301	https://www.iluoghidelsilenzio.it/eremo-di-santa-maria-egiziaca-monteluco-di-spoleto-pg/
https://www.iluoghidelsilenzio.it/abbazia-di-san-vittore-otricoli-tr/	0	200	
https://www.iluoghidelsilenzio.it/aisillo-di-bevagna-luogo-di-culto-romano-capro-di-bevagna-pg/	0	200	
https://www.iluoghidelsilenzio.it/chiesa-della-madonna-della-selva-mattutina-selvetta-montefalco/	0	200	
https://www.iluoghidelsilenzio.it/castello-di-otricoli-tr/	0	200	
https://www.iluoghidelsilenzio.it/chiesa-della-madonna-di-colderba-gia-san-lorenzo-assisi-pg/	0	200	
https://www.iluoghidelsilenzio.it/chiesa-della-madonna-dellulivo-spoleto-pg/	0	200	
https://www.iluoghidelsilenzio.it/chiesa-di-san-fortunato-assisi-pg/	0	200	
https://www.iluoghidelsilenzio.it/chiesa-di-san-cassiano-mercatello-di-montefalco-pg/	0	200	
https://www.iluoghidelsilenzio.it/chiesa-di-san-fortunato-spello/	0	200	
https://www.iluoghidelsilenzio.it/chiesa-di-san-giuseppe-montescosso-di-ponte-felcino-pg/	0	200	
https://www.iluoghidelsilenzio.it/chiesa-di-san-michele-arcangelo-pigge-di-trevi-pg/	0	200	
https://www.iluoghidelsilenzio.it/chiesa-di-san-leonardo-delle-penne-monteluco-di-spoleto-pg/	0	200	
https://www.iluoghidelsilenzio.it/chiesa-di-san-nicolo-trevi-pg/	0	200	
https://www.iluoghidelsilenzio.it/chiesa-di-san-pancrazio-colle-del-marchese-di-castel-ritaldi-pg/	0	200	
https://www.iluoghidelsilenzio.it/chiesa-di-san-pietro-forfi-cimitero-sellano/	0	200	
https://www.iluoghidelsilenzio.it/chiesa-di-san-tommaso-spoleto-pg/	0	200	
https://www.iluoghidelsilenzio.it/chiesa-di-santa-maria-delle-rose-assisi-pg/	0	200	
https://www.iluoghidelsilenzio.it/chiesa-di-santangelo-de-assisibus-castel-san-giovanni/	0	200	
https://www.iluoghidelsilenzio.it/chiesa-pieve-di-san-gregorio-magno-castel-ritaldi/	0	200	
https://www.iluoghidelsilenzio.it/chiesa-di-santo-stefano-picciche-di-trevi-pg/	0	200	
https://www.iluoghidelsilenzio.it/edicola-della-madonna-della-spiga-mercatello-di-montefalco-pg/	0	200	
https://www.iluoghidelsilenzio.it/convento-di-santantonio-monteluco-di-spoleto/	0	200	
https://www.iluoghidelsilenzio.it/santuario-della-madonna-delle-lacrime-trevi-pg/	0	200	
https://www.iluoghidelsilenzio.it/eremo-di-santangelo-in-pantanelli-baschi/	0	200	
https://www.iluoghidelsilenzio.it/villa-di-rio-secco-trevi-pg/	0	200	
https://www.imattarelli.it/	0	200	
https://www.inail.it/	0	301	https://www.inail.it/cs/internet/home.html
https://www.immobiliarequadracciaamelia.it/	0	200	
https://www.instagram.com/giulia.consulentedelbenessere/	0	302	https://www.instagram.com/accounts/login/?next=https%3A%2F%2Fwww.instagram.com%2Fgiulia.consulentedelbenessere%2F
https://www.instagram.com/jollyrogerperugia	0	301	https://www.instagram.com/jollyrogerperugia/
https://www.irosticceriperugia.it/	0	200	
https://www.iodibetto.edu.it/	0	200	
https://www.istat.it/it/istituto-nazionale-di-statistica/organizzazione/sedi-territoriali	0	403	
https://www.it-al.it/	0	200	
https://www.italgest.com/	0	200	
https://www.italiaendurance.it/	0	200	
https://www.isaporidellumbria.com/	0	200	
https://www.italian.hostelworld.com/hosteldetails.php/Ostello-Mario-Spagnoli/Perugia/11489	0	301	/st/redirect?path=hosteldetails.php/Ostello-Mario-Spagnoli/Perugia/11489
https://www.italywm.com/	0	200	
https://www.ittfoligno.it	0	200	
https://www.jessicaligobbi.com	0	200	
https://www.itticatranquilli.com/	0	200	
https://www.julu.se/	0	200	
https://www.labirintodiadriano.com/	0	200	
https://www.labottegadellorafo.it/	60		
https://www.lacampagnadiassignano.it/	0	200	
https://www.lacasellaagriturismo.com	0	200	
https://www.lacasinarossaperugia.it/	0	200	
https://www.lagabelletta.it/	0	200	
https://www.lagotrasimeno.co.uk/pg.itinerari.scheda.php?id=32&cat=2&lang=en	0	301	https://www.lagotrasimeno.net/en/pg.itinerari.scheda.php?id=32&cat=2&lang=en
https://www.jw.org/it	0	200	
https://www.lagotrasimeno.net/pg.itinerari.scheda.php?id=42	0	301	https://www.lagotrasimeno.net/it/itinerari-m4
https://www.lagotrasimeno.net/pg.itinerari.scheda.php?id=33&cat=2&lang=en	0	301	https://www.lagotrasimeno.net/it/itinerari-m4
https://www.lanuovaparati.it/	0	200	
https://www.lapiantadelte.it/	0	301	https://www.lapiantadelte.it/shop/
https://www.lapostservice.com/	0	200	
https://www.lariete.org/	0	301	https://lariete.org/
https://www.laromanticapizzeria.it/	0	200	
https://www.lampeggianteblu.it/	0	200	
https://www.lasomma.it/	0	200	
https://www.laterrazzahotel.it/centro-benessere-spa/	0	200	
https://www.laterrazzahotel.it	0	200	
https://www.laviadeltrasimeno.org	0	200	
https://www.lavanderianuovopulito.it/	0	200	
https://www.letremuse.it	0	301	https://www.letremuse.it/en/
https://www.levita.cloud/	0	200	
https://www.liceiangeloniterni.gov.it/	6		
https://www.lietasosta.it/	0	200	
https://www.lilhoff.com/	0	200	
https://www.locandamontefalco.it/	0	200	
https://www.longeviafood.com	0	200	
https://www.lemoreeigelsomini.it/	28		
https://www.lungarotti.it/	0	301	https://lungarotti.it/ita/
https://www.lungarotti.it/fondazione	0	404	
https://www.magnafebo.it/	60		
https://www.magnatestone.it/	0	200	
https://www.malakos.it/	0	200	
https://www.mandolonicarpenteria.it/	0	200	
https://www.miralduolo.com	0	200	
https://www.mbar.it/	0	200	
https://www.molinopontebari.it/	0	200	
https://www.molino49.com/	0	200	
https://www.monasterodibose.it/fraternita/assisi	0	200	
https://www.montagneaperte.it/edicolesacre/campello-sul-clitunno-la-bianca-via-santa-maria-villa-soda-cam025/	0	200	
https://www.montagneaperte.it/patriarchiverdi/acero-trevi-rio-secco/	0	200	
https://www.montagneaperte.it/patriarchiverdi/faggio-trevi-coste-casetta-ciccaglia/	0	200	
https://www.montagneaperte.it/patriarchiverdi/noce-trevi-rio-secco/	0	200	
https://www.montecchiostorianatura.it/	6		
https://www.montesca.eu/	0	302	https://www.montesca.eu/2.0/
https://www.montalionline.com	0	200	
https://www.motonauticacarli.it/	0	200	
https://www.morlacchilibri.com/libreria/	0	200	
https://www.naturasi.it	0	200	
https://www.nailover.it/	0	301	https://nailover.it/
https://www.nibaweb.com/	0	200	
https://www.nkd.it	0	200	
https://www.officine-bartolini.it/	0	200	
https://www.orologeriaoreficeriapolimadei.com/	0	200	
https://www.nikkaefigo.it	0	200	
https://www.ospedale.perugia.it/	0	200	
https://www.ostellocentrosperanza.it/	6		
https://www.orsiniagriturismo.it	0	200	
https://www.otticadelborgo.it/	0	200	
https://www.palazzocollicola.it/	0	200	
https://www.palazzoseneca.com	0	301	https://www.palazzoseneca.com/en/
https://www.parcochicomendes.com/	0	200	
https://www.osterialecivette.it/	0	200	
https://www.parcosculturebrufa.it/	0	200	
https://www.parcosculturebrufa.it/ita/2/sculture/3/broken-circle	0	200	
https://www.per.umbria.it/	0	200	
https://www.pcworknet.it/	0	200	
https://www.perugiacheckup.it/	0	200	
https://www.pescamaniatr.com/	0	403	
https://www.pianciano.it/it	0	301	https://www.pianciano.it/it/
https://www.piandiboccio.com/	0	200	
https://www.piandifrattina.com/home.html	0	404	
https://www.perugiavecchia.com	0	200	
https://www.pizzeriaacquaefarina.com/	6		
https://www.pocanoja.it/	0	200	
https://www.poderecampogrande.com/	6		
https://www.pistarcobaleno.com/	0	200	
https://www.podernovo.it/	6		
https://www.poderedellolmo.it/	0	200	
https://www.poggiodelbolognino.it/	0	200	
https://www.poggioallevigne.it/	0	301	https://poggioallevigne.it/ita/
https://www.poste.it	0	200	
https://www.portaleterme.com/montecchio/health-center-il-maniero-di-melezzole/	0	200	
https://www.poste.it/	0	200	
https://www.preventsrl.it/	0	200	
https://www.primaveraminihotel.it/	60		
https://www.primotu.it/	0	200	
https://www.profishingpg.it/	0	200	
https://www.procasacastalda.it/	0	200	
https://www.protezionecivilecorciano.it	0	200	
https://www.pucciarella.it/	0	200	
https://www.promass.com/	0	200	
https://www.reartuassisi.com/	0	301	https://reartuassisi.it/
https://www.raftingmarmore.com/	0	200	
https://www.regione.umbria.it/ambiente/siti-di-importanza-comunitaria-sic/-/document_library_display/lgzakFbmr4yA/view/1616400	0	200	
https://www.relaisvilladeangelis.it	0	200	
https://www.resortumbriaspa.com/	0	200	
https://www.ristorante-gattopardo.com	0	200	
https://www.rentybike.com/	0	200	
https://www.ristoranteallaviadimezzo.it/il-ristorante	0	200	
https://www.ristoranteangolodelgardeniablu.com/	0	200	
https://www.ristorantecavour-todi.com	0	200	
https://www.ristorantecantina.it/	0	200	
https://www.ristorantedaangelo.com	0	200	
https://www.ristorantefioriesapori.com/	0	200	
https://www.ristoranteilgattamelatanarni.com/	6		
https://www.ristoranteilvizio.it	0	200	
https://www.ristoranteilfocolare.com/	0	301	https://ristoranteilfocolare.com/
https://www.ristorantelanterna.it/	0	200	
https://www.ristorantemedioevoassisi.it/	0	200	
https://www.ristorantenumero1.it/	0	301	https://ristorantenumero1.it/
https://www.ristorantepizzeriapubnostrano.com/	0	200	
https://www.rucoline.com/rucoline/it	0	404	
https://www.sanfelicissimo.com	0	200	
https://www.sabait.it/	0	302	https://www.sabait.it/it/
https://www.sanrufinodarce.it	0	200	
https://www.sangallo.it/	0	301	https://www.sangallo.it/index.php
https://www.santacolette.com/	0	200	
https://www.scaccomatto.net/campeggio/	0	403	
https://www.sda.it	0	302	https://www.sda.it/wps/portal/sdait.home/
https://www.sassodeilupi.it/	0	200	
https://www.sentierodellabonifica.it/	0	301	https://www.ar-tel.it/
https://www.sicomarredamenti.com/	0	200	
https://www.sentieriamerini.it/	0	200	
https://www.sinahotels.com/it/h/sina-brufani-perugia/	0	200	
https://www.sinapsisrl.com/	0	200	
https://www.sogepu.com/	0	200	
https://www.solelunaestetica.com/	0	200	
https://www.smiledental.it/	0	200	
https://www.speleopg.it/	0	200	
https://www.sstefano.it/centro-residenziale-santo-stefano-di-foligno	0	200	
https://www.storieinfattoria.it/4-passi-fuori-dalla-palude/	0	200	
https://www.spitelliagristore.it/	0	200	
https://www.stradeanas.it/	0	301	https://www.stradeanas.it/it
https://www.straginazifasciste.it/?page_id=38&id_strage=1554	0	200	
https://www.straginazifasciste.it/?page_id=38&id_strage=2150	0	200	
https://www.superconti.eu/punti-vendita/orvieto/	0	200	
https://www.studiolegalealunnorossetti.it/	0	200	
https://www.tavernadellospagna.it/	0	403	
https://www.tanaitalia.com/	0	200	
https://www.terrabiogubbio.it/	60		
https://www.tesla.com/findus/location/supercharger/perugiasouthsupercharger	0	200	
https://www.teatropiccolo.it/	0	301	https://www.teatropiccolo.it/concordia/
https://www.torrebisenzio.com/	0	200	
https://www.toyota.it/dealer/Terni%20(TR)/05100/Umbria%20Motori%20Point%20-%20Centro%20Assistenza%20Autorizzato	0	404	
https://www.titignano.it/	0	200	
https://www.trattorialatorretta.com/	0	200	
https://www.trattoriatipicaternanafriozzu.it/	0	200	
https://www.trilogyclub.it/	0	200	
https://www.turismotorgiano.it/ita/15/monumenti-e-luoghi-di-interesse/1/torre-baglioni/	0	200	
https://www.turismotorgiano.it/ita/15/monumenti-e-luoghi-di-interesse/2/torre-della-jaccera/	0	200	
https://www.turismotorgiano.it/ita/15/monumenti-e-luoghi-di-interesse/3/piazza-baglioni/	0	200	
https://www.ugolinelli.com/	0	200	
https://www.turismostroncone.it/ita/6/arte-e-cultura/5/sacrario-delle-armi/?ss=4	0	200	
https://www.ulivoinfiore.com/	0	200	
https://www.umbra.org/	0	200	
https://www.umbraacque.com	0	200	
https://www.umana.it/	0	200	
https://www.umbriacamp.it	0	200	
https://www.umbriaterremusei.it/it/musei_5/post/cisterna-romana-amelia_14/	0	403	
https://www.umbriaterremusei.it/it/musei_5/post/museo-civico-archeologico-e-pinacoteca-amelia_13/	0	403	
https://www.umbriaterremusei.it/it/musei_5/post/palazzo-petrignani-amelia_15/	0	403	
https://www.umbriaraftingecanoa.it/	0	200	
https://www.umbriatourism.it/it/-/la-necropoli-del-vallone-di-san-lorenzo-a-montecchio	0	200	
https://www.unipg.it/	0	403	
https://www.unistrapg.it/node/497	0	200	
https://www.uslumbria1.it/pagine/c-o-r-i-passignano	0	301	https://www.uslumbria1.it
https://www.uslumbria1.it/pagine/centro-servizi-grocco-perugia	0	404	
https://www.uslumbria1.it/pagine/direzione-001	52		
https://www.uslumbria1.it/pagine/direzione-medica-000	52		
https://www.uslumbria1.it/pagine/ospedale-castiglione-del-lago	52		
https://www.uslumbria1.it/pagine/ospedale-citta-di-castello	52		
https://www.uslumbria1.it/pagine/ospedale-umbertide	52		
https://www.uslumbria1.it/pagine/poliambulatori-perugia-p-le-europa-e-p-s-giovanni	52		
https://www.uslumbria1.it/pagine/r-s-a-casa-dellamicizia-a-seppilli-perugia	52		
https://www.uslumbria2.it/notizie/centro-salute-mentale-di-terni	0	200	
https://www.uslumbria2.it/pagine/distretto-di-foligno	0	200	
https://www.uslumbria2.it/pagine/domus-gratiae	0	200	
https://www.uslumbria2.it/pagine/ospedale-di-amelia-000	0	200	
https://www.uslumbria2.it/pagine/ospedale-di-foligno-000	0	200	
https://www.uslumbria2.it/pagine/ospedale-di-narni-000	0	200	
https://www.uslumbria2.it/pagine/ospedale-di-norcia-000	0	200	
https://www.uslumbria2.it/pagine/ospedale-di-orvieto	0	200	
https://www.uslumbria2.it/pagine/ospedale-di-trevi	0	200	
https://www.uslumbria2.it/servizi/hospice	0	200	
https://www.vetrya.com/	0	200	
https://www.vertiginisport.com/	0	301	https://www.vertiginisport.com/it/
https://www.villaclaraassisi.it/	0	200	
https://www.viadifrancesco.it/	0	200	
https://www.villadeimosaicidispello.it/	0	200	
https://www.villamonticelli.it/	6		
https://www.villavalentinibonaparte.it	0	200	
https://www.virginactive.it/club/perugia/perugia	0	301	/club/perugia
https://www.vivomarket.it/comune/54051/Spoleto.html	0	200	
https://www.vololiberomontecucco.it/	0	200	
https://www.villacostapiccola.com	28		
https://www.zeropuntouno.it/	0	200	
https://www.vuscom.it/	0	200	
iterzieri.it	-1		
protezionecivilegubbio.it	-1		
tavernalamola.it	-1		
trattoriaborgosanfrancesco.it	-1		
www.AgriturismoLaPila.com	-1		
www.PortaDelTempo.com	-1		
www.ResidenceSantEmiliano.it	-1		
www.SanPonziano.it	-1		
www.agriturlerocche.com	-1		
www.albergoferretti.com	-1		
www.aquilone.it	-1		
www.associazionelafortezza.it	-1		
www.borgosambuco.com	-1		
www.centroolistico5sensi.com	-1		
www.comune.bastia.pg.it	-1		
www.comune.montecchio.tr.it	-1		
www.comune.terni.it	-1		
www.confraternitadisanjacopo.it	-1		
www.fonteantica.it	-1		
www.fratticioli.com	-1		
www.hortustodi.it/	-1		
www.hotelbramante.it	-1		
www.hotelsanluca.com	-1		
www.hotelsanmarcogubbio.com	-1		
www.idealucedesign.it	-1		
www.ilbalestruccio.it	-1		
www.inurbe.it	-1		
www.lachiusa.com	-1		
www.laika.eu	-1		
www.legambienteumbria.it	-1		
www.levalcelle.it	-1		
www.listro.it	-1		
www.ostello.perugia.it	-1		
www.osterialecivette.it	-1		
www.paolobea.com/	-1		
www.polo-nerd.it	-1		
www.ristorantesantino.it	-1		
www.saporedimareperugia.it	-1		
www.siami.it/	-1		
www.tracieloeterra.org	-1		
www.vivaiorosaria.it	-1		
https://zafferanoedintorni.it/en/portfolio-articoli/guest-farm/	0	200	
