<?xml version="1.0" encoding="UTF-8"?>
<!DOCTYPE html PUBLIC "-//W3C//DTD XHTML 1.0 Strict//EN"
    "http://www.w3.org/TR/xhtml1/DTD/xhtml1-strict.dtd">
<html xmlns="http://www.w3.org/1999/xhtml" xml:lang="en" lang="en">
<head>
  <meta http-equiv="content-type" content="text/html; charset=utf-8" lang="en"/>
  <title>OSM3S Response</title>
</head>
<body>

<p>The data included in this document is from www.openstreetmap.org. The data is made available under ODbL.</p>
<p><strong style="color:#FF0000">Error</strong>: runtime error: open64: 0 Success /osm3s_osm_base Dispatcher_Client::request_read_and_idx::timeout. The server is probably too busy to handle your request. </p>

</body>
</html>
node	1232632410	http://www.pizzeriapozzoromano.com
node	1635117842	https://www.agriturismoleburgne.it/
node	1800250074	http://musei.beniculturali.it/musei?mid=472&amp;nome=necropoli-etrusca-crocifisso-del-tufo
node	1887119542	https://www.fezemauro.com/
node	2146579118	https://www.domuspacis.it/
node	2169682875	http://www.lavalledelleaquile.com
node	2337023142	https://www.assisihotelantonelli.it/
node	3195383402	http://www.ristoranteilcavaliere.com
node	3594203684	http://www.up.aci.it/perugia/
node	4270656460	https://www.lakebikestore.it
node	4528307077	https://www.carloni1989.it/
node	4528371043	https://www.ristoranteilmoderno.store/menu/
node	4529186809	https://www.alphaville-italia.com
node	4581702789	https://todi.ubiklibri.it
node	5249382813	https://www.rampiniauto.it/
node	6206621145	https://www.lagiostrinadeicanape.it/servizi/la-giostrina.html
node	6823102355	https://hotellacorte.magrellihr.com
node	7809059981	https://www.ristorantenumero1.it/
node	7830845120	https://www.ristorantedaangelo.com
node	8121295640	https://www.associazionedare.it/
node	8980022220	https://www.fattorieumbre.com
node	9074739869	https://casalauretana.com/
node	9781449904	https://www.porziuncola.org/
node	10542596389	https://www.hotelcastelloassisi.it/
node	10570396458	https://graymoor.org/italy
node	10570958563	http://www.suorefrancescanemissionariediassisi.org/suore/Immacolata.html
node	10571038162	https://www.alcantarineassisi.it/
node	10573665597	https://www.agostinianespello.it/
node	10579993762	https://flliperugini.com/
node	10580895199	https://www.birrificiocolfiorito.com/
node	10758459973	https://www.pizzeriamarchigiana.it/
node	10848122258	https://terrazza-farnese-belvedere-di-orvieto.business.site/
node	10961427872	https://www.ristoranteilcantinoneperugia.com
node	11078925541	https://birranursia.com/
node	11079164424	http://www.utopiaggia.eu
node	11382162576	https://marianigiovannicommerciale.it
node	11681306449	https://www.casamonteripido.it/albergo/
node	11758382701	https://www.museomontefalco.it/
node	11789451074	https://www.pescapiu.it
node	11872122269	https://www.citytourperugia.it
node	11874971676	https://anticaporchetteriagranieri.it
node	11906824722	https://www.ristorantepicchioverde.com
node	11916159148	https://fondazionemacsa.org/palazzo-degli-oddi/
node	11931194124	https://www.lapiantadelte.it/shop/content/4-teaperugia-sala-da-te-punto-vendita-perugia-la-pianta-del-te
node	11954443862	https://www.assisimuseodiocesano.it/visitaci/
node	12018545260	https://www.perugina.com/it/casa-del-cioccolato/Welcome-to-the-Casa-del-Cioccolato
node	12320864828	https://benedettineciterna.wordpress.com
node	12397475171	https://www.bernyhouse.it/
node	12456888993	https://www.museidiallerona.it
node	12776754574	https://www.madonnadellerose.com/
node	12779386054	https://www.istitutocasoriaassisi.it/
node	12779726597	https://www.sanfrancescoassisi.org/
node	12797943186	https://www.tenutasanlorenzo.it/
node	12811371344	https://www.accoglienzasanfrancesco.it/
node	12952324798	https://www.diocesiassisi.it/
node	12952349653	https://monasterosangiuseppeassisi.it/
node	13114589488	https://www.casabeatangelina.it/
node	13138500518	https://www.comune.castelviscardo.tr.it/hh/index.php
node	13434558657	https://www.assisimuseodellamemoria.it/
way	37028360	https://www.santuariosandamiano.org/
way	43051908	https://santuariorivotortoassisi.org/
way	54610355	https://www.comune.montefalco.pg.it/pagine/polizia-stradale
way	76844973	https://www.assisisantuariospogliazione.it/
way	105440966	https://www.porziuncola.org/
way	106506109	https://www.santuariosandamiano.org/
way	106506111	https://www.santuarioeremodellecarceri.org/
way	140678619	https://www.superconti.eu/punti-vendita/orvieto/
way	149526977	https://www.santacolette.com/
way	152539968	https://fontedegna.wixsite.com/umbria-tuscany
way	168679030	https://sostareabevagna.com/
way	179935735	http://www.ilboschetto.com/
way	204687572	https://www.fontemaggio.it
way	222602134	http://www.irpi.cnr.it/
way	228635691	https://www.cwgc.org/visit-us/find-cemeteries-memorials/cemetery-details/2004000/assisi-war-cemetery/
way	246213227	https://www.assisiofm.it/sacro-speco-narni-68-1.html
way	254854443	https://www.assisimuseodiocesano.it/visitaci/
way	279367111	https://www.montalionline.com
way	279367126	http://www.montalionline.com/
way	374598068	https://www.parcodelmontecucco.it/it/info-utili/
way	412972455	https://www.convittoassisi.edu.it/
way	412972456	https://www.alberghieroassisi.eu/
way	434420835	https://www.poggiodivillafano.it/
way	450266768	http://www.hotelquadrifogliocascia.com/
way	452956087	http://kartinglequerce.altervista.org/
way	528899364	http://www.AssisiBellavista.it
way	528899396	https://www.ilRoseto.com
way	560118130	https://www.lagiostrinadeicanape.it/servizi/il-trenino.html
way	588200103	http://www.canoaclubperugia.it
way	620147295	http://www.cittadella.org/
way	686717426	https://www.allanticamattonata.com/
way	712474839	https://www.porziuncola.org/
way	728195596	https://sanbenedettoalsubasio.it/
way	757260586	https://panoramadincanto.it/
way	835401677	https://villagabbiano.it/
way	835411954	https://valsorda.daclelia.it/valsorda-il-camping/
way	849611228	http://www.olioragani.com/
way	868763578	https://turismo.tadino.it/informazioni-aree-camper-biblioteca/
way	896680861	http://www.ostellovictorcenter.com
way	915987117	http://www.victorhostel.com/
way	1058727515	https://www.villalavaniaspello.it/
way	1075546946	http://www.teatroinstabili.com/
way	1111886908	http://www.fontebella.com
way	1193573273	https://nursia.org/
way	1289711090	https://turismo.comune.perugia.it/pagine/biblioteca-comunale-degli-arconi-perugia
way	1290599799	http://www.upsandomenico.church/
way	1317385895	https://www.campingcerquestra.it/
way	1332877889	https://www.lietasosta.it/
way	1333218154	https://www.fattoriagiorgetti.it/
way	1334245871	https://turismo.tadino.it/informazioni-aree-camper-biblioteca/
way	1334245872	https://turismo.tadino.it/informazioni-aree-camper-biblioteca/
way	1357196484	https://www.assisicasafrancesca.it/
way	1455940859	https://www.villaggioparcodeipini.it/
way	1455943139	https://campingkursaal.it/
way	1455945299	https://badiaccia.com/
way	1457434090	https://www.parcodelmontecucco.it/it/info-utili/
relation	2016618	https://monasterosangiuseppeassisi.it/
relation	2997264	https://casasangirolamo.azionecattolica.it/
relation	3444241	https://www.casamonteripido.it/
relation	6862481	https://www.monterufeno.it/
relation	8050899	http://www.viaggispirituali.it/strutture-turismo-religioso/umbria/monastero-s-croce_3353/
relation	16020019	http://www.lavalnerina.it/
relation	17666893	http://www.agriturismopoponi.it/
relation	18259686	https://benedettineciterna.wordpress.com/
node	703424171	http://italia.indettaglio.it/ita/umbria/perugia_sangiustino_cospaia.html
node	2329559965	www.osterialecivette.it
node	4364974414	http://www.umbriameteo.com/webcam/castelluccio/
node	7726566305	http://www.museiprovinciaterni.it/context_musei.jsp?ID_LINK=498&area=47
node	12872798807	https://www.iluoghidelsilenzio.it/tugurio-di-san-francesco-cannara-pg/
way	207812059	https://fondoambiente.it/luoghi/abbazia-di-santa-maria-di-valdiponte-in-corbiniano-o-abbazia-di-montelabate
way	229271786	https://www.iluoghidelsilenzio.it/chiesa-di-san-giovanni-battista-cannara-pg/
way	238107829	https://pleiades.stoa.org/places/416806
way	261548140	https://www.academia.edu/84533366/COME_NASCE_UNA_BASE_GIS_PER_L_ARCHEOLOGIA_OPENSOURCE_SVILUPPATA_DA_ARCHEOLOGI_PER_GLI_ARCHEOLOGI_LO_SCAVO_DI_POGGIO_GRAMIGNANO_LUGNANO_IN_TEVERINA_TR_
way	833610917	https://www.iluoghidelsilenzio.it/eremo-di-santangelo-in-pantanelli-baschi/
way	1222044942	https://www.iluoghidelsilenzio.it/chiesa-della-buona-morte-cannara-pg/
way	1382315972	https://www.iluoghidelsilenzio.it/chiesa-di-san-lorenzo-vecchio-rapecchiano-di-foligno-pg/
