<!DOCTYPE HTML PUBLIC "-//W3C//DTD HTML 4.01//EN" "http://www.w3.org/TR/html4/strict.dtd">
<html><head>
<title>406 Not Acceptable</title>
</head><body>
<h1>Not Acceptable</h1>
<p>An appropriate representation of the requested resource could not be found on this server.</p>
<hr>
<address>Apache/2.4.67 (Debian) Server at overpass-api.de Port 443</address>
</body></html>
<!DOCTYPE HTML PUBLIC "-//W3C//DTD HTML 4.01//EN" "http://www.w3.org/TR/html4/strict.dtd">
<html><head>
<title>406 Not Acceptable</title>
</head><body>
<h1>Not Acceptable</h1>
<p>An appropriate representation of the requested resource could not be found on this server.</p>
<hr>
<address>Apache/2.4.67 (Debian) Server at overpass-api.de Port 443</address>
</body></html>
node	703424171	http://italia.indettaglio.it/ita/umbria/perugia_sangiustino_cospaia.html
node	2329559965	www.osterialecivette.it
node	4364974414	http://www.umbriameteo.com/webcam/castelluccio/
node	7726566305	http://www.museiprovinciaterni.it/context_musei.jsp?ID_LINK=498&area=47
node	12872798807	https://www.iluoghidelsilenzio.it/tugurio-di-san-francesco-cannara-pg/
way	207812059	https://fondoambiente.it/luoghi/abbazia-di-santa-maria-di-valdiponte-in-corbiniano-o-abbazia-di-montelabate
way	229271786	https://www.iluoghidelsilenzio.it/chiesa-di-san-giovanni-battista-cannara-pg/
way	238107829	https://pleiades.stoa.org/places/416806
way	261548140	https://www.academia.edu/84533366/COME_NASCE_UNA_BASE_GIS_PER_L_ARCHEOLOGIA_OPENSOURCE_SVILUPPATA_DA_ARCHEOLOGI_PER_GLI_ARCHEOLOGI_LO_SCAVO_DI_POGGIO_GRAMIGNANO_LUGNANO_IN_TEVERINA_TR_
way	833610917	https://www.iluoghidelsilenzio.it/eremo-di-santangelo-in-pantanelli-baschi/
way	1222044942	https://www.iluoghidelsilenzio.it/chiesa-della-buona-morte-cannara-pg/
way	1382315972	https://www.iluoghidelsilenzio.it/chiesa-di-san-lorenzo-vecchio-rapecchiano-di-foligno-pg/
relation	12809773	https://www.caigubbio.it/francescano/francescano.html
