<!DOCTYPE HTML PUBLIC "-//W3C//DTD HTML 4.01//EN" "http://www.w3.org/TR/html4/strict.dtd">	-1		
</body></html>	-1		
</head><body>	-1		
<address>Apache/2.4.67 (Debian) Server at overpass-api.de Port 443</address>	-1		
<h1>Not Acceptable</h1>	-1		
<hr>	-1		
<html><head>	-1		
<p>An appropriate representation of the requested resource could not be found on this server.</p>	-1		
<title>406 Not Acceptable</title>	-1		
http://www.umbriameteo.com/webcam/castelluccio/	0	301	https://www.umbriameteo.com/webcam/castelluccio/
https://pleiades.stoa.org/places/416806	0	200	
https://www.academia.edu/84533366/COME_NASCE_UNA_BASE_GIS_PER_L_ARCHEOLOGIA_OPENSOURCE_SVILUPPATA_DA_ARCHEOLOGI_PER_GLI_ARCHEOLOGI_LO_SCAVO_DI_POGGIO_GRAMIGNANO_LUGNANO_IN_TEVERINA_TR_	0	403	
http://www.museiprovinciaterni.it/context_musei.jsp?ID_LINK=498&area=47	52		
https://www.caigubbio.it/francescano/francescano.html	0	200	
https://fondoambiente.it/luoghi/abbazia-di-santa-maria-di-valdiponte-in-corbiniano-o-abbazia-di-montelabate	0	200	
https://www.iluoghidelsilenzio.it/chiesa-della-buona-morte-cannara-pg/	0	200	
https://www.iluoghidelsilenzio.it/chiesa-di-san-giovanni-battista-cannara-pg/	0	200	
https://www.iluoghidelsilenzio.it/chiesa-di-san-lorenzo-vecchio-rapecchiano-di-foligno-pg/	0	200	
www.osterialecivette.it	-1		
https://www.iluoghidelsilenzio.it/eremo-di-santangelo-in-pantanelli-baschi/	0	200	
https://www.iluoghidelsilenzio.it/tugurio-di-san-francesco-cannara-pg/	0	200	
http://italia.indettaglio.it/ita/umbria/perugia_sangiustino_cospaia.html	0	301	https://italia.indettaglio.it/ita/umbria/perugia_sangiustino_cospaia.html
