MISSING_URI_SCHEME  <meta http-equiv="content-type" content="text/html
MISSING_URI_SCHEME  <title>OSM3S Response</title>
MISSING_URI_SCHEME  charset=utf-8" lang="en"/>
MISSING_URI_SCHEME  <!DOCTYPE html PUBLIC "-//W3C//DTD XHTML 1.0 Strict//EN
MISSING_URI_SCHEME  </body>
MISSING_URI_SCHEME  </head>
MISSING_URI_SCHEME  </html>
MISSING_URI_SCHEME  <body>
MISSING_URI_SCHEME  <head>
MISSING_URI_SCHEME  <html xmlns="http://www.w3.org/1999/xhtml" xml:lang="en" lang="en">
MISSING_URI_SCHEME  <p><strong style="color:#FF0000">Error</strong>: runtime error: open64: 0 Success /osm3s_osm_base Dispatcher_Client::request_read_and_idx::timeout. The server is probably too busy to handle your request. </p>
MISSING_URI_SCHEME  <p>The data included in this document is from www.openstreetmap.org. The data is made available under ODbL.</p>
MISSING_URI_SCHEME https://osm.org/browse/node/13136583282 https://osm.org/browse/node/13406448700 autolineelamanna.it
MISSING_URI_SCHEME https://osm.org/browse/way/160954511 hotelpixunte.com
CLIENT_ERROR_(400…499) 400  http://www.w3.org/TR/xhtml1/DTD/xhtml1-strict.dtd">
COULD_NOT_RESOLVE_HOST https://osm.org/browse/node/4469650706 http://portadonicaravello.com/homeit.html
REDIRECTION_(300…399) 301 https://osm.org/browse/way/1457740740 http://campingacapulco.it → http://www.campingacapulco.it/
SUCCESS_(200…299) 200 https://osm.org/browse/way/733643615 http://web.archive.org/web/20210403120316/https://www.ilgiuglianese.it/cappella-dei-santi-filippo-e-giacomo-a-giugliano-conosciuta-come-cappella-dei-morti/
REDIRECTION_(300…399) 301 https://osm.org/browse/way/997977627 http://www.agriturismoziocristoforo.com/ → https://www.agriturismoziocristoforo.com/
REDIRECTION_(300…399) 301 https://osm.org/browse/way/570296942 http://www.bottegacellito.it → https://www.bottegacellito.it/
REDIRECTION_(300…399) 301 https://osm.org/browse/node/7797025364 http://www.calasole.com/home.html → https://www.calasole.com/home.html
REDIRECTION_(300…399) 301 https://osm.org/browse/node/12358651048 http://www.casadelloscugnizzo.it → https://www.casadelloscugnizzo.it/
REDIRECTION_(300…399) 301 https://osm.org/browse/way/174047981 http://www.cittadellascienza.it/ → https://www.cittadellascienza.it/
REDIRECTION_(300…399) 301 https://osm.org/browse/node/3077534880 http://www.casthotels.com/baiadellesirene.html → https://www.casthotels.com/baiadellesirene.html
REDIRECTION_(300…399) 301 https://osm.org/browse/node/3079079309 http://www.casacigliano.it/ → https://www.casacigliano.it/
FAILED_TO_CONNECT_TO_HOST https://osm.org/browse/node/9306631595 https://osm.org/browse/way/360022936 http://www.comune.giugliano.na.it/index.php/servizi/informazioni-sulla-raccolta-rifiuti/item/96-informazioni-sulla-raccolta-dei-rifiuti
REDIRECTION_(300…399) 301 https://osm.org/browse/node/10124076508 http://www.distilleriearagonesi.com/ → https://www.distilleriearagonesi.com/
REDIRECTION_(300…399) 301 https://osm.org/browse/node/13159937324 http://www.comune.gianovetusto.ce.it → https://www.comune.gianovetusto.ce.it/
SUCCESS_(200…299) 200 https://osm.org/browse/node/3078242116 http://www.gabbianobeach.net/
REDIRECTION_(300…399) 301 https://osm.org/browse/way/380467603 http://www.hotelcapodichino.it/ → https://www.hotelcapodichino.it/
REDIRECTION_(300…399) 301 https://osm.org/browse/node/897305670 http://www.hotelpalaceonline.it → https://www.hotelpalaceonline.it/
COULD_NOT_RESOLVE_HOST https://osm.org/browse/way/297582955 http://www.ischia-fewo.com/
COULD_NOT_RESOLVE_HOST https://osm.org/browse/way/227481094 http://caudinia.altervista.org/forchia1.htm
REDIRECTION_(300…399) 301 https://osm.org/browse/node/3078242118 http://www.hotelrivadelsoleischia.it/ → https://www.hotelrivadelsoleischia.it/
REDIRECTION_(300…399) 301 https://osm.org/browse/node/1692455244 http://www.hotelcavadellisola.it/ → https://www.hotelcavadellisola.it/
REDIRECTION_(300…399) 301 https://osm.org/browse/node/1892958672 http://www.lanticocortile.it/ → https://www.lanticocortile.it/
SUCCESS_(200…299) 200 https://osm.org/browse/node/11200953324 http://www.latavolozzapositano.it/
REDIRECTION_(300…399) 301 https://osm.org/browse/node/11019796430 http://www.letrepigne.com/ → https://www.letrepigne.com/
SUCCESS_(200…299) 200 https://osm.org/browse/way/1353658178 http://www.ischiacampingpaluba.it/camping.html
REDIRECTION_(300…399) 301 https://osm.org/browse/node/5469967821 http://www.limoncellodinapoli.it/ → https://www.limoncellodinapoli.it/
REDIRECTION_(300…399) 301 https://osm.org/browse/node/11200954425 http://www.lastminutestore.info/ → https://lastminutestore.info/
REDIRECTION_(300…399) 301 https://osm.org/browse/node/897180728 http://www.mcpiccadilly.com → https://www.mcpiccadilly.com/
SUCCESS_(200…299) 200 https://osm.org/browse/node/12271997505 http://www.residencevillatina.it/
SUCCESS_(200…299) 200 https://osm.org/browse/way/1381719045 http://www.parchicommercialialice.it/i-parchi-commerciali-alice
COULD_NOT_RESOLVE_HOST https://osm.org/browse/way/231428756 http://www.torreorsini.it/
COULD_NOT_RESOLVE_HOST https://osm.org/browse/node/3077486498 http://www.trattoriaterradelfuoco.it
REDIRECTION_(300…399) 301 https://osm.org/browse/way/302370309 http://www.santafortunata.com → https://www.santafortunata.com/
COULD_NOT_RESOLVE_HOST https://osm.org/browse/node/4033063953 http://www.vacanzeforiapalinuro.it
SERVER_ERROR_(500…599) 500 https://osm.org/browse/node/9799025842 http://www.treesmusicstudio.it/
SUCCESS_(200…299) 200 https://osm.org/browse/node/9949729706 http://www.villacatie.it/
SUCCESS_(200…299) 200 https://osm.org/browse/way/210211794 http://www.villaggiobussento.it/
REDIRECTION_(300…399) 301 https://osm.org/browse/node/10816209337 https://airbnb.com/h/zefirocasavacanza → https://www.airbnb.com/h/zefirocasavacanza
FAILED_TO_CONNECT_TO_HOST https://osm.org/browse/node/9962513225 http://www.villabellavista.it/
CLIENT_ERROR_(400…499) 404 https://osm.org/browse/relation/17760420 https://osm.org/browse/relation/17782266 https://osm.org/browse/relation/17784877 https://osm.org/browse/relation/17785838 https://appenninobiketour.com/percorso/
PEER_CERTIFICATE_FROM_UNKNOWN_CA_CERTIFICATES https://osm.org/browse/node/4309168119 https://bibliotecaszn.it/
SUCCESS_(200…299) 200 https://osm.org/browse/node/13206311029 https://bichotashop.com/
OTHER_CURL_ERROR 52  https://osm.org/browse/node/13202824163 https://campania.coldiretti.it/calendari-mercati-napoli/
TIMEOUT https://osm.org/browse/node/1692455246 http://www.ristorantelacapanna.com/
CLIENT_ERROR_(400…499) 403 https://osm.org/browse/node/11954291648 https://coinatmradar.com/bitcoin_atm/29525/bitcoin-atm-bitomat-naples-centro-commerciale-quarto-nuovo-napoli/
TIMEOUT https://osm.org/browse/node/4309168118 http://www.szn.it/index.php/it/acquario/la-storia
SUCCESS_(200…299) 200 https://osm.org/browse/way/1474712890 https://campingipini.com/
SUCCESS_(200…299) 200 https://osm.org/browse/node/10863745209 https://colonnese.it/content/6-libreria-colonnese
SUCCESS_(200…299) 200 https://osm.org/browse/node/10858121979 https://dapatriziafruttasecca.it/
CLIENT_ERROR_(400…499) 403 https://osm.org/browse/node/2857564156 https://ilbrigante.org/
CLIENT_ERROR_(400…499) 404 https://osm.org/browse/way/1021640138 https://fratellilabufala.com/menu-inverno-2021-a/
COULD_NOT_RESOLVE_HOST https://osm.org/browse/node/10860644944 https://instaviaggi.it
TIMEOUT https://osm.org/browse/node/12834732833 https://annabelmattino.com/
SUCCESS_(200…299) 200 https://osm.org/browse/node/10973765686 https://it.wikipedia.org/wiki/Ipogeo_dei_Cristallini
SUCCESS_(200…299) 200 https://osm.org/browse/node/7179619293 https://ilcuoppo.it
SUCCESS_(200…299) 200 https://osm.org/browse/way/719629639 https://lafrancescascario.it/
SUCCESS_(200…299) 200 https://osm.org/browse/node/10877920481 https://libreriedantedescartes.com/
SUCCESS_(200…299) 200 https://osm.org/browse/node/13158322173 https://linktr.ee/CalaCrabPorto
SUCCESS_(200…299) 200 https://osm.org/browse/node/12111213124 https://lapampanini.it
REDIRECTION_(300…399) 302 https://osm.org/browse/node/9835776085 https://m.facebook.com/PizzeriaTriventoPalinuro/ → https://m.facebook.com/login.php?next=https%3A%2F%2Fm.facebook.com%2FPizzeriaTriventoPalinuro%2F&refsrc=deprecated&_rdr
REDIRECTION_(300…399) 301 https://osm.org/browse/node/6943713455 https://maschioangioinosuite-it.3dcartstores.com → https://maschioangioinosuite.it
SUCCESS_(200…299) 200 https://osm.org/browse/node/12834579217 https://lmntrixdj1999.wixsite.com/president
SUCCESS_(200…299) 200 https://osm.org/browse/node/11770744718 https://nutrizionistacaserta.weebly.com/
SUCCESS_(200…299) 200 https://osm.org/browse/node/12265757175 https://mutecampania.it
SUCCESS_(200…299) 200 https://osm.org/browse/node/13202158066 https://nxsgrowshop.com/
SUCCESS_(200…299) 200 https://osm.org/browse/node/12498361618 https://nxsgrowshop.com
SUCCESS_(200…299) 200 https://osm.org/browse/node/5304701401 https://ostellobello.com/en/hostel/naples/
SUCCESS_(200…299) 200 https://osm.org/browse/node/13307193572 https://pensioneristorantedeifiori.weebly.com/index.html
SUCCESS_(200…299) 200 https://osm.org/browse/node/4129755956 https://puntivendita.dodeca.it/it/italia/napoli/napoli-via-raffaele-morghen
TIMEOUT https://osm.org/browse/node/12791848349 https://depros.it/
SUCCESS_(200…299) 200 https://osm.org/browse/way/188278613 https://retemuseale.provincia.benevento.it/complesso-monumentale-di-santilario
SUCCESS_(200…299) 200 https://osm.org/browse/node/11825802759 https://siciliabedda.webnode.it/
TIMEOUT https://osm.org/browse/relation/8110890 https://osm.org/browse/relation/19742496 https://laviasilente.it/content/
SUCCESS_(200…299) 200 https://osm.org/browse/node/12192809158 https://spaziotra.xyz
TIMEOUT https://osm.org/browse/way/1340342349 https://parrocchiadisanbenedetto.it/
REDIRECTION_(300…399) 301 https://osm.org/browse/way/79268408 https://szn.it/index.php/ → https://szn.it/index.php/it/
TIMEOUT https://osm.org/browse/node/5851835229 https://salernobunker.facomgas.it/
CLIENT_ERROR_(400…499) 405 https://osm.org/browse/node/13648204071 https://villaflore.it
SUCCESS_(200…299) 200 https://osm.org/browse/way/287539256 https://supermercatideco.multicedi.it/
SUCCESS_(200…299) 200 https://osm.org/browse/node/13179063698 https://www.agriturismoilcampanile.com/
SUCCESS_(200…299) 200 https://osm.org/browse/node/9962100546 https://villadellesirene.com/
SUCCESS_(200…299) 200 https://osm.org/browse/node/12296849341 https://www.ajrentnapoli.it/en
SUCCESS_(200…299) 200 https://osm.org/browse/way/1486850766 https://www.albacamping.com/
SUCCESS_(200…299) 200 https://osm.org/browse/node/13194260136 https://www.acasadiclara.it/
SUCCESS_(200…299) 200 https://osm.org/browse/way/170951369 https://www.areapicnicpugliese.it/
SUCCESS_(200…299) 200 https://osm.org/browse/node/13287540858 https://www.aquaaugusta.it
CLIENT_ERROR_(400…499) 404 https://osm.org/browse/node/6943713452 https://www.bbskyhouse.com/bevel
SUCCESS_(200…299) 200 https://osm.org/browse/node/13178955478 https://www.bbnapolimaria.com/
FAILED_TO_CONNECT_TO_HOST https://osm.org/browse/node/7175603435 https://www.bellillo.it
COULD_NOT_RESOLVE_HOST https://osm.org/browse/node/13202158065 https://www.bionceli.com/
SUCCESS_(200…299) 200 https://osm.org/browse/node/12827754403 https://www.arrediamoci.com/
SUCCESS_(200…299) 200 https://osm.org/browse/way/1306499893 https://www.campeggiomingardo.it/
SUCCESS_(200…299) 200 https://osm.org/browse/node/9943317291 https://www.beltempio.it
SUCCESS_(200…299) 200 https://osm.org/browse/way/1474647396 https://www.camperstoplagomare.it/
TIMEOUT https://osm.org/browse/way/1432321748 https://www.agricampeggiolaghettobasilone.it/
SUCCESS_(200…299) 200 https://osm.org/browse/way/1474386385 https://www.campinglariva.it/
SUCCESS_(200…299) 200 https://osm.org/browse/way/573467914 https://www.borgoditortorella.com/poi/chiesa-di-san-vito-martire/
SUCCESS_(200…299) 200 https://osm.org/browse/way/304834797 https://www.camping3g.it/
REDIRECTION_(300…399) 302 https://osm.org/browse/node/10931215000 https://www.cantinedellaverno.it → https://www.cantinedellaverno.it/it/
SUCCESS_(200…299) 200 https://osm.org/browse/way/1457713177 https://www.campinglentiscella.com/
SUCCESS_(200…299) 200 https://osm.org/browse/node/26859440 https://www.capogrossocamerota.it/
SUCCESS_(200…299) 200 https://osm.org/browse/way/1474779012 https://www.campingdesiderio.com/
SUCCESS_(200…299) 200 https://osm.org/browse/node/13267694712 https://www.casadelcontemporaneo.it/sala-assoli-teatro-napoli-quartieri-spagnoli-spettacoli/
SUCCESS_(200…299) 200 https://osm.org/browse/node/1762147302 https://www.casarufolo.com/
SUCCESS_(200…299) 200 https://osm.org/browse/node/13294553966 https://www.casacinemanapoli.it/programmazione-casacinema-napoli/
SUCCESS_(200…299) 200 https://osm.org/browse/way/320200930 https://www.centrocommercialepegaso.it/
SUCCESS_(200…299) 200 https://osm.org/browse/node/10966288391 https://www.collinedizenone.com
SUCCESS_(200…299) 200 https://osm.org/browse/way/259069014 https://www.chiesasoccavo.org/
REDIRECTION_(300…399) 301 https://osm.org/browse/node/12085980817 https://www.cispi.it → https://cispi.it/
CLIENT_ERROR_(400…499) 404 https://osm.org/browse/way/1427078648 https://www.comune.tufo.av.it
SUCCESS_(200…299) 200 https://osm.org/browse/way/1450308181 https://www.donciccio.life/
COULD_NOT_RESOLVE_HOST https://osm.org/browse/node/11752991314 https://www.egenergy.it/
PEER_CERTIFICATE_FROM_UNKNOWN_CA_CERTIFICATES https://osm.org/browse/node/12824573325 https://www.coseidea.it/
SUCCESS_(200…299) 200 https://osm.org/browse/way/305525050 https://www.europaunitasolemare.com/
REDIRECTION_(300…399) 301 https://osm.org/browse/way/1025270923 https://www.fondazionefs.it/content/fondazionefs/it/esplora-il-museo/visita-pietrarsa.html → https://www.fondazionefs.it/it/esplora-il-museo/visita-pietrarsa.html
CLIENT_ERROR_(400…499) 404 https://osm.org/browse/way/1353651229 https://www.comune.carinaro.ce.it/it-it/linea-diretta/scrivici
SUCCESS_(200…299) 200 https://osm.org/browse/node/13247963087 https://www.formazionesrl.it
TIMEOUT https://osm.org/browse/way/420554014 https://www.casamonetacapri.com/
REDIRECTION_(300…399) 301 https://osm.org/browse/node/12221773632 https://www.galluccicisternadellolio.it → https://shop-galluccicisternadellolio.it/
REDIRECTION_(300…399) 301 https://osm.org/browse/node/13305049095 https://www.galleriatoledo.it → https://www.galleriatoledo.it/index.php/it/
SUCCESS_(200…299) 200 https://osm.org/browse/node/1879132315 https://www.figaroburgerhouse.it/
REDIRECTION_(300…399) 301 https://osm.org/browse/way/170920731 https://www.giardiniposeidonterme.com/ → https://giardiniposeidonterme.com/
SUCCESS_(200…299) 200 https://osm.org/browse/node/12346842152 https://www.gargiuloinlaid.it/it/
SUCCESS_(200…299) 200 https://osm.org/browse/way/414221329 https://www.giardinoliberato.org/
SUCCESS_(200…299) 200 https://osm.org/browse/node/3078242117 https://www.hotelcitara.it/
REDIRECTION_(300…399) 301 https://osm.org/browse/way/610045991 https://www.hermitagecapodimonte.it/ → https://www.icsmaugeri.it/dove-siamo/ics-hermitage-maugeri-napoli
SUCCESS_(200…299) 200 https://osm.org/browse/way/1457736165 https://www.glampingdipalma.it/
SERVER_ERROR_(500…599) 503 https://osm.org/browse/node/8757448479 https://www.infoserv.biz
SUCCESS_(200…299) 200 https://osm.org/browse/way/210821324 https://www.ic9cuocoschipa.edu.it/
SUCCESS_(200…299) 200 https://osm.org/browse/way/1474378361 https://www.lafocedeitramonti.com/
SUCCESS_(200…299) 200 https://osm.org/browse/way/1265506175 https://www.jetcamp.com/it/italia/camping-maldive-first-class/
SUCCESS_(200…299) 200 https://osm.org/browse/node/5069776922 https://www.goledelcaloreleterrazze.it/
SUCCESS_(200…299) 200 https://osm.org/browse/node/10905242126 https://www.lagemmabnb.it/
REDIRECTION_(300…399) 301 https://osm.org/browse/node/12061989737 https://www.lasaponaria.it/biostorie-battipaglia → https://www.lasaponaria.it/negozio-cosmetici-bio-battipaglia
SUCCESS_(200…299) 200 https://osm.org/browse/node/12806771422 https://www.iocistolibreria.it/
SUCCESS_(200…299) 200 https://osm.org/browse/node/13299177905 https://www.latujarelaisduparc.com/
SUCCESS_(200…299) 200 https://osm.org/browse/way/312823675 https://www.lautotamigi.it/
SUCCESS_(200…299) 200 https://osm.org/browse/way/210821318 https://www.liceoviconapoli.edu.it/
TIMEOUT https://osm.org/browse/node/6562169185 https://www.lanificio25.it/
REDIRECTION_(300…399) 301 https://osm.org/browse/node/13334562342 https://www.londonstore.it → https://londonstore.it/
TIMEOUT https://osm.org/browse/way/259069370 https://www.lasalettenapoli.it/
CLIENT_ERROR_(400…499) 404 https://osm.org/browse/node/12286132176 https://www.mazzamaurielle.com/vomero
PEER_CERTIFICATE_FROM_UNKNOWN_CA_CERTIFICATES https://osm.org/browse/way/1324177310 https://www.mezzatorre.com/
TIMEOUT https://osm.org/browse/node/12259617706 https://www.librerianeapolis.it
REDIRECTION_(300…399) 301 https://osm.org/browse/way/245594801 https://www.negombo.it/ → https://negombo.it/
CLIENT_ERROR_(400…499) 403 https://osm.org/browse/way/1323904669 https://www.nitrodi.com/
SUCCESS_(200…299) 200 https://osm.org/browse/way/1457703742 https://www.odisseavillage.com/
TIMEOUT https://osm.org/browse/node/13197324775 https://www.llabbasc.it
CLIENT_ERROR_(400…499) 403 https://osm.org/browse/node/5235202021 https://www.osteriadacarmela.it/
SUCCESS_(200…299) 200 https://osm.org/browse/way/417834740 https://www.paradisesportingvillage.com/
CLIENT_ERROR_(400…499) 403 https://osm.org/browse/node/13247958620 https://www.napolicentrobeb.it/it
SUCCESS_(200…299) 200 https://osm.org/browse/way/1069157099 https://www.olattariello.com
TIMEOUT https://osm.org/browse/node/12827764759 https://www.lovestop.it/
SUCCESS_(200…299) 202 https://osm.org/browse/node/13260035349 https://www.perdormire.com/negozi/napoli-vomero/
REDIRECTION_(300…399) 301 https://osm.org/browse/node/10946126923 https://www.pizzerierricoporzio.it → https://pizzerierricoporzio.it/
SUCCESS_(200…299) 200 https://osm.org/browse/relation/14635178 https://www.parcoregionaledelmatese.it/
SUCCESS_(200…299) 200 https://osm.org/browse/node/253783845 https://www.pasticceriageneroso.it
SUCCESS_(200…299) 200 https://osm.org/browse/node/13333967011 https://www.pizzeriapisani.it/
SUCCESS_(200…299) 200 https://osm.org/browse/way/1384056894 https://www.rinaldo.it/
SUCCESS_(200…299) 200 https://osm.org/browse/node/2229877668 https://www.royalpalm.it/
SUCCESS_(200…299) 200 https://osm.org/browse/node/3077486456 https://www.sorrisoresort.it/
SUCCESS_(200…299) 200 https://osm.org/browse/node/13178985321 https://www.stayinnaples.it/
SUCCESS_(200…299) 200 https://osm.org/browse/node/6879579147 https://www.stellehotel.com/binario-calmo.asp
SUCCESS_(200…299) 200 https://osm.org/browse/way/148258429 https://www.sunriseresort.it/
SUCCESS_(200…299) 200 https://osm.org/browse/node/12811290036 https://www.supermercatipiccolo.it/index.php/punti-vendita
CLIENT_ERROR_(400…499) 403 https://osm.org/browse/node/12115185660 https://www.teresapaparella.it/menu/
SUCCESS_(200…299) 200 https://osm.org/browse/way/203584104 https://www.talentocash.com/punti-vendita/avellino/
SUCCESS_(200…299) 200 https://osm.org/browse/node/12051173843 https://www.teamlucaparrucchieri.it/
CLIENT_ERROR_(400…499) 403 https://osm.org/browse/way/749284733 https://www.tui.co.uk/destinations/europe/italy/neapolitan-riviera/piano-di-sorrento/hotels/tui-blue-nastro-azzurro.html
SUCCESS_(200…299) 200 https://osm.org/browse/way/1486850773 https://www.torredivelia.it/
SUCCESS_(200…299) 200 https://osm.org/browse/node/12814049964 https://www.truecontact.it/
SUCCESS_(200…299) 200 https://osm.org/browse/way/1031137500 https://www.vesevus.it/
SUCCESS_(200…299) 200 https://osm.org/browse/node/8972379210 https://www.villaggiocalablanca.it/
SUCCESS_(200…299) 200 https://osm.org/browse/way/1457703740 https://www.villaggionessuno.com/
TIMEOUT https://osm.org/browse/node/7944774684 https://www.quidstore.it
SUCCESS_(200…299) 200 https://osm.org/browse/way/206643200 https://www.villaggiostelladelsud.it/
SUCCESS_(200…299) 200 https://osm.org/browse/way/1457689474 https://www.villaggiomaddalena.it/
COULD_NOT_RESOLVE_HOST https://osm.org/browse/node/9835776084 https://www.villarosada.net/
SUCCESS_(200…299) 200 https://osm.org/browse/way/1394480691 https://www.villapuntapennata.it
SUCCESS_(200…299) 200 https://osm.org/browse/node/12271997442 https://www.villaidaforio.it/
MISSING_URI_SCHEME https://osm.org/browse/node/10775214422 nexusinformatica.org
MISSING_URI_SCHEME https://osm.org/browse/node/11123045897 www.giuliomartino.it
MISSING_URI_SCHEME https://osm.org/browse/node/4470213603 www.leopoldoricevimenti.it
MISSING_URI_SCHEME https://osm.org/browse/node/68581547 https://osm.org/browse/relation/40658 www.ravello.com
MISSING_URI_SCHEME https://osm.org/browse/way/215320284 www.ravino.it
MISSING_URI_SCHEME https://osm.org/browse/node/8346948239 www.scuolagramscimpastato.edu.it
MISSING_URI_SCHEME https://osm.org/browse/way/424377361 www.sorelledeluca.com
MISSING_URI_SCHEME https://osm.org/browse/node/12273347981 www.vincenzoberretti.it
REDIRECTION_(300…399) 301 https://osm.org/browse/relation/14434407 https://www.wwf.it/oasi/campania/lago_di_campolattaro/ → https://www.wwf.it/dove-interveniamo/il-nostro-lavoro-in-italia/oasi/oasi-del-lago-di-campolattaro/
SUCCESS_(200…299) 200 https://osm.org/browse/node/12271937767 https://www.white1903.it/
REDIRECTION_(300…399) 301 https://osm.org/browse/way/462983178 https://www.villaggioromano.com/ → https://www.villaggioromano.com/it/
