MISSING_URI_SCHEME  <!DOCTYPE HTML PUBLIC "-//W3C//DTD HTML 4.01//EN" "http://www.w3.org/TR/html4/strict.dtd">
MISSING_URI_SCHEME  </body></html>
MISSING_URI_SCHEME  </head><body>
MISSING_URI_SCHEME  <address>Apache/2.4.67 (Debian) Server at overpass-api.de Port 443</address>
MISSING_URI_SCHEME  <h1>Not Acceptable</h1>
MISSING_URI_SCHEME  <hr>
MISSING_URI_SCHEME  <html><head>
MISSING_URI_SCHEME  <p>An appropriate representation of the requested resource could not be found on this server.</p>
MISSING_URI_SCHEME  <title>406 Not Acceptable</title>
COULD_NOT_RESOLVE_HOST https://osm.org/browse/node/9193344308 http://farmaletto.it/
COULD_NOT_RESOLVE_HOST https://osm.org/browse/node/3437724542 http://archeologicamolise.beniculturali.it/index.php?it/219/opere/28/cercemaggiore-fortificazione-sannitica
COULD_NOT_RESOLVE_HOST https://osm.org/browse/way/338097943 http://archeologicamolise.beniculturali.it/index.php?it/219/opere/48/san-giuliano-del-sannio-villa-romana-in-localit-santa-margherita-crocella
SUCCESS_(200…299) 200 https://osm.org/browse/way/868703901 http://giagnacovo.it/
SUCCESS_(200…299) 200 https://osm.org/browse/node/3721631445 http://lavanderialapentrica.blogspot.com
COULD_NOT_RESOLVE_HOST https://osm.org/browse/node/4269484762 http://ristorantelaperladelmolise.net
REDIRECTION_(300…399) 301 https://osm.org/browse/way/662738499 http://cantineditullio.com/ → http://www.cantineditullio.com/
REDIRECTION_(300…399) 301 https://osm.org/browse/way/71285027 http://poliziadistato.it → http://www.poliziadistato.it/
COULD_NOT_RESOLVE_HOST https://osm.org/browse/way/687731458 http://turismo.provincia.campobasso.it/flex/cm/pages/ServeBLOB.php/L/IT/IDPagina/407
SUCCESS_(200…299) 200 https://osm.org/browse/way/347996357 http://www.agriturismovillamarcella.it/
SUCCESS_(200…299) 200 https://osm.org/browse/way/347996358 http://www.agriturismozampacorta.it/
CLIENT_ERROR_(400…499) 403 https://osm.org/browse/way/329176210 http://www.ambrosiacb.it/
COULD_NOT_RESOLVE_HOST https://osm.org/browse/way/338091730 http://www.archeologia.beniculturali.it/index.php?en/142/scavi/scaviarcheologici_4e048966cfa3a/178
COULD_NOT_RESOLVE_HOST https://osm.org/browse/node/2325394110 http://www.artechirico.it
COULD_NOT_RESOLVE_HOST https://osm.org/browse/way/662738506 http://www.beb-villaditullio.com/
COULD_NOT_RESOLVE_HOST https://osm.org/browse/way/385606625 http://www.bebcampobasso.it/
COULD_NOT_RESOLVE_HOST https://osm.org/browse/way/300974344 http://www.archeologicamolise.beniculturali.it/index.php?it/177/campochiaro-il-santuario-di-ercole
COULD_NOT_RESOLVE_HOST https://osm.org/browse/node/3389742739 http://www.camilloperrella.net/
COULD_NOT_RESOLVE_HOST https://osm.org/browse/way/223446567 http://www.campitelloextremeteam.com/web/index/
COULD_NOT_RESOLVE_HOST https://osm.org/browse/node/10539764026 http://www.cantindelisio.com
SUCCESS_(200…299) 200 https://osm.org/browse/way/337225504 http://www.alcolle.com/
COULD_NOT_RESOLVE_HOST https://osm.org/browse/way/279660523 http://www.casaledeicerri.it
SUCCESS_(200…299) 200 https://osm.org/browse/way/539380727 http://www.casadiaccoglienzavillasantamariamdc.it/
COULD_NOT_RESOLVE_HOST https://osm.org/browse/way/335809344 http://www.centroradiologicopotitocb.com/
SUCCESS_(200…299) 200 https://osm.org/browse/way/109411742 http://www.castelmauro.org/
SUCCESS_(200…299) 200 https://osm.org/browse/node/10315707973 http://www.carrodeigiovani.org/
CLIENT_ERROR_(400…499) 403 https://osm.org/browse/way/660026384 http://prolocoterventum.altervista.org/a-trivento/il-castello/
REDIRECTION_(300…399) 307 https://osm.org/browse/way/548259100 http://www.comune.montenerodibisaccia.cb.it → https://www.comune.montenerodibisaccia.cb.it:443/
REDIRECTION_(300…399) 301 https://osm.org/browse/way/286801331 http://www.cozy.it/AVM/AVM.html → http://www.cozy.it
REDIRECTION_(300…399) 301 https://osm.org/browse/way/335837743 http://www.convittonazionalemariopagano.it/ → https://www.convittonazionalemariopagano.edu.it/
REDIRECTION_(300…399) 302 https://osm.org/browse/relation/9075394 http://www.era-ewv-ferp.com/index.php?topmenu_id=29&id=29&page_id=99&module=text → https://www.era-ewv-ferp.org/internal//index.php?topmenu_id=29&id=29&page_id=99&module=text
REDIRECTION_(300…399) 301 https://osm.org/browse/node/8521108180 http://www.farmacialediomedee.it/index.asp → https://ordinionline.valoresalute.it/farmacie/le-diomedee-srl/289980
COULD_NOT_RESOLVE_HOST https://osm.org/browse/way/337225502 http://www.hotelledune.net/
REDIRECTION_(300…399) 301 https://osm.org/browse/node/3389709869 https://osm.org/browse/node/4084694733 http://www.emmegross.it/punti_vendita.php?fm_browse_regione=molise → http://emmegross.it/punti_vendita.php?fm_browse_regione=molise
SUCCESS_(200…299) 200 https://osm.org/browse/node/11155676463 http://www.iapalucci.it
SUCCESS_(200…299) 200 https://osm.org/browse/way/662601218 http://www.cianfagna.com/
COULD_NOT_RESOLVE_HOST https://osm.org/browse/relation/4034536 http://www.ilgiardinoparlante.com/mappa-interattiva/
COULD_NOT_RESOLVE_HOST https://osm.org/browse/relation/11067511 http://www.istitutomnicomprensivotrivento.gov.it/
CLIENT_ERROR_(400…499) 403 https://osm.org/browse/way/1423259299 http://www.icsangiovanniboscoisernia.it/
CLIENT_ERROR_(400…499) 403 https://osm.org/browse/node/2750998696 https://osm.org/browse/way/270809731 http://www.lipumolise.altervista.org/
CLIENT_ERROR_(400…499) 415 https://osm.org/browse/way/666493300 http://www.masseria-grande.it/
SUCCESS_(200…299) 200 https://osm.org/browse/node/1240704067 http://www.locanda-sangiorgio.it/
SUCCESS_(200…299) 200 https://osm.org/browse/way/437301968 http://www.molisecereali.it/
SUCCESS_(200…299) 200 https://osm.org/browse/way/179940187 http://www.pleiadishotel.it/
SUCCESS_(200…299) 200 https://osm.org/browse/way/268474714 http://www.hotelruffirio.it/
COULD_NOT_RESOLVE_HOST https://osm.org/browse/way/337225500 http://www.ristolidolarisacca.it/
COULD_NOT_RESOLVE_HOST https://osm.org/browse/node/9215104588 http://www.qualitafulvio.com/Prodotti.htm
COULD_NOT_RESOLVE_HOST https://osm.org/browse/way/689512204 http://www.ristorante-miralago.it/
COULD_NOT_RESOLVE_HOST https://osm.org/browse/way/304264078 http://www.ristorantedonchisciotte.eu
SUCCESS_(200…299) 200 https://osm.org/browse/way/664457628 http://www.ristorante-gold.it/
COULD_NOT_RESOLVE_HOST https://osm.org/browse/way/272966540 http://www.ristorantenetta.com/
REDIRECTION_(300…399) 301 https://osm.org/browse/way/330446101 http://www.rottamauto.com/ → https://www.rottamauto.it
COULD_NOT_RESOLVE_HOST https://osm.org/browse/node/11160394494 http://www.s-michaelion.it
SUCCESS_(200…299) 200 https://osm.org/browse/node/2891640106 http://www.ristorantelelfo.it
COULD_NOT_RESOLVE_HOST https://osm.org/browse/node/2579878547 http://www.scuolecasacalenda.gov.it/
SUCCESS_(200…299) 200 https://osm.org/browse/node/3414706099 http://www.sanniti.info/sangioga.html
REDIRECTION_(300…399) 301 https://osm.org/browse/way/662345745 http://www.terresacre.net/ → http://www.terresacre.com/
COULD_NOT_RESOLVE_HOST https://osm.org/browse/way/660039091 http://www.turismo-civitacampomarano.it/i-percorsi/il-cimitero-napoleonico/
COULD_NOT_RESOLVE_HOST https://osm.org/browse/way/387729229 http://www.villaannacasadiriposo.it/
REDIRECTION_(300…399) 307 https://osm.org/browse/node/9971787733 http://www.unimol.it/servizi/biblioteche → https://www.unimol.it:443/servizi/biblioteche
COULD_NOT_RESOLVE_HOST https://osm.org/browse/way/1018522211 http://www2.provincia.campobasso.it/ambiente/banca_dati/torivo.htm
REDIRECTION_(300…399) 307 https://osm.org/browse/way/261652477 http://www2.unimol.it → https://www2.unimol.it:443/
TIMEOUT https://osm.org/browse/way/340300303 http://www.fondazionecultura.it/
COULD_NOT_RESOLVE_HOST https://osm.org/browse/way/915149518 http://www3.provincia.campobasso.it/home
SUCCESS_(200…299) 200 https://osm.org/browse/node/767097492 https://osm.org/browse/way/359130951 https://osm.org/browse/way/359130952 http://www.ribomolise.it/
SUCCESS_(200…299) 200 https://osm.org/browse/node/13029929134 https://agriturismocostantini.com/
CLIENT_ERROR_(400…499) 403 https://osm.org/browse/node/8820422434 https://agriturismoessentia.com/
CLIENT_ERROR_(400…499) 415 https://osm.org/browse/node/11818107435 https://osm.org/browse/node/11818124752 https://altaviahorses.com/
CLIENT_ERROR_(400…499) 415 https://osm.org/browse/way/1469201270 https://asd-cassandra-equitazione.com/
SUCCESS_(200…299) 200 https://osm.org/browse/node/1240704073 https://alpescatore.org/
SUCCESS_(200…299) 202 https://osm.org/browse/node/13909881265 https://baricentrobar.it/
SSL_CONNECT_ERROR https://osm.org/browse/node/10992693056 https://bebmarilu.jimdo.com
SUCCESS_(200…299) 200 https://osm.org/browse/way/376271068 https://biomelise.it/
CLIENT_ERROR_(400…499) 404 https://osm.org/browse/node/2672544435 https://blublu.org/sito/walls/2011/big/016.jpg
SUCCESS_(200…299) 200 https://osm.org/browse/way/1495074811 https://catalogo.beniculturali.it/detail/ArchitecturalOrLandscapeHeritage/1400018188
TIMEOUT https://osm.org/browse/way/286801322 http://www.webalice.it/antonio.dipaolo/IL_MIO_CAMPO_DI_VOLO.html
SUCCESS_(200…299) 200 https://osm.org/browse/node/8741603407 https://ciclistore.it/
REDIRECTION_(300…399) 301 https://osm.org/browse/way/1450934442 https://completedstay.com/il-caminetto-carpinone/ → https://papamigliore.it/stay/il-caminetto-carpinone/
CLIENT_ERROR_(400…499) 415 https://osm.org/browse/node/67284027 https://comune.baranello.cb.it/
CLIENT_ERROR_(400…499) 415 https://osm.org/browse/node/67284038 https://comune.campochiaro.cb.it/
TIMEOUT https://osm.org/browse/relation/8134422 http://www3.regione.molise.it/flex/cm/pages/ServeBLOB.php/L/IT/IDPagina/657
CLIENT_ERROR_(400…499) 415 https://osm.org/browse/node/67283786 https://comune.casacalenda.cb.it/
CLIENT_ERROR_(400…499) 415 https://osm.org/browse/node/67283790 https://osm.org/browse/node/11005926629 https://comune.casalciprano.cb.it/
CLIENT_ERROR_(400…499) 415 https://osm.org/browse/node/67283792 https://comune.castelmauro.cb.it/
SUCCESS_(200…299) 200 https://osm.org/browse/node/67284030 https://comune.castelbottaccio.cb.it/
CLIENT_ERROR_(400…499) 415 https://osm.org/browse/node/67284052 https://comune.castropignano.cb.it/
CLIENT_ERROR_(400…499) 415 https://osm.org/browse/node/67283798 https://comune.cercepiccola.cb.it/
CLIENT_ERROR_(400…499) 415 https://osm.org/browse/node/67284045 https://comune.colledanchise.cb.it/
TIMEOUT https://osm.org/browse/node/13306935023 https://attraversoilmolise.it/
CLIENT_ERROR_(400…499) 415 https://osm.org/browse/node/67284042 https://comune.duronia.cb.it/
CLIENT_ERROR_(400…499) 415 https://osm.org/browse/node/67283811 https://comune.ferrazzano.cb.it/
CLIENT_ERROR_(400…499) 415 https://osm.org/browse/node/67284086 https://comune.fossalto.cb.it/
CLIENT_ERROR_(400…499) 415 https://osm.org/browse/node/67283860 https://comune.montagano.cb.it/
CLIENT_ERROR_(400…499) 415 https://osm.org/browse/node/67283836 https://comune.limosano.cb.it/
CLIENT_ERROR_(400…499) 415 https://osm.org/browse/node/67283909 https://comune.morronedelsannio.cb.it/
CLIENT_ERROR_(400…499) 415 https://osm.org/browse/node/67284097 https://comune.oratino.cb.it/
CLIENT_ERROR_(400…499) 415 https://osm.org/browse/node/67283874 https://comune.montelongo.cb.it/
CLIENT_ERROR_(400…499) 415 https://osm.org/browse/node/67283918 https://osm.org/browse/node/10123729340 https://comune.provvidenti.cb.it/
CLIENT_ERROR_(400…499) 415 https://osm.org/browse/node/67284159 https://comune.sanmassimo.cb.it/
CLIENT_ERROR_(400…499) 415 https://osm.org/browse/node/67283935 https://comune.portocannone.cb.it/
CLIENT_ERROR_(400…499) 415 https://osm.org/browse/node/67283967 https://comune.santacrocedimagliano.cb.it/
CLIENT_ERROR_(400…499) 415 https://osm.org/browse/node/67284208 https://comune.torelladelsannio.cb.it/
REDIRECTION_(300…399) 302 https://osm.org/browse/node/11152663883 https://disv.it/letterario → https://dishcovery.menu/app/restaurants/4dbafd865e3060fc190bdd1a2f7626ec
SUCCESS_(200…299) 200 https://osm.org/browse/way/502720460 https://dallapartedegliultimi.altervista.org/
SUCCESS_(200…299) 200 https://osm.org/browse/node/11626368897 https://dnameccanica.com/
SUCCESS_(200…299) 200 https://osm.org/browse/node/12749059932 https://gegauto.it/
TIMEOUT https://osm.org/browse/node/67284031 https://comune.campomarino.cb.it/
COULD_NOT_RESOLVE_HOST https://osm.org/browse/way/376271086 https://guias.viajes.com/italy/castel-del-giudice/vecchio-mulino/
SUCCESS_(200…299) 200 https://osm.org/browse/relation/3730304 https://osm.org/browse/relation/3730305 https://osm.org/browse/relation/3731458 https://osm.org/browse/relation/4767848 https://osm.org/browse/relation/4814121 https://osm.org/browse/relation/4816579 https://osm.org/browse/relation/4847176 https://osm.org/browse/relation/6923121 https://osm.org/browse/relation/6923940 https://osm.org/browse/relation/10751566 https://osm.org/browse/relation/10751653 https://osm.org/browse/relation/20422280 https://osm.org/browse/relation/20422283 https://osm.org/browse/relation/20422299 https://osm.org/browse/relation/20422463 https://gtmbus.it/linee-e-orari
SUCCESS_(200…299) 200 https://osm.org/browse/relation/27485 https://en.eurovelo.com/ev5/italy
COULD_NOT_RESOLVE_HOST https://osm.org/browse/way/678420650 https://lagonero.thefork.rest/en_GB/
REDIRECTION_(300…399) 302 https://osm.org/browse/node/11152853940 https://m.facebook.com/ciaccusagnone → https://m.facebook.com/login.php?next=https%3A%2F%2Fm.facebook.com%2Fciaccusagnone&refsrc=deprecated&_rdr
SUCCESS_(200…299) 200 https://osm.org/browse/way/1490228976 https://it-it.facebook.com/people/Piscine-Emma/100047494788246/
REDIRECTION_(300…399) 301 https://osm.org/browse/way/496350208 https://la-sorgente.amolitalia.top/ → https://turistasviajeros.com/italy/rocchetta-alta/la-sorgente/
SUCCESS_(200…299) 202 https://osm.org/browse/node/13749425874 https://matsepino.it/
SUCCESS_(200…299) 200 https://osm.org/browse/node/9706805938 https://molise.lgbt/
COULD_NOT_RESOLVE_HOST https://osm.org/browse/node/12117190015 https://musei.beniculturali.it/musei?mid=209&nome=museo-della-citta-e-del-territorio-sepino
CLIENT_ERROR_(400…499) 415 https://osm.org/browse/way/378574221 https://ctemolise.it/it/
COULD_NOT_RESOLVE_HOST https://osm.org/browse/way/345069348 https://musei.beniculturali.it/musei?mid=5391&nome=museo-nazionale-del-paleolitico-di-isernia
CLIENT_ERROR_(400…499) 415 https://osm.org/browse/way/495405197 https://marturresort.com/
COULD_NOT_RESOLVE_HOST https://osm.org/browse/relation/4462553 https://musei.beniculturali.it/musei?mid=6027&nome=museo-archeologico-santa-maria-delle-monache
SUCCESS_(200…299) 200 https://osm.org/browse/node/8956381788 https://nuvolaria.com
SUCCESS_(200…299) 200 https://osm.org/browse/node/9971841597 https://neuromed.it/
REDIRECTION_(300…399) 301 https://osm.org/browse/node/10117401642 https://pizzeria-camelot.jany.io/ → https://pizzeria-camelot.edan.io
SUCCESS_(200…299) 200 https://osm.org/browse/node/11453972769 https://paolino.it/
SUCCESS_(200…299) 200 https://osm.org/browse/node/13081387092 https://procura-isernia.giustizia.it/
SUCCESS_(200…299) 200 https://osm.org/browse/node/13087310939 https://prefettura.interno.gov.it/it/prefetture/isernia
SUCCESS_(200…299) 200 https://osm.org/browse/way/272966538 https://ristorante-prozzo-caseificio.placejoys.com/
COULD_NOT_RESOLVE_HOST https://osm.org/browse/node/687322602 https://ristorantefedericoii.it/
CLIENT_ERROR_(400…499) 404 https://osm.org/browse/node/10642691510 https://salsedine-cucina-di-mare.business.site/
REDIRECTION_(300…399) 301 https://osm.org/browse/way/229291702 https://santuarioaddolorata.it/ → https://www.santuarioaddolorata.it/
CLIENT_ERROR_(400…499) 403 https://osm.org/browse/way/1525186871 https://scuolainfanziapesche.jimdofree.com
CLIENT_ERROR_(400…499) 404 https://osm.org/browse/way/664457629 https://sensibus.business.site/
CLIENT_ERROR_(400…499) 415 https://osm.org/browse/node/11618891515 https://studiopolisena.it/
SUCCESS_(200…299) 200 https://osm.org/browse/node/13081387091 https://tribunale-isernia.giustizia.it/
SUCCESS_(200…299) 200 https://osm.org/browse/node/13081427543 https://tribunale-isernia.giustizia.it/it/giudice_di_pace_di_isernia.page
SUCCESS_(200…299) 200 https://osm.org/browse/node/13081387070 https://tribunale-isernia.giustizia.it/it/giudice_di_pace_di_venafro.page
SUCCESS_(200…299) 200 https://osm.org/browse/way/660906459 https://web.archive.org/web/20150502230501/http://www.abruzzozoo.com/
TIMEOUT https://osm.org/browse/node/5515254660 https://novusstudios.it
REDIRECTION_(300…399) 302 https://osm.org/browse/node/5868880272 https://www.abitermoli.it/ → https://www.immobiliaremartucci.it/
SUCCESS_(200…299) 200 https://osm.org/browse/way/1501699351 https://www.acquasalsa.it/
CLIENT_ERROR_(400…499) 403 https://osm.org/browse/node/9250757242 https://www.agenziafunebrecordiscoemanzone.it/dove-siamo/guglionesi-cb.html
TIMEOUT https://osm.org/browse/way/1064408395 https://residenzaguglielmi.it/
SUCCESS_(200…299) 200 https://osm.org/browse/way/384710771 https://www.agriterraesapori.it/
SUCCESS_(200…299) 200 https://osm.org/browse/way/877923546 https://www.agriturismoalberione.it/
TIMEOUT https://osm.org/browse/way/664451358 https://ristorantealvecchiotratturo.it/
SUCCESS_(200…299) 200 https://osm.org/browse/way/303968413 https://www.agriturismoartemide.com/
SUCCESS_(200…299) 200 https://osm.org/browse/way/347996350 https://www.agriturismolasorgente.it/
SUCCESS_(200…299) 200 https://osm.org/browse/way/280145804 https://www.agriturismolecoccole.it/
SUCCESS_(200…299) 200 https://osm.org/browse/node/11099140076 https://www.airbnb.it/rooms/691863292754829367
CLIENT_ERROR_(400…499) 415 https://osm.org/browse/way/390626945 https://www.alberghierotermoli.edu.it
REDIRECTION_(300…399) 301 https://osm.org/browse/node/1240704060 https://www.alpescatore.org/ → https://alpescatore.org/
SUCCESS_(200…299) 200 https://osm.org/browse/way/1194870232 https://www.alohabeachtermoli.com/
SUCCESS_(200…299) 200 https://osm.org/browse/relation/1085623 https://www.altovastese.it/ambient/il-sito-di-interesse-comunitario-sic-monte-mauro-selva-di-montefalcone-nel-sannio-cb/
SUCCESS_(200…299) 200 https://osm.org/browse/way/332358028 https://www.archilovers.com/projects/3032/parco-della-memoria-san-giuliano-di-puglia.html
SUCCESS_(200…299) 200 https://osm.org/browse/node/10101319660 https://www.arsideastudio.com/newsars.asp
SERVER_ERROR_(500…599) 500 https://osm.org/browse/way/161721687 https://www.asrem.molise.it/lazienda/presidio-ospedaliero-unico-regionale/ospedale-di-isernia-spoke/
COULD_NOT_RESOLVE_HOST https://osm.org/browse/way/1063651990 https://www.athenapark.it
SUCCESS_(200…299) 200 https://osm.org/browse/way/330446093 https://www.autodemolizionicipullo.com/
TIMEOUT https://osm.org/browse/node/6741895872 https://www.agenziademanio.it/opencms/it/agenzia/strutturaorganizzativa/direzioniterritoriali/abruzzomolise/
PEER_CERTIFICATE_FROM_UNKNOWN_CA_CERTIFICATES https://osm.org/browse/node/2891640104 https://www.agriturismoguadocannavina.net/
SUCCESS_(200…299) 200 https://osm.org/browse/node/4084683644 https://www.autoricambicolantuono.it/
COULD_NOT_RESOLVE_HOST https://osm.org/browse/node/11164515446 https://www.aziendatorosacro.com
SUCCESS_(200…299) 200 https://osm.org/browse/node/10177936660 https://www.azeltech.it/
CLIENT_ERROR_(400…499) 415 https://osm.org/browse/node/13909525729 https://www.baspizzeria.it/
SUCCESS_(200…299) 200 https://osm.org/browse/node/8487315010 https://www.bccabruzziemolise.it/filiali/guglionesi/
SUCCESS_(200…299) 200 https://osm.org/browse/way/285490836 https://www.biancaneve.info/
SUCCESS_(200…299) 200 https://osm.org/browse/relation/1401870 https://www.bicitalia.org/it/bicitalia/gli-itinerari-bicitalia/131-bi6-ciclovia-adriatica
TIMEOUT https://osm.org/browse/node/11119595964 https://www.anticatavernadelprincipe.com
SUCCESS_(200…299) 202 https://osm.org/browse/way/662650782 https://www.borgodicolloredo.com/wp/homepage-en/
SUCCESS_(200…299) 202 https://osm.org/browse/way/662650784 https://osm.org/browse/way/662650828 https://www.borgodicolloredo.com/wp/masseria-le-piane-en/
SUCCESS_(200…299) 202 https://osm.org/browse/way/376271060 https://www.borgotufi.it/
SSL_CONNECT_ERROR https://osm.org/browse/node/3672942745 https://www.bottegasaporitermoli.it/
SUCCESS_(200…299) 200 https://osm.org/browse/node/9191800227 https://www.bper.it/scheda-filiale/-/filiale/molise/campobasso/agenzia-6023
SUCCESS_(200…299) 200 https://osm.org/browse/node/11626453762 https://www.caimontaquila.it/
SUCCESS_(200…299) 202 https://osm.org/browse/way/444881069 https://www.campingmolise.it/
SUCCESS_(200…299) 200 https://osm.org/browse/node/2415933583 https://www.calicerosso.it/
SUCCESS_(200…299) 200 https://osm.org/browse/way/472065127 https://www.campingvillagecorrado.com/
SUCCESS_(200…299) 202 https://osm.org/browse/way/200494011 https://www.cantineduva.it/
REDIRECTION_(300…399) 301 https://osm.org/browse/way/520528524 https://www.campomarinolido.com → https://www.campomarinolido.com/it/
TIMEOUT https://osm.org/browse/way/868383181 https://www.aziendaterramadre.it/
SUCCESS_(200…299) 200 https://osm.org/browse/node/13749467059 https://osm.org/browse/way/357765076 https://www.casalemaginulfo.com/
TIMEOUT https://osm.org/browse/node/12766962224 https://www.basilicoepepe.it/
CLIENT_ERROR_(400…499) 403 https://osm.org/browse/way/302442175 https://www.cattedraleisernia.org/
SUCCESS_(200…299) 202 https://osm.org/browse/way/69558915 https://www.centrocostaverde.com
SUCCESS_(200…299) 200 https://osm.org/browse/way/261652490 https://www.cimiweb.it/cat/b519/v/ana.html
SUCCESS_(200…299) 200 https://osm.org/browse/node/3429179000 https://www.centroartemisiacampobasso.it/
CLIENT_ERROR_(400…499) 403 https://osm.org/browse/way/662603291 https://www.claudiocipressi.it/
CLIENT_ERROR_(400…499) 403 https://osm.org/browse/relation/9210464 https://osm.org/browse/relation/9210480 https://osm.org/browse/relation/9210482 https://www.claudiocipressi.it/site/it/home/
SUCCESS_(200…299) 200 https://osm.org/browse/node/12777204635 https://www.com-molise.com/it/property/casa-vacanza-centro-storicovilla.html
SERVER_ERROR_(500…599) 503 https://osm.org/browse/node/8721914377 https://www.cmscostruzionimetalliche.it/
SUCCESS_(200…299) 200 https://osm.org/browse/node/12777205241 https://www.com-molise.com/nl/property/carlo-di-borbone-casa-vacanze-hotel.html
SUCCESS_(200…299) 200 https://osm.org/browse/way/312720904 https://www.cicchellicaffe.it/
SUCCESS_(200…299) 200 https://osm.org/browse/node/8532859263 https://www.compagniastabiledelmolise.com/
CLIENT_ERROR_(400…499) 404 https://osm.org/browse/node/67284025 https://osm.org/browse/way/160806546 https://www.comune.bojano.cb.it/
SUCCESS_(200…299) 200 https://osm.org/browse/node/67283760 https://www.comune.acquavivacollecroce.cb.it/it
CLIENT_ERROR_(400…499) 404 https://osm.org/browse/node/12049694614 https://www.comune.agnone.is.it/
SUCCESS_(200…299) 200 https://osm.org/browse/node/67283748 https://www.comune.campobasso.it/sito/
SUCCESS_(200…299) 200 https://osm.org/browse/node/67283771 https://www.comune.busso.cb.it/
CLIENT_ERROR_(400…499) 404 https://osm.org/browse/node/67284032 https://www.comune.campodipietra.cb.it/
CLIENT_ERROR_(400…499) 404 https://osm.org/browse/node/67283781 https://www.comune.campolieto.cb.it/
TIMEOUT https://osm.org/browse/node/11178840459 https://www.capracotta.com/
CLIENT_ERROR_(400…499) 404 https://osm.org/browse/node/67284057 https://www.comune.castellinodelbiferno.cb.it/
CLIENT_ERROR_(400…499) 404 https://osm.org/browse/node/67283794 https://www.comune.cercemaggiore.cb.it/
CLIENT_ERROR_(400…499) 404 https://osm.org/browse/node/67283799 https://osm.org/browse/way/1466046524 https://www.comune.civitacampomarano.cb.it/
CLIENT_ERROR_(400…499) 404 https://osm.org/browse/node/67283814 https://www.comune.gambatesa.cb.it/
SUCCESS_(200…299) 200 https://osm.org/browse/node/67283804 https://www.comune.colletorto.cb.it/hh/index.php
CLIENT_ERROR_(400…499) 404 https://osm.org/browse/node/67283817 https://www.comune.guardialfiera.cb.it/
SUCCESS_(200…299) 200 https://osm.org/browse/node/67284023 https://www.comune.bonefro.cb.it/hh/index.php
CLIENT_ERROR_(400…499) 404 https://osm.org/browse/node/67283831 https://osm.org/browse/way/1006397452 https://www.comune.guglionesi.cb.it/
CLIENT_ERROR_(400…499) 404 https://osm.org/browse/node/67283820 https://www.comune.guardiaregia.cb.it/
CLIENT_ERROR_(400…499) 415 https://osm.org/browse/node/3517601694 https://www.comune.isernia.it/it/point-of-interest/735438
SUCCESS_(200…299) 200 https://osm.org/browse/way/421866339 https://www.comune.longano.is.it/pag_la_storia.html
SUCCESS_(200…299) 200 https://osm.org/browse/node/67284067 https://www.comune.lucito.cb.it/
CLIENT_ERROR_(400…499) 404 https://osm.org/browse/node/67283843 https://www.comune.larino.cb.it/
CLIENT_ERROR_(400…499) 404 https://osm.org/browse/node/67284075 https://www.comune.gildone.cb.it/
CLIENT_ERROR_(400…499) 404 https://osm.org/browse/node/67283853 https://www.comune.macchiavalfortore.cb.it/
CLIENT_ERROR_(400…499) 404 https://osm.org/browse/way/687620822 https://osm.org/browse/way/687620825 https://www.comune.macchiavalfortore.cb.it/zf/index.php/comunita-religiose/index-chiesa/dettaglio-chiesa/chiesa/3
CLIENT_ERROR_(400…499) 404 https://osm.org/browse/node/67283827 https://www.comune.jelsi.cb.it/
CLIENT_ERROR_(400…499) 404 https://osm.org/browse/node/67284065 https://www.comune.lupara.cb.it/
SUCCESS_(200…299) 200 https://osm.org/browse/node/67284126 https://www.comune.mafalda.cb.it/it
CLIENT_ERROR_(400…499) 404 https://osm.org/browse/node/3188242765 https://www.comune.mirabellosannitico.cb.it/
CLIENT_ERROR_(400…499) 404 https://osm.org/browse/node/67283844 https://osm.org/browse/way/266933664 https://www.comune.matrice.cb.it/
SUCCESS_(200…299) 200 https://osm.org/browse/node/67284134 https://osm.org/browse/way/1387631458 https://www.comune.molise.cb.it/hh/index.php
SUCCESS_(200…299) 200 https://osm.org/browse/node/67283897 https://www.comune.montemitro.cb.it/it
CLIENT_ERROR_(400…499) 404 https://osm.org/browse/node/67283880 https://www.comune.montecilfone.cb.it/
CLIENT_ERROR_(400…499) 404 https://osm.org/browse/node/67284148 https://www.comune.montefalconenelsannio.cb.it/
SUCCESS_(200…299) 200 https://osm.org/browse/node/67283917 https://www.comune.petacciato.cb.it/it
CLIENT_ERROR_(400…499) 404 https://osm.org/browse/node/67283902 https://www.comune.palata.cb.it/
SUCCESS_(200…299) 200 https://osm.org/browse/node/67284138 https://www.comune.monacilioni.cb.it/hh/index.php
CLIENT_ERROR_(400…499) 404 https://osm.org/browse/node/67284103 https://www.comune.pietracupa.cb.it/
SUCCESS_(200…299) 200 https://osm.org/browse/node/67283889 https://www.comune.montorioneifrentani.cb.it/hh/index.php
CLIENT_ERROR_(400…499) 404 https://osm.org/browse/node/2856932945 https://www.comune.riccia.cb.it/
SUCCESS_(200…299) 200 https://osm.org/browse/node/67283914 https://www.comune.petrellatifernina.cb.it/hh/index.php
CLIENT_ERROR_(400…499) 404 https://osm.org/browse/node/67284116 https://www.comune.ripalimosani.cb.it/
CLIENT_ERROR_(400…499) 404 https://osm.org/browse/node/67284166 https://www.comune.roccavivara.cb.it/
SUCCESS_(200…299) 200 https://osm.org/browse/node/67283924 https://www.comune.ripabottoni.cb.it/hh/index.php
CLIENT_ERROR_(400…499) 404 https://osm.org/browse/node/67284169 https://www.comune.rotello.cb.it/
SUCCESS_(200…299) 200 https://osm.org/browse/node/67283947 https://www.comune.salcito.cb.it/it
SUCCESS_(200…299) 200 https://osm.org/browse/node/67283941 https://www.comune.sangiovanniingaldo.cb.it/
CLIENT_ERROR_(400…499) 404 https://osm.org/browse/node/67283956 https://www.comune.sanfelicedelmolise.cb.it/
SUCCESS_(200…299) 200 https://osm.org/browse/node/67284156 https://www.comune.sangiulianodelsannio.cb.it/
CLIENT_ERROR_(400…499) 404 https://osm.org/browse/node/67283975 https://www.comune.sanmartinoinpensilis.cb.it/
SUCCESS_(200…299) 200 https://osm.org/browse/node/67284178 https://www.comune.sangiacomo.cb.it/it
CLIENT_ERROR_(400…499) 415 https://osm.org/browse/node/10977334304 https://www.comune.sanmassimo.cb.it/
CLIENT_ERROR_(400…499) 404 https://osm.org/browse/node/67284175 https://www.comune.sanbiase.cb.it/
CLIENT_ERROR_(400…499) 404 https://osm.org/browse/node/67283946 https://www.comune.sangiulianodipuglia.cb.it/
SUCCESS_(200…299) 200 https://osm.org/browse/node/67283971 https://www.comune.santangelolimosano.cb.it/hh/index.php
CLIENT_ERROR_(400…499) 404 https://osm.org/browse/node/67283985 https://www.comune.sanpolomatese.cb.it/
SUCCESS_(200…299) 200 https://osm.org/browse/node/67284163 https://www.comune.spinete.cb.it/
SUCCESS_(200…299) 200 https://osm.org/browse/node/67284013 https://www.comune.sepino.cb.it/
CLIENT_ERROR_(400…499) 404 https://osm.org/browse/node/67284003 https://www.comune.santeliaapianisi.cb.it/
SUCCESS_(200…299) 200 https://osm.org/browse/node/67283998 https://www.comune.tavenna.cb.it/it
SUCCESS_(200…299) 200 https://osm.org/browse/node/687333685 https://www.comune.termoli.cb.it/
SUCCESS_(200…299) 200 https://osm.org/browse/way/1435045588 https://osm.org/browse/way/1435045589 https://osm.org/browse/relation/9175531 https://www.comune.termoli.cb.it/vivere-il-comune/luoghi/piazza-vittorio-veneto/
CLIENT_ERROR_(400…499) 404 https://osm.org/browse/node/67284224 https://www.comune.trivento.cb.it/
CLIENT_ERROR_(400…499) 404 https://osm.org/browse/node/67284001 https://www.comune.tufara.cb.it/
REDIRECTION_(300…399) 301 https://osm.org/browse/node/656476914 https://www.conad.it/ricerca-negozi/negozio.005911.html → https://www.conad.it/ricerca-negozi/spazio-conad-via-colle-delle-api-44-86100-campobasso--005911
REDIRECTION_(300…399) 301 https://osm.org/browse/node/7505725200 https://www.conad.it/ricerca-negozi/negozio.009513.html → https://www.conad.it/ricerca-negozi/spazio-conad-cda-padula-ss-16-c-o-centro-comm-costaverde-snc-86036-montenero-di-bisaccia--009513
CLIENT_ERROR_(400…499) 404 https://osm.org/browse/node/67284221 https://www.comune.vinchiaturo.cb.it/
REDIRECTION_(300…399) 301 https://osm.org/browse/node/5851832257 https://www.conad.it/ricerca-negozi/negozio.050065.html → https://www.conad.it/ricerca-negozi/conad-self-24h-via-colle-delle-api-44-86100-campobasso--050065
SUCCESS_(200…299) 200 https://osm.org/browse/way/384096857 https://www.conservatorioperosi.it/
CLIENT_ERROR_(400…499) 403 https://osm.org/browse/relation/12227294 https://www.consorziobonificasud.it/
SUCCESS_(200…299) 200 https://osm.org/browse/node/13531470619 https://www.consorzioforestalematese.it/
CLIENT_ERROR_(400…499) 404 https://osm.org/browse/node/67284028 https://www.comune.ururi.cb.it/
SUCCESS_(200…299) 200 https://osm.org/browse/node/3186090713 https://www.credit-agricole.it/
COULD_NOT_RESOLVE_HOST https://osm.org/browse/node/10587204922 https://www.demarifishfood.com/
CLIENT_ERROR_(400…499) 404 https://osm.org/browse/node/67284199 https://www.comune.toro.cb.it/
CLIENT_ERROR_(400…499) 415 https://osm.org/browse/way/463926215 https://www.costaverde.it/
REDIRECTION_(300…399) 301 https://osm.org/browse/node/9191800238 https://www.dicesareimmobiliare.it/ → https://dicesareimmobiliare.it/it/
REDIRECTION_(300…399) 302 https://osm.org/browse/way/662642364 https://www.dimajonorante.com/ → https://www.dimajonorante.com/en
SUCCESS_(200…299) 200 https://osm.org/browse/way/1463398349 https://www.diocesitrivento.it/diocesi/le-parrocchie/maria-ssma-di-costantinopoli/1
SUCCESS_(200…299) 200 https://osm.org/browse/node/13130925894 https://www.diocesitrivento.it/
SUCCESS_(200…299) 200 https://osm.org/browse/node/12748251429 https://www.dlgraphic.it/
SUCCESS_(200…299) 200 https://osm.org/browse/node/2415933592 https://www.domushotelbagnoli.it/
CLIENT_ERROR_(400…499) 404 https://osm.org/browse/node/2415933590 https://www.domusmedicabagnoli.it/cpht-balneoli.html
REDIRECTION_(300…399) 302 https://osm.org/browse/node/2304263064 https://osm.org/browse/node/2311460857 https://osm.org/browse/node/2311460877 https://osm.org/browse/node/2311460913 https://osm.org/browse/node/2311460925 https://osm.org/browse/node/2311460957 https://osm.org/browse/node/2672544502 https://www.enel.it/punto-enel/ → https://www.enel.it/punto-enel
SUCCESS_(200…299) 200 https://osm.org/browse/node/12748594397 https://www.domusvela.it
SUCCESS_(200…299) 200 https://osm.org/browse/relation/9574955 https://www.era-ewv-ferp.org/e-paths/e1/
SUCCESS_(200…299) 200 https://osm.org/browse/node/13005952011 https://www.facebook.com/Paparellaristorantepizzeria
SUCCESS_(200…299) 200 https://osm.org/browse/relation/20063668 https://www.enel.com/media/explore/search-press-releases/press/2021/01/enel-green-power-starts-construction-of-castelmauro-wind-farm-in-molise0
SUCCESS_(200…299) 200 https://osm.org/browse/way/659960121 https://www.facebook.com/lasorpresa.barristorante/
SUCCESS_(200…299) 200 https://osm.org/browse/way/899099861 https://www.facebook.com/VillaCenter.Campobasso/
CLIENT_ERROR_(400…499) 404 https://osm.org/browse/way/836728821 https://www.eurospin.it/punti-vendita/bojano-541391/
REDIRECTION_(300…399) 302 https://osm.org/browse/node/3168434296 https://www.facebook.com/pages/Eremo-Lavra-Stella-Maris/193396040833338?fref=ts → https://www.facebook.com/100064896841745/?fref=ts
REDIRECTION_(300…399) 301 https://osm.org/browse/node/1151773414 https://www.facebook.com/profile.php?id=100063497596101 → https://www.facebook.com/people/Family-Caf%C3%A8-30/100063497596101/
SUCCESS_(200…299) 200 https://osm.org/browse/node/13316754404 https://www.facebook.com/rigenerasnc
SUCCESS_(200…299) 200 https://osm.org/browse/way/56248419 https://www.facebook.com/riovivocamperpark
SUCCESS_(200…299) 200 https://osm.org/browse/way/358875706 https://www.facebook.com/p/Rifugio-Valle-Piana-Roccamandolfi-61584276389267/
REDIRECTION_(300…399) 302 https://osm.org/browse/way/337230915 https://www.fattoriadivaira.it/bioagriturismo/ → https://www.fattoriadivaira.it/index.html
SUCCESS_(200…299) 200 https://osm.org/browse/way/379106775 https://www.coriolis.it/
SUCCESS_(200…299) 200 https://osm.org/browse/way/329710207 https://www.fondazionemacte.com/
SUCCESS_(200…299) 200 https://osm.org/browse/relation/19598338 https://www.fisiomedicaloretana.it
SUCCESS_(200…299) 200 https://osm.org/browse/node/11690207939 https://www.fornairicci.it/
SUCCESS_(200…299) 200 https://osm.org/browse/node/5044471623 https://www.giammatteo.it/
REDIRECTION_(300…399) 301 https://osm.org/browse/way/285490844 https://www.giardinocapracotta.unimol.it/ → https://giardinocapracotta.unimol.it/
COULD_NOT_RESOLVE_HOST https://osm.org/browse/way/347258997 https://www.gokartmolise.it/
SUCCESS_(200…299) 200 https://osm.org/browse/node/12857828614 https://www.gioielleriadurbano.it/
COULD_NOT_RESOLVE_HOST https://osm.org/browse/way/1421621721 https://www.grafichearcobaleno.it
CLIENT_ERROR_(400…499) 403 https://osm.org/browse/way/961329317 https://www.grandhotel-europa.it/
SUCCESS_(200…299) 200 https://osm.org/browse/way/99835030 https://www.hotelcoronatermoli.it/
SUCCESS_(200…299) 200 https://osm.org/browse/node/7119226602 https://www.hosterialuvicpdent.it/
SUCCESS_(200…299) 200 https://osm.org/browse/way/70008076 https://www.giustizia.it/giustizia/it/dettaglio_scheda.page?s=MII177323
SUCCESS_(200…299) 200 https://osm.org/browse/way/67731527 https://www.hotelmeridiano.com/it/ristorante-luna-restaurant.html/
COULD_NOT_RESOLVE_HOST https://osm.org/browse/way/613367145 https://www.icgiovanni23isernia.gov.it/
CLIENT_ERROR_(400…499) 415 https://osm.org/browse/way/1333487363 https://www.iccercemaggioresepino.edu.it/site/
SUCCESS_(200…299) 200 https://osm.org/browse/way/67731795 https://www.hotelmistral.net/it/
SUCCESS_(200…299) 202 https://osm.org/browse/way/330967482 https://www.idolcigrappoli.it/index.php
CLIENT_ERROR_(400…499) 415 https://osm.org/browse/relation/16953052 https://osm.org/browse/relation/16978897 https://osm.org/browse/relation/16990869 https://osm.org/browse/relation/16990968 https://www.ilcamminodellapace.it
CLIENT_ERROR_(400…499) 403 https://osm.org/browse/way/1526089526 https://www.icmolisealtissimo.it/
TIMEOUT https://osm.org/browse/relation/14194210 https://www.ferroviedelgargano.com/en-gb/
REDIRECTION_(300…399) 302 https://osm.org/browse/node/11160447276 https://www.instagram.com/circoloarcilaruota/ → https://www.instagram.com/accounts/login/?next=https%3A%2F%2Fwww.instagram.com%2Fcircoloarcilaruota%2F&is_from_rle
SUCCESS_(200…299) 200 https://osm.org/browse/node/12857828615 https://www.immobiliarepretore.com/
CLIENT_ERROR_(400…499) 403 https://osm.org/browse/way/1423259301 https://www.isismajoranafascitelli.edu.it/web/
CLIENT_ERROR_(400…499) 403 https://osm.org/browse/way/1423259317 https://www.isismajoranafascitelli.edu.it
SUCCESS_(200…299) 200 https://osm.org/browse/node/13907027680 https://osm.org/browse/way/1525762441 https://www.ilcorazziere.it/
CLIENT_ERROR_(400…499) 403 https://osm.org/browse/way/183250805 https://www.isissgiordano.edu.it/
CLIENT_ERROR_(400…499) 404 https://osm.org/browse/node/6241927501 https://www.istat.it/it/istituto-nazionale-di-statistica/organizzazione/sedi-territoriali
SUCCESS_(200…299) 200 https://osm.org/browse/node/13786296138 https://www.italiamappata.it/molise/cb/132-iacovantuono/
CLIENT_ERROR_(400…499) 404 https://osm.org/browse/way/269734596 https://www.italia.it/it/molise/guardialfiera/chiese-luoghi-di-culto/parrocchia-guardialfiera---antica-cattedrale-di-santa-maria-assunta
SUCCESS_(200…299) 200 https://osm.org/browse/node/13786296137 https://www.italiamappata.it/molise/cb/145-macchie/
SUCCESS_(200…299) 200 https://osm.org/browse/node/13784524544 https://www.italiamappata.it/molise/cb/222-piana/
SUCCESS_(200…299) 200 https://osm.org/browse/node/13786296140 https://www.italiamappata.it/molise/cb/189-monte/
SUCCESS_(200…299) 200 https://osm.org/browse/node/13786215060 https://www.italiamappata.it/molise/cb/230-pietroneri/
CLIENT_ERROR_(400…499) 403 https://osm.org/browse/node/13134418980 https://www.julierose.it/
SUCCESS_(200…299) 200 https://osm.org/browse/node/13786296139 https://www.italiamappata.it/molise/cb/8-anniballi/
SUCCESS_(200…299) 202 https://osm.org/browse/node/11178825321 https://www.labottegadegliangeligolosi.it/
SUCCESS_(200…299) 200 https://osm.org/browse/relation/13743212 https://www.kalenartemaack.com/
PEER_CERTIFICATE_FROM_UNKNOWN_CA_CERTIFICATES https://osm.org/browse/node/12748192026 https://www.lacasadiduilia.it
SUCCESS_(200…299) 200 https://osm.org/browse/way/279008253 https://www.laginestra.info/
SUCCESS_(200…299) 200 https://osm.org/browse/way/315357197 https://www.lafontedellastore.it/
PEER_CERTIFICATE_FROM_UNKNOWN_CA_CERTIFICATES https://osm.org/browse/node/10098490118 https://www.lastamperialab.it/
REDIRECTION_(300…399) 301 https://osm.org/browse/way/385584824 https://www.latavernettacb.it/ → https://latavernettacb.it/
TIMEOUT https://osm.org/browse/node/11506211733 https://www.inail.it/cs/internet/istituto/struttura-organizzativa/uffici-territoriali/molise.html
SUCCESS_(200…299) 200 https://osm.org/browse/way/472065126 https://www.lapinetacamping.it/home.html
SUCCESS_(200…299) 200 https://osm.org/browse/way/272966606 https://www.lecupolette.com/
SUCCESS_(200…299) 200 https://osm.org/browse/way/953053593 https://www.lerotaie.com/
CLIENT_ERROR_(400…499) 415 https://osm.org/browse/way/445801058 https://www.leterredelsacramento.com/
SUCCESS_(200…299) 200 https://osm.org/browse/way/1194476022 https://www.ledunetermoli.it/
SUCCESS_(200…299) 200 https://osm.org/browse/way/179815087 https://www.lidl.it/
SUCCESS_(200…299) 200 https://osm.org/browse/way/85826940 https://www.locandabelvedere.eu/
SUCCESS_(200…299) 200 https://osm.org/browse/way/1194475990 https://www.lidoilpiratatermoli.it/
CLIENT_ERROR_(400…499) 415 https://osm.org/browse/node/4624183814 https://osm.org/browse/way/195110822 https://osm.org/browse/way/463239112 https://www.lucepiumolise.com/
REDIRECTION_(300…399) 302 https://osm.org/browse/node/11737802936 https://www.lulivobianco.com/ → https://en.lulivobianco.com/
SUCCESS_(200…299) 200 https://osm.org/browse/node/2929635675 https://osm.org/browse/node/2929640960 https://www.locandamammi.it/
COULD_NOT_RESOLVE_HOST https://osm.org/browse/node/4871716483 https://www.mdblab.it/
SUCCESS_(200…299) 200 https://osm.org/browse/node/12752800337 https://www.matteopetrarcarevisioni.it
REDIRECTION_(300…399) 301 https://osm.org/browse/relation/1756297 https://www.molisealberi.com/pescopennataro-santangelo-del-pesco-il-bosco-degli-abeti-soprani-prima-parte/ → https://miscpix.com/
SUCCESS_(200…299) 200 https://osm.org/browse/way/335399433 https://www.misterietradizioni.com/
REDIRECTION_(300…399) 301 https://osm.org/browse/way/678384913 https://www.molisealberi.com/poggio-sannita-le-ramificanti-roverelle-a-san-cataldo/ → https://miscpix.com/
COULD_NOT_RESOLVE_HOST https://osm.org/browse/way/125213826 https://www.montedimezzo.it/
SUCCESS_(200…299) 200 https://osm.org/browse/node/10103492803 https://www.molisewow.com/termoli-sotterranea
SUCCESS_(200…299) 200 https://osm.org/browse/way/280645087 https://www.lucarratino.it/
TIMEOUT https://osm.org/browse/way/109579470 https://www.lapianadeimulini.it/
SUCCESS_(200…299) 200 https://osm.org/browse/way/1058578597 https://www.musei.molise.beniculturali.it/musei?mid=208&nome=museo-sannitico
SUCCESS_(200…299) 200 https://osm.org/browse/node/2718224411 https://www.musei.molise.beniculturali.it/musei?mid=210&nome=complesso-monumentale-di-san-vincenzo-al-volturno
SUCCESS_(200…299) 200 https://osm.org/browse/node/1937030474 https://www.musei.molise.beniculturali.it/musei?mid=213&nome=museo-archeologico-di-venafro
SUCCESS_(200…299) 200 https://osm.org/browse/relation/4037638 https://www.musei.molise.beniculturali.it/musei?mid=214&nome=museo-nazionale-di-castello-pandone
SUCCESS_(200…299) 200 https://osm.org/browse/way/1462869570 https://www.museodelrame.it/en-us/
SUCCESS_(200…299) 200 https://osm.org/browse/way/265500391 https://www.musei.molise.beniculturali.it/musei?mid=5212&nome=museo-palazzo-pistilli
CLIENT_ERROR_(400…499) 404 https://osm.org/browse/way/436694441 https://www.myc.it/marinadisanpietro/
SUCCESS_(200…299) 200 https://osm.org/browse/way/243652408 https://www.musei.molise.beniculturali.it/musei?mid=6691&nome=santuario-italico
SUCCESS_(200…299) 200 https://osm.org/browse/way/62075956 https://www.musei.molise.beniculturali.it/musei?mid=934&nome=castello-di-civitacampomarano
SUCCESS_(200…299) 200 https://osm.org/browse/node/13103697314 https://www.noloscicapracotta.it/
SUCCESS_(200…299) 200 https://osm.org/browse/node/13197866205 https://www.oasitigre.it/content/ot/it/it/il-mio-negozio.414.html
SUCCESS_(200…299) 200 https://osm.org/browse/node/9212258639 https://www.oasitigre.it/it/il-mio-negozio.6202.html?utm_source=google&utm_medium=organic&utm_campaign=gmb&utm_content=6202
CLIENT_ERROR_(400…499) 403 https://osm.org/browse/way/664451368 https://www.olioextraverginesammartino.com/
SUCCESS_(200…299) 200 https://osm.org/browse/node/9226639883 https://www.oliodesocio.com/
CLIENT_ERROR_(400…499) 415 https://osm.org/browse/way/969911043 https://www.omnicomprensivoguglionesi.edu.it/
SUCCESS_(200…299) 200 https://osm.org/browse/way/1421605788 https://www.ortodautore.it
SAME_DOMAIN_REDIRECTION_(300…399) 302 https://osm.org/browse/node/10188938388 https://www.ordinegeologimolise.it → /NuovoSito
SUCCESS_(200…299) 200 https://osm.org/browse/node/13071003150 https://www.occhionerocostruzioni.it/
REDIRECTION_(300…399) 301 https://osm.org/browse/node/12265997923 https://www.oblocaffe.it/ → https://oblocaffe.it/
SUCCESS_(200…299) 200 https://osm.org/browse/node/12396153789 https://www.otticaluciani.it/
SUCCESS_(200…299) 200 https://osm.org/browse/node/6697071395 https://www.palazzocorsoumberto.it/
SUCCESS_(200…299) 200 https://osm.org/browse/node/12730683130 https://www.pannoniarredamenti.com/
SUCCESS_(200…299) 200 https://osm.org/browse/way/347259577 https://www.panificiodelizie.it/
SUCCESS_(200…299) 200 https://osm.org/browse/relation/8426003 https://www.parcoabruzzo.it/area_amministrativa.php
SUCCESS_(200…299) 200 https://osm.org/browse/relation/16153973 https://www.parcoabruzzo.it/sentiero.php?id_iti=4213
SUCCESS_(200…299) 200 https://osm.org/browse/relation/9796879 https://www.parcoabruzzo.it/sentiero.php?id_iti=4229
PEER_CERTIFICATE_FROM_UNKNOWN_CA_CERTIFICATES https://osm.org/browse/node/9202946016 https://www.pavesasrl.it/
SUCCESS_(200…299) 200 https://osm.org/browse/way/664457631 https://www.parcodellestelle.net/
SUCCESS_(200…299) 200 https://osm.org/browse/way/303250433 https://www.parcodellolivodivenafro.eu/
SUCCESS_(200…299) 202 https://osm.org/browse/node/6187460169 https://www.pensionevillaida.it/
SUCCESS_(200…299) 200 https://osm.org/browse/node/13907238172 https://www.panetteriaspigadoro.it/
SUCCESS_(200…299) 200 https://osm.org/browse/node/13234084401 https://www.poste.it/
SUCCESS_(200…299) 200 https://osm.org/browse/node/2325423097 https://www.pizzeriadatonino.it/
SUCCESS_(200…299) 200 https://osm.org/browse/node/5593733644 https://www.poste.it/cerca/index.html#/risultati-cerca-up/frosolone
SUCCESS_(200…299) 200 https://osm.org/browse/node/12857828636 https://www.prolococollenisoguglionesi.com/
SAME_DOMAIN_REDIRECTION_(300…399) 302 https://osm.org/browse/node/13087310938 https://www.provincia.isernia.it/ → hh/index.php
SERVER_ERROR_(500…599) 500 https://osm.org/browse/way/178282493 https://www.posteitaliane.it/
SUCCESS_(200…299) 200 https://osm.org/browse/node/7472936414 https://www.rfi.it/it/risultati.html?s=venafro&p=%2Fcontent%2Frfi%2Fit%2Fstazioni
SUCCESS_(200…299) 200 https://osm.org/browse/node/9234059035 https://www.rfi.it/it/stazioni/boiano.html
SUCCESS_(200…299) 200 https://osm.org/browse/node/7473059189 https://www.rfi.it/it/stazioni/campobasso.html
SUCCESS_(200…299) 200 https://osm.org/browse/node/3500065334 https://www.rfi.it/it/stazioni/campolieto-monacilioni.html
SUCCESS_(200…299) 200 https://osm.org/browse/node/747697220 https://www.rfi.it/it/stazioni/campomarino.html
SUCCESS_(200…299) 200 https://osm.org/browse/node/1154211715 https://www.residenzasveva.com/
SUCCESS_(200…299) 200 https://osm.org/browse/node/13752998873 https://www.rfi.it/it/stazioni/carpinone.html
SUCCESS_(200…299) 200 https://osm.org/browse/node/1607737024 https://www.rfi.it/it/stazioni/casacalenda-guardialfiera.html
SUCCESS_(200…299) 200 https://osm.org/browse/node/9234059034 https://www.rfi.it/it/stazioni/isernia.html
SUCCESS_(200…299) 200 https://osm.org/browse/node/746308606 https://www.rfi.it/it/stazioni/larino.html
SUCCESS_(200…299) 200 https://osm.org/browse/node/12294092336 https://www.rfi.it/it/stazioni/montenero-petacciato.html
SUCCESS_(200…299) 200 https://osm.org/browse/node/1607733671 https://www.rfi.it/it/stazioni/ripabottoni-s-elia.html
SUCCESS_(200…299) 200 https://osm.org/browse/node/7472936413 https://www.rfi.it/it/stazioni/rocca-ravindola.html
SUCCESS_(200…299) 200 https://osm.org/browse/node/9703707661 https://www.rfi.it/it/stazioni/sesto-campano.html
SUCCESS_(200…299) 200 https://osm.org/browse/node/1157269509 https://www.rfi.it/it/stazioni/termoli.html
SUCCESS_(200…299) 200 https://osm.org/browse/node/9234028483 https://www.rfi.it/it/stazioni/vinchiaturo.html
COULD_NOT_RESOLVE_HOST https://osm.org/browse/node/3372180677 https://www.ristoranteilcavallucciomarino.net/
CLIENT_ERROR_(400…499) 404 https://osm.org/browse/node/2711532631 https://www.ristoranteilpotesta.com/
SUCCESS_(200…299) 200 https://osm.org/browse/way/125212517 https://osm.org/browse/way/490050688 https://www.riservamabaltomolise.it/
SUCCESS_(200…299) 200 https://osm.org/browse/node/2752879531 https://www.ristoranteolmicello.com/
SUCCESS_(200…299) 200 https://osm.org/browse/way/345069353 https://www.ristorantevilladellerose.net/
TIMEOUT https://osm.org/browse/node/12120700474 https://www.pizzeriadanisa.it/
SUCCESS_(200…299) 200 https://osm.org/browse/node/11152381574 https://www.ristorantepizzeriasoda.it
COULD_NOT_RESOLVE_HOST https://osm.org/browse/way/1223078349 https://www.salvatoremincioneguarino.com/
COULD_NOT_RESOLVE_HOST https://osm.org/browse/way/282543800 https://www.sanpietroturismo.it/ostello.htm
SUCCESS_(200…299) 200 https://osm.org/browse/way/444881070 https://www.sabbiadorocb.it/
SUCCESS_(200…299) 200 https://osm.org/browse/way/1490152005 https://www.sanniosapori.com/
SUCCESS_(200…299) 200 https://osm.org/browse/node/13907238189 https://www.ristopubniagara.it/
CLIENT_ERROR_(400…499) 415 https://osm.org/browse/way/274171965 https://www.santuaritaliani.it/santuario/maria-ss-delle-grazie-madonna-del-piano/
PEER_CERTIFICATE_FROM_UNKNOWN_CA_CERTIFICATES https://osm.org/browse/way/495145522 https://www.solelago.com/hotel.php
SUCCESS_(200…299) 200 https://osm.org/browse/node/13103654702 https://www.scuolascicapracotta.com
SUCCESS_(200…299) 200 https://osm.org/browse/way/1459046045 https://www.smaltimentisud.com/
SUCCESS_(200…299) 200 https://osm.org/browse/way/801546767 https://www.sepino.net/turismo/c38-pacchetti-turistici-itinerari-a-sepino-ed-in-molise/conventino/
SAME_DOMAIN_REDIRECTION_(300…399) 302 https://osm.org/browse/way/377498248 https://www.staffoli.it/ → ?
SUCCESS_(200…299) 200 https://osm.org/browse/node/4198722603 https://osm.org/browse/node/4207302196 https://osm.org/browse/node/5621664454 https://www.supermercatideco.it/
COULD_NOT_RESOLVE_HOST https://osm.org/browse/node/2752879530 https://www.tavernadelduca.net/
SUCCESS_(200…299) 200 https://osm.org/browse/way/279461521 https://www.teatrodelloto.it/
SUCCESS_(200…299) 202 https://osm.org/browse/way/662652199 https://osm.org/browse/way/662652203 https://www.tenutedigiulio.it/site/
SUCCESS_(200…299) 200 https://osm.org/browse/node/6172433350 https://www.svevia.it/
REDIRECTION_(300…399) 302 https://osm.org/browse/node/9720306508 https://www.termolituristica.com/ → https://en.termolituristica.com/
CLIENT_ERROR_(400…499) 403 https://osm.org/browse/node/9677384152 https://www.tesla.com/findus/location/supercharger/montenerodibisacciasupercharger
REDIRECTION_(300…399) 301 https://osm.org/browse/relation/9206442 https://www.tenutemartarosa.com/ → https://www.tenutemartarosa.com/it/
SUCCESS_(200…299) 200 https://osm.org/browse/relation/17670872 https://osm.org/browse/relation/17671548 https://osm.org/browse/relation/17671653 https://osm.org/browse/relation/17672599 https://osm.org/browse/relation/17673028 https://osm.org/browse/relation/17674338 https://osm.org/browse/relation/17674481 https://osm.org/browse/relation/17675194 https://osm.org/browse/relation/17675320 https://osm.org/browse/relation/17678319 https://www.trekkingitalia.org/
SUCCESS_(200…299) 200 https://osm.org/browse/node/9889710666 https://www.torresinarca.it/
CLIENT_ERROR_(400…499) 403 https://osm.org/browse/way/1183446687 https://www.tripadvisor.it/Hotel_Review-g3346479-d7092018-Reviews-Agriturismo_Occhito-Macchia_Valfortore_Province_of_Campobasso_Molise.html
CLIENT_ERROR_(400…499) 403 https://osm.org/browse/way/1183459078 https://www.tripadvisor.it/Restaurant_Review-g3346479-d4020849-Reviews-Aia_della_Foresta-Macchia_Valfortore_Province_of_Campobasso_Molise.html
CLIENT_ERROR_(400…499) 403 https://osm.org/browse/way/695860471 https://www.tripadvisor.it/Restaurant_Review-g3346479-d6828329-Reviews-Ristorante_dell_Agriturismo_Horse_s_Ranch-Macchia_Valfortore_Province_of_Campoba.html
SUCCESS_(200…299) 200 https://osm.org/browse/node/11178801056 https://www.unodopolaltro.it/
SUCCESS_(200…299) 200 https://osm.org/browse/way/1005636091 https://www.varvarusa.it/
SUCCESS_(200…299) 200 https://osm.org/browse/way/662690455 https://www.tenimentigrieco.it/
SUCCESS_(200…299) 200 https://osm.org/browse/way/335811339 https://www.villa-maria.it/
SUCCESS_(200…299) 200 https://osm.org/browse/way/281717920 https://www.villaggiociocca.it/
REDIRECTION_(300…399) 301 https://osm.org/browse/way/662640085 https://www.vinica.it/ → https://www.agricolavinica.it/
REDIRECTION_(300…399) 301 https://osm.org/browse/way/662640108 https://www.vinica.it → https://www.agricolavinica.it/
SUCCESS_(200…299) 200 https://osm.org/browse/way/1029023782 https://www.villaggiosilverage.it/site/
SUCCESS_(200…299) 200 https://osm.org/browse/way/1470351888 https://www.vivaiomignogna.com/
REDIRECTION_(300…399) 301 https://osm.org/browse/relation/9210715 https://www.vinica.it/it/ → https://www.agricolavinica.it/
CLIENT_ERROR_(400…499) 403 https://osm.org/browse/way/353496245 https://www.webdomus.net/
TIMEOUT https://osm.org/browse/way/383818137 https://www.sportingclubcampobasso.it/
SUCCESS_(200…299) 200 https://osm.org/browse/way/1498438584 https://www.workdesignsrl.com/
MISSING_URI_SCHEME https://osm.org/browse/way/440523577 www.comune.cerroalvolturno.is.it
MISSING_URI_SCHEME https://osm.org/browse/way/608626918 www.dccsoftair.com
MISSING_URI_SCHEME https://osm.org/browse/node/4885316167 www.granrisparmiosupermercati.it
MISSING_URI_SCHEME https://osm.org/browse/way/337225503 www.ristorantemediterraneosea.it
SUCCESS_(200…299) 200 https://osm.org/browse/relation/14598689 https://www.wwf.it/dove-interveniamo/il-nostro-lavoro-in-italia/oasi/guardiaregia-campochiaro/
SUCCESS_(200…299) 200 https://osm.org/browse/node/13891381985 https://www.zippark.it/
SUCCESS_(200…299) 200 https://osm.org/browse/node/6177990756 https://www.zarapasticceria.it/
